[2024-12-13T03:09:59.675-0800] {processor.py:186} INFO - Started process (PID=82036) to work on /Users/machine/Velocity_railway/airflow_env/lib/python3.10/site-packages/airflow/example_dags/example_latest_only_with_trigger.py
[2024-12-13T03:09:59.676-0800] {processor.py:914} INFO - Processing file /Users/machine/Velocity_railway/airflow_env/lib/python3.10/site-packages/airflow/example_dags/example_latest_only_with_trigger.py for tasks to queue
[2024-12-13T03:09:59.678-0800] {logging_mixin.py:190} INFO - [2024-12-13T03:09:59.678-0800] {dagbag.py:588} INFO - Filling up the DagBag from /Users/machine/Velocity_railway/airflow_env/lib/python3.10/site-packages/airflow/example_dags/example_latest_only_with_trigger.py
[2024-12-13T03:09:59.686-0800] {processor.py:925} INFO - DAG(s) 'latest_only_with_trigger' retrieved from /Users/machine/Velocity_railway/airflow_env/lib/python3.10/site-packages/airflow/example_dags/example_latest_only_with_trigger.py
[2024-12-13T03:09:59.941-0800] {logging_mixin.py:190} INFO - [2024-12-13T03:09:59.941-0800] {override.py:1911} INFO - Created Permission View: can read on DAG:latest_only_with_trigger
[2024-12-13T03:09:59.950-0800] {logging_mixin.py:190} INFO - [2024-12-13T03:09:59.950-0800] {override.py:1911} INFO - Created Permission View: can edit on DAG:latest_only_with_trigger
[2024-12-13T03:09:59.957-0800] {logging_mixin.py:190} INFO - [2024-12-13T03:09:59.956-0800] {override.py:1911} INFO - Created Permission View: can delete on DAG:latest_only_with_trigger
[2024-12-13T03:09:59.964-0800] {logging_mixin.py:190} INFO - [2024-12-13T03:09:59.964-0800] {override.py:1911} INFO - Created Permission View: can read on DAG Run:latest_only_with_trigger
[2024-12-13T03:09:59.970-0800] {logging_mixin.py:190} INFO - [2024-12-13T03:09:59.970-0800] {override.py:1911} INFO - Created Permission View: can create on DAG Run:latest_only_with_trigger
[2024-12-13T03:09:59.978-0800] {logging_mixin.py:190} INFO - [2024-12-13T03:09:59.977-0800] {override.py:1911} INFO - Created Permission View: menu access on DAG Run:latest_only_with_trigger
[2024-12-13T03:09:59.985-0800] {logging_mixin.py:190} INFO - [2024-12-13T03:09:59.984-0800] {override.py:1911} INFO - Created Permission View: can delete on DAG Run:latest_only_with_trigger
[2024-12-13T03:09:59.985-0800] {logging_mixin.py:190} INFO - [2024-12-13T03:09:59.985-0800] {dag.py:3239} INFO - Sync 1 DAGs
[2024-12-13T03:10:00.001-0800] {logging_mixin.py:190} INFO - [2024-12-13T03:10:00.001-0800] {dag.py:3262} INFO - Creating ORM DAG for latest_only_with_trigger
[2024-12-13T03:10:00.013-0800] {logging_mixin.py:190} INFO - [2024-12-13T03:10:00.012-0800] {dag.py:4180} INFO - Setting next_dagrun for latest_only_with_trigger to 2024-12-13 04:00:00+00:00, run_after=2024-12-13 08:00:00+00:00
[2024-12-13T03:10:00.033-0800] {processor.py:208} INFO - Processing /Users/machine/Velocity_railway/airflow_env/lib/python3.10/site-packages/airflow/example_dags/example_latest_only_with_trigger.py took 0.364 seconds
[2024-12-13T03:13:02.097-0800] {processor.py:186} INFO - Started process (PID=82636) to work on /Users/machine/Velocity_railway/airflow_env/lib/python3.10/site-packages/airflow/example_dags/example_latest_only_with_trigger.py
[2024-12-13T03:13:02.099-0800] {processor.py:914} INFO - Processing file /Users/machine/Velocity_railway/airflow_env/lib/python3.10/site-packages/airflow/example_dags/example_latest_only_with_trigger.py for tasks to queue
[2024-12-13T03:13:02.101-0800] {logging_mixin.py:190} INFO - [2024-12-13T03:13:02.100-0800] {dagbag.py:588} INFO - Filling up the DagBag from /Users/machine/Velocity_railway/airflow_env/lib/python3.10/site-packages/airflow/example_dags/example_latest_only_with_trigger.py
[2024-12-13T03:13:02.115-0800] {processor.py:925} INFO - DAG(s) 'latest_only_with_trigger' retrieved from /Users/machine/Velocity_railway/airflow_env/lib/python3.10/site-packages/airflow/example_dags/example_latest_only_with_trigger.py
[2024-12-13T03:13:02.354-0800] {logging_mixin.py:190} INFO - [2024-12-13T03:13:02.352-0800] {dag.py:3239} INFO - Sync 1 DAGs
[2024-12-13T03:13:02.386-0800] {logging_mixin.py:190} INFO - [2024-12-13T03:13:02.385-0800] {dag.py:4180} INFO - Setting next_dagrun for latest_only_with_trigger to 2024-12-13 04:00:00+00:00, run_after=2024-12-13 08:00:00+00:00
[2024-12-13T03:13:02.422-0800] {processor.py:208} INFO - Processing /Users/machine/Velocity_railway/airflow_env/lib/python3.10/site-packages/airflow/example_dags/example_latest_only_with_trigger.py took 0.332 seconds
[2024-12-13T03:15:32.119-0800] {processor.py:186} INFO - Started process (PID=83133) to work on /Users/machine/Velocity_railway/airflow_env/lib/python3.10/site-packages/airflow/example_dags/example_latest_only_with_trigger.py
[2024-12-13T03:15:32.122-0800] {processor.py:914} INFO - Processing file /Users/machine/Velocity_railway/airflow_env/lib/python3.10/site-packages/airflow/example_dags/example_latest_only_with_trigger.py for tasks to queue
[2024-12-13T03:15:32.123-0800] {logging_mixin.py:190} INFO - [2024-12-13T03:15:32.123-0800] {dagbag.py:588} INFO - Filling up the DagBag from /Users/machine/Velocity_railway/airflow_env/lib/python3.10/site-packages/airflow/example_dags/example_latest_only_with_trigger.py
[2024-12-13T03:15:32.132-0800] {processor.py:925} INFO - DAG(s) 'latest_only_with_trigger' retrieved from /Users/machine/Velocity_railway/airflow_env/lib/python3.10/site-packages/airflow/example_dags/example_latest_only_with_trigger.py
[2024-12-13T03:15:32.297-0800] {logging_mixin.py:190} INFO - [2024-12-13T03:15:32.297-0800] {dag.py:3239} INFO - Sync 1 DAGs
[2024-12-13T03:15:32.317-0800] {logging_mixin.py:190} INFO - [2024-12-13T03:15:32.316-0800] {dag.py:4180} INFO - Setting next_dagrun for latest_only_with_trigger to 2024-12-13 04:00:00+00:00, run_after=2024-12-13 08:00:00+00:00
[2024-12-13T03:15:32.334-0800] {processor.py:208} INFO - Processing /Users/machine/Velocity_railway/airflow_env/lib/python3.10/site-packages/airflow/example_dags/example_latest_only_with_trigger.py took 0.221 seconds
[2024-12-13T03:17:52.838-0800] {processor.py:186} INFO - Started process (PID=83602) to work on /Users/machine/Velocity_railway/airflow_env/lib/python3.10/site-packages/airflow/example_dags/example_latest_only_with_trigger.py
[2024-12-13T03:17:52.840-0800] {processor.py:914} INFO - Processing file /Users/machine/Velocity_railway/airflow_env/lib/python3.10/site-packages/airflow/example_dags/example_latest_only_with_trigger.py for tasks to queue
[2024-12-13T03:17:52.841-0800] {logging_mixin.py:190} INFO - [2024-12-13T03:17:52.841-0800] {dagbag.py:588} INFO - Filling up the DagBag from /Users/machine/Velocity_railway/airflow_env/lib/python3.10/site-packages/airflow/example_dags/example_latest_only_with_trigger.py
[2024-12-13T03:17:52.850-0800] {processor.py:925} INFO - DAG(s) 'latest_only_with_trigger' retrieved from /Users/machine/Velocity_railway/airflow_env/lib/python3.10/site-packages/airflow/example_dags/example_latest_only_with_trigger.py
[2024-12-13T03:17:53.021-0800] {logging_mixin.py:190} INFO - [2024-12-13T03:17:53.020-0800] {dag.py:3239} INFO - Sync 1 DAGs
[2024-12-13T03:17:53.042-0800] {logging_mixin.py:190} INFO - [2024-12-13T03:17:53.042-0800] {dag.py:4180} INFO - Setting next_dagrun for latest_only_with_trigger to 2024-12-13 04:00:00+00:00, run_after=2024-12-13 08:00:00+00:00
[2024-12-13T03:17:53.061-0800] {processor.py:208} INFO - Processing /Users/machine/Velocity_railway/airflow_env/lib/python3.10/site-packages/airflow/example_dags/example_latest_only_with_trigger.py took 0.228 seconds
[2024-12-13T03:22:16.864-0800] {processor.py:186} INFO - Started process (PID=84527) to work on /Users/machine/Velocity_railway/airflow_env/lib/python3.10/site-packages/airflow/example_dags/example_latest_only_with_trigger.py
[2024-12-13T03:22:16.865-0800] {processor.py:914} INFO - Processing file /Users/machine/Velocity_railway/airflow_env/lib/python3.10/site-packages/airflow/example_dags/example_latest_only_with_trigger.py for tasks to queue
[2024-12-13T03:22:16.867-0800] {logging_mixin.py:190} INFO - [2024-12-13T03:22:16.866-0800] {dagbag.py:588} INFO - Filling up the DagBag from /Users/machine/Velocity_railway/airflow_env/lib/python3.10/site-packages/airflow/example_dags/example_latest_only_with_trigger.py
[2024-12-13T03:22:16.877-0800] {processor.py:925} INFO - DAG(s) 'latest_only_with_trigger' retrieved from /Users/machine/Velocity_railway/airflow_env/lib/python3.10/site-packages/airflow/example_dags/example_latest_only_with_trigger.py
[2024-12-13T03:22:17.034-0800] {logging_mixin.py:190} INFO - [2024-12-13T03:22:17.033-0800] {dag.py:3239} INFO - Sync 1 DAGs
[2024-12-13T03:22:17.055-0800] {logging_mixin.py:190} INFO - [2024-12-13T03:22:17.054-0800] {dag.py:4180} INFO - Setting next_dagrun for latest_only_with_trigger to 2024-12-13 04:00:00+00:00, run_after=2024-12-13 08:00:00+00:00
[2024-12-13T03:22:17.073-0800] {processor.py:208} INFO - Processing /Users/machine/Velocity_railway/airflow_env/lib/python3.10/site-packages/airflow/example_dags/example_latest_only_with_trigger.py took 0.215 seconds
[2024-12-13T03:24:38.774-0800] {processor.py:186} INFO - Started process (PID=84993) to work on /Users/machine/Velocity_railway/airflow_env/lib/python3.10/site-packages/airflow/example_dags/example_latest_only_with_trigger.py
[2024-12-13T03:24:38.776-0800] {processor.py:914} INFO - Processing file /Users/machine/Velocity_railway/airflow_env/lib/python3.10/site-packages/airflow/example_dags/example_latest_only_with_trigger.py for tasks to queue
[2024-12-13T03:24:38.777-0800] {logging_mixin.py:190} INFO - [2024-12-13T03:24:38.777-0800] {dagbag.py:588} INFO - Filling up the DagBag from /Users/machine/Velocity_railway/airflow_env/lib/python3.10/site-packages/airflow/example_dags/example_latest_only_with_trigger.py
[2024-12-13T03:24:38.786-0800] {processor.py:925} INFO - DAG(s) 'latest_only_with_trigger' retrieved from /Users/machine/Velocity_railway/airflow_env/lib/python3.10/site-packages/airflow/example_dags/example_latest_only_with_trigger.py
[2024-12-13T03:24:38.934-0800] {logging_mixin.py:190} INFO - [2024-12-13T03:24:38.934-0800] {dag.py:3239} INFO - Sync 1 DAGs
[2024-12-13T03:24:38.952-0800] {logging_mixin.py:190} INFO - [2024-12-13T03:24:38.951-0800] {dag.py:4180} INFO - Setting next_dagrun for latest_only_with_trigger to 2024-12-13 04:00:00+00:00, run_after=2024-12-13 08:00:00+00:00
[2024-12-13T03:24:38.968-0800] {processor.py:208} INFO - Processing /Users/machine/Velocity_railway/airflow_env/lib/python3.10/site-packages/airflow/example_dags/example_latest_only_with_trigger.py took 0.199 seconds
[2024-12-13T03:26:56.940-0800] {processor.py:186} INFO - Started process (PID=85479) to work on /Users/machine/Velocity_railway/airflow_env/lib/python3.10/site-packages/airflow/example_dags/example_latest_only_with_trigger.py
[2024-12-13T03:26:56.941-0800] {processor.py:914} INFO - Processing file /Users/machine/Velocity_railway/airflow_env/lib/python3.10/site-packages/airflow/example_dags/example_latest_only_with_trigger.py for tasks to queue
[2024-12-13T03:26:56.943-0800] {logging_mixin.py:190} INFO - [2024-12-13T03:26:56.942-0800] {dagbag.py:588} INFO - Filling up the DagBag from /Users/machine/Velocity_railway/airflow_env/lib/python3.10/site-packages/airflow/example_dags/example_latest_only_with_trigger.py
[2024-12-13T03:26:56.950-0800] {processor.py:925} INFO - DAG(s) 'latest_only_with_trigger' retrieved from /Users/machine/Velocity_railway/airflow_env/lib/python3.10/site-packages/airflow/example_dags/example_latest_only_with_trigger.py
[2024-12-13T03:26:57.099-0800] {logging_mixin.py:190} INFO - [2024-12-13T03:26:57.098-0800] {dag.py:3239} INFO - Sync 1 DAGs
[2024-12-13T03:26:57.117-0800] {logging_mixin.py:190} INFO - [2024-12-13T03:26:57.116-0800] {dag.py:4180} INFO - Setting next_dagrun for latest_only_with_trigger to 2024-12-13 04:00:00+00:00, run_after=2024-12-13 08:00:00+00:00
[2024-12-13T03:26:57.133-0800] {processor.py:208} INFO - Processing /Users/machine/Velocity_railway/airflow_env/lib/python3.10/site-packages/airflow/example_dags/example_latest_only_with_trigger.py took 0.199 seconds
[2024-12-13T03:31:38.569-0800] {processor.py:186} INFO - Started process (PID=86408) to work on /Users/machine/Velocity_railway/airflow_env/lib/python3.10/site-packages/airflow/example_dags/example_latest_only_with_trigger.py
[2024-12-13T03:31:38.571-0800] {processor.py:914} INFO - Processing file /Users/machine/Velocity_railway/airflow_env/lib/python3.10/site-packages/airflow/example_dags/example_latest_only_with_trigger.py for tasks to queue
[2024-12-13T03:31:38.573-0800] {logging_mixin.py:190} INFO - [2024-12-13T03:31:38.573-0800] {dagbag.py:588} INFO - Filling up the DagBag from /Users/machine/Velocity_railway/airflow_env/lib/python3.10/site-packages/airflow/example_dags/example_latest_only_with_trigger.py
[2024-12-13T03:31:38.586-0800] {processor.py:925} INFO - DAG(s) 'latest_only_with_trigger' retrieved from /Users/machine/Velocity_railway/airflow_env/lib/python3.10/site-packages/airflow/example_dags/example_latest_only_with_trigger.py
[2024-12-13T03:31:38.773-0800] {logging_mixin.py:190} INFO - [2024-12-13T03:31:38.773-0800] {dag.py:3239} INFO - Sync 1 DAGs
[2024-12-13T03:31:38.795-0800] {logging_mixin.py:190} INFO - [2024-12-13T03:31:38.794-0800] {dag.py:4180} INFO - Setting next_dagrun for latest_only_with_trigger to 2024-12-13 04:00:00+00:00, run_after=2024-12-13 08:00:00+00:00
[2024-12-13T03:31:38.816-0800] {processor.py:208} INFO - Processing /Users/machine/Velocity_railway/airflow_env/lib/python3.10/site-packages/airflow/example_dags/example_latest_only_with_trigger.py took 0.254 seconds
[2024-12-13T03:33:58.990-0800] {processor.py:186} INFO - Started process (PID=86943) to work on /Users/machine/Velocity_railway/airflow_env/lib/python3.10/site-packages/airflow/example_dags/example_latest_only_with_trigger.py
[2024-12-13T03:33:58.991-0800] {processor.py:914} INFO - Processing file /Users/machine/Velocity_railway/airflow_env/lib/python3.10/site-packages/airflow/example_dags/example_latest_only_with_trigger.py for tasks to queue
[2024-12-13T03:33:58.993-0800] {logging_mixin.py:190} INFO - [2024-12-13T03:33:58.992-0800] {dagbag.py:588} INFO - Filling up the DagBag from /Users/machine/Velocity_railway/airflow_env/lib/python3.10/site-packages/airflow/example_dags/example_latest_only_with_trigger.py
[2024-12-13T03:33:59.004-0800] {processor.py:925} INFO - DAG(s) 'latest_only_with_trigger' retrieved from /Users/machine/Velocity_railway/airflow_env/lib/python3.10/site-packages/airflow/example_dags/example_latest_only_with_trigger.py
[2024-12-13T03:33:59.188-0800] {logging_mixin.py:190} INFO - [2024-12-13T03:33:59.188-0800] {dag.py:3239} INFO - Sync 1 DAGs
[2024-12-13T03:33:59.209-0800] {logging_mixin.py:190} INFO - [2024-12-13T03:33:59.209-0800] {dag.py:4180} INFO - Setting next_dagrun for latest_only_with_trigger to 2024-12-13 04:00:00+00:00, run_after=2024-12-13 08:00:00+00:00
[2024-12-13T03:33:59.231-0800] {processor.py:208} INFO - Processing /Users/machine/Velocity_railway/airflow_env/lib/python3.10/site-packages/airflow/example_dags/example_latest_only_with_trigger.py took 0.248 seconds
[2024-12-13T03:36:25.582-0800] {processor.py:186} INFO - Started process (PID=87513) to work on /Users/machine/Velocity_railway/airflow_env/lib/python3.10/site-packages/airflow/example_dags/example_latest_only_with_trigger.py
[2024-12-13T03:36:25.583-0800] {processor.py:914} INFO - Processing file /Users/machine/Velocity_railway/airflow_env/lib/python3.10/site-packages/airflow/example_dags/example_latest_only_with_trigger.py for tasks to queue
[2024-12-13T03:36:25.584-0800] {logging_mixin.py:190} INFO - [2024-12-13T03:36:25.584-0800] {dagbag.py:588} INFO - Filling up the DagBag from /Users/machine/Velocity_railway/airflow_env/lib/python3.10/site-packages/airflow/example_dags/example_latest_only_with_trigger.py
[2024-12-13T03:36:25.594-0800] {processor.py:925} INFO - DAG(s) 'latest_only_with_trigger' retrieved from /Users/machine/Velocity_railway/airflow_env/lib/python3.10/site-packages/airflow/example_dags/example_latest_only_with_trigger.py
[2024-12-13T03:36:25.756-0800] {logging_mixin.py:190} INFO - [2024-12-13T03:36:25.755-0800] {dag.py:3239} INFO - Sync 1 DAGs
[2024-12-13T03:36:25.775-0800] {logging_mixin.py:190} INFO - [2024-12-13T03:36:25.775-0800] {dag.py:4180} INFO - Setting next_dagrun for latest_only_with_trigger to 2024-12-13 04:00:00+00:00, run_after=2024-12-13 08:00:00+00:00
[2024-12-13T03:36:25.793-0800] {processor.py:208} INFO - Processing /Users/machine/Velocity_railway/airflow_env/lib/python3.10/site-packages/airflow/example_dags/example_latest_only_with_trigger.py took 0.216 seconds
[2024-12-13T03:38:58.408-0800] {processor.py:186} INFO - Started process (PID=88005) to work on /Users/machine/Velocity_railway/airflow_env/lib/python3.10/site-packages/airflow/example_dags/example_latest_only_with_trigger.py
[2024-12-13T03:38:58.410-0800] {processor.py:914} INFO - Processing file /Users/machine/Velocity_railway/airflow_env/lib/python3.10/site-packages/airflow/example_dags/example_latest_only_with_trigger.py for tasks to queue
[2024-12-13T03:38:58.411-0800] {logging_mixin.py:190} INFO - [2024-12-13T03:38:58.411-0800] {dagbag.py:588} INFO - Filling up the DagBag from /Users/machine/Velocity_railway/airflow_env/lib/python3.10/site-packages/airflow/example_dags/example_latest_only_with_trigger.py
[2024-12-13T03:38:58.422-0800] {processor.py:925} INFO - DAG(s) 'latest_only_with_trigger' retrieved from /Users/machine/Velocity_railway/airflow_env/lib/python3.10/site-packages/airflow/example_dags/example_latest_only_with_trigger.py
[2024-12-13T03:38:58.619-0800] {logging_mixin.py:190} INFO - [2024-12-13T03:38:58.618-0800] {dag.py:3239} INFO - Sync 1 DAGs
[2024-12-13T03:38:58.642-0800] {logging_mixin.py:190} INFO - [2024-12-13T03:38:58.642-0800] {dag.py:4180} INFO - Setting next_dagrun for latest_only_with_trigger to 2024-12-13 04:00:00+00:00, run_after=2024-12-13 08:00:00+00:00
[2024-12-13T03:38:58.665-0800] {processor.py:208} INFO - Processing /Users/machine/Velocity_railway/airflow_env/lib/python3.10/site-packages/airflow/example_dags/example_latest_only_with_trigger.py took 0.265 seconds
[2024-12-13T03:43:24.006-0800] {processor.py:186} INFO - Started process (PID=88926) to work on /Users/machine/Velocity_railway/airflow_env/lib/python3.10/site-packages/airflow/example_dags/example_latest_only_with_trigger.py
[2024-12-13T03:43:24.009-0800] {processor.py:914} INFO - Processing file /Users/machine/Velocity_railway/airflow_env/lib/python3.10/site-packages/airflow/example_dags/example_latest_only_with_trigger.py for tasks to queue
[2024-12-13T03:43:24.010-0800] {logging_mixin.py:190} INFO - [2024-12-13T03:43:24.010-0800] {dagbag.py:588} INFO - Filling up the DagBag from /Users/machine/Velocity_railway/airflow_env/lib/python3.10/site-packages/airflow/example_dags/example_latest_only_with_trigger.py
[2024-12-13T03:43:24.021-0800] {processor.py:925} INFO - DAG(s) 'latest_only_with_trigger' retrieved from /Users/machine/Velocity_railway/airflow_env/lib/python3.10/site-packages/airflow/example_dags/example_latest_only_with_trigger.py
[2024-12-13T03:43:24.203-0800] {logging_mixin.py:190} INFO - [2024-12-13T03:43:24.202-0800] {dag.py:3239} INFO - Sync 1 DAGs
[2024-12-13T03:43:24.235-0800] {logging_mixin.py:190} INFO - [2024-12-13T03:43:24.235-0800] {dag.py:4180} INFO - Setting next_dagrun for latest_only_with_trigger to 2024-12-13 04:00:00+00:00, run_after=2024-12-13 08:00:00+00:00
[2024-12-13T03:43:24.259-0800] {processor.py:208} INFO - Processing /Users/machine/Velocity_railway/airflow_env/lib/python3.10/site-packages/airflow/example_dags/example_latest_only_with_trigger.py took 0.259 seconds
[2024-12-13T03:47:50.501-0800] {processor.py:186} INFO - Started process (PID=89815) to work on /Users/machine/Velocity_railway/airflow_env/lib/python3.10/site-packages/airflow/example_dags/example_latest_only_with_trigger.py
[2024-12-13T03:47:50.502-0800] {processor.py:914} INFO - Processing file /Users/machine/Velocity_railway/airflow_env/lib/python3.10/site-packages/airflow/example_dags/example_latest_only_with_trigger.py for tasks to queue
[2024-12-13T03:47:50.503-0800] {logging_mixin.py:190} INFO - [2024-12-13T03:47:50.503-0800] {dagbag.py:588} INFO - Filling up the DagBag from /Users/machine/Velocity_railway/airflow_env/lib/python3.10/site-packages/airflow/example_dags/example_latest_only_with_trigger.py
[2024-12-13T03:47:50.513-0800] {processor.py:925} INFO - DAG(s) 'latest_only_with_trigger' retrieved from /Users/machine/Velocity_railway/airflow_env/lib/python3.10/site-packages/airflow/example_dags/example_latest_only_with_trigger.py
[2024-12-13T03:47:50.664-0800] {logging_mixin.py:190} INFO - [2024-12-13T03:47:50.664-0800] {dag.py:3239} INFO - Sync 1 DAGs
[2024-12-13T03:47:50.683-0800] {logging_mixin.py:190} INFO - [2024-12-13T03:47:50.683-0800] {dag.py:4180} INFO - Setting next_dagrun for latest_only_with_trigger to 2024-12-13 04:00:00+00:00, run_after=2024-12-13 08:00:00+00:00
[2024-12-13T03:47:50.700-0800] {processor.py:208} INFO - Processing /Users/machine/Velocity_railway/airflow_env/lib/python3.10/site-packages/airflow/example_dags/example_latest_only_with_trigger.py took 0.206 seconds
[2024-12-13T03:50:09.705-0800] {processor.py:186} INFO - Started process (PID=90327) to work on /Users/machine/Velocity_railway/airflow_env/lib/python3.10/site-packages/airflow/example_dags/example_latest_only_with_trigger.py
[2024-12-13T03:50:09.707-0800] {processor.py:914} INFO - Processing file /Users/machine/Velocity_railway/airflow_env/lib/python3.10/site-packages/airflow/example_dags/example_latest_only_with_trigger.py for tasks to queue
[2024-12-13T03:50:09.708-0800] {logging_mixin.py:190} INFO - [2024-12-13T03:50:09.708-0800] {dagbag.py:588} INFO - Filling up the DagBag from /Users/machine/Velocity_railway/airflow_env/lib/python3.10/site-packages/airflow/example_dags/example_latest_only_with_trigger.py
[2024-12-13T03:50:09.717-0800] {processor.py:925} INFO - DAG(s) 'latest_only_with_trigger' retrieved from /Users/machine/Velocity_railway/airflow_env/lib/python3.10/site-packages/airflow/example_dags/example_latest_only_with_trigger.py
[2024-12-13T03:50:09.872-0800] {logging_mixin.py:190} INFO - [2024-12-13T03:50:09.872-0800] {dag.py:3239} INFO - Sync 1 DAGs
[2024-12-13T03:50:09.891-0800] {logging_mixin.py:190} INFO - [2024-12-13T03:50:09.890-0800] {dag.py:4180} INFO - Setting next_dagrun for latest_only_with_trigger to 2024-12-13 04:00:00+00:00, run_after=2024-12-13 08:00:00+00:00
[2024-12-13T03:50:09.907-0800] {processor.py:208} INFO - Processing /Users/machine/Velocity_railway/airflow_env/lib/python3.10/site-packages/airflow/example_dags/example_latest_only_with_trigger.py took 0.207 seconds
[2024-12-13T03:52:27.484-0800] {processor.py:186} INFO - Started process (PID=90792) to work on /Users/machine/Velocity_railway/airflow_env/lib/python3.10/site-packages/airflow/example_dags/example_latest_only_with_trigger.py
[2024-12-13T03:52:27.486-0800] {processor.py:914} INFO - Processing file /Users/machine/Velocity_railway/airflow_env/lib/python3.10/site-packages/airflow/example_dags/example_latest_only_with_trigger.py for tasks to queue
[2024-12-13T03:52:27.487-0800] {logging_mixin.py:190} INFO - [2024-12-13T03:52:27.487-0800] {dagbag.py:588} INFO - Filling up the DagBag from /Users/machine/Velocity_railway/airflow_env/lib/python3.10/site-packages/airflow/example_dags/example_latest_only_with_trigger.py
[2024-12-13T03:52:27.496-0800] {processor.py:925} INFO - DAG(s) 'latest_only_with_trigger' retrieved from /Users/machine/Velocity_railway/airflow_env/lib/python3.10/site-packages/airflow/example_dags/example_latest_only_with_trigger.py
[2024-12-13T03:52:27.659-0800] {logging_mixin.py:190} INFO - [2024-12-13T03:52:27.658-0800] {dag.py:3239} INFO - Sync 1 DAGs
[2024-12-13T03:52:27.678-0800] {logging_mixin.py:190} INFO - [2024-12-13T03:52:27.677-0800] {dag.py:4180} INFO - Setting next_dagrun for latest_only_with_trigger to 2024-12-13 04:00:00+00:00, run_after=2024-12-13 08:00:00+00:00
[2024-12-13T03:52:27.694-0800] {processor.py:208} INFO - Processing /Users/machine/Velocity_railway/airflow_env/lib/python3.10/site-packages/airflow/example_dags/example_latest_only_with_trigger.py took 0.216 seconds
[2024-12-13T03:54:48.916-0800] {processor.py:186} INFO - Started process (PID=91277) to work on /Users/machine/Velocity_railway/airflow_env/lib/python3.10/site-packages/airflow/example_dags/example_latest_only_with_trigger.py
[2024-12-13T03:54:48.918-0800] {processor.py:914} INFO - Processing file /Users/machine/Velocity_railway/airflow_env/lib/python3.10/site-packages/airflow/example_dags/example_latest_only_with_trigger.py for tasks to queue
[2024-12-13T03:54:48.920-0800] {logging_mixin.py:190} INFO - [2024-12-13T03:54:48.919-0800] {dagbag.py:588} INFO - Filling up the DagBag from /Users/machine/Velocity_railway/airflow_env/lib/python3.10/site-packages/airflow/example_dags/example_latest_only_with_trigger.py
[2024-12-13T03:54:48.930-0800] {processor.py:925} INFO - DAG(s) 'latest_only_with_trigger' retrieved from /Users/machine/Velocity_railway/airflow_env/lib/python3.10/site-packages/airflow/example_dags/example_latest_only_with_trigger.py
[2024-12-13T03:54:49.106-0800] {logging_mixin.py:190} INFO - [2024-12-13T03:54:49.105-0800] {dag.py:3239} INFO - Sync 1 DAGs
[2024-12-13T03:54:49.127-0800] {logging_mixin.py:190} INFO - [2024-12-13T03:54:49.127-0800] {dag.py:4180} INFO - Setting next_dagrun for latest_only_with_trigger to 2024-12-13 04:00:00+00:00, run_after=2024-12-13 08:00:00+00:00
[2024-12-13T03:54:49.149-0800] {processor.py:208} INFO - Processing /Users/machine/Velocity_railway/airflow_env/lib/python3.10/site-packages/airflow/example_dags/example_latest_only_with_trigger.py took 0.239 seconds
[2024-12-13T03:57:17.527-0800] {processor.py:186} INFO - Started process (PID=91937) to work on /Users/machine/Velocity_railway/airflow_env/lib/python3.10/site-packages/airflow/example_dags/example_latest_only_with_trigger.py
[2024-12-13T03:57:17.529-0800] {processor.py:914} INFO - Processing file /Users/machine/Velocity_railway/airflow_env/lib/python3.10/site-packages/airflow/example_dags/example_latest_only_with_trigger.py for tasks to queue
[2024-12-13T03:57:17.530-0800] {logging_mixin.py:190} INFO - [2024-12-13T03:57:17.530-0800] {dagbag.py:588} INFO - Filling up the DagBag from /Users/machine/Velocity_railway/airflow_env/lib/python3.10/site-packages/airflow/example_dags/example_latest_only_with_trigger.py
[2024-12-13T03:57:17.540-0800] {processor.py:925} INFO - DAG(s) 'latest_only_with_trigger' retrieved from /Users/machine/Velocity_railway/airflow_env/lib/python3.10/site-packages/airflow/example_dags/example_latest_only_with_trigger.py
[2024-12-13T03:57:17.712-0800] {logging_mixin.py:190} INFO - [2024-12-13T03:57:17.711-0800] {dag.py:3239} INFO - Sync 1 DAGs
[2024-12-13T03:57:17.733-0800] {logging_mixin.py:190} INFO - [2024-12-13T03:57:17.733-0800] {dag.py:4180} INFO - Setting next_dagrun for latest_only_with_trigger to 2024-12-13 04:00:00+00:00, run_after=2024-12-13 08:00:00+00:00
[2024-12-13T03:57:17.751-0800] {processor.py:208} INFO - Processing /Users/machine/Velocity_railway/airflow_env/lib/python3.10/site-packages/airflow/example_dags/example_latest_only_with_trigger.py took 0.230 seconds
[2024-12-13T03:59:43.796-0800] {processor.py:186} INFO - Started process (PID=92558) to work on /Users/machine/Velocity_railway/airflow_env/lib/python3.10/site-packages/airflow/example_dags/example_latest_only_with_trigger.py
[2024-12-13T03:59:43.798-0800] {processor.py:914} INFO - Processing file /Users/machine/Velocity_railway/airflow_env/lib/python3.10/site-packages/airflow/example_dags/example_latest_only_with_trigger.py for tasks to queue
[2024-12-13T03:59:43.799-0800] {logging_mixin.py:190} INFO - [2024-12-13T03:59:43.799-0800] {dagbag.py:588} INFO - Filling up the DagBag from /Users/machine/Velocity_railway/airflow_env/lib/python3.10/site-packages/airflow/example_dags/example_latest_only_with_trigger.py
[2024-12-13T03:59:43.812-0800] {processor.py:925} INFO - DAG(s) 'latest_only_with_trigger' retrieved from /Users/machine/Velocity_railway/airflow_env/lib/python3.10/site-packages/airflow/example_dags/example_latest_only_with_trigger.py
[2024-12-13T03:59:43.989-0800] {logging_mixin.py:190} INFO - [2024-12-13T03:59:43.988-0800] {dag.py:3239} INFO - Sync 1 DAGs
[2024-12-13T03:59:44.012-0800] {logging_mixin.py:190} INFO - [2024-12-13T03:59:44.011-0800] {dag.py:4180} INFO - Setting next_dagrun for latest_only_with_trigger to 2024-12-13 04:00:00+00:00, run_after=2024-12-13 08:00:00+00:00
[2024-12-13T03:59:44.032-0800] {processor.py:208} INFO - Processing /Users/machine/Velocity_railway/airflow_env/lib/python3.10/site-packages/airflow/example_dags/example_latest_only_with_trigger.py took 0.243 seconds
[2024-12-13T05:50:53.555-0800] {processor.py:186} INFO - Started process (PID=93410) to work on /Users/machine/Velocity_railway/airflow_env/lib/python3.10/site-packages/airflow/example_dags/example_latest_only_with_trigger.py
[2024-12-13T05:50:53.557-0800] {processor.py:914} INFO - Processing file /Users/machine/Velocity_railway/airflow_env/lib/python3.10/site-packages/airflow/example_dags/example_latest_only_with_trigger.py for tasks to queue
[2024-12-13T05:50:53.558-0800] {logging_mixin.py:190} INFO - [2024-12-13T05:50:53.558-0800] {dagbag.py:588} INFO - Filling up the DagBag from /Users/machine/Velocity_railway/airflow_env/lib/python3.10/site-packages/airflow/example_dags/example_latest_only_with_trigger.py
[2024-12-13T05:50:53.569-0800] {processor.py:925} INFO - DAG(s) 'latest_only_with_trigger' retrieved from /Users/machine/Velocity_railway/airflow_env/lib/python3.10/site-packages/airflow/example_dags/example_latest_only_with_trigger.py
[2024-12-13T05:50:53.777-0800] {logging_mixin.py:190} INFO - [2024-12-13T05:50:53.777-0800] {dag.py:3239} INFO - Sync 1 DAGs
[2024-12-13T05:50:53.802-0800] {logging_mixin.py:190} INFO - [2024-12-13T05:50:53.802-0800] {dag.py:4180} INFO - Setting next_dagrun for latest_only_with_trigger to 2024-12-13 08:00:00+00:00, run_after=2024-12-13 12:00:00+00:00
[2024-12-13T05:50:53.824-0800] {processor.py:208} INFO - Processing /Users/machine/Velocity_railway/airflow_env/lib/python3.10/site-packages/airflow/example_dags/example_latest_only_with_trigger.py took 0.276 seconds
