[2024-12-13T03:09:43.200-0800] {processor.py:186} INFO - Started process (PID=81979) to work on /Users/machine/Velocity_railway/airflow_env/lib/python3.10/site-packages/airflow/example_dags/example_params_ui_tutorial.py
[2024-12-13T03:09:43.202-0800] {processor.py:914} INFO - Processing file /Users/machine/Velocity_railway/airflow_env/lib/python3.10/site-packages/airflow/example_dags/example_params_ui_tutorial.py for tasks to queue
[2024-12-13T03:09:43.203-0800] {logging_mixin.py:190} INFO - [2024-12-13T03:09:43.203-0800] {dagbag.py:588} INFO - Filling up the DagBag from /Users/machine/Velocity_railway/airflow_env/lib/python3.10/site-packages/airflow/example_dags/example_params_ui_tutorial.py
[2024-12-13T03:09:43.298-0800] {processor.py:925} INFO - DAG(s) 'example_params_ui_tutorial' retrieved from /Users/machine/Velocity_railway/airflow_env/lib/python3.10/site-packages/airflow/example_dags/example_params_ui_tutorial.py
[2024-12-13T03:09:43.539-0800] {logging_mixin.py:190} INFO - [2024-12-13T03:09:43.538-0800] {override.py:1911} INFO - Created Permission View: can read on DAG:example_params_ui_tutorial
[2024-12-13T03:09:43.548-0800] {logging_mixin.py:190} INFO - [2024-12-13T03:09:43.547-0800] {override.py:1911} INFO - Created Permission View: can edit on DAG:example_params_ui_tutorial
[2024-12-13T03:09:43.554-0800] {logging_mixin.py:190} INFO - [2024-12-13T03:09:43.554-0800] {override.py:1911} INFO - Created Permission View: can delete on DAG:example_params_ui_tutorial
[2024-12-13T03:09:43.564-0800] {logging_mixin.py:190} INFO - [2024-12-13T03:09:43.564-0800] {override.py:1911} INFO - Created Permission View: can read on DAG Run:example_params_ui_tutorial
[2024-12-13T03:09:43.570-0800] {logging_mixin.py:190} INFO - [2024-12-13T03:09:43.570-0800] {override.py:1911} INFO - Created Permission View: menu access on DAG Run:example_params_ui_tutorial
[2024-12-13T03:09:43.577-0800] {logging_mixin.py:190} INFO - [2024-12-13T03:09:43.577-0800] {override.py:1911} INFO - Created Permission View: can create on DAG Run:example_params_ui_tutorial
[2024-12-13T03:09:43.583-0800] {logging_mixin.py:190} INFO - [2024-12-13T03:09:43.583-0800] {override.py:1911} INFO - Created Permission View: can delete on DAG Run:example_params_ui_tutorial
[2024-12-13T03:09:43.584-0800] {logging_mixin.py:190} INFO - [2024-12-13T03:09:43.583-0800] {dag.py:3239} INFO - Sync 1 DAGs
[2024-12-13T03:09:43.595-0800] {logging_mixin.py:190} INFO - [2024-12-13T03:09:43.595-0800] {dag.py:3262} INFO - Creating ORM DAG for example_params_ui_tutorial
[2024-12-13T03:09:43.596-0800] {logging_mixin.py:190} INFO - [2024-12-13T03:09:43.596-0800] {dag.py:4180} INFO - Setting next_dagrun for example_params_ui_tutorial to None, run_after=None
[2024-12-13T03:09:43.614-0800] {processor.py:208} INFO - Processing /Users/machine/Velocity_railway/airflow_env/lib/python3.10/site-packages/airflow/example_dags/example_params_ui_tutorial.py took 0.421 seconds
[2024-12-13T03:12:45.588-0800] {processor.py:186} INFO - Started process (PID=82586) to work on /Users/machine/Velocity_railway/airflow_env/lib/python3.10/site-packages/airflow/example_dags/example_params_ui_tutorial.py
[2024-12-13T03:12:45.589-0800] {processor.py:914} INFO - Processing file /Users/machine/Velocity_railway/airflow_env/lib/python3.10/site-packages/airflow/example_dags/example_params_ui_tutorial.py for tasks to queue
[2024-12-13T03:12:45.590-0800] {logging_mixin.py:190} INFO - [2024-12-13T03:12:45.590-0800] {dagbag.py:588} INFO - Filling up the DagBag from /Users/machine/Velocity_railway/airflow_env/lib/python3.10/site-packages/airflow/example_dags/example_params_ui_tutorial.py
[2024-12-13T03:12:45.685-0800] {processor.py:925} INFO - DAG(s) 'example_params_ui_tutorial' retrieved from /Users/machine/Velocity_railway/airflow_env/lib/python3.10/site-packages/airflow/example_dags/example_params_ui_tutorial.py
[2024-12-13T03:12:45.843-0800] {logging_mixin.py:190} INFO - [2024-12-13T03:12:45.842-0800] {dag.py:3239} INFO - Sync 1 DAGs
[2024-12-13T03:12:45.855-0800] {logging_mixin.py:190} INFO - [2024-12-13T03:12:45.855-0800] {dag.py:4180} INFO - Setting next_dagrun for example_params_ui_tutorial to None, run_after=None
[2024-12-13T03:12:45.876-0800] {processor.py:208} INFO - Processing /Users/machine/Velocity_railway/airflow_env/lib/python3.10/site-packages/airflow/example_dags/example_params_ui_tutorial.py took 0.295 seconds
[2024-12-13T03:15:16.858-0800] {processor.py:186} INFO - Started process (PID=83081) to work on /Users/machine/Velocity_railway/airflow_env/lib/python3.10/site-packages/airflow/example_dags/example_params_ui_tutorial.py
[2024-12-13T03:15:16.860-0800] {processor.py:914} INFO - Processing file /Users/machine/Velocity_railway/airflow_env/lib/python3.10/site-packages/airflow/example_dags/example_params_ui_tutorial.py for tasks to queue
[2024-12-13T03:15:16.861-0800] {logging_mixin.py:190} INFO - [2024-12-13T03:15:16.861-0800] {dagbag.py:588} INFO - Filling up the DagBag from /Users/machine/Velocity_railway/airflow_env/lib/python3.10/site-packages/airflow/example_dags/example_params_ui_tutorial.py
[2024-12-13T03:15:17.124-0800] {processor.py:925} INFO - DAG(s) 'example_params_ui_tutorial' retrieved from /Users/machine/Velocity_railway/airflow_env/lib/python3.10/site-packages/airflow/example_dags/example_params_ui_tutorial.py
[2024-12-13T03:15:17.297-0800] {logging_mixin.py:190} INFO - [2024-12-13T03:15:17.297-0800] {dag.py:3239} INFO - Sync 1 DAGs
[2024-12-13T03:15:17.308-0800] {logging_mixin.py:190} INFO - [2024-12-13T03:15:17.308-0800] {dag.py:4180} INFO - Setting next_dagrun for example_params_ui_tutorial to None, run_after=None
[2024-12-13T03:15:17.325-0800] {processor.py:208} INFO - Processing /Users/machine/Velocity_railway/airflow_env/lib/python3.10/site-packages/airflow/example_dags/example_params_ui_tutorial.py took 0.471 seconds
[2024-12-13T03:17:37.933-0800] {processor.py:186} INFO - Started process (PID=83555) to work on /Users/machine/Velocity_railway/airflow_env/lib/python3.10/site-packages/airflow/example_dags/example_params_ui_tutorial.py
[2024-12-13T03:17:37.935-0800] {processor.py:914} INFO - Processing file /Users/machine/Velocity_railway/airflow_env/lib/python3.10/site-packages/airflow/example_dags/example_params_ui_tutorial.py for tasks to queue
[2024-12-13T03:17:37.937-0800] {logging_mixin.py:190} INFO - [2024-12-13T03:17:37.937-0800] {dagbag.py:588} INFO - Filling up the DagBag from /Users/machine/Velocity_railway/airflow_env/lib/python3.10/site-packages/airflow/example_dags/example_params_ui_tutorial.py
[2024-12-13T03:17:38.025-0800] {processor.py:925} INFO - DAG(s) 'example_params_ui_tutorial' retrieved from /Users/machine/Velocity_railway/airflow_env/lib/python3.10/site-packages/airflow/example_dags/example_params_ui_tutorial.py
[2024-12-13T03:17:38.166-0800] {logging_mixin.py:190} INFO - [2024-12-13T03:17:38.166-0800] {dag.py:3239} INFO - Sync 1 DAGs
[2024-12-13T03:17:38.177-0800] {logging_mixin.py:190} INFO - [2024-12-13T03:17:38.177-0800] {dag.py:4180} INFO - Setting next_dagrun for example_params_ui_tutorial to None, run_after=None
[2024-12-13T03:17:38.196-0800] {processor.py:208} INFO - Processing /Users/machine/Velocity_railway/airflow_env/lib/python3.10/site-packages/airflow/example_dags/example_params_ui_tutorial.py took 0.270 seconds
[2024-12-13T03:19:52.988-0800] {processor.py:186} INFO - Started process (PID=84032) to work on /Users/machine/Velocity_railway/airflow_env/lib/python3.10/site-packages/airflow/example_dags/example_params_ui_tutorial.py
[2024-12-13T03:19:52.990-0800] {processor.py:914} INFO - Processing file /Users/machine/Velocity_railway/airflow_env/lib/python3.10/site-packages/airflow/example_dags/example_params_ui_tutorial.py for tasks to queue
[2024-12-13T03:19:52.992-0800] {logging_mixin.py:190} INFO - [2024-12-13T03:19:52.991-0800] {dagbag.py:588} INFO - Filling up the DagBag from /Users/machine/Velocity_railway/airflow_env/lib/python3.10/site-packages/airflow/example_dags/example_params_ui_tutorial.py
[2024-12-13T03:19:53.077-0800] {processor.py:925} INFO - DAG(s) 'example_params_ui_tutorial' retrieved from /Users/machine/Velocity_railway/airflow_env/lib/python3.10/site-packages/airflow/example_dags/example_params_ui_tutorial.py
[2024-12-13T03:19:53.205-0800] {logging_mixin.py:190} INFO - [2024-12-13T03:19:53.205-0800] {dag.py:3239} INFO - Sync 1 DAGs
[2024-12-13T03:19:53.215-0800] {logging_mixin.py:190} INFO - [2024-12-13T03:19:53.214-0800] {dag.py:4180} INFO - Setting next_dagrun for example_params_ui_tutorial to None, run_after=None
[2024-12-13T03:19:53.230-0800] {processor.py:208} INFO - Processing /Users/machine/Velocity_railway/airflow_env/lib/python3.10/site-packages/airflow/example_dags/example_params_ui_tutorial.py took 0.248 seconds
[2024-12-13T03:22:04.765-0800] {processor.py:186} INFO - Started process (PID=84493) to work on /Users/machine/Velocity_railway/airflow_env/lib/python3.10/site-packages/airflow/example_dags/example_params_ui_tutorial.py
[2024-12-13T03:22:04.767-0800] {processor.py:914} INFO - Processing file /Users/machine/Velocity_railway/airflow_env/lib/python3.10/site-packages/airflow/example_dags/example_params_ui_tutorial.py for tasks to queue
[2024-12-13T03:22:04.769-0800] {logging_mixin.py:190} INFO - [2024-12-13T03:22:04.769-0800] {dagbag.py:588} INFO - Filling up the DagBag from /Users/machine/Velocity_railway/airflow_env/lib/python3.10/site-packages/airflow/example_dags/example_params_ui_tutorial.py
[2024-12-13T03:22:04.857-0800] {processor.py:925} INFO - DAG(s) 'example_params_ui_tutorial' retrieved from /Users/machine/Velocity_railway/airflow_env/lib/python3.10/site-packages/airflow/example_dags/example_params_ui_tutorial.py
[2024-12-13T03:22:04.996-0800] {logging_mixin.py:190} INFO - [2024-12-13T03:22:04.996-0800] {dag.py:3239} INFO - Sync 1 DAGs
[2024-12-13T03:22:05.007-0800] {logging_mixin.py:190} INFO - [2024-12-13T03:22:05.007-0800] {dag.py:4180} INFO - Setting next_dagrun for example_params_ui_tutorial to None, run_after=None
[2024-12-13T03:22:05.026-0800] {processor.py:208} INFO - Processing /Users/machine/Velocity_railway/airflow_env/lib/python3.10/site-packages/airflow/example_dags/example_params_ui_tutorial.py took 0.266 seconds
[2024-12-13T03:24:24.816-0800] {processor.py:186} INFO - Started process (PID=84949) to work on /Users/machine/Velocity_railway/airflow_env/lib/python3.10/site-packages/airflow/example_dags/example_params_ui_tutorial.py
[2024-12-13T03:24:24.818-0800] {processor.py:914} INFO - Processing file /Users/machine/Velocity_railway/airflow_env/lib/python3.10/site-packages/airflow/example_dags/example_params_ui_tutorial.py for tasks to queue
[2024-12-13T03:24:24.819-0800] {logging_mixin.py:190} INFO - [2024-12-13T03:24:24.819-0800] {dagbag.py:588} INFO - Filling up the DagBag from /Users/machine/Velocity_railway/airflow_env/lib/python3.10/site-packages/airflow/example_dags/example_params_ui_tutorial.py
[2024-12-13T03:24:24.923-0800] {processor.py:925} INFO - DAG(s) 'example_params_ui_tutorial' retrieved from /Users/machine/Velocity_railway/airflow_env/lib/python3.10/site-packages/airflow/example_dags/example_params_ui_tutorial.py
[2024-12-13T03:24:25.063-0800] {logging_mixin.py:190} INFO - [2024-12-13T03:24:25.063-0800] {dag.py:3239} INFO - Sync 1 DAGs
[2024-12-13T03:24:25.073-0800] {logging_mixin.py:190} INFO - [2024-12-13T03:24:25.073-0800] {dag.py:4180} INFO - Setting next_dagrun for example_params_ui_tutorial to None, run_after=None
[2024-12-13T03:24:25.091-0800] {processor.py:208} INFO - Processing /Users/machine/Velocity_railway/airflow_env/lib/python3.10/site-packages/airflow/example_dags/example_params_ui_tutorial.py took 0.281 seconds
[2024-12-13T03:26:42.898-0800] {processor.py:186} INFO - Started process (PID=85422) to work on /Users/machine/Velocity_railway/airflow_env/lib/python3.10/site-packages/airflow/example_dags/example_params_ui_tutorial.py
[2024-12-13T03:26:42.900-0800] {processor.py:914} INFO - Processing file /Users/machine/Velocity_railway/airflow_env/lib/python3.10/site-packages/airflow/example_dags/example_params_ui_tutorial.py for tasks to queue
[2024-12-13T03:26:42.901-0800] {logging_mixin.py:190} INFO - [2024-12-13T03:26:42.901-0800] {dagbag.py:588} INFO - Filling up the DagBag from /Users/machine/Velocity_railway/airflow_env/lib/python3.10/site-packages/airflow/example_dags/example_params_ui_tutorial.py
[2024-12-13T03:26:42.984-0800] {processor.py:925} INFO - DAG(s) 'example_params_ui_tutorial' retrieved from /Users/machine/Velocity_railway/airflow_env/lib/python3.10/site-packages/airflow/example_dags/example_params_ui_tutorial.py
[2024-12-13T03:26:43.112-0800] {logging_mixin.py:190} INFO - [2024-12-13T03:26:43.112-0800] {dag.py:3239} INFO - Sync 1 DAGs
[2024-12-13T03:26:43.122-0800] {logging_mixin.py:190} INFO - [2024-12-13T03:26:43.122-0800] {dag.py:4180} INFO - Setting next_dagrun for example_params_ui_tutorial to None, run_after=None
[2024-12-13T03:26:43.140-0800] {processor.py:208} INFO - Processing /Users/machine/Velocity_railway/airflow_env/lib/python3.10/site-packages/airflow/example_dags/example_params_ui_tutorial.py took 0.247 seconds
[2024-12-13T03:29:01.388-0800] {processor.py:186} INFO - Started process (PID=85899) to work on /Users/machine/Velocity_railway/airflow_env/lib/python3.10/site-packages/airflow/example_dags/example_params_ui_tutorial.py
[2024-12-13T03:29:01.390-0800] {processor.py:914} INFO - Processing file /Users/machine/Velocity_railway/airflow_env/lib/python3.10/site-packages/airflow/example_dags/example_params_ui_tutorial.py for tasks to queue
[2024-12-13T03:29:01.391-0800] {logging_mixin.py:190} INFO - [2024-12-13T03:29:01.391-0800] {dagbag.py:588} INFO - Filling up the DagBag from /Users/machine/Velocity_railway/airflow_env/lib/python3.10/site-packages/airflow/example_dags/example_params_ui_tutorial.py
[2024-12-13T03:29:01.486-0800] {processor.py:925} INFO - DAG(s) 'example_params_ui_tutorial' retrieved from /Users/machine/Velocity_railway/airflow_env/lib/python3.10/site-packages/airflow/example_dags/example_params_ui_tutorial.py
[2024-12-13T03:29:01.638-0800] {logging_mixin.py:190} INFO - [2024-12-13T03:29:01.638-0800] {dag.py:3239} INFO - Sync 1 DAGs
[2024-12-13T03:29:01.651-0800] {logging_mixin.py:190} INFO - [2024-12-13T03:29:01.650-0800] {dag.py:4180} INFO - Setting next_dagrun for example_params_ui_tutorial to None, run_after=None
[2024-12-13T03:29:01.674-0800] {processor.py:208} INFO - Processing /Users/machine/Velocity_railway/airflow_env/lib/python3.10/site-packages/airflow/example_dags/example_params_ui_tutorial.py took 0.292 seconds
[2024-12-13T03:31:22.081-0800] {processor.py:186} INFO - Started process (PID=86353) to work on /Users/machine/Velocity_railway/airflow_env/lib/python3.10/site-packages/airflow/example_dags/example_params_ui_tutorial.py
[2024-12-13T03:31:22.083-0800] {processor.py:914} INFO - Processing file /Users/machine/Velocity_railway/airflow_env/lib/python3.10/site-packages/airflow/example_dags/example_params_ui_tutorial.py for tasks to queue
[2024-12-13T03:31:22.085-0800] {logging_mixin.py:190} INFO - [2024-12-13T03:31:22.084-0800] {dagbag.py:588} INFO - Filling up the DagBag from /Users/machine/Velocity_railway/airflow_env/lib/python3.10/site-packages/airflow/example_dags/example_params_ui_tutorial.py
[2024-12-13T03:31:22.193-0800] {processor.py:925} INFO - DAG(s) 'example_params_ui_tutorial' retrieved from /Users/machine/Velocity_railway/airflow_env/lib/python3.10/site-packages/airflow/example_dags/example_params_ui_tutorial.py
[2024-12-13T03:31:22.362-0800] {logging_mixin.py:190} INFO - [2024-12-13T03:31:22.362-0800] {dag.py:3239} INFO - Sync 1 DAGs
[2024-12-13T03:31:22.374-0800] {logging_mixin.py:190} INFO - [2024-12-13T03:31:22.373-0800] {dag.py:4180} INFO - Setting next_dagrun for example_params_ui_tutorial to None, run_after=None
[2024-12-13T03:31:22.393-0800] {processor.py:208} INFO - Processing /Users/machine/Velocity_railway/airflow_env/lib/python3.10/site-packages/airflow/example_dags/example_params_ui_tutorial.py took 0.319 seconds
[2024-12-13T03:33:43.493-0800] {processor.py:186} INFO - Started process (PID=86881) to work on /Users/machine/Velocity_railway/airflow_env/lib/python3.10/site-packages/airflow/example_dags/example_params_ui_tutorial.py
[2024-12-13T03:33:43.495-0800] {processor.py:914} INFO - Processing file /Users/machine/Velocity_railway/airflow_env/lib/python3.10/site-packages/airflow/example_dags/example_params_ui_tutorial.py for tasks to queue
[2024-12-13T03:33:43.496-0800] {logging_mixin.py:190} INFO - [2024-12-13T03:33:43.496-0800] {dagbag.py:588} INFO - Filling up the DagBag from /Users/machine/Velocity_railway/airflow_env/lib/python3.10/site-packages/airflow/example_dags/example_params_ui_tutorial.py
[2024-12-13T03:33:43.583-0800] {processor.py:925} INFO - DAG(s) 'example_params_ui_tutorial' retrieved from /Users/machine/Velocity_railway/airflow_env/lib/python3.10/site-packages/airflow/example_dags/example_params_ui_tutorial.py
[2024-12-13T03:33:43.730-0800] {logging_mixin.py:190} INFO - [2024-12-13T03:33:43.729-0800] {dag.py:3239} INFO - Sync 1 DAGs
[2024-12-13T03:33:43.740-0800] {logging_mixin.py:190} INFO - [2024-12-13T03:33:43.740-0800] {dag.py:4180} INFO - Setting next_dagrun for example_params_ui_tutorial to None, run_after=None
[2024-12-13T03:33:43.759-0800] {processor.py:208} INFO - Processing /Users/machine/Velocity_railway/airflow_env/lib/python3.10/site-packages/airflow/example_dags/example_params_ui_tutorial.py took 0.272 seconds
[2024-12-13T03:36:10.090-0800] {processor.py:186} INFO - Started process (PID=87460) to work on /Users/machine/Velocity_railway/airflow_env/lib/python3.10/site-packages/airflow/example_dags/example_params_ui_tutorial.py
[2024-12-13T03:36:10.095-0800] {processor.py:914} INFO - Processing file /Users/machine/Velocity_railway/airflow_env/lib/python3.10/site-packages/airflow/example_dags/example_params_ui_tutorial.py for tasks to queue
[2024-12-13T03:36:10.097-0800] {logging_mixin.py:190} INFO - [2024-12-13T03:36:10.096-0800] {dagbag.py:588} INFO - Filling up the DagBag from /Users/machine/Velocity_railway/airflow_env/lib/python3.10/site-packages/airflow/example_dags/example_params_ui_tutorial.py
[2024-12-13T03:36:10.232-0800] {processor.py:925} INFO - DAG(s) 'example_params_ui_tutorial' retrieved from /Users/machine/Velocity_railway/airflow_env/lib/python3.10/site-packages/airflow/example_dags/example_params_ui_tutorial.py
[2024-12-13T03:36:10.402-0800] {logging_mixin.py:190} INFO - [2024-12-13T03:36:10.401-0800] {dag.py:3239} INFO - Sync 1 DAGs
[2024-12-13T03:36:10.414-0800] {logging_mixin.py:190} INFO - [2024-12-13T03:36:10.414-0800] {dag.py:4180} INFO - Setting next_dagrun for example_params_ui_tutorial to None, run_after=None
[2024-12-13T03:36:10.434-0800] {processor.py:208} INFO - Processing /Users/machine/Velocity_railway/airflow_env/lib/python3.10/site-packages/airflow/example_dags/example_params_ui_tutorial.py took 0.350 seconds
[2024-12-13T03:38:42.651-0800] {processor.py:186} INFO - Started process (PID=87957) to work on /Users/machine/Velocity_railway/airflow_env/lib/python3.10/site-packages/airflow/example_dags/example_params_ui_tutorial.py
[2024-12-13T03:38:42.653-0800] {processor.py:914} INFO - Processing file /Users/machine/Velocity_railway/airflow_env/lib/python3.10/site-packages/airflow/example_dags/example_params_ui_tutorial.py for tasks to queue
[2024-12-13T03:38:42.654-0800] {logging_mixin.py:190} INFO - [2024-12-13T03:38:42.654-0800] {dagbag.py:588} INFO - Filling up the DagBag from /Users/machine/Velocity_railway/airflow_env/lib/python3.10/site-packages/airflow/example_dags/example_params_ui_tutorial.py
[2024-12-13T03:38:42.744-0800] {processor.py:925} INFO - DAG(s) 'example_params_ui_tutorial' retrieved from /Users/machine/Velocity_railway/airflow_env/lib/python3.10/site-packages/airflow/example_dags/example_params_ui_tutorial.py
[2024-12-13T03:38:42.893-0800] {logging_mixin.py:190} INFO - [2024-12-13T03:38:42.893-0800] {dag.py:3239} INFO - Sync 1 DAGs
[2024-12-13T03:38:42.905-0800] {logging_mixin.py:190} INFO - [2024-12-13T03:38:42.904-0800] {dag.py:4180} INFO - Setting next_dagrun for example_params_ui_tutorial to None, run_after=None
[2024-12-13T03:38:42.927-0800] {processor.py:208} INFO - Processing /Users/machine/Velocity_railway/airflow_env/lib/python3.10/site-packages/airflow/example_dags/example_params_ui_tutorial.py took 0.283 seconds
[2024-12-13T03:41:00.121-0800] {processor.py:186} INFO - Started process (PID=88425) to work on /Users/machine/Velocity_railway/airflow_env/lib/python3.10/site-packages/airflow/example_dags/example_params_ui_tutorial.py
[2024-12-13T03:41:00.125-0800] {processor.py:914} INFO - Processing file /Users/machine/Velocity_railway/airflow_env/lib/python3.10/site-packages/airflow/example_dags/example_params_ui_tutorial.py for tasks to queue
[2024-12-13T03:41:00.126-0800] {logging_mixin.py:190} INFO - [2024-12-13T03:41:00.126-0800] {dagbag.py:588} INFO - Filling up the DagBag from /Users/machine/Velocity_railway/airflow_env/lib/python3.10/site-packages/airflow/example_dags/example_params_ui_tutorial.py
[2024-12-13T03:41:00.212-0800] {processor.py:925} INFO - DAG(s) 'example_params_ui_tutorial' retrieved from /Users/machine/Velocity_railway/airflow_env/lib/python3.10/site-packages/airflow/example_dags/example_params_ui_tutorial.py
[2024-12-13T03:41:00.350-0800] {logging_mixin.py:190} INFO - [2024-12-13T03:41:00.350-0800] {dag.py:3239} INFO - Sync 1 DAGs
[2024-12-13T03:41:00.361-0800] {logging_mixin.py:190} INFO - [2024-12-13T03:41:00.361-0800] {dag.py:4180} INFO - Setting next_dagrun for example_params_ui_tutorial to None, run_after=None
[2024-12-13T03:41:00.379-0800] {processor.py:208} INFO - Processing /Users/machine/Velocity_railway/airflow_env/lib/python3.10/site-packages/airflow/example_dags/example_params_ui_tutorial.py took 0.264 seconds
[2024-12-13T03:43:12.366-0800] {processor.py:186} INFO - Started process (PID=88887) to work on /Users/machine/Velocity_railway/airflow_env/lib/python3.10/site-packages/airflow/example_dags/example_params_ui_tutorial.py
[2024-12-13T03:43:12.368-0800] {processor.py:914} INFO - Processing file /Users/machine/Velocity_railway/airflow_env/lib/python3.10/site-packages/airflow/example_dags/example_params_ui_tutorial.py for tasks to queue
[2024-12-13T03:43:12.369-0800] {logging_mixin.py:190} INFO - [2024-12-13T03:43:12.368-0800] {dagbag.py:588} INFO - Filling up the DagBag from /Users/machine/Velocity_railway/airflow_env/lib/python3.10/site-packages/airflow/example_dags/example_params_ui_tutorial.py
[2024-12-13T03:43:12.456-0800] {processor.py:925} INFO - DAG(s) 'example_params_ui_tutorial' retrieved from /Users/machine/Velocity_railway/airflow_env/lib/python3.10/site-packages/airflow/example_dags/example_params_ui_tutorial.py
[2024-12-13T03:43:12.583-0800] {logging_mixin.py:190} INFO - [2024-12-13T03:43:12.583-0800] {dag.py:3239} INFO - Sync 1 DAGs
[2024-12-13T03:43:12.592-0800] {logging_mixin.py:190} INFO - [2024-12-13T03:43:12.592-0800] {dag.py:4180} INFO - Setting next_dagrun for example_params_ui_tutorial to None, run_after=None
[2024-12-13T03:43:12.608-0800] {processor.py:208} INFO - Processing /Users/machine/Velocity_railway/airflow_env/lib/python3.10/site-packages/airflow/example_dags/example_params_ui_tutorial.py took 0.248 seconds
[2024-12-13T03:45:28.626-0800] {processor.py:186} INFO - Started process (PID=89339) to work on /Users/machine/Velocity_railway/airflow_env/lib/python3.10/site-packages/airflow/example_dags/example_params_ui_tutorial.py
[2024-12-13T03:45:28.628-0800] {processor.py:914} INFO - Processing file /Users/machine/Velocity_railway/airflow_env/lib/python3.10/site-packages/airflow/example_dags/example_params_ui_tutorial.py for tasks to queue
[2024-12-13T03:45:28.629-0800] {logging_mixin.py:190} INFO - [2024-12-13T03:45:28.629-0800] {dagbag.py:588} INFO - Filling up the DagBag from /Users/machine/Velocity_railway/airflow_env/lib/python3.10/site-packages/airflow/example_dags/example_params_ui_tutorial.py
[2024-12-13T03:45:28.720-0800] {processor.py:925} INFO - DAG(s) 'example_params_ui_tutorial' retrieved from /Users/machine/Velocity_railway/airflow_env/lib/python3.10/site-packages/airflow/example_dags/example_params_ui_tutorial.py
[2024-12-13T03:45:28.891-0800] {logging_mixin.py:190} INFO - [2024-12-13T03:45:28.891-0800] {dag.py:3239} INFO - Sync 1 DAGs
[2024-12-13T03:45:28.904-0800] {logging_mixin.py:190} INFO - [2024-12-13T03:45:28.904-0800] {dag.py:4180} INFO - Setting next_dagrun for example_params_ui_tutorial to None, run_after=None
[2024-12-13T03:45:28.924-0800] {processor.py:208} INFO - Processing /Users/machine/Velocity_railway/airflow_env/lib/python3.10/site-packages/airflow/example_dags/example_params_ui_tutorial.py took 0.305 seconds
[2024-12-13T03:47:38.937-0800] {processor.py:186} INFO - Started process (PID=89779) to work on /Users/machine/Velocity_railway/airflow_env/lib/python3.10/site-packages/airflow/example_dags/example_params_ui_tutorial.py
[2024-12-13T03:47:38.939-0800] {processor.py:914} INFO - Processing file /Users/machine/Velocity_railway/airflow_env/lib/python3.10/site-packages/airflow/example_dags/example_params_ui_tutorial.py for tasks to queue
[2024-12-13T03:47:38.941-0800] {logging_mixin.py:190} INFO - [2024-12-13T03:47:38.940-0800] {dagbag.py:588} INFO - Filling up the DagBag from /Users/machine/Velocity_railway/airflow_env/lib/python3.10/site-packages/airflow/example_dags/example_params_ui_tutorial.py
[2024-12-13T03:47:39.024-0800] {processor.py:925} INFO - DAG(s) 'example_params_ui_tutorial' retrieved from /Users/machine/Velocity_railway/airflow_env/lib/python3.10/site-packages/airflow/example_dags/example_params_ui_tutorial.py
[2024-12-13T03:47:39.157-0800] {logging_mixin.py:190} INFO - [2024-12-13T03:47:39.157-0800] {dag.py:3239} INFO - Sync 1 DAGs
[2024-12-13T03:47:39.167-0800] {logging_mixin.py:190} INFO - [2024-12-13T03:47:39.167-0800] {dag.py:4180} INFO - Setting next_dagrun for example_params_ui_tutorial to None, run_after=None
[2024-12-13T03:47:39.184-0800] {processor.py:208} INFO - Processing /Users/machine/Velocity_railway/airflow_env/lib/python3.10/site-packages/airflow/example_dags/example_params_ui_tutorial.py took 0.253 seconds
[2024-12-13T03:49:55.372-0800] {processor.py:186} INFO - Started process (PID=90278) to work on /Users/machine/Velocity_railway/airflow_env/lib/python3.10/site-packages/airflow/example_dags/example_params_ui_tutorial.py
[2024-12-13T03:49:55.375-0800] {processor.py:914} INFO - Processing file /Users/machine/Velocity_railway/airflow_env/lib/python3.10/site-packages/airflow/example_dags/example_params_ui_tutorial.py for tasks to queue
[2024-12-13T03:49:55.376-0800] {logging_mixin.py:190} INFO - [2024-12-13T03:49:55.376-0800] {dagbag.py:588} INFO - Filling up the DagBag from /Users/machine/Velocity_railway/airflow_env/lib/python3.10/site-packages/airflow/example_dags/example_params_ui_tutorial.py
[2024-12-13T03:49:55.462-0800] {processor.py:925} INFO - DAG(s) 'example_params_ui_tutorial' retrieved from /Users/machine/Velocity_railway/airflow_env/lib/python3.10/site-packages/airflow/example_dags/example_params_ui_tutorial.py
[2024-12-13T03:49:55.597-0800] {logging_mixin.py:190} INFO - [2024-12-13T03:49:55.597-0800] {dag.py:3239} INFO - Sync 1 DAGs
[2024-12-13T03:49:55.608-0800] {logging_mixin.py:190} INFO - [2024-12-13T03:49:55.608-0800] {dag.py:4180} INFO - Setting next_dagrun for example_params_ui_tutorial to None, run_after=None
[2024-12-13T03:49:55.625-0800] {processor.py:208} INFO - Processing /Users/machine/Velocity_railway/airflow_env/lib/python3.10/site-packages/airflow/example_dags/example_params_ui_tutorial.py took 0.258 seconds
[2024-12-13T03:52:12.914-0800] {processor.py:186} INFO - Started process (PID=90735) to work on /Users/machine/Velocity_railway/airflow_env/lib/python3.10/site-packages/airflow/example_dags/example_params_ui_tutorial.py
[2024-12-13T03:52:12.917-0800] {processor.py:914} INFO - Processing file /Users/machine/Velocity_railway/airflow_env/lib/python3.10/site-packages/airflow/example_dags/example_params_ui_tutorial.py for tasks to queue
[2024-12-13T03:52:12.918-0800] {logging_mixin.py:190} INFO - [2024-12-13T03:52:12.918-0800] {dagbag.py:588} INFO - Filling up the DagBag from /Users/machine/Velocity_railway/airflow_env/lib/python3.10/site-packages/airflow/example_dags/example_params_ui_tutorial.py
[2024-12-13T03:52:13.012-0800] {processor.py:925} INFO - DAG(s) 'example_params_ui_tutorial' retrieved from /Users/machine/Velocity_railway/airflow_env/lib/python3.10/site-packages/airflow/example_dags/example_params_ui_tutorial.py
[2024-12-13T03:52:13.169-0800] {logging_mixin.py:190} INFO - [2024-12-13T03:52:13.169-0800] {dag.py:3239} INFO - Sync 1 DAGs
[2024-12-13T03:52:13.181-0800] {logging_mixin.py:190} INFO - [2024-12-13T03:52:13.181-0800] {dag.py:4180} INFO - Setting next_dagrun for example_params_ui_tutorial to None, run_after=None
[2024-12-13T03:52:13.205-0800] {processor.py:208} INFO - Processing /Users/machine/Velocity_railway/airflow_env/lib/python3.10/site-packages/airflow/example_dags/example_params_ui_tutorial.py took 0.296 seconds
[2024-12-13T03:54:35.070-0800] {processor.py:186} INFO - Started process (PID=91229) to work on /Users/machine/Velocity_railway/airflow_env/lib/python3.10/site-packages/airflow/example_dags/example_params_ui_tutorial.py
[2024-12-13T03:54:35.071-0800] {processor.py:914} INFO - Processing file /Users/machine/Velocity_railway/airflow_env/lib/python3.10/site-packages/airflow/example_dags/example_params_ui_tutorial.py for tasks to queue
[2024-12-13T03:54:35.072-0800] {logging_mixin.py:190} INFO - [2024-12-13T03:54:35.072-0800] {dagbag.py:588} INFO - Filling up the DagBag from /Users/machine/Velocity_railway/airflow_env/lib/python3.10/site-packages/airflow/example_dags/example_params_ui_tutorial.py
[2024-12-13T03:54:35.157-0800] {processor.py:925} INFO - DAG(s) 'example_params_ui_tutorial' retrieved from /Users/machine/Velocity_railway/airflow_env/lib/python3.10/site-packages/airflow/example_dags/example_params_ui_tutorial.py
[2024-12-13T03:54:35.332-0800] {logging_mixin.py:190} INFO - [2024-12-13T03:54:35.331-0800] {dag.py:3239} INFO - Sync 1 DAGs
[2024-12-13T03:54:35.343-0800] {logging_mixin.py:190} INFO - [2024-12-13T03:54:35.343-0800] {dag.py:4180} INFO - Setting next_dagrun for example_params_ui_tutorial to None, run_after=None
[2024-12-13T03:54:35.361-0800] {processor.py:208} INFO - Processing /Users/machine/Velocity_railway/airflow_env/lib/python3.10/site-packages/airflow/example_dags/example_params_ui_tutorial.py took 0.297 seconds
[2024-12-13T03:57:00.605-0800] {processor.py:186} INFO - Started process (PID=91857) to work on /Users/machine/Velocity_railway/airflow_env/lib/python3.10/site-packages/airflow/example_dags/example_params_ui_tutorial.py
[2024-12-13T03:57:00.607-0800] {processor.py:914} INFO - Processing file /Users/machine/Velocity_railway/airflow_env/lib/python3.10/site-packages/airflow/example_dags/example_params_ui_tutorial.py for tasks to queue
[2024-12-13T03:57:00.609-0800] {logging_mixin.py:190} INFO - [2024-12-13T03:57:00.609-0800] {dagbag.py:588} INFO - Filling up the DagBag from /Users/machine/Velocity_railway/airflow_env/lib/python3.10/site-packages/airflow/example_dags/example_params_ui_tutorial.py
[2024-12-13T03:57:00.708-0800] {processor.py:925} INFO - DAG(s) 'example_params_ui_tutorial' retrieved from /Users/machine/Velocity_railway/airflow_env/lib/python3.10/site-packages/airflow/example_dags/example_params_ui_tutorial.py
[2024-12-13T03:57:00.864-0800] {logging_mixin.py:190} INFO - [2024-12-13T03:57:00.864-0800] {dag.py:3239} INFO - Sync 1 DAGs
[2024-12-13T03:57:00.877-0800] {logging_mixin.py:190} INFO - [2024-12-13T03:57:00.876-0800] {dag.py:4180} INFO - Setting next_dagrun for example_params_ui_tutorial to None, run_after=None
[2024-12-13T03:57:00.897-0800] {processor.py:208} INFO - Processing /Users/machine/Velocity_railway/airflow_env/lib/python3.10/site-packages/airflow/example_dags/example_params_ui_tutorial.py took 0.299 seconds
[2024-12-13T03:59:27.195-0800] {processor.py:186} INFO - Started process (PID=92483) to work on /Users/machine/Velocity_railway/airflow_env/lib/python3.10/site-packages/airflow/example_dags/example_params_ui_tutorial.py
[2024-12-13T03:59:27.197-0800] {processor.py:914} INFO - Processing file /Users/machine/Velocity_railway/airflow_env/lib/python3.10/site-packages/airflow/example_dags/example_params_ui_tutorial.py for tasks to queue
[2024-12-13T03:59:27.199-0800] {logging_mixin.py:190} INFO - [2024-12-13T03:59:27.198-0800] {dagbag.py:588} INFO - Filling up the DagBag from /Users/machine/Velocity_railway/airflow_env/lib/python3.10/site-packages/airflow/example_dags/example_params_ui_tutorial.py
[2024-12-13T03:59:27.290-0800] {processor.py:925} INFO - DAG(s) 'example_params_ui_tutorial' retrieved from /Users/machine/Velocity_railway/airflow_env/lib/python3.10/site-packages/airflow/example_dags/example_params_ui_tutorial.py
[2024-12-13T03:59:27.442-0800] {logging_mixin.py:190} INFO - [2024-12-13T03:59:27.442-0800] {dag.py:3239} INFO - Sync 1 DAGs
[2024-12-13T03:59:27.453-0800] {logging_mixin.py:190} INFO - [2024-12-13T03:59:27.453-0800] {dag.py:4180} INFO - Setting next_dagrun for example_params_ui_tutorial to None, run_after=None
[2024-12-13T03:59:27.472-0800] {processor.py:208} INFO - Processing /Users/machine/Velocity_railway/airflow_env/lib/python3.10/site-packages/airflow/example_dags/example_params_ui_tutorial.py took 0.283 seconds
[2024-12-13T05:50:37.067-0800] {processor.py:186} INFO - Started process (PID=93345) to work on /Users/machine/Velocity_railway/airflow_env/lib/python3.10/site-packages/airflow/example_dags/example_params_ui_tutorial.py
[2024-12-13T05:50:37.069-0800] {processor.py:914} INFO - Processing file /Users/machine/Velocity_railway/airflow_env/lib/python3.10/site-packages/airflow/example_dags/example_params_ui_tutorial.py for tasks to queue
[2024-12-13T05:50:37.071-0800] {logging_mixin.py:190} INFO - [2024-12-13T05:50:37.071-0800] {dagbag.py:588} INFO - Filling up the DagBag from /Users/machine/Velocity_railway/airflow_env/lib/python3.10/site-packages/airflow/example_dags/example_params_ui_tutorial.py
[2024-12-13T05:50:37.175-0800] {processor.py:925} INFO - DAG(s) 'example_params_ui_tutorial' retrieved from /Users/machine/Velocity_railway/airflow_env/lib/python3.10/site-packages/airflow/example_dags/example_params_ui_tutorial.py
[2024-12-13T05:50:37.352-0800] {logging_mixin.py:190} INFO - [2024-12-13T05:50:37.352-0800] {dag.py:3239} INFO - Sync 1 DAGs
[2024-12-13T05:50:37.364-0800] {logging_mixin.py:190} INFO - [2024-12-13T05:50:37.364-0800] {dag.py:4180} INFO - Setting next_dagrun for example_params_ui_tutorial to None, run_after=None
[2024-12-13T05:50:37.384-0800] {processor.py:208} INFO - Processing /Users/machine/Velocity_railway/airflow_env/lib/python3.10/site-packages/airflow/example_dags/example_params_ui_tutorial.py took 0.323 seconds
