[2024-12-13T03:09:07.955-0800] {processor.py:186} INFO - Started process (PID=81868) to work on /Users/machine/Velocity_railway/airflow_env/lib/python3.10/site-packages/airflow/example_dags/example_sla_dag.py
[2024-12-13T03:09:07.956-0800] {processor.py:914} INFO - Processing file /Users/machine/Velocity_railway/airflow_env/lib/python3.10/site-packages/airflow/example_dags/example_sla_dag.py for tasks to queue
[2024-12-13T03:09:07.957-0800] {logging_mixin.py:190} INFO - [2024-12-13T03:09:07.957-0800] {dagbag.py:588} INFO - Filling up the DagBag from /Users/machine/Velocity_railway/airflow_env/lib/python3.10/site-packages/airflow/example_dags/example_sla_dag.py
[2024-12-13T03:09:08.039-0800] {processor.py:925} INFO - DAG(s) 'example_sla_dag' retrieved from /Users/machine/Velocity_railway/airflow_env/lib/python3.10/site-packages/airflow/example_dags/example_sla_dag.py
[2024-12-13T03:09:08.222-0800] {logging_mixin.py:190} INFO - [2024-12-13T03:09:08.221-0800] {override.py:1911} INFO - Created Permission View: can delete on DAG:example_sla_dag
[2024-12-13T03:09:08.230-0800] {logging_mixin.py:190} INFO - [2024-12-13T03:09:08.230-0800] {override.py:1911} INFO - Created Permission View: can edit on DAG:example_sla_dag
[2024-12-13T03:09:08.235-0800] {logging_mixin.py:190} INFO - [2024-12-13T03:09:08.235-0800] {override.py:1911} INFO - Created Permission View: can read on DAG:example_sla_dag
[2024-12-13T03:09:08.243-0800] {logging_mixin.py:190} INFO - [2024-12-13T03:09:08.243-0800] {override.py:1911} INFO - Created Permission View: can delete on DAG Run:example_sla_dag
[2024-12-13T03:09:08.249-0800] {logging_mixin.py:190} INFO - [2024-12-13T03:09:08.249-0800] {override.py:1911} INFO - Created Permission View: menu access on DAG Run:example_sla_dag
[2024-12-13T03:09:08.254-0800] {logging_mixin.py:190} INFO - [2024-12-13T03:09:08.254-0800] {override.py:1911} INFO - Created Permission View: can create on DAG Run:example_sla_dag
[2024-12-13T03:09:08.260-0800] {logging_mixin.py:190} INFO - [2024-12-13T03:09:08.260-0800] {override.py:1911} INFO - Created Permission View: can read on DAG Run:example_sla_dag
[2024-12-13T03:09:08.261-0800] {logging_mixin.py:190} INFO - [2024-12-13T03:09:08.260-0800] {dag.py:3239} INFO - Sync 1 DAGs
[2024-12-13T03:09:08.271-0800] {logging_mixin.py:190} INFO - [2024-12-13T03:09:08.271-0800] {dag.py:3262} INFO - Creating ORM DAG for example_sla_dag
[2024-12-13T03:09:08.282-0800] {logging_mixin.py:190} INFO - [2024-12-13T03:09:08.282-0800] {dag.py:4180} INFO - Setting next_dagrun for example_sla_dag to 2024-12-13 11:06:00+00:00, run_after=2024-12-13 11:08:00+00:00
[2024-12-13T03:09:08.296-0800] {processor.py:208} INFO - Processing /Users/machine/Velocity_railway/airflow_env/lib/python3.10/site-packages/airflow/example_dags/example_sla_dag.py took 0.346 seconds
[2024-12-13T03:12:09.884-0800] {processor.py:186} INFO - Started process (PID=82467) to work on /Users/machine/Velocity_railway/airflow_env/lib/python3.10/site-packages/airflow/example_dags/example_sla_dag.py
[2024-12-13T03:12:09.886-0800] {processor.py:914} INFO - Processing file /Users/machine/Velocity_railway/airflow_env/lib/python3.10/site-packages/airflow/example_dags/example_sla_dag.py for tasks to queue
[2024-12-13T03:12:09.887-0800] {logging_mixin.py:190} INFO - [2024-12-13T03:12:09.887-0800] {dagbag.py:588} INFO - Filling up the DagBag from /Users/machine/Velocity_railway/airflow_env/lib/python3.10/site-packages/airflow/example_dags/example_sla_dag.py
[2024-12-13T03:12:09.970-0800] {processor.py:925} INFO - DAG(s) 'example_sla_dag' retrieved from /Users/machine/Velocity_railway/airflow_env/lib/python3.10/site-packages/airflow/example_dags/example_sla_dag.py
[2024-12-13T03:12:10.072-0800] {logging_mixin.py:190} INFO - [2024-12-13T03:12:10.072-0800] {dag.py:3239} INFO - Sync 1 DAGs
[2024-12-13T03:12:10.095-0800] {logging_mixin.py:190} INFO - [2024-12-13T03:12:10.095-0800] {dag.py:4180} INFO - Setting next_dagrun for example_sla_dag to 2024-12-13 11:10:00+00:00, run_after=2024-12-13 11:12:00+00:00
[2024-12-13T03:12:10.113-0800] {processor.py:208} INFO - Processing /Users/machine/Velocity_railway/airflow_env/lib/python3.10/site-packages/airflow/example_dags/example_sla_dag.py took 0.235 seconds
[2024-12-13T03:14:45.457-0800] {processor.py:186} INFO - Started process (PID=82978) to work on /Users/machine/Velocity_railway/airflow_env/lib/python3.10/site-packages/airflow/example_dags/example_sla_dag.py
[2024-12-13T03:14:45.459-0800] {processor.py:914} INFO - Processing file /Users/machine/Velocity_railway/airflow_env/lib/python3.10/site-packages/airflow/example_dags/example_sla_dag.py for tasks to queue
[2024-12-13T03:14:45.460-0800] {logging_mixin.py:190} INFO - [2024-12-13T03:14:45.460-0800] {dagbag.py:588} INFO - Filling up the DagBag from /Users/machine/Velocity_railway/airflow_env/lib/python3.10/site-packages/airflow/example_dags/example_sla_dag.py
[2024-12-13T03:14:45.563-0800] {processor.py:925} INFO - DAG(s) 'example_sla_dag' retrieved from /Users/machine/Velocity_railway/airflow_env/lib/python3.10/site-packages/airflow/example_dags/example_sla_dag.py
[2024-12-13T03:14:45.682-0800] {logging_mixin.py:190} INFO - [2024-12-13T03:14:45.682-0800] {dag.py:3239} INFO - Sync 1 DAGs
[2024-12-13T03:14:45.708-0800] {logging_mixin.py:190} INFO - [2024-12-13T03:14:45.708-0800] {dag.py:4180} INFO - Setting next_dagrun for example_sla_dag to 2024-12-13 11:12:00+00:00, run_after=2024-12-13 11:14:00+00:00
[2024-12-13T03:14:45.729-0800] {processor.py:208} INFO - Processing /Users/machine/Velocity_railway/airflow_env/lib/python3.10/site-packages/airflow/example_dags/example_sla_dag.py took 0.278 seconds
[2024-12-13T03:17:06.837-0800] {processor.py:186} INFO - Started process (PID=83444) to work on /Users/machine/Velocity_railway/airflow_env/lib/python3.10/site-packages/airflow/example_dags/example_sla_dag.py
[2024-12-13T03:17:06.838-0800] {processor.py:914} INFO - Processing file /Users/machine/Velocity_railway/airflow_env/lib/python3.10/site-packages/airflow/example_dags/example_sla_dag.py for tasks to queue
[2024-12-13T03:17:06.840-0800] {logging_mixin.py:190} INFO - [2024-12-13T03:17:06.839-0800] {dagbag.py:588} INFO - Filling up the DagBag from /Users/machine/Velocity_railway/airflow_env/lib/python3.10/site-packages/airflow/example_dags/example_sla_dag.py
[2024-12-13T03:17:06.938-0800] {processor.py:925} INFO - DAG(s) 'example_sla_dag' retrieved from /Users/machine/Velocity_railway/airflow_env/lib/python3.10/site-packages/airflow/example_dags/example_sla_dag.py
[2024-12-13T03:17:07.066-0800] {logging_mixin.py:190} INFO - [2024-12-13T03:17:07.065-0800] {dag.py:3239} INFO - Sync 1 DAGs
[2024-12-13T03:17:07.087-0800] {logging_mixin.py:190} INFO - [2024-12-13T03:17:07.086-0800] {dag.py:4180} INFO - Setting next_dagrun for example_sla_dag to 2024-12-13 11:14:00+00:00, run_after=2024-12-13 11:16:00+00:00
[2024-12-13T03:17:07.105-0800] {processor.py:208} INFO - Processing /Users/machine/Velocity_railway/airflow_env/lib/python3.10/site-packages/airflow/example_dags/example_sla_dag.py took 0.274 seconds
[2024-12-13T03:19:23.116-0800] {processor.py:186} INFO - Started process (PID=83912) to work on /Users/machine/Velocity_railway/airflow_env/lib/python3.10/site-packages/airflow/example_dags/example_sla_dag.py
[2024-12-13T03:19:23.118-0800] {processor.py:914} INFO - Processing file /Users/machine/Velocity_railway/airflow_env/lib/python3.10/site-packages/airflow/example_dags/example_sla_dag.py for tasks to queue
[2024-12-13T03:19:23.119-0800] {logging_mixin.py:190} INFO - [2024-12-13T03:19:23.119-0800] {dagbag.py:588} INFO - Filling up the DagBag from /Users/machine/Velocity_railway/airflow_env/lib/python3.10/site-packages/airflow/example_dags/example_sla_dag.py
[2024-12-13T03:19:23.203-0800] {processor.py:925} INFO - DAG(s) 'example_sla_dag' retrieved from /Users/machine/Velocity_railway/airflow_env/lib/python3.10/site-packages/airflow/example_dags/example_sla_dag.py
[2024-12-13T03:19:23.299-0800] {logging_mixin.py:190} INFO - [2024-12-13T03:19:23.299-0800] {dag.py:3239} INFO - Sync 1 DAGs
[2024-12-13T03:19:23.318-0800] {logging_mixin.py:190} INFO - [2024-12-13T03:19:23.318-0800] {dag.py:4180} INFO - Setting next_dagrun for example_sla_dag to 2024-12-13 11:16:00+00:00, run_after=2024-12-13 11:18:00+00:00
[2024-12-13T03:19:23.333-0800] {processor.py:208} INFO - Processing /Users/machine/Velocity_railway/airflow_env/lib/python3.10/site-packages/airflow/example_dags/example_sla_dag.py took 0.223 seconds
[2024-12-13T03:21:31.487-0800] {processor.py:186} INFO - Started process (PID=84366) to work on /Users/machine/Velocity_railway/airflow_env/lib/python3.10/site-packages/airflow/example_dags/example_sla_dag.py
[2024-12-13T03:21:31.489-0800] {processor.py:914} INFO - Processing file /Users/machine/Velocity_railway/airflow_env/lib/python3.10/site-packages/airflow/example_dags/example_sla_dag.py for tasks to queue
[2024-12-13T03:21:31.490-0800] {logging_mixin.py:190} INFO - [2024-12-13T03:21:31.490-0800] {dagbag.py:588} INFO - Filling up the DagBag from /Users/machine/Velocity_railway/airflow_env/lib/python3.10/site-packages/airflow/example_dags/example_sla_dag.py
[2024-12-13T03:21:31.585-0800] {processor.py:925} INFO - DAG(s) 'example_sla_dag' retrieved from /Users/machine/Velocity_railway/airflow_env/lib/python3.10/site-packages/airflow/example_dags/example_sla_dag.py
[2024-12-13T03:21:31.702-0800] {logging_mixin.py:190} INFO - [2024-12-13T03:21:31.701-0800] {dag.py:3239} INFO - Sync 1 DAGs
[2024-12-13T03:21:31.722-0800] {logging_mixin.py:190} INFO - [2024-12-13T03:21:31.721-0800] {dag.py:4180} INFO - Setting next_dagrun for example_sla_dag to 2024-12-13 11:18:00+00:00, run_after=2024-12-13 11:20:00+00:00
[2024-12-13T03:21:31.738-0800] {processor.py:208} INFO - Processing /Users/machine/Velocity_railway/airflow_env/lib/python3.10/site-packages/airflow/example_dags/example_sla_dag.py took 0.257 seconds
[2024-12-13T03:23:54.391-0800] {processor.py:186} INFO - Started process (PID=84847) to work on /Users/machine/Velocity_railway/airflow_env/lib/python3.10/site-packages/airflow/example_dags/example_sla_dag.py
[2024-12-13T03:23:54.393-0800] {processor.py:914} INFO - Processing file /Users/machine/Velocity_railway/airflow_env/lib/python3.10/site-packages/airflow/example_dags/example_sla_dag.py for tasks to queue
[2024-12-13T03:23:54.394-0800] {logging_mixin.py:190} INFO - [2024-12-13T03:23:54.394-0800] {dagbag.py:588} INFO - Filling up the DagBag from /Users/machine/Velocity_railway/airflow_env/lib/python3.10/site-packages/airflow/example_dags/example_sla_dag.py
[2024-12-13T03:23:54.476-0800] {processor.py:925} INFO - DAG(s) 'example_sla_dag' retrieved from /Users/machine/Velocity_railway/airflow_env/lib/python3.10/site-packages/airflow/example_dags/example_sla_dag.py
[2024-12-13T03:23:54.583-0800] {logging_mixin.py:190} INFO - [2024-12-13T03:23:54.582-0800] {dag.py:3239} INFO - Sync 1 DAGs
[2024-12-13T03:23:54.603-0800] {logging_mixin.py:190} INFO - [2024-12-13T03:23:54.603-0800] {dag.py:4180} INFO - Setting next_dagrun for example_sla_dag to 2024-12-13 11:20:00+00:00, run_after=2024-12-13 11:22:00+00:00
[2024-12-13T03:23:54.621-0800] {processor.py:208} INFO - Processing /Users/machine/Velocity_railway/airflow_env/lib/python3.10/site-packages/airflow/example_dags/example_sla_dag.py took 0.236 seconds
[2024-12-13T03:26:11.005-0800] {processor.py:186} INFO - Started process (PID=85323) to work on /Users/machine/Velocity_railway/airflow_env/lib/python3.10/site-packages/airflow/example_dags/example_sla_dag.py
[2024-12-13T03:26:11.007-0800] {processor.py:914} INFO - Processing file /Users/machine/Velocity_railway/airflow_env/lib/python3.10/site-packages/airflow/example_dags/example_sla_dag.py for tasks to queue
[2024-12-13T03:26:11.008-0800] {logging_mixin.py:190} INFO - [2024-12-13T03:26:11.008-0800] {dagbag.py:588} INFO - Filling up the DagBag from /Users/machine/Velocity_railway/airflow_env/lib/python3.10/site-packages/airflow/example_dags/example_sla_dag.py
[2024-12-13T03:26:11.104-0800] {processor.py:925} INFO - DAG(s) 'example_sla_dag' retrieved from /Users/machine/Velocity_railway/airflow_env/lib/python3.10/site-packages/airflow/example_dags/example_sla_dag.py
[2024-12-13T03:26:11.208-0800] {logging_mixin.py:190} INFO - [2024-12-13T03:26:11.207-0800] {dag.py:3239} INFO - Sync 1 DAGs
[2024-12-13T03:26:11.227-0800] {logging_mixin.py:190} INFO - [2024-12-13T03:26:11.227-0800] {dag.py:4180} INFO - Setting next_dagrun for example_sla_dag to 2024-12-13 11:24:00+00:00, run_after=2024-12-13 11:26:00+00:00
[2024-12-13T03:26:11.244-0800] {processor.py:208} INFO - Processing /Users/machine/Velocity_railway/airflow_env/lib/python3.10/site-packages/airflow/example_dags/example_sla_dag.py took 0.245 seconds
[2024-12-13T03:28:28.052-0800] {processor.py:186} INFO - Started process (PID=85782) to work on /Users/machine/Velocity_railway/airflow_env/lib/python3.10/site-packages/airflow/example_dags/example_sla_dag.py
[2024-12-13T03:28:28.053-0800] {processor.py:914} INFO - Processing file /Users/machine/Velocity_railway/airflow_env/lib/python3.10/site-packages/airflow/example_dags/example_sla_dag.py for tasks to queue
[2024-12-13T03:28:28.055-0800] {logging_mixin.py:190} INFO - [2024-12-13T03:28:28.054-0800] {dagbag.py:588} INFO - Filling up the DagBag from /Users/machine/Velocity_railway/airflow_env/lib/python3.10/site-packages/airflow/example_dags/example_sla_dag.py
[2024-12-13T03:28:28.151-0800] {processor.py:925} INFO - DAG(s) 'example_sla_dag' retrieved from /Users/machine/Velocity_railway/airflow_env/lib/python3.10/site-packages/airflow/example_dags/example_sla_dag.py
[2024-12-13T03:28:28.311-0800] {logging_mixin.py:190} INFO - [2024-12-13T03:28:28.311-0800] {dag.py:3239} INFO - Sync 1 DAGs
[2024-12-13T03:28:28.337-0800] {logging_mixin.py:190} INFO - [2024-12-13T03:28:28.337-0800] {dag.py:4180} INFO - Setting next_dagrun for example_sla_dag to 2024-12-13 11:26:00+00:00, run_after=2024-12-13 11:28:00+00:00
[2024-12-13T03:28:28.357-0800] {processor.py:208} INFO - Processing /Users/machine/Velocity_railway/airflow_env/lib/python3.10/site-packages/airflow/example_dags/example_sla_dag.py took 0.312 seconds
[2024-12-13T03:30:46.746-0800] {processor.py:186} INFO - Started process (PID=86242) to work on /Users/machine/Velocity_railway/airflow_env/lib/python3.10/site-packages/airflow/example_dags/example_sla_dag.py
[2024-12-13T03:30:46.748-0800] {processor.py:914} INFO - Processing file /Users/machine/Velocity_railway/airflow_env/lib/python3.10/site-packages/airflow/example_dags/example_sla_dag.py for tasks to queue
[2024-12-13T03:30:46.750-0800] {logging_mixin.py:190} INFO - [2024-12-13T03:30:46.749-0800] {dagbag.py:588} INFO - Filling up the DagBag from /Users/machine/Velocity_railway/airflow_env/lib/python3.10/site-packages/airflow/example_dags/example_sla_dag.py
[2024-12-13T03:30:46.850-0800] {processor.py:925} INFO - DAG(s) 'example_sla_dag' retrieved from /Users/machine/Velocity_railway/airflow_env/lib/python3.10/site-packages/airflow/example_dags/example_sla_dag.py
[2024-12-13T03:30:46.967-0800] {logging_mixin.py:190} INFO - [2024-12-13T03:30:46.967-0800] {dag.py:3239} INFO - Sync 1 DAGs
[2024-12-13T03:30:46.990-0800] {logging_mixin.py:190} INFO - [2024-12-13T03:30:46.989-0800] {dag.py:4180} INFO - Setting next_dagrun for example_sla_dag to 2024-12-13 11:28:00+00:00, run_after=2024-12-13 11:30:00+00:00
[2024-12-13T03:30:47.009-0800] {processor.py:208} INFO - Processing /Users/machine/Velocity_railway/airflow_env/lib/python3.10/site-packages/airflow/example_dags/example_sla_dag.py took 0.269 seconds
[2024-12-13T03:33:09.130-0800] {processor.py:186} INFO - Started process (PID=86755) to work on /Users/machine/Velocity_railway/airflow_env/lib/python3.10/site-packages/airflow/example_dags/example_sla_dag.py
[2024-12-13T03:33:09.132-0800] {processor.py:914} INFO - Processing file /Users/machine/Velocity_railway/airflow_env/lib/python3.10/site-packages/airflow/example_dags/example_sla_dag.py for tasks to queue
[2024-12-13T03:33:09.133-0800] {logging_mixin.py:190} INFO - [2024-12-13T03:33:09.133-0800] {dagbag.py:588} INFO - Filling up the DagBag from /Users/machine/Velocity_railway/airflow_env/lib/python3.10/site-packages/airflow/example_dags/example_sla_dag.py
[2024-12-13T03:33:09.219-0800] {processor.py:925} INFO - DAG(s) 'example_sla_dag' retrieved from /Users/machine/Velocity_railway/airflow_env/lib/python3.10/site-packages/airflow/example_dags/example_sla_dag.py
[2024-12-13T03:33:09.318-0800] {logging_mixin.py:190} INFO - [2024-12-13T03:33:09.318-0800] {dag.py:3239} INFO - Sync 1 DAGs
[2024-12-13T03:33:09.337-0800] {logging_mixin.py:190} INFO - [2024-12-13T03:33:09.337-0800] {dag.py:4180} INFO - Setting next_dagrun for example_sla_dag to 2024-12-13 11:30:00+00:00, run_after=2024-12-13 11:32:00+00:00
[2024-12-13T03:33:09.353-0800] {processor.py:208} INFO - Processing /Users/machine/Velocity_railway/airflow_env/lib/python3.10/site-packages/airflow/example_dags/example_sla_dag.py took 0.229 seconds
[2024-12-13T03:35:36.305-0800] {processor.py:186} INFO - Started process (PID=87338) to work on /Users/machine/Velocity_railway/airflow_env/lib/python3.10/site-packages/airflow/example_dags/example_sla_dag.py
[2024-12-13T03:35:36.307-0800] {processor.py:914} INFO - Processing file /Users/machine/Velocity_railway/airflow_env/lib/python3.10/site-packages/airflow/example_dags/example_sla_dag.py for tasks to queue
[2024-12-13T03:35:36.308-0800] {logging_mixin.py:190} INFO - [2024-12-13T03:35:36.308-0800] {dagbag.py:588} INFO - Filling up the DagBag from /Users/machine/Velocity_railway/airflow_env/lib/python3.10/site-packages/airflow/example_dags/example_sla_dag.py
[2024-12-13T03:35:36.396-0800] {processor.py:925} INFO - DAG(s) 'example_sla_dag' retrieved from /Users/machine/Velocity_railway/airflow_env/lib/python3.10/site-packages/airflow/example_dags/example_sla_dag.py
[2024-12-13T03:35:36.516-0800] {logging_mixin.py:190} INFO - [2024-12-13T03:35:36.516-0800] {dag.py:3239} INFO - Sync 1 DAGs
[2024-12-13T03:35:36.538-0800] {logging_mixin.py:190} INFO - [2024-12-13T03:35:36.538-0800] {dag.py:4180} INFO - Setting next_dagrun for example_sla_dag to 2024-12-13 11:32:00+00:00, run_after=2024-12-13 11:34:00+00:00
[2024-12-13T03:35:36.558-0800] {processor.py:208} INFO - Processing /Users/machine/Velocity_railway/airflow_env/lib/python3.10/site-packages/airflow/example_dags/example_sla_dag.py took 0.259 seconds
[2024-12-13T03:38:07.024-0800] {processor.py:186} INFO - Started process (PID=87835) to work on /Users/machine/Velocity_railway/airflow_env/lib/python3.10/site-packages/airflow/example_dags/example_sla_dag.py
[2024-12-13T03:38:07.026-0800] {processor.py:914} INFO - Processing file /Users/machine/Velocity_railway/airflow_env/lib/python3.10/site-packages/airflow/example_dags/example_sla_dag.py for tasks to queue
[2024-12-13T03:38:07.027-0800] {logging_mixin.py:190} INFO - [2024-12-13T03:38:07.027-0800] {dagbag.py:588} INFO - Filling up the DagBag from /Users/machine/Velocity_railway/airflow_env/lib/python3.10/site-packages/airflow/example_dags/example_sla_dag.py
[2024-12-13T03:38:07.128-0800] {processor.py:925} INFO - DAG(s) 'example_sla_dag' retrieved from /Users/machine/Velocity_railway/airflow_env/lib/python3.10/site-packages/airflow/example_dags/example_sla_dag.py
[2024-12-13T03:38:07.265-0800] {logging_mixin.py:190} INFO - [2024-12-13T03:38:07.265-0800] {dag.py:3239} INFO - Sync 1 DAGs
[2024-12-13T03:38:07.295-0800] {logging_mixin.py:190} INFO - [2024-12-13T03:38:07.295-0800] {dag.py:4180} INFO - Setting next_dagrun for example_sla_dag to 2024-12-13 11:36:00+00:00, run_after=2024-12-13 11:38:00+00:00
[2024-12-13T03:38:07.324-0800] {processor.py:208} INFO - Processing /Users/machine/Velocity_railway/airflow_env/lib/python3.10/site-packages/airflow/example_dags/example_sla_dag.py took 0.307 seconds
[2024-12-13T03:40:28.112-0800] {processor.py:186} INFO - Started process (PID=88300) to work on /Users/machine/Velocity_railway/airflow_env/lib/python3.10/site-packages/airflow/example_dags/example_sla_dag.py
[2024-12-13T03:40:28.114-0800] {processor.py:914} INFO - Processing file /Users/machine/Velocity_railway/airflow_env/lib/python3.10/site-packages/airflow/example_dags/example_sla_dag.py for tasks to queue
[2024-12-13T03:40:28.116-0800] {logging_mixin.py:190} INFO - [2024-12-13T03:40:28.116-0800] {dagbag.py:588} INFO - Filling up the DagBag from /Users/machine/Velocity_railway/airflow_env/lib/python3.10/site-packages/airflow/example_dags/example_sla_dag.py
[2024-12-13T03:40:28.202-0800] {processor.py:925} INFO - DAG(s) 'example_sla_dag' retrieved from /Users/machine/Velocity_railway/airflow_env/lib/python3.10/site-packages/airflow/example_dags/example_sla_dag.py
[2024-12-13T03:40:28.311-0800] {logging_mixin.py:190} INFO - [2024-12-13T03:40:28.311-0800] {dag.py:3239} INFO - Sync 1 DAGs
[2024-12-13T03:40:28.332-0800] {logging_mixin.py:190} INFO - [2024-12-13T03:40:28.331-0800] {dag.py:4180} INFO - Setting next_dagrun for example_sla_dag to 2024-12-13 11:38:00+00:00, run_after=2024-12-13 11:40:00+00:00
[2024-12-13T03:40:28.349-0800] {processor.py:208} INFO - Processing /Users/machine/Velocity_railway/airflow_env/lib/python3.10/site-packages/airflow/example_dags/example_sla_dag.py took 0.243 seconds
[2024-12-13T03:42:40.574-0800] {processor.py:186} INFO - Started process (PID=88778) to work on /Users/machine/Velocity_railway/airflow_env/lib/python3.10/site-packages/airflow/example_dags/example_sla_dag.py
[2024-12-13T03:42:40.576-0800] {processor.py:914} INFO - Processing file /Users/machine/Velocity_railway/airflow_env/lib/python3.10/site-packages/airflow/example_dags/example_sla_dag.py for tasks to queue
[2024-12-13T03:42:40.577-0800] {logging_mixin.py:190} INFO - [2024-12-13T03:42:40.577-0800] {dagbag.py:588} INFO - Filling up the DagBag from /Users/machine/Velocity_railway/airflow_env/lib/python3.10/site-packages/airflow/example_dags/example_sla_dag.py
[2024-12-13T03:42:40.658-0800] {processor.py:925} INFO - DAG(s) 'example_sla_dag' retrieved from /Users/machine/Velocity_railway/airflow_env/lib/python3.10/site-packages/airflow/example_dags/example_sla_dag.py
[2024-12-13T03:42:40.758-0800] {logging_mixin.py:190} INFO - [2024-12-13T03:42:40.758-0800] {dag.py:3239} INFO - Sync 1 DAGs
[2024-12-13T03:42:40.777-0800] {logging_mixin.py:190} INFO - [2024-12-13T03:42:40.777-0800] {dag.py:4180} INFO - Setting next_dagrun for example_sla_dag to 2024-12-13 11:40:00+00:00, run_after=2024-12-13 11:42:00+00:00
[2024-12-13T03:42:40.794-0800] {processor.py:208} INFO - Processing /Users/machine/Velocity_railway/airflow_env/lib/python3.10/site-packages/airflow/example_dags/example_sla_dag.py took 0.226 seconds
[2024-12-13T03:44:54.132-0800] {processor.py:186} INFO - Started process (PID=89225) to work on /Users/machine/Velocity_railway/airflow_env/lib/python3.10/site-packages/airflow/example_dags/example_sla_dag.py
[2024-12-13T03:44:54.134-0800] {processor.py:914} INFO - Processing file /Users/machine/Velocity_railway/airflow_env/lib/python3.10/site-packages/airflow/example_dags/example_sla_dag.py for tasks to queue
[2024-12-13T03:44:54.135-0800] {logging_mixin.py:190} INFO - [2024-12-13T03:44:54.135-0800] {dagbag.py:588} INFO - Filling up the DagBag from /Users/machine/Velocity_railway/airflow_env/lib/python3.10/site-packages/airflow/example_dags/example_sla_dag.py
[2024-12-13T03:44:54.218-0800] {processor.py:925} INFO - DAG(s) 'example_sla_dag' retrieved from /Users/machine/Velocity_railway/airflow_env/lib/python3.10/site-packages/airflow/example_dags/example_sla_dag.py
[2024-12-13T03:44:54.325-0800] {logging_mixin.py:190} INFO - [2024-12-13T03:44:54.325-0800] {dag.py:3239} INFO - Sync 1 DAGs
[2024-12-13T03:44:54.346-0800] {logging_mixin.py:190} INFO - [2024-12-13T03:44:54.346-0800] {dag.py:4180} INFO - Setting next_dagrun for example_sla_dag to 2024-12-13 11:42:00+00:00, run_after=2024-12-13 11:44:00+00:00
[2024-12-13T03:44:54.365-0800] {processor.py:208} INFO - Processing /Users/machine/Velocity_railway/airflow_env/lib/python3.10/site-packages/airflow/example_dags/example_sla_dag.py took 0.239 seconds
[2024-12-13T03:47:05.615-0800] {processor.py:186} INFO - Started process (PID=89676) to work on /Users/machine/Velocity_railway/airflow_env/lib/python3.10/site-packages/airflow/example_dags/example_sla_dag.py
[2024-12-13T03:47:05.618-0800] {processor.py:914} INFO - Processing file /Users/machine/Velocity_railway/airflow_env/lib/python3.10/site-packages/airflow/example_dags/example_sla_dag.py for tasks to queue
[2024-12-13T03:47:05.619-0800] {logging_mixin.py:190} INFO - [2024-12-13T03:47:05.619-0800] {dagbag.py:588} INFO - Filling up the DagBag from /Users/machine/Velocity_railway/airflow_env/lib/python3.10/site-packages/airflow/example_dags/example_sla_dag.py
[2024-12-13T03:47:05.706-0800] {processor.py:925} INFO - DAG(s) 'example_sla_dag' retrieved from /Users/machine/Velocity_railway/airflow_env/lib/python3.10/site-packages/airflow/example_dags/example_sla_dag.py
[2024-12-13T03:47:05.819-0800] {logging_mixin.py:190} INFO - [2024-12-13T03:47:05.818-0800] {dag.py:3239} INFO - Sync 1 DAGs
[2024-12-13T03:47:05.840-0800] {logging_mixin.py:190} INFO - [2024-12-13T03:47:05.839-0800] {dag.py:4180} INFO - Setting next_dagrun for example_sla_dag to 2024-12-13 11:44:00+00:00, run_after=2024-12-13 11:46:00+00:00
[2024-12-13T03:47:05.858-0800] {processor.py:208} INFO - Processing /Users/machine/Velocity_railway/airflow_env/lib/python3.10/site-packages/airflow/example_dags/example_sla_dag.py took 0.248 seconds
[2024-12-13T03:49:22.320-0800] {processor.py:186} INFO - Started process (PID=90143) to work on /Users/machine/Velocity_railway/airflow_env/lib/python3.10/site-packages/airflow/example_dags/example_sla_dag.py
[2024-12-13T03:49:22.322-0800] {processor.py:914} INFO - Processing file /Users/machine/Velocity_railway/airflow_env/lib/python3.10/site-packages/airflow/example_dags/example_sla_dag.py for tasks to queue
[2024-12-13T03:49:22.324-0800] {logging_mixin.py:190} INFO - [2024-12-13T03:49:22.323-0800] {dagbag.py:588} INFO - Filling up the DagBag from /Users/machine/Velocity_railway/airflow_env/lib/python3.10/site-packages/airflow/example_dags/example_sla_dag.py
[2024-12-13T03:49:22.409-0800] {processor.py:925} INFO - DAG(s) 'example_sla_dag' retrieved from /Users/machine/Velocity_railway/airflow_env/lib/python3.10/site-packages/airflow/example_dags/example_sla_dag.py
[2024-12-13T03:49:22.513-0800] {logging_mixin.py:190} INFO - [2024-12-13T03:49:22.512-0800] {dag.py:3239} INFO - Sync 1 DAGs
[2024-12-13T03:49:22.533-0800] {logging_mixin.py:190} INFO - [2024-12-13T03:49:22.533-0800] {dag.py:4180} INFO - Setting next_dagrun for example_sla_dag to 2024-12-13 11:46:00+00:00, run_after=2024-12-13 11:48:00+00:00
[2024-12-13T03:49:22.550-0800] {processor.py:208} INFO - Processing /Users/machine/Velocity_railway/airflow_env/lib/python3.10/site-packages/airflow/example_dags/example_sla_dag.py took 0.236 seconds
[2024-12-13T03:51:40.120-0800] {processor.py:186} INFO - Started process (PID=90629) to work on /Users/machine/Velocity_railway/airflow_env/lib/python3.10/site-packages/airflow/example_dags/example_sla_dag.py
[2024-12-13T03:51:40.122-0800] {processor.py:914} INFO - Processing file /Users/machine/Velocity_railway/airflow_env/lib/python3.10/site-packages/airflow/example_dags/example_sla_dag.py for tasks to queue
[2024-12-13T03:51:40.123-0800] {logging_mixin.py:190} INFO - [2024-12-13T03:51:40.123-0800] {dagbag.py:588} INFO - Filling up the DagBag from /Users/machine/Velocity_railway/airflow_env/lib/python3.10/site-packages/airflow/example_dags/example_sla_dag.py
[2024-12-13T03:51:40.210-0800] {processor.py:925} INFO - DAG(s) 'example_sla_dag' retrieved from /Users/machine/Velocity_railway/airflow_env/lib/python3.10/site-packages/airflow/example_dags/example_sla_dag.py
[2024-12-13T03:51:40.311-0800] {logging_mixin.py:190} INFO - [2024-12-13T03:51:40.310-0800] {dag.py:3239} INFO - Sync 1 DAGs
[2024-12-13T03:51:40.331-0800] {logging_mixin.py:190} INFO - [2024-12-13T03:51:40.331-0800] {dag.py:4180} INFO - Setting next_dagrun for example_sla_dag to 2024-12-13 11:48:00+00:00, run_after=2024-12-13 11:50:00+00:00
[2024-12-13T03:51:40.348-0800] {processor.py:208} INFO - Processing /Users/machine/Velocity_railway/airflow_env/lib/python3.10/site-packages/airflow/example_dags/example_sla_dag.py took 0.233 seconds
[2024-12-13T03:54:02.794-0800] {processor.py:186} INFO - Started process (PID=91131) to work on /Users/machine/Velocity_railway/airflow_env/lib/python3.10/site-packages/airflow/example_dags/example_sla_dag.py
[2024-12-13T03:54:02.796-0800] {processor.py:914} INFO - Processing file /Users/machine/Velocity_railway/airflow_env/lib/python3.10/site-packages/airflow/example_dags/example_sla_dag.py for tasks to queue
[2024-12-13T03:54:02.798-0800] {logging_mixin.py:190} INFO - [2024-12-13T03:54:02.798-0800] {dagbag.py:588} INFO - Filling up the DagBag from /Users/machine/Velocity_railway/airflow_env/lib/python3.10/site-packages/airflow/example_dags/example_sla_dag.py
[2024-12-13T03:54:02.906-0800] {processor.py:925} INFO - DAG(s) 'example_sla_dag' retrieved from /Users/machine/Velocity_railway/airflow_env/lib/python3.10/site-packages/airflow/example_dags/example_sla_dag.py
[2024-12-13T03:54:03.074-0800] {logging_mixin.py:190} INFO - [2024-12-13T03:54:03.074-0800] {dag.py:3239} INFO - Sync 1 DAGs
[2024-12-13T03:54:03.094-0800] {logging_mixin.py:190} INFO - [2024-12-13T03:54:03.094-0800] {dag.py:4180} INFO - Setting next_dagrun for example_sla_dag to 2024-12-13 11:52:00+00:00, run_after=2024-12-13 11:54:00+00:00
[2024-12-13T03:54:03.111-0800] {processor.py:208} INFO - Processing /Users/machine/Velocity_railway/airflow_env/lib/python3.10/site-packages/airflow/example_dags/example_sla_dag.py took 0.322 seconds
[2024-12-13T03:56:25.947-0800] {processor.py:186} INFO - Started process (PID=91715) to work on /Users/machine/Velocity_railway/airflow_env/lib/python3.10/site-packages/airflow/example_dags/example_sla_dag.py
[2024-12-13T03:56:25.949-0800] {processor.py:914} INFO - Processing file /Users/machine/Velocity_railway/airflow_env/lib/python3.10/site-packages/airflow/example_dags/example_sla_dag.py for tasks to queue
[2024-12-13T03:56:25.950-0800] {logging_mixin.py:190} INFO - [2024-12-13T03:56:25.950-0800] {dagbag.py:588} INFO - Filling up the DagBag from /Users/machine/Velocity_railway/airflow_env/lib/python3.10/site-packages/airflow/example_dags/example_sla_dag.py
[2024-12-13T03:56:26.048-0800] {processor.py:925} INFO - DAG(s) 'example_sla_dag' retrieved from /Users/machine/Velocity_railway/airflow_env/lib/python3.10/site-packages/airflow/example_dags/example_sla_dag.py
[2024-12-13T03:56:26.160-0800] {logging_mixin.py:190} INFO - [2024-12-13T03:56:26.160-0800] {dag.py:3239} INFO - Sync 1 DAGs
[2024-12-13T03:56:26.183-0800] {logging_mixin.py:190} INFO - [2024-12-13T03:56:26.183-0800] {dag.py:4180} INFO - Setting next_dagrun for example_sla_dag to 2024-12-13 11:54:00+00:00, run_after=2024-12-13 11:56:00+00:00
[2024-12-13T03:56:26.201-0800] {processor.py:208} INFO - Processing /Users/machine/Velocity_railway/airflow_env/lib/python3.10/site-packages/airflow/example_dags/example_sla_dag.py took 0.261 seconds
[2024-12-13T03:58:53.982-0800] {processor.py:186} INFO - Started process (PID=92348) to work on /Users/machine/Velocity_railway/airflow_env/lib/python3.10/site-packages/airflow/example_dags/example_sla_dag.py
[2024-12-13T03:58:53.984-0800] {processor.py:914} INFO - Processing file /Users/machine/Velocity_railway/airflow_env/lib/python3.10/site-packages/airflow/example_dags/example_sla_dag.py for tasks to queue
[2024-12-13T03:58:53.985-0800] {logging_mixin.py:190} INFO - [2024-12-13T03:58:53.985-0800] {dagbag.py:588} INFO - Filling up the DagBag from /Users/machine/Velocity_railway/airflow_env/lib/python3.10/site-packages/airflow/example_dags/example_sla_dag.py
[2024-12-13T03:58:54.083-0800] {processor.py:925} INFO - DAG(s) 'example_sla_dag' retrieved from /Users/machine/Velocity_railway/airflow_env/lib/python3.10/site-packages/airflow/example_dags/example_sla_dag.py
[2024-12-13T03:58:54.199-0800] {logging_mixin.py:190} INFO - [2024-12-13T03:58:54.199-0800] {dag.py:3239} INFO - Sync 1 DAGs
[2024-12-13T03:58:54.222-0800] {logging_mixin.py:190} INFO - [2024-12-13T03:58:54.221-0800] {dag.py:4180} INFO - Setting next_dagrun for example_sla_dag to 2024-12-13 11:56:00+00:00, run_after=2024-12-13 11:58:00+00:00
[2024-12-13T03:58:54.242-0800] {processor.py:208} INFO - Processing /Users/machine/Velocity_railway/airflow_env/lib/python3.10/site-packages/airflow/example_dags/example_sla_dag.py took 0.266 seconds
[2024-12-13T05:49:58.056-0800] {processor.py:186} INFO - Started process (PID=93155) to work on /Users/machine/Velocity_railway/airflow_env/lib/python3.10/site-packages/airflow/example_dags/example_sla_dag.py
[2024-12-13T05:49:58.059-0800] {processor.py:914} INFO - Processing file /Users/machine/Velocity_railway/airflow_env/lib/python3.10/site-packages/airflow/example_dags/example_sla_dag.py for tasks to queue
[2024-12-13T05:49:58.061-0800] {logging_mixin.py:190} INFO - [2024-12-13T05:49:58.060-0800] {dagbag.py:588} INFO - Filling up the DagBag from /Users/machine/Velocity_railway/airflow_env/lib/python3.10/site-packages/airflow/example_dags/example_sla_dag.py
[2024-12-13T05:49:58.214-0800] {processor.py:925} INFO - DAG(s) 'example_sla_dag' retrieved from /Users/machine/Velocity_railway/airflow_env/lib/python3.10/site-packages/airflow/example_dags/example_sla_dag.py
[2024-12-13T05:49:58.424-0800] {logging_mixin.py:190} INFO - [2024-12-13T05:49:58.423-0800] {dag.py:3239} INFO - Sync 1 DAGs
[2024-12-13T05:49:58.468-0800] {logging_mixin.py:190} INFO - [2024-12-13T05:49:58.468-0800] {dag.py:4180} INFO - Setting next_dagrun for example_sla_dag to 2024-12-13 13:46:00+00:00, run_after=2024-12-13 13:48:00+00:00
[2024-12-13T05:49:58.504-0800] {processor.py:208} INFO - Processing /Users/machine/Velocity_railway/airflow_env/lib/python3.10/site-packages/airflow/example_dags/example_sla_dag.py took 0.455 seconds
