[2024-12-13T03:09:23.846-0800] {processor.py:186} INFO - Started process (PID=81920) to work on /Users/machine/Velocity_railway/airflow_env/lib/python3.10/site-packages/airflow/example_dags/example_setup_teardown.py
[2024-12-13T03:09:23.847-0800] {processor.py:914} INFO - Processing file /Users/machine/Velocity_railway/airflow_env/lib/python3.10/site-packages/airflow/example_dags/example_setup_teardown.py for tasks to queue
[2024-12-13T03:09:23.849-0800] {logging_mixin.py:190} INFO - [2024-12-13T03:09:23.848-0800] {dagbag.py:588} INFO - Filling up the DagBag from /Users/machine/Velocity_railway/airflow_env/lib/python3.10/site-packages/airflow/example_dags/example_setup_teardown.py
[2024-12-13T03:09:23.858-0800] {processor.py:925} INFO - DAG(s) 'example_setup_teardown' retrieved from /Users/machine/Velocity_railway/airflow_env/lib/python3.10/site-packages/airflow/example_dags/example_setup_teardown.py
[2024-12-13T03:09:24.114-0800] {logging_mixin.py:190} INFO - [2024-12-13T03:09:24.114-0800] {override.py:1911} INFO - Created Permission View: can edit on DAG:example_setup_teardown
[2024-12-13T03:09:24.123-0800] {logging_mixin.py:190} INFO - [2024-12-13T03:09:24.123-0800] {override.py:1911} INFO - Created Permission View: can read on DAG:example_setup_teardown
[2024-12-13T03:09:24.129-0800] {logging_mixin.py:190} INFO - [2024-12-13T03:09:24.129-0800] {override.py:1911} INFO - Created Permission View: can delete on DAG:example_setup_teardown
[2024-12-13T03:09:24.137-0800] {logging_mixin.py:190} INFO - [2024-12-13T03:09:24.136-0800] {override.py:1911} INFO - Created Permission View: can create on DAG Run:example_setup_teardown
[2024-12-13T03:09:24.144-0800] {logging_mixin.py:190} INFO - [2024-12-13T03:09:24.143-0800] {override.py:1911} INFO - Created Permission View: can read on DAG Run:example_setup_teardown
[2024-12-13T03:09:24.150-0800] {logging_mixin.py:190} INFO - [2024-12-13T03:09:24.150-0800] {override.py:1911} INFO - Created Permission View: can delete on DAG Run:example_setup_teardown
[2024-12-13T03:09:24.156-0800] {logging_mixin.py:190} INFO - [2024-12-13T03:09:24.156-0800] {override.py:1911} INFO - Created Permission View: menu access on DAG Run:example_setup_teardown
[2024-12-13T03:09:24.157-0800] {logging_mixin.py:190} INFO - [2024-12-13T03:09:24.156-0800] {dag.py:3239} INFO - Sync 1 DAGs
[2024-12-13T03:09:24.169-0800] {logging_mixin.py:190} INFO - [2024-12-13T03:09:24.169-0800] {dag.py:3262} INFO - Creating ORM DAG for example_setup_teardown
[2024-12-13T03:09:24.169-0800] {logging_mixin.py:190} INFO - [2024-12-13T03:09:24.169-0800] {dag.py:4180} INFO - Setting next_dagrun for example_setup_teardown to None, run_after=None
[2024-12-13T03:09:24.186-0800] {processor.py:208} INFO - Processing /Users/machine/Velocity_railway/airflow_env/lib/python3.10/site-packages/airflow/example_dags/example_setup_teardown.py took 0.347 seconds
[2024-12-13T03:12:25.065-0800] {processor.py:186} INFO - Started process (PID=82518) to work on /Users/machine/Velocity_railway/airflow_env/lib/python3.10/site-packages/airflow/example_dags/example_setup_teardown.py
[2024-12-13T03:12:25.067-0800] {processor.py:914} INFO - Processing file /Users/machine/Velocity_railway/airflow_env/lib/python3.10/site-packages/airflow/example_dags/example_setup_teardown.py for tasks to queue
[2024-12-13T03:12:25.069-0800] {logging_mixin.py:190} INFO - [2024-12-13T03:12:25.068-0800] {dagbag.py:588} INFO - Filling up the DagBag from /Users/machine/Velocity_railway/airflow_env/lib/python3.10/site-packages/airflow/example_dags/example_setup_teardown.py
[2024-12-13T03:12:25.080-0800] {processor.py:925} INFO - DAG(s) 'example_setup_teardown' retrieved from /Users/machine/Velocity_railway/airflow_env/lib/python3.10/site-packages/airflow/example_dags/example_setup_teardown.py
[2024-12-13T03:12:25.242-0800] {logging_mixin.py:190} INFO - [2024-12-13T03:12:25.241-0800] {dag.py:3239} INFO - Sync 1 DAGs
[2024-12-13T03:12:25.253-0800] {logging_mixin.py:190} INFO - [2024-12-13T03:12:25.253-0800] {dag.py:4180} INFO - Setting next_dagrun for example_setup_teardown to None, run_after=None
[2024-12-13T03:12:25.270-0800] {processor.py:208} INFO - Processing /Users/machine/Velocity_railway/airflow_env/lib/python3.10/site-packages/airflow/example_dags/example_setup_teardown.py took 0.211 seconds
[2024-12-13T03:15:00.314-0800] {processor.py:186} INFO - Started process (PID=83029) to work on /Users/machine/Velocity_railway/airflow_env/lib/python3.10/site-packages/airflow/example_dags/example_setup_teardown.py
[2024-12-13T03:15:00.316-0800] {processor.py:914} INFO - Processing file /Users/machine/Velocity_railway/airflow_env/lib/python3.10/site-packages/airflow/example_dags/example_setup_teardown.py for tasks to queue
[2024-12-13T03:15:00.317-0800] {logging_mixin.py:190} INFO - [2024-12-13T03:15:00.317-0800] {dagbag.py:588} INFO - Filling up the DagBag from /Users/machine/Velocity_railway/airflow_env/lib/python3.10/site-packages/airflow/example_dags/example_setup_teardown.py
[2024-12-13T03:15:00.327-0800] {processor.py:925} INFO - DAG(s) 'example_setup_teardown' retrieved from /Users/machine/Velocity_railway/airflow_env/lib/python3.10/site-packages/airflow/example_dags/example_setup_teardown.py
[2024-12-13T03:15:00.488-0800] {logging_mixin.py:190} INFO - [2024-12-13T03:15:00.487-0800] {dag.py:3239} INFO - Sync 1 DAGs
[2024-12-13T03:15:00.498-0800] {logging_mixin.py:190} INFO - [2024-12-13T03:15:00.498-0800] {dag.py:4180} INFO - Setting next_dagrun for example_setup_teardown to None, run_after=None
[2024-12-13T03:15:00.516-0800] {processor.py:208} INFO - Processing /Users/machine/Velocity_railway/airflow_env/lib/python3.10/site-packages/airflow/example_dags/example_setup_teardown.py took 0.208 seconds
[2024-12-13T03:17:20.854-0800] {processor.py:186} INFO - Started process (PID=83493) to work on /Users/machine/Velocity_railway/airflow_env/lib/python3.10/site-packages/airflow/example_dags/example_setup_teardown.py
[2024-12-13T03:17:20.856-0800] {processor.py:914} INFO - Processing file /Users/machine/Velocity_railway/airflow_env/lib/python3.10/site-packages/airflow/example_dags/example_setup_teardown.py for tasks to queue
[2024-12-13T03:17:20.857-0800] {logging_mixin.py:190} INFO - [2024-12-13T03:17:20.857-0800] {dagbag.py:588} INFO - Filling up the DagBag from /Users/machine/Velocity_railway/airflow_env/lib/python3.10/site-packages/airflow/example_dags/example_setup_teardown.py
[2024-12-13T03:17:20.869-0800] {processor.py:925} INFO - DAG(s) 'example_setup_teardown' retrieved from /Users/machine/Velocity_railway/airflow_env/lib/python3.10/site-packages/airflow/example_dags/example_setup_teardown.py
[2024-12-13T03:17:21.024-0800] {logging_mixin.py:190} INFO - [2024-12-13T03:17:21.024-0800] {dag.py:3239} INFO - Sync 1 DAGs
[2024-12-13T03:17:21.036-0800] {logging_mixin.py:190} INFO - [2024-12-13T03:17:21.035-0800] {dag.py:4180} INFO - Setting next_dagrun for example_setup_teardown to None, run_after=None
[2024-12-13T03:17:21.052-0800] {processor.py:208} INFO - Processing /Users/machine/Velocity_railway/airflow_env/lib/python3.10/site-packages/airflow/example_dags/example_setup_teardown.py took 0.204 seconds
[2024-12-13T03:19:37.305-0800] {processor.py:186} INFO - Started process (PID=83980) to work on /Users/machine/Velocity_railway/airflow_env/lib/python3.10/site-packages/airflow/example_dags/example_setup_teardown.py
[2024-12-13T03:19:37.307-0800] {processor.py:914} INFO - Processing file /Users/machine/Velocity_railway/airflow_env/lib/python3.10/site-packages/airflow/example_dags/example_setup_teardown.py for tasks to queue
[2024-12-13T03:19:37.308-0800] {logging_mixin.py:190} INFO - [2024-12-13T03:19:37.308-0800] {dagbag.py:588} INFO - Filling up the DagBag from /Users/machine/Velocity_railway/airflow_env/lib/python3.10/site-packages/airflow/example_dags/example_setup_teardown.py
[2024-12-13T03:19:37.318-0800] {processor.py:925} INFO - DAG(s) 'example_setup_teardown' retrieved from /Users/machine/Velocity_railway/airflow_env/lib/python3.10/site-packages/airflow/example_dags/example_setup_teardown.py
[2024-12-13T03:19:37.471-0800] {logging_mixin.py:190} INFO - [2024-12-13T03:19:37.470-0800] {dag.py:3239} INFO - Sync 1 DAGs
[2024-12-13T03:19:37.482-0800] {logging_mixin.py:190} INFO - [2024-12-13T03:19:37.481-0800] {dag.py:4180} INFO - Setting next_dagrun for example_setup_teardown to None, run_after=None
[2024-12-13T03:19:37.499-0800] {processor.py:208} INFO - Processing /Users/machine/Velocity_railway/airflow_env/lib/python3.10/site-packages/airflow/example_dags/example_setup_teardown.py took 0.198 seconds
[2024-12-13T03:21:46.814-0800] {processor.py:186} INFO - Started process (PID=84428) to work on /Users/machine/Velocity_railway/airflow_env/lib/python3.10/site-packages/airflow/example_dags/example_setup_teardown.py
[2024-12-13T03:21:46.815-0800] {processor.py:914} INFO - Processing file /Users/machine/Velocity_railway/airflow_env/lib/python3.10/site-packages/airflow/example_dags/example_setup_teardown.py for tasks to queue
[2024-12-13T03:21:46.817-0800] {logging_mixin.py:190} INFO - [2024-12-13T03:21:46.817-0800] {dagbag.py:588} INFO - Filling up the DagBag from /Users/machine/Velocity_railway/airflow_env/lib/python3.10/site-packages/airflow/example_dags/example_setup_teardown.py
[2024-12-13T03:21:46.827-0800] {processor.py:925} INFO - DAG(s) 'example_setup_teardown' retrieved from /Users/machine/Velocity_railway/airflow_env/lib/python3.10/site-packages/airflow/example_dags/example_setup_teardown.py
[2024-12-13T03:21:46.978-0800] {logging_mixin.py:190} INFO - [2024-12-13T03:21:46.978-0800] {dag.py:3239} INFO - Sync 1 DAGs
[2024-12-13T03:21:46.990-0800] {logging_mixin.py:190} INFO - [2024-12-13T03:21:46.990-0800] {dag.py:4180} INFO - Setting next_dagrun for example_setup_teardown to None, run_after=None
[2024-12-13T03:21:47.007-0800] {processor.py:208} INFO - Processing /Users/machine/Velocity_railway/airflow_env/lib/python3.10/site-packages/airflow/example_dags/example_setup_teardown.py took 0.199 seconds
[2024-12-13T03:24:07.444-0800] {processor.py:186} INFO - Started process (PID=84886) to work on /Users/machine/Velocity_railway/airflow_env/lib/python3.10/site-packages/airflow/example_dags/example_setup_teardown.py
[2024-12-13T03:24:07.446-0800] {processor.py:914} INFO - Processing file /Users/machine/Velocity_railway/airflow_env/lib/python3.10/site-packages/airflow/example_dags/example_setup_teardown.py for tasks to queue
[2024-12-13T03:24:07.447-0800] {logging_mixin.py:190} INFO - [2024-12-13T03:24:07.446-0800] {dagbag.py:588} INFO - Filling up the DagBag from /Users/machine/Velocity_railway/airflow_env/lib/python3.10/site-packages/airflow/example_dags/example_setup_teardown.py
[2024-12-13T03:24:07.455-0800] {processor.py:925} INFO - DAG(s) 'example_setup_teardown' retrieved from /Users/machine/Velocity_railway/airflow_env/lib/python3.10/site-packages/airflow/example_dags/example_setup_teardown.py
[2024-12-13T03:24:07.614-0800] {logging_mixin.py:190} INFO - [2024-12-13T03:24:07.614-0800] {dag.py:3239} INFO - Sync 1 DAGs
[2024-12-13T03:24:07.625-0800] {logging_mixin.py:190} INFO - [2024-12-13T03:24:07.625-0800] {dag.py:4180} INFO - Setting next_dagrun for example_setup_teardown to None, run_after=None
[2024-12-13T03:24:07.658-0800] {processor.py:208} INFO - Processing /Users/machine/Velocity_railway/airflow_env/lib/python3.10/site-packages/airflow/example_dags/example_setup_teardown.py took 0.219 seconds
[2024-12-13T03:26:26.301-0800] {processor.py:186} INFO - Started process (PID=85373) to work on /Users/machine/Velocity_railway/airflow_env/lib/python3.10/site-packages/airflow/example_dags/example_setup_teardown.py
[2024-12-13T03:26:26.303-0800] {processor.py:914} INFO - Processing file /Users/machine/Velocity_railway/airflow_env/lib/python3.10/site-packages/airflow/example_dags/example_setup_teardown.py for tasks to queue
[2024-12-13T03:26:26.304-0800] {logging_mixin.py:190} INFO - [2024-12-13T03:26:26.303-0800] {dagbag.py:588} INFO - Filling up the DagBag from /Users/machine/Velocity_railway/airflow_env/lib/python3.10/site-packages/airflow/example_dags/example_setup_teardown.py
[2024-12-13T03:26:26.315-0800] {processor.py:925} INFO - DAG(s) 'example_setup_teardown' retrieved from /Users/machine/Velocity_railway/airflow_env/lib/python3.10/site-packages/airflow/example_dags/example_setup_teardown.py
[2024-12-13T03:26:26.467-0800] {logging_mixin.py:190} INFO - [2024-12-13T03:26:26.466-0800] {dag.py:3239} INFO - Sync 1 DAGs
[2024-12-13T03:26:26.478-0800] {logging_mixin.py:190} INFO - [2024-12-13T03:26:26.477-0800] {dag.py:4180} INFO - Setting next_dagrun for example_setup_teardown to None, run_after=None
[2024-12-13T03:26:26.495-0800] {processor.py:208} INFO - Processing /Users/machine/Velocity_railway/airflow_env/lib/python3.10/site-packages/airflow/example_dags/example_setup_teardown.py took 0.200 seconds
[2024-12-13T03:28:43.435-0800] {processor.py:186} INFO - Started process (PID=85831) to work on /Users/machine/Velocity_railway/airflow_env/lib/python3.10/site-packages/airflow/example_dags/example_setup_teardown.py
[2024-12-13T03:28:43.436-0800] {processor.py:914} INFO - Processing file /Users/machine/Velocity_railway/airflow_env/lib/python3.10/site-packages/airflow/example_dags/example_setup_teardown.py for tasks to queue
[2024-12-13T03:28:43.437-0800] {logging_mixin.py:190} INFO - [2024-12-13T03:28:43.437-0800] {dagbag.py:588} INFO - Filling up the DagBag from /Users/machine/Velocity_railway/airflow_env/lib/python3.10/site-packages/airflow/example_dags/example_setup_teardown.py
[2024-12-13T03:28:43.449-0800] {processor.py:925} INFO - DAG(s) 'example_setup_teardown' retrieved from /Users/machine/Velocity_railway/airflow_env/lib/python3.10/site-packages/airflow/example_dags/example_setup_teardown.py
[2024-12-13T03:28:43.622-0800] {logging_mixin.py:190} INFO - [2024-12-13T03:28:43.621-0800] {dag.py:3239} INFO - Sync 1 DAGs
[2024-12-13T03:28:43.635-0800] {logging_mixin.py:190} INFO - [2024-12-13T03:28:43.634-0800] {dag.py:4180} INFO - Setting next_dagrun for example_setup_teardown to None, run_after=None
[2024-12-13T03:28:43.652-0800] {processor.py:208} INFO - Processing /Users/machine/Velocity_railway/airflow_env/lib/python3.10/site-packages/airflow/example_dags/example_setup_teardown.py took 0.223 seconds
[2024-12-13T03:31:03.039-0800] {processor.py:186} INFO - Started process (PID=86292) to work on /Users/machine/Velocity_railway/airflow_env/lib/python3.10/site-packages/airflow/example_dags/example_setup_teardown.py
[2024-12-13T03:31:03.041-0800] {processor.py:914} INFO - Processing file /Users/machine/Velocity_railway/airflow_env/lib/python3.10/site-packages/airflow/example_dags/example_setup_teardown.py for tasks to queue
[2024-12-13T03:31:03.043-0800] {logging_mixin.py:190} INFO - [2024-12-13T03:31:03.042-0800] {dagbag.py:588} INFO - Filling up the DagBag from /Users/machine/Velocity_railway/airflow_env/lib/python3.10/site-packages/airflow/example_dags/example_setup_teardown.py
[2024-12-13T03:31:03.053-0800] {processor.py:925} INFO - DAG(s) 'example_setup_teardown' retrieved from /Users/machine/Velocity_railway/airflow_env/lib/python3.10/site-packages/airflow/example_dags/example_setup_teardown.py
[2024-12-13T03:31:03.213-0800] {logging_mixin.py:190} INFO - [2024-12-13T03:31:03.213-0800] {dag.py:3239} INFO - Sync 1 DAGs
[2024-12-13T03:31:03.225-0800] {logging_mixin.py:190} INFO - [2024-12-13T03:31:03.225-0800] {dag.py:4180} INFO - Setting next_dagrun for example_setup_teardown to None, run_after=None
[2024-12-13T03:31:03.243-0800] {processor.py:208} INFO - Processing /Users/machine/Velocity_railway/airflow_env/lib/python3.10/site-packages/airflow/example_dags/example_setup_teardown.py took 0.210 seconds
[2024-12-13T03:33:24.211-0800] {processor.py:186} INFO - Started process (PID=86815) to work on /Users/machine/Velocity_railway/airflow_env/lib/python3.10/site-packages/airflow/example_dags/example_setup_teardown.py
[2024-12-13T03:33:24.213-0800] {processor.py:914} INFO - Processing file /Users/machine/Velocity_railway/airflow_env/lib/python3.10/site-packages/airflow/example_dags/example_setup_teardown.py for tasks to queue
[2024-12-13T03:33:24.215-0800] {logging_mixin.py:190} INFO - [2024-12-13T03:33:24.214-0800] {dagbag.py:588} INFO - Filling up the DagBag from /Users/machine/Velocity_railway/airflow_env/lib/python3.10/site-packages/airflow/example_dags/example_setup_teardown.py
[2024-12-13T03:33:24.225-0800] {processor.py:925} INFO - DAG(s) 'example_setup_teardown' retrieved from /Users/machine/Velocity_railway/airflow_env/lib/python3.10/site-packages/airflow/example_dags/example_setup_teardown.py
[2024-12-13T03:33:24.384-0800] {logging_mixin.py:190} INFO - [2024-12-13T03:33:24.384-0800] {dag.py:3239} INFO - Sync 1 DAGs
[2024-12-13T03:33:24.395-0800] {logging_mixin.py:190} INFO - [2024-12-13T03:33:24.395-0800] {dag.py:4180} INFO - Setting next_dagrun for example_setup_teardown to None, run_after=None
[2024-12-13T03:33:24.412-0800] {processor.py:208} INFO - Processing /Users/machine/Velocity_railway/airflow_env/lib/python3.10/site-packages/airflow/example_dags/example_setup_teardown.py took 0.206 seconds
[2024-12-13T03:35:51.587-0800] {processor.py:186} INFO - Started process (PID=87389) to work on /Users/machine/Velocity_railway/airflow_env/lib/python3.10/site-packages/airflow/example_dags/example_setup_teardown.py
[2024-12-13T03:35:51.589-0800] {processor.py:914} INFO - Processing file /Users/machine/Velocity_railway/airflow_env/lib/python3.10/site-packages/airflow/example_dags/example_setup_teardown.py for tasks to queue
[2024-12-13T03:35:51.590-0800] {logging_mixin.py:190} INFO - [2024-12-13T03:35:51.589-0800] {dagbag.py:588} INFO - Filling up the DagBag from /Users/machine/Velocity_railway/airflow_env/lib/python3.10/site-packages/airflow/example_dags/example_setup_teardown.py
[2024-12-13T03:35:51.600-0800] {processor.py:925} INFO - DAG(s) 'example_setup_teardown' retrieved from /Users/machine/Velocity_railway/airflow_env/lib/python3.10/site-packages/airflow/example_dags/example_setup_teardown.py
[2024-12-13T03:35:51.782-0800] {logging_mixin.py:190} INFO - [2024-12-13T03:35:51.781-0800] {dag.py:3239} INFO - Sync 1 DAGs
[2024-12-13T03:35:51.794-0800] {logging_mixin.py:190} INFO - [2024-12-13T03:35:51.794-0800] {dag.py:4180} INFO - Setting next_dagrun for example_setup_teardown to None, run_after=None
[2024-12-13T03:35:51.813-0800] {processor.py:208} INFO - Processing /Users/machine/Velocity_railway/airflow_env/lib/python3.10/site-packages/airflow/example_dags/example_setup_teardown.py took 0.232 seconds
[2024-12-13T03:38:23.107-0800] {processor.py:186} INFO - Started process (PID=87893) to work on /Users/machine/Velocity_railway/airflow_env/lib/python3.10/site-packages/airflow/example_dags/example_setup_teardown.py
[2024-12-13T03:38:23.110-0800] {processor.py:914} INFO - Processing file /Users/machine/Velocity_railway/airflow_env/lib/python3.10/site-packages/airflow/example_dags/example_setup_teardown.py for tasks to queue
[2024-12-13T03:38:23.112-0800] {logging_mixin.py:190} INFO - [2024-12-13T03:38:23.111-0800] {dagbag.py:588} INFO - Filling up the DagBag from /Users/machine/Velocity_railway/airflow_env/lib/python3.10/site-packages/airflow/example_dags/example_setup_teardown.py
[2024-12-13T03:38:23.124-0800] {processor.py:925} INFO - DAG(s) 'example_setup_teardown' retrieved from /Users/machine/Velocity_railway/airflow_env/lib/python3.10/site-packages/airflow/example_dags/example_setup_teardown.py
[2024-12-13T03:38:23.330-0800] {logging_mixin.py:190} INFO - [2024-12-13T03:38:23.330-0800] {dag.py:3239} INFO - Sync 1 DAGs
[2024-12-13T03:38:23.351-0800] {logging_mixin.py:190} INFO - [2024-12-13T03:38:23.351-0800] {dag.py:4180} INFO - Setting next_dagrun for example_setup_teardown to None, run_after=None
[2024-12-13T03:38:23.378-0800] {processor.py:208} INFO - Processing /Users/machine/Velocity_railway/airflow_env/lib/python3.10/site-packages/airflow/example_dags/example_setup_teardown.py took 0.278 seconds
[2024-12-13T03:40:41.139-0800] {processor.py:186} INFO - Started process (PID=88351) to work on /Users/machine/Velocity_railway/airflow_env/lib/python3.10/site-packages/airflow/example_dags/example_setup_teardown.py
[2024-12-13T03:40:41.141-0800] {processor.py:914} INFO - Processing file /Users/machine/Velocity_railway/airflow_env/lib/python3.10/site-packages/airflow/example_dags/example_setup_teardown.py for tasks to queue
[2024-12-13T03:40:41.142-0800] {logging_mixin.py:190} INFO - [2024-12-13T03:40:41.142-0800] {dagbag.py:588} INFO - Filling up the DagBag from /Users/machine/Velocity_railway/airflow_env/lib/python3.10/site-packages/airflow/example_dags/example_setup_teardown.py
[2024-12-13T03:40:41.151-0800] {processor.py:925} INFO - DAG(s) 'example_setup_teardown' retrieved from /Users/machine/Velocity_railway/airflow_env/lib/python3.10/site-packages/airflow/example_dags/example_setup_teardown.py
[2024-12-13T03:40:41.296-0800] {logging_mixin.py:190} INFO - [2024-12-13T03:40:41.296-0800] {dag.py:3239} INFO - Sync 1 DAGs
[2024-12-13T03:40:41.307-0800] {logging_mixin.py:190} INFO - [2024-12-13T03:40:41.306-0800] {dag.py:4180} INFO - Setting next_dagrun for example_setup_teardown to None, run_after=None
[2024-12-13T03:40:41.322-0800] {processor.py:208} INFO - Processing /Users/machine/Velocity_railway/airflow_env/lib/python3.10/site-packages/airflow/example_dags/example_setup_teardown.py took 0.188 seconds
[2024-12-13T03:42:55.022-0800] {processor.py:186} INFO - Started process (PID=88828) to work on /Users/machine/Velocity_railway/airflow_env/lib/python3.10/site-packages/airflow/example_dags/example_setup_teardown.py
[2024-12-13T03:42:55.024-0800] {processor.py:914} INFO - Processing file /Users/machine/Velocity_railway/airflow_env/lib/python3.10/site-packages/airflow/example_dags/example_setup_teardown.py for tasks to queue
[2024-12-13T03:42:55.025-0800] {logging_mixin.py:190} INFO - [2024-12-13T03:42:55.025-0800] {dagbag.py:588} INFO - Filling up the DagBag from /Users/machine/Velocity_railway/airflow_env/lib/python3.10/site-packages/airflow/example_dags/example_setup_teardown.py
[2024-12-13T03:42:55.034-0800] {processor.py:925} INFO - DAG(s) 'example_setup_teardown' retrieved from /Users/machine/Velocity_railway/airflow_env/lib/python3.10/site-packages/airflow/example_dags/example_setup_teardown.py
[2024-12-13T03:42:55.189-0800] {logging_mixin.py:190} INFO - [2024-12-13T03:42:55.189-0800] {dag.py:3239} INFO - Sync 1 DAGs
[2024-12-13T03:42:55.200-0800] {logging_mixin.py:190} INFO - [2024-12-13T03:42:55.200-0800] {dag.py:4180} INFO - Setting next_dagrun for example_setup_teardown to None, run_after=None
[2024-12-13T03:42:55.217-0800] {processor.py:208} INFO - Processing /Users/machine/Velocity_railway/airflow_env/lib/python3.10/site-packages/airflow/example_dags/example_setup_teardown.py took 0.200 seconds
[2024-12-13T03:45:08.597-0800] {processor.py:186} INFO - Started process (PID=89275) to work on /Users/machine/Velocity_railway/airflow_env/lib/python3.10/site-packages/airflow/example_dags/example_setup_teardown.py
[2024-12-13T03:45:08.600-0800] {processor.py:914} INFO - Processing file /Users/machine/Velocity_railway/airflow_env/lib/python3.10/site-packages/airflow/example_dags/example_setup_teardown.py for tasks to queue
[2024-12-13T03:45:08.602-0800] {logging_mixin.py:190} INFO - [2024-12-13T03:45:08.601-0800] {dagbag.py:588} INFO - Filling up the DagBag from /Users/machine/Velocity_railway/airflow_env/lib/python3.10/site-packages/airflow/example_dags/example_setup_teardown.py
[2024-12-13T03:45:08.612-0800] {processor.py:925} INFO - DAG(s) 'example_setup_teardown' retrieved from /Users/machine/Velocity_railway/airflow_env/lib/python3.10/site-packages/airflow/example_dags/example_setup_teardown.py
[2024-12-13T03:45:08.767-0800] {logging_mixin.py:190} INFO - [2024-12-13T03:45:08.766-0800] {dag.py:3239} INFO - Sync 1 DAGs
[2024-12-13T03:45:08.779-0800] {logging_mixin.py:190} INFO - [2024-12-13T03:45:08.779-0800] {dag.py:4180} INFO - Setting next_dagrun for example_setup_teardown to None, run_after=None
[2024-12-13T03:45:08.796-0800] {processor.py:208} INFO - Processing /Users/machine/Velocity_railway/airflow_env/lib/python3.10/site-packages/airflow/example_dags/example_setup_teardown.py took 0.205 seconds
[2024-12-13T03:47:21.061-0800] {processor.py:186} INFO - Started process (PID=89717) to work on /Users/machine/Velocity_railway/airflow_env/lib/python3.10/site-packages/airflow/example_dags/example_setup_teardown.py
[2024-12-13T03:47:21.063-0800] {processor.py:914} INFO - Processing file /Users/machine/Velocity_railway/airflow_env/lib/python3.10/site-packages/airflow/example_dags/example_setup_teardown.py for tasks to queue
[2024-12-13T03:47:21.064-0800] {logging_mixin.py:190} INFO - [2024-12-13T03:47:21.064-0800] {dagbag.py:588} INFO - Filling up the DagBag from /Users/machine/Velocity_railway/airflow_env/lib/python3.10/site-packages/airflow/example_dags/example_setup_teardown.py
[2024-12-13T03:47:21.074-0800] {processor.py:925} INFO - DAG(s) 'example_setup_teardown' retrieved from /Users/machine/Velocity_railway/airflow_env/lib/python3.10/site-packages/airflow/example_dags/example_setup_teardown.py
[2024-12-13T03:47:21.233-0800] {logging_mixin.py:190} INFO - [2024-12-13T03:47:21.232-0800] {dag.py:3239} INFO - Sync 1 DAGs
[2024-12-13T03:47:21.245-0800] {logging_mixin.py:190} INFO - [2024-12-13T03:47:21.245-0800] {dag.py:4180} INFO - Setting next_dagrun for example_setup_teardown to None, run_after=None
[2024-12-13T03:47:21.262-0800] {processor.py:208} INFO - Processing /Users/machine/Velocity_railway/airflow_env/lib/python3.10/site-packages/airflow/example_dags/example_setup_teardown.py took 0.207 seconds
[2024-12-13T03:49:37.368-0800] {processor.py:186} INFO - Started process (PID=90193) to work on /Users/machine/Velocity_railway/airflow_env/lib/python3.10/site-packages/airflow/example_dags/example_setup_teardown.py
[2024-12-13T03:49:37.371-0800] {processor.py:914} INFO - Processing file /Users/machine/Velocity_railway/airflow_env/lib/python3.10/site-packages/airflow/example_dags/example_setup_teardown.py for tasks to queue
[2024-12-13T03:49:37.372-0800] {logging_mixin.py:190} INFO - [2024-12-13T03:49:37.372-0800] {dagbag.py:588} INFO - Filling up the DagBag from /Users/machine/Velocity_railway/airflow_env/lib/python3.10/site-packages/airflow/example_dags/example_setup_teardown.py
[2024-12-13T03:49:37.381-0800] {processor.py:925} INFO - DAG(s) 'example_setup_teardown' retrieved from /Users/machine/Velocity_railway/airflow_env/lib/python3.10/site-packages/airflow/example_dags/example_setup_teardown.py
[2024-12-13T03:49:37.538-0800] {logging_mixin.py:190} INFO - [2024-12-13T03:49:37.538-0800] {dag.py:3239} INFO - Sync 1 DAGs
[2024-12-13T03:49:37.550-0800] {logging_mixin.py:190} INFO - [2024-12-13T03:49:37.549-0800] {dag.py:4180} INFO - Setting next_dagrun for example_setup_teardown to None, run_after=None
[2024-12-13T03:49:37.566-0800] {processor.py:208} INFO - Processing /Users/machine/Velocity_railway/airflow_env/lib/python3.10/site-packages/airflow/example_dags/example_setup_teardown.py took 0.204 seconds
[2024-12-13T03:51:55.142-0800] {processor.py:186} INFO - Started process (PID=90677) to work on /Users/machine/Velocity_railway/airflow_env/lib/python3.10/site-packages/airflow/example_dags/example_setup_teardown.py
[2024-12-13T03:51:55.144-0800] {processor.py:914} INFO - Processing file /Users/machine/Velocity_railway/airflow_env/lib/python3.10/site-packages/airflow/example_dags/example_setup_teardown.py for tasks to queue
[2024-12-13T03:51:55.145-0800] {logging_mixin.py:190} INFO - [2024-12-13T03:51:55.145-0800] {dagbag.py:588} INFO - Filling up the DagBag from /Users/machine/Velocity_railway/airflow_env/lib/python3.10/site-packages/airflow/example_dags/example_setup_teardown.py
[2024-12-13T03:51:55.154-0800] {processor.py:925} INFO - DAG(s) 'example_setup_teardown' retrieved from /Users/machine/Velocity_railway/airflow_env/lib/python3.10/site-packages/airflow/example_dags/example_setup_teardown.py
[2024-12-13T03:51:55.314-0800] {logging_mixin.py:190} INFO - [2024-12-13T03:51:55.313-0800] {dag.py:3239} INFO - Sync 1 DAGs
[2024-12-13T03:51:55.325-0800] {logging_mixin.py:190} INFO - [2024-12-13T03:51:55.325-0800] {dag.py:4180} INFO - Setting next_dagrun for example_setup_teardown to None, run_after=None
[2024-12-13T03:51:55.344-0800] {processor.py:208} INFO - Processing /Users/machine/Velocity_railway/airflow_env/lib/python3.10/site-packages/airflow/example_dags/example_setup_teardown.py took 0.207 seconds
[2024-12-13T03:54:17.674-0800] {processor.py:186} INFO - Started process (PID=91176) to work on /Users/machine/Velocity_railway/airflow_env/lib/python3.10/site-packages/airflow/example_dags/example_setup_teardown.py
[2024-12-13T03:54:17.676-0800] {processor.py:914} INFO - Processing file /Users/machine/Velocity_railway/airflow_env/lib/python3.10/site-packages/airflow/example_dags/example_setup_teardown.py for tasks to queue
[2024-12-13T03:54:17.677-0800] {logging_mixin.py:190} INFO - [2024-12-13T03:54:17.677-0800] {dagbag.py:588} INFO - Filling up the DagBag from /Users/machine/Velocity_railway/airflow_env/lib/python3.10/site-packages/airflow/example_dags/example_setup_teardown.py
[2024-12-13T03:54:17.686-0800] {processor.py:925} INFO - DAG(s) 'example_setup_teardown' retrieved from /Users/machine/Velocity_railway/airflow_env/lib/python3.10/site-packages/airflow/example_dags/example_setup_teardown.py
[2024-12-13T03:54:17.866-0800] {logging_mixin.py:190} INFO - [2024-12-13T03:54:17.865-0800] {dag.py:3239} INFO - Sync 1 DAGs
[2024-12-13T03:54:17.879-0800] {logging_mixin.py:190} INFO - [2024-12-13T03:54:17.878-0800] {dag.py:4180} INFO - Setting next_dagrun for example_setup_teardown to None, run_after=None
[2024-12-13T03:54:17.897-0800] {processor.py:208} INFO - Processing /Users/machine/Velocity_railway/airflow_env/lib/python3.10/site-packages/airflow/example_dags/example_setup_teardown.py took 0.229 seconds
[2024-12-13T03:56:41.734-0800] {processor.py:186} INFO - Started process (PID=91779) to work on /Users/machine/Velocity_railway/airflow_env/lib/python3.10/site-packages/airflow/example_dags/example_setup_teardown.py
[2024-12-13T03:56:41.736-0800] {processor.py:914} INFO - Processing file /Users/machine/Velocity_railway/airflow_env/lib/python3.10/site-packages/airflow/example_dags/example_setup_teardown.py for tasks to queue
[2024-12-13T03:56:41.738-0800] {logging_mixin.py:190} INFO - [2024-12-13T03:56:41.737-0800] {dagbag.py:588} INFO - Filling up the DagBag from /Users/machine/Velocity_railway/airflow_env/lib/python3.10/site-packages/airflow/example_dags/example_setup_teardown.py
[2024-12-13T03:56:41.747-0800] {processor.py:925} INFO - DAG(s) 'example_setup_teardown' retrieved from /Users/machine/Velocity_railway/airflow_env/lib/python3.10/site-packages/airflow/example_dags/example_setup_teardown.py
[2024-12-13T03:56:41.937-0800] {logging_mixin.py:190} INFO - [2024-12-13T03:56:41.937-0800] {dag.py:3239} INFO - Sync 1 DAGs
[2024-12-13T03:56:41.950-0800] {logging_mixin.py:190} INFO - [2024-12-13T03:56:41.949-0800] {dag.py:4180} INFO - Setting next_dagrun for example_setup_teardown to None, run_after=None
[2024-12-13T03:56:41.969-0800] {processor.py:208} INFO - Processing /Users/machine/Velocity_railway/airflow_env/lib/python3.10/site-packages/airflow/example_dags/example_setup_teardown.py took 0.242 seconds
[2024-12-13T03:59:09.289-0800] {processor.py:186} INFO - Started process (PID=92407) to work on /Users/machine/Velocity_railway/airflow_env/lib/python3.10/site-packages/airflow/example_dags/example_setup_teardown.py
[2024-12-13T03:59:09.292-0800] {processor.py:914} INFO - Processing file /Users/machine/Velocity_railway/airflow_env/lib/python3.10/site-packages/airflow/example_dags/example_setup_teardown.py for tasks to queue
[2024-12-13T03:59:09.293-0800] {logging_mixin.py:190} INFO - [2024-12-13T03:59:09.293-0800] {dagbag.py:588} INFO - Filling up the DagBag from /Users/machine/Velocity_railway/airflow_env/lib/python3.10/site-packages/airflow/example_dags/example_setup_teardown.py
[2024-12-13T03:59:09.306-0800] {processor.py:925} INFO - DAG(s) 'example_setup_teardown' retrieved from /Users/machine/Velocity_railway/airflow_env/lib/python3.10/site-packages/airflow/example_dags/example_setup_teardown.py
[2024-12-13T03:59:09.528-0800] {logging_mixin.py:190} INFO - [2024-12-13T03:59:09.527-0800] {dag.py:3239} INFO - Sync 1 DAGs
[2024-12-13T03:59:09.541-0800] {logging_mixin.py:190} INFO - [2024-12-13T03:59:09.541-0800] {dag.py:4180} INFO - Setting next_dagrun for example_setup_teardown to None, run_after=None
[2024-12-13T03:59:09.562-0800] {processor.py:208} INFO - Processing /Users/machine/Velocity_railway/airflow_env/lib/python3.10/site-packages/airflow/example_dags/example_setup_teardown.py took 0.279 seconds
[2024-12-13T05:50:17.185-0800] {processor.py:186} INFO - Started process (PID=93256) to work on /Users/machine/Velocity_railway/airflow_env/lib/python3.10/site-packages/airflow/example_dags/example_setup_teardown.py
[2024-12-13T05:50:17.187-0800] {processor.py:914} INFO - Processing file /Users/machine/Velocity_railway/airflow_env/lib/python3.10/site-packages/airflow/example_dags/example_setup_teardown.py for tasks to queue
[2024-12-13T05:50:17.189-0800] {logging_mixin.py:190} INFO - [2024-12-13T05:50:17.189-0800] {dagbag.py:588} INFO - Filling up the DagBag from /Users/machine/Velocity_railway/airflow_env/lib/python3.10/site-packages/airflow/example_dags/example_setup_teardown.py
[2024-12-13T05:50:17.204-0800] {processor.py:925} INFO - DAG(s) 'example_setup_teardown' retrieved from /Users/machine/Velocity_railway/airflow_env/lib/python3.10/site-packages/airflow/example_dags/example_setup_teardown.py
[2024-12-13T05:50:17.418-0800] {logging_mixin.py:190} INFO - [2024-12-13T05:50:17.418-0800] {dag.py:3239} INFO - Sync 1 DAGs
[2024-12-13T05:50:17.431-0800] {logging_mixin.py:190} INFO - [2024-12-13T05:50:17.431-0800] {dag.py:4180} INFO - Setting next_dagrun for example_setup_teardown to None, run_after=None
[2024-12-13T05:50:17.449-0800] {processor.py:208} INFO - Processing /Users/machine/Velocity_railway/airflow_env/lib/python3.10/site-packages/airflow/example_dags/example_setup_teardown.py took 0.270 seconds
