[2024-12-13T03:11:02.061-0800] {processor.py:186} INFO - Started process (PID=82244) to work on /Users/machine/Velocity_railway/airflow_env/lib/python3.10/site-packages/airflow/example_dags/example_bash_operator.py
[2024-12-13T03:11:02.063-0800] {processor.py:914} INFO - Processing file /Users/machine/Velocity_railway/airflow_env/lib/python3.10/site-packages/airflow/example_dags/example_bash_operator.py for tasks to queue
[2024-12-13T03:11:02.065-0800] {logging_mixin.py:190} INFO - [2024-12-13T03:11:02.064-0800] {dagbag.py:588} INFO - Filling up the DagBag from /Users/machine/Velocity_railway/airflow_env/lib/python3.10/site-packages/airflow/example_dags/example_bash_operator.py
[2024-12-13T03:11:02.093-0800] {processor.py:925} INFO - DAG(s) 'example_bash_operator' retrieved from /Users/machine/Velocity_railway/airflow_env/lib/python3.10/site-packages/airflow/example_dags/example_bash_operator.py
[2024-12-13T03:11:02.401-0800] {logging_mixin.py:190} INFO - [2024-12-13T03:11:02.400-0800] {override.py:1911} INFO - Created Permission View: can read on DAG:example_bash_operator
[2024-12-13T03:11:02.411-0800] {logging_mixin.py:190} INFO - [2024-12-13T03:11:02.411-0800] {override.py:1911} INFO - Created Permission View: can edit on DAG:example_bash_operator
[2024-12-13T03:11:02.417-0800] {logging_mixin.py:190} INFO - [2024-12-13T03:11:02.417-0800] {override.py:1911} INFO - Created Permission View: can delete on DAG:example_bash_operator
[2024-12-13T03:11:02.425-0800] {logging_mixin.py:190} INFO - [2024-12-13T03:11:02.425-0800] {override.py:1911} INFO - Created Permission View: menu access on DAG Run:example_bash_operator
[2024-12-13T03:11:02.431-0800] {logging_mixin.py:190} INFO - [2024-12-13T03:11:02.431-0800] {override.py:1911} INFO - Created Permission View: can read on DAG Run:example_bash_operator
[2024-12-13T03:11:02.438-0800] {logging_mixin.py:190} INFO - [2024-12-13T03:11:02.437-0800] {override.py:1911} INFO - Created Permission View: can create on DAG Run:example_bash_operator
[2024-12-13T03:11:02.445-0800] {logging_mixin.py:190} INFO - [2024-12-13T03:11:02.445-0800] {override.py:1911} INFO - Created Permission View: can delete on DAG Run:example_bash_operator
[2024-12-13T03:11:02.446-0800] {logging_mixin.py:190} INFO - [2024-12-13T03:11:02.445-0800] {dag.py:3239} INFO - Sync 1 DAGs
[2024-12-13T03:11:02.459-0800] {logging_mixin.py:190} INFO - [2024-12-13T03:11:02.459-0800] {dag.py:3262} INFO - Creating ORM DAG for example_bash_operator
[2024-12-13T03:11:02.467-0800] {logging_mixin.py:190} INFO - [2024-12-13T03:11:02.467-0800] {dag.py:4180} INFO - Setting next_dagrun for example_bash_operator to 2024-12-12 00:00:00+00:00, run_after=2024-12-13 00:00:00+00:00
[2024-12-13T03:11:02.485-0800] {processor.py:208} INFO - Processing /Users/machine/Velocity_railway/airflow_env/lib/python3.10/site-packages/airflow/example_dags/example_bash_operator.py took 0.431 seconds
[2024-12-13T03:16:02.748-0800] {processor.py:186} INFO - Started process (PID=83232) to work on /Users/machine/Velocity_railway/airflow_env/lib/python3.10/site-packages/airflow/example_dags/example_bash_operator.py
[2024-12-13T03:16:02.750-0800] {processor.py:914} INFO - Processing file /Users/machine/Velocity_railway/airflow_env/lib/python3.10/site-packages/airflow/example_dags/example_bash_operator.py for tasks to queue
[2024-12-13T03:16:02.751-0800] {logging_mixin.py:190} INFO - [2024-12-13T03:16:02.751-0800] {dagbag.py:588} INFO - Filling up the DagBag from /Users/machine/Velocity_railway/airflow_env/lib/python3.10/site-packages/airflow/example_dags/example_bash_operator.py
[2024-12-13T03:16:02.766-0800] {processor.py:925} INFO - DAG(s) 'example_bash_operator' retrieved from /Users/machine/Velocity_railway/airflow_env/lib/python3.10/site-packages/airflow/example_dags/example_bash_operator.py
[2024-12-13T03:16:02.960-0800] {logging_mixin.py:190} INFO - [2024-12-13T03:16:02.960-0800] {dag.py:3239} INFO - Sync 1 DAGs
[2024-12-13T03:16:02.979-0800] {logging_mixin.py:190} INFO - [2024-12-13T03:16:02.979-0800] {dag.py:4180} INFO - Setting next_dagrun for example_bash_operator to 2024-12-12 00:00:00+00:00, run_after=2024-12-13 00:00:00+00:00
[2024-12-13T03:16:02.996-0800] {processor.py:208} INFO - Processing /Users/machine/Velocity_railway/airflow_env/lib/python3.10/site-packages/airflow/example_dags/example_bash_operator.py took 0.253 seconds
[2024-12-13T03:20:30.457-0800] {processor.py:186} INFO - Started process (PID=84160) to work on /Users/machine/Velocity_railway/airflow_env/lib/python3.10/site-packages/airflow/example_dags/example_bash_operator.py
[2024-12-13T03:20:30.459-0800] {processor.py:914} INFO - Processing file /Users/machine/Velocity_railway/airflow_env/lib/python3.10/site-packages/airflow/example_dags/example_bash_operator.py for tasks to queue
[2024-12-13T03:20:30.460-0800] {logging_mixin.py:190} INFO - [2024-12-13T03:20:30.460-0800] {dagbag.py:588} INFO - Filling up the DagBag from /Users/machine/Velocity_railway/airflow_env/lib/python3.10/site-packages/airflow/example_dags/example_bash_operator.py
[2024-12-13T03:20:30.475-0800] {processor.py:925} INFO - DAG(s) 'example_bash_operator' retrieved from /Users/machine/Velocity_railway/airflow_env/lib/python3.10/site-packages/airflow/example_dags/example_bash_operator.py
[2024-12-13T03:20:30.636-0800] {logging_mixin.py:190} INFO - [2024-12-13T03:20:30.636-0800] {dag.py:3239} INFO - Sync 1 DAGs
[2024-12-13T03:20:30.653-0800] {logging_mixin.py:190} INFO - [2024-12-13T03:20:30.653-0800] {dag.py:4180} INFO - Setting next_dagrun for example_bash_operator to 2024-12-12 00:00:00+00:00, run_after=2024-12-13 00:00:00+00:00
[2024-12-13T03:20:30.669-0800] {processor.py:208} INFO - Processing /Users/machine/Velocity_railway/airflow_env/lib/python3.10/site-packages/airflow/example_dags/example_bash_operator.py took 0.217 seconds
[2024-12-13T03:25:07.662-0800] {processor.py:186} INFO - Started process (PID=85100) to work on /Users/machine/Velocity_railway/airflow_env/lib/python3.10/site-packages/airflow/example_dags/example_bash_operator.py
[2024-12-13T03:25:07.664-0800] {processor.py:914} INFO - Processing file /Users/machine/Velocity_railway/airflow_env/lib/python3.10/site-packages/airflow/example_dags/example_bash_operator.py for tasks to queue
[2024-12-13T03:25:07.666-0800] {logging_mixin.py:190} INFO - [2024-12-13T03:25:07.665-0800] {dagbag.py:588} INFO - Filling up the DagBag from /Users/machine/Velocity_railway/airflow_env/lib/python3.10/site-packages/airflow/example_dags/example_bash_operator.py
[2024-12-13T03:25:07.681-0800] {processor.py:925} INFO - DAG(s) 'example_bash_operator' retrieved from /Users/machine/Velocity_railway/airflow_env/lib/python3.10/site-packages/airflow/example_dags/example_bash_operator.py
[2024-12-13T03:25:07.850-0800] {logging_mixin.py:190} INFO - [2024-12-13T03:25:07.850-0800] {dag.py:3239} INFO - Sync 1 DAGs
[2024-12-13T03:25:07.868-0800] {logging_mixin.py:190} INFO - [2024-12-13T03:25:07.868-0800] {dag.py:4180} INFO - Setting next_dagrun for example_bash_operator to 2024-12-12 00:00:00+00:00, run_after=2024-12-13 00:00:00+00:00
[2024-12-13T03:25:07.885-0800] {processor.py:208} INFO - Processing /Users/machine/Velocity_railway/airflow_env/lib/python3.10/site-packages/airflow/example_dags/example_bash_operator.py took 0.230 seconds
[2024-12-13T03:29:41.051-0800] {processor.py:186} INFO - Started process (PID=86027) to work on /Users/machine/Velocity_railway/airflow_env/lib/python3.10/site-packages/airflow/example_dags/example_bash_operator.py
[2024-12-13T03:29:41.053-0800] {processor.py:914} INFO - Processing file /Users/machine/Velocity_railway/airflow_env/lib/python3.10/site-packages/airflow/example_dags/example_bash_operator.py for tasks to queue
[2024-12-13T03:29:41.054-0800] {logging_mixin.py:190} INFO - [2024-12-13T03:29:41.053-0800] {dagbag.py:588} INFO - Filling up the DagBag from /Users/machine/Velocity_railway/airflow_env/lib/python3.10/site-packages/airflow/example_dags/example_bash_operator.py
[2024-12-13T03:29:41.069-0800] {processor.py:925} INFO - DAG(s) 'example_bash_operator' retrieved from /Users/machine/Velocity_railway/airflow_env/lib/python3.10/site-packages/airflow/example_dags/example_bash_operator.py
[2024-12-13T03:29:41.228-0800] {logging_mixin.py:190} INFO - [2024-12-13T03:29:41.227-0800] {dag.py:3239} INFO - Sync 1 DAGs
[2024-12-13T03:29:41.246-0800] {logging_mixin.py:190} INFO - [2024-12-13T03:29:41.246-0800] {dag.py:4180} INFO - Setting next_dagrun for example_bash_operator to 2024-12-12 00:00:00+00:00, run_after=2024-12-13 00:00:00+00:00
[2024-12-13T03:29:41.262-0800] {processor.py:208} INFO - Processing /Users/machine/Velocity_railway/airflow_env/lib/python3.10/site-packages/airflow/example_dags/example_bash_operator.py took 0.218 seconds
[2024-12-13T03:34:27.093-0800] {processor.py:186} INFO - Started process (PID=87039) to work on /Users/machine/Velocity_railway/airflow_env/lib/python3.10/site-packages/airflow/example_dags/example_bash_operator.py
[2024-12-13T03:34:27.094-0800] {processor.py:914} INFO - Processing file /Users/machine/Velocity_railway/airflow_env/lib/python3.10/site-packages/airflow/example_dags/example_bash_operator.py for tasks to queue
[2024-12-13T03:34:27.096-0800] {logging_mixin.py:190} INFO - [2024-12-13T03:34:27.095-0800] {dagbag.py:588} INFO - Filling up the DagBag from /Users/machine/Velocity_railway/airflow_env/lib/python3.10/site-packages/airflow/example_dags/example_bash_operator.py
[2024-12-13T03:34:27.114-0800] {processor.py:925} INFO - DAG(s) 'example_bash_operator' retrieved from /Users/machine/Velocity_railway/airflow_env/lib/python3.10/site-packages/airflow/example_dags/example_bash_operator.py
[2024-12-13T03:34:27.291-0800] {logging_mixin.py:190} INFO - [2024-12-13T03:34:27.291-0800] {dag.py:3239} INFO - Sync 1 DAGs
[2024-12-13T03:34:27.311-0800] {logging_mixin.py:190} INFO - [2024-12-13T03:34:27.311-0800] {dag.py:4180} INFO - Setting next_dagrun for example_bash_operator to 2024-12-12 00:00:00+00:00, run_after=2024-12-13 00:00:00+00:00
[2024-12-13T03:34:27.329-0800] {processor.py:208} INFO - Processing /Users/machine/Velocity_railway/airflow_env/lib/python3.10/site-packages/airflow/example_dags/example_bash_operator.py took 0.242 seconds
[2024-12-13T03:39:24.373-0800] {processor.py:186} INFO - Started process (PID=88086) to work on /Users/machine/Velocity_railway/airflow_env/lib/python3.10/site-packages/airflow/example_dags/example_bash_operator.py
[2024-12-13T03:39:24.375-0800] {processor.py:914} INFO - Processing file /Users/machine/Velocity_railway/airflow_env/lib/python3.10/site-packages/airflow/example_dags/example_bash_operator.py for tasks to queue
[2024-12-13T03:39:24.376-0800] {logging_mixin.py:190} INFO - [2024-12-13T03:39:24.375-0800] {dagbag.py:588} INFO - Filling up the DagBag from /Users/machine/Velocity_railway/airflow_env/lib/python3.10/site-packages/airflow/example_dags/example_bash_operator.py
[2024-12-13T03:39:24.390-0800] {processor.py:925} INFO - DAG(s) 'example_bash_operator' retrieved from /Users/machine/Velocity_railway/airflow_env/lib/python3.10/site-packages/airflow/example_dags/example_bash_operator.py
[2024-12-13T03:39:24.561-0800] {logging_mixin.py:190} INFO - [2024-12-13T03:39:24.561-0800] {dag.py:3239} INFO - Sync 1 DAGs
[2024-12-13T03:39:24.580-0800] {logging_mixin.py:190} INFO - [2024-12-13T03:39:24.580-0800] {dag.py:4180} INFO - Setting next_dagrun for example_bash_operator to 2024-12-12 00:00:00+00:00, run_after=2024-12-13 00:00:00+00:00
[2024-12-13T03:39:24.597-0800] {processor.py:208} INFO - Processing /Users/machine/Velocity_railway/airflow_env/lib/python3.10/site-packages/airflow/example_dags/example_bash_operator.py took 0.230 seconds
[2024-12-13T03:43:49.397-0800] {processor.py:186} INFO - Started process (PID=89004) to work on /Users/machine/Velocity_railway/airflow_env/lib/python3.10/site-packages/airflow/example_dags/example_bash_operator.py
[2024-12-13T03:43:49.398-0800] {processor.py:914} INFO - Processing file /Users/machine/Velocity_railway/airflow_env/lib/python3.10/site-packages/airflow/example_dags/example_bash_operator.py for tasks to queue
[2024-12-13T03:43:49.400-0800] {logging_mixin.py:190} INFO - [2024-12-13T03:43:49.399-0800] {dagbag.py:588} INFO - Filling up the DagBag from /Users/machine/Velocity_railway/airflow_env/lib/python3.10/site-packages/airflow/example_dags/example_bash_operator.py
[2024-12-13T03:43:49.416-0800] {processor.py:925} INFO - DAG(s) 'example_bash_operator' retrieved from /Users/machine/Velocity_railway/airflow_env/lib/python3.10/site-packages/airflow/example_dags/example_bash_operator.py
[2024-12-13T03:43:49.574-0800] {logging_mixin.py:190} INFO - [2024-12-13T03:43:49.574-0800] {dag.py:3239} INFO - Sync 1 DAGs
[2024-12-13T03:43:49.592-0800] {logging_mixin.py:190} INFO - [2024-12-13T03:43:49.591-0800] {dag.py:4180} INFO - Setting next_dagrun for example_bash_operator to 2024-12-12 00:00:00+00:00, run_after=2024-12-13 00:00:00+00:00
[2024-12-13T03:43:49.607-0800] {processor.py:208} INFO - Processing /Users/machine/Velocity_railway/airflow_env/lib/python3.10/site-packages/airflow/example_dags/example_bash_operator.py took 0.216 seconds
[2024-12-13T03:48:16.569-0800] {processor.py:186} INFO - Started process (PID=89905) to work on /Users/machine/Velocity_railway/airflow_env/lib/python3.10/site-packages/airflow/example_dags/example_bash_operator.py
[2024-12-13T03:48:16.571-0800] {processor.py:914} INFO - Processing file /Users/machine/Velocity_railway/airflow_env/lib/python3.10/site-packages/airflow/example_dags/example_bash_operator.py for tasks to queue
[2024-12-13T03:48:16.572-0800] {logging_mixin.py:190} INFO - [2024-12-13T03:48:16.572-0800] {dagbag.py:588} INFO - Filling up the DagBag from /Users/machine/Velocity_railway/airflow_env/lib/python3.10/site-packages/airflow/example_dags/example_bash_operator.py
[2024-12-13T03:48:16.586-0800] {processor.py:925} INFO - DAG(s) 'example_bash_operator' retrieved from /Users/machine/Velocity_railway/airflow_env/lib/python3.10/site-packages/airflow/example_dags/example_bash_operator.py
[2024-12-13T03:48:16.761-0800] {logging_mixin.py:190} INFO - [2024-12-13T03:48:16.761-0800] {dag.py:3239} INFO - Sync 1 DAGs
[2024-12-13T03:48:16.781-0800] {logging_mixin.py:190} INFO - [2024-12-13T03:48:16.781-0800] {dag.py:4180} INFO - Setting next_dagrun for example_bash_operator to 2024-12-12 00:00:00+00:00, run_after=2024-12-13 00:00:00+00:00
[2024-12-13T03:48:16.797-0800] {processor.py:208} INFO - Processing /Users/machine/Velocity_railway/airflow_env/lib/python3.10/site-packages/airflow/example_dags/example_bash_operator.py took 0.235 seconds
[2024-12-13T03:52:53.694-0800] {processor.py:186} INFO - Started process (PID=90871) to work on /Users/machine/Velocity_railway/airflow_env/lib/python3.10/site-packages/airflow/example_dags/example_bash_operator.py
[2024-12-13T03:52:53.696-0800] {processor.py:914} INFO - Processing file /Users/machine/Velocity_railway/airflow_env/lib/python3.10/site-packages/airflow/example_dags/example_bash_operator.py for tasks to queue
[2024-12-13T03:52:53.697-0800] {logging_mixin.py:190} INFO - [2024-12-13T03:52:53.697-0800] {dagbag.py:588} INFO - Filling up the DagBag from /Users/machine/Velocity_railway/airflow_env/lib/python3.10/site-packages/airflow/example_dags/example_bash_operator.py
[2024-12-13T03:52:53.713-0800] {processor.py:925} INFO - DAG(s) 'example_bash_operator' retrieved from /Users/machine/Velocity_railway/airflow_env/lib/python3.10/site-packages/airflow/example_dags/example_bash_operator.py
[2024-12-13T03:52:53.889-0800] {logging_mixin.py:190} INFO - [2024-12-13T03:52:53.889-0800] {dag.py:3239} INFO - Sync 1 DAGs
[2024-12-13T03:52:53.909-0800] {logging_mixin.py:190} INFO - [2024-12-13T03:52:53.909-0800] {dag.py:4180} INFO - Setting next_dagrun for example_bash_operator to 2024-12-12 00:00:00+00:00, run_after=2024-12-13 00:00:00+00:00
[2024-12-13T03:52:53.925-0800] {processor.py:208} INFO - Processing /Users/machine/Velocity_railway/airflow_env/lib/python3.10/site-packages/airflow/example_dags/example_bash_operator.py took 0.236 seconds
[2024-12-13T03:57:46.332-0800] {processor.py:186} INFO - Started process (PID=92054) to work on /Users/machine/Velocity_railway/airflow_env/lib/python3.10/site-packages/airflow/example_dags/example_bash_operator.py
[2024-12-13T03:57:46.334-0800] {processor.py:914} INFO - Processing file /Users/machine/Velocity_railway/airflow_env/lib/python3.10/site-packages/airflow/example_dags/example_bash_operator.py for tasks to queue
[2024-12-13T03:57:46.335-0800] {logging_mixin.py:190} INFO - [2024-12-13T03:57:46.335-0800] {dagbag.py:588} INFO - Filling up the DagBag from /Users/machine/Velocity_railway/airflow_env/lib/python3.10/site-packages/airflow/example_dags/example_bash_operator.py
[2024-12-13T03:57:46.352-0800] {processor.py:925} INFO - DAG(s) 'example_bash_operator' retrieved from /Users/machine/Velocity_railway/airflow_env/lib/python3.10/site-packages/airflow/example_dags/example_bash_operator.py
[2024-12-13T03:57:46.545-0800] {logging_mixin.py:190} INFO - [2024-12-13T03:57:46.545-0800] {dag.py:3239} INFO - Sync 1 DAGs
[2024-12-13T03:57:46.565-0800] {logging_mixin.py:190} INFO - [2024-12-13T03:57:46.565-0800] {dag.py:4180} INFO - Setting next_dagrun for example_bash_operator to 2024-12-12 00:00:00+00:00, run_after=2024-12-13 00:00:00+00:00
[2024-12-13T03:57:46.584-0800] {processor.py:208} INFO - Processing /Users/machine/Velocity_railway/airflow_env/lib/python3.10/site-packages/airflow/example_dags/example_bash_operator.py took 0.259 seconds
[2024-12-13T05:51:24.284-0800] {processor.py:186} INFO - Started process (PID=93545) to work on /Users/machine/Velocity_railway/airflow_env/lib/python3.10/site-packages/airflow/example_dags/example_bash_operator.py
[2024-12-13T05:51:24.286-0800] {processor.py:914} INFO - Processing file /Users/machine/Velocity_railway/airflow_env/lib/python3.10/site-packages/airflow/example_dags/example_bash_operator.py for tasks to queue
[2024-12-13T05:51:24.288-0800] {logging_mixin.py:190} INFO - [2024-12-13T05:51:24.287-0800] {dagbag.py:588} INFO - Filling up the DagBag from /Users/machine/Velocity_railway/airflow_env/lib/python3.10/site-packages/airflow/example_dags/example_bash_operator.py
[2024-12-13T05:51:24.306-0800] {processor.py:925} INFO - DAG(s) 'example_bash_operator' retrieved from /Users/machine/Velocity_railway/airflow_env/lib/python3.10/site-packages/airflow/example_dags/example_bash_operator.py
[2024-12-13T05:51:24.517-0800] {logging_mixin.py:190} INFO - [2024-12-13T05:51:24.516-0800] {dag.py:3239} INFO - Sync 1 DAGs
[2024-12-13T05:51:24.543-0800] {logging_mixin.py:190} INFO - [2024-12-13T05:51:24.542-0800] {dag.py:4180} INFO - Setting next_dagrun for example_bash_operator to 2024-12-12 00:00:00+00:00, run_after=2024-12-13 00:00:00+00:00
[2024-12-13T05:51:24.561-0800] {processor.py:208} INFO - Processing /Users/machine/Velocity_railway/airflow_env/lib/python3.10/site-packages/airflow/example_dags/example_bash_operator.py took 0.286 seconds
