[2024-12-13T03:10:10.324-0800] {processor.py:186} INFO - Started process (PID=82068) to work on /Users/machine/Velocity_railway/airflow_env/lib/python3.10/site-packages/airflow/example_dags/example_inlet_event_extra.py
[2024-12-13T03:10:10.327-0800] {processor.py:914} INFO - Processing file /Users/machine/Velocity_railway/airflow_env/lib/python3.10/site-packages/airflow/example_dags/example_inlet_event_extra.py for tasks to queue
[2024-12-13T03:10:10.331-0800] {logging_mixin.py:190} INFO - [2024-12-13T03:10:10.331-0800] {dagbag.py:588} INFO - Filling up the DagBag from /Users/machine/Velocity_railway/airflow_env/lib/python3.10/site-packages/airflow/example_dags/example_inlet_event_extra.py
[2024-12-13T03:10:10.598-0800] {processor.py:925} INFO - DAG(s) 'read_dataset_event_from_classic', 'read_dataset_event' retrieved from /Users/machine/Velocity_railway/airflow_env/lib/python3.10/site-packages/airflow/example_dags/example_inlet_event_extra.py
[2024-12-13T03:10:10.849-0800] {logging_mixin.py:190} INFO - [2024-12-13T03:10:10.849-0800] {override.py:1911} INFO - Created Permission View: can read on DAG:read_dataset_event_from_classic
[2024-12-13T03:10:10.866-0800] {logging_mixin.py:190} INFO - [2024-12-13T03:10:10.865-0800] {override.py:1911} INFO - Created Permission View: can edit on DAG:read_dataset_event_from_classic
[2024-12-13T03:10:10.874-0800] {logging_mixin.py:190} INFO - [2024-12-13T03:10:10.873-0800] {override.py:1911} INFO - Created Permission View: can delete on DAG:read_dataset_event_from_classic
[2024-12-13T03:10:10.895-0800] {logging_mixin.py:190} INFO - [2024-12-13T03:10:10.895-0800] {override.py:1911} INFO - Created Permission View: can read on DAG Run:read_dataset_event_from_classic
[2024-12-13T03:10:10.906-0800] {logging_mixin.py:190} INFO - [2024-12-13T03:10:10.905-0800] {override.py:1911} INFO - Created Permission View: can create on DAG Run:read_dataset_event_from_classic
[2024-12-13T03:10:10.914-0800] {logging_mixin.py:190} INFO - [2024-12-13T03:10:10.914-0800] {override.py:1911} INFO - Created Permission View: menu access on DAG Run:read_dataset_event_from_classic
[2024-12-13T03:10:10.924-0800] {logging_mixin.py:190} INFO - [2024-12-13T03:10:10.923-0800] {override.py:1911} INFO - Created Permission View: can delete on DAG Run:read_dataset_event_from_classic
[2024-12-13T03:10:10.936-0800] {logging_mixin.py:190} INFO - [2024-12-13T03:10:10.936-0800] {override.py:1911} INFO - Created Permission View: can read on DAG:read_dataset_event
[2024-12-13T03:10:10.943-0800] {logging_mixin.py:190} INFO - [2024-12-13T03:10:10.943-0800] {override.py:1911} INFO - Created Permission View: can edit on DAG:read_dataset_event
[2024-12-13T03:10:10.954-0800] {logging_mixin.py:190} INFO - [2024-12-13T03:10:10.954-0800] {override.py:1911} INFO - Created Permission View: can delete on DAG:read_dataset_event
[2024-12-13T03:10:10.970-0800] {logging_mixin.py:190} INFO - [2024-12-13T03:10:10.970-0800] {override.py:1911} INFO - Created Permission View: can read on DAG Run:read_dataset_event
[2024-12-13T03:10:10.982-0800] {logging_mixin.py:190} INFO - [2024-12-13T03:10:10.981-0800] {override.py:1911} INFO - Created Permission View: can create on DAG Run:read_dataset_event
[2024-12-13T03:10:10.989-0800] {logging_mixin.py:190} INFO - [2024-12-13T03:10:10.989-0800] {override.py:1911} INFO - Created Permission View: menu access on DAG Run:read_dataset_event
[2024-12-13T03:10:10.997-0800] {logging_mixin.py:190} INFO - [2024-12-13T03:10:10.997-0800] {override.py:1911} INFO - Created Permission View: can delete on DAG Run:read_dataset_event
[2024-12-13T03:10:10.997-0800] {logging_mixin.py:190} INFO - [2024-12-13T03:10:10.997-0800] {dag.py:3239} INFO - Sync 2 DAGs
[2024-12-13T03:10:11.010-0800] {logging_mixin.py:190} INFO - [2024-12-13T03:10:11.010-0800] {dag.py:3262} INFO - Creating ORM DAG for read_dataset_event_from_classic
[2024-12-13T03:10:11.011-0800] {logging_mixin.py:190} INFO - [2024-12-13T03:10:11.010-0800] {dag.py:3262} INFO - Creating ORM DAG for read_dataset_event
[2024-12-13T03:10:11.020-0800] {logging_mixin.py:190} INFO - [2024-12-13T03:10:11.020-0800] {dag.py:4180} INFO - Setting next_dagrun for read_dataset_event to 2024-12-12 00:00:00+00:00, run_after=2024-12-13 00:00:00+00:00
[2024-12-13T03:10:11.023-0800] {logging_mixin.py:190} INFO - [2024-12-13T03:10:11.022-0800] {dag.py:4180} INFO - Setting next_dagrun for read_dataset_event_from_classic to 2024-12-12 00:00:00+00:00, run_after=2024-12-13 00:00:00+00:00
[2024-12-13T03:10:11.042-0800] {processor.py:208} INFO - Processing /Users/machine/Velocity_railway/airflow_env/lib/python3.10/site-packages/airflow/example_dags/example_inlet_event_extra.py took 0.728 seconds
[2024-12-13T03:13:14.140-0800] {processor.py:186} INFO - Started process (PID=82664) to work on /Users/machine/Velocity_railway/airflow_env/lib/python3.10/site-packages/airflow/example_dags/example_inlet_event_extra.py
[2024-12-13T03:13:14.142-0800] {processor.py:914} INFO - Processing file /Users/machine/Velocity_railway/airflow_env/lib/python3.10/site-packages/airflow/example_dags/example_inlet_event_extra.py for tasks to queue
[2024-12-13T03:13:14.145-0800] {logging_mixin.py:190} INFO - [2024-12-13T03:13:14.144-0800] {dagbag.py:588} INFO - Filling up the DagBag from /Users/machine/Velocity_railway/airflow_env/lib/python3.10/site-packages/airflow/example_dags/example_inlet_event_extra.py
[2024-12-13T03:13:14.337-0800] {processor.py:925} INFO - DAG(s) 'read_dataset_event_from_classic', 'read_dataset_event' retrieved from /Users/machine/Velocity_railway/airflow_env/lib/python3.10/site-packages/airflow/example_dags/example_inlet_event_extra.py
[2024-12-13T03:13:14.478-0800] {logging_mixin.py:190} INFO - [2024-12-13T03:13:14.478-0800] {dag.py:3239} INFO - Sync 2 DAGs
[2024-12-13T03:13:14.504-0800] {logging_mixin.py:190} INFO - [2024-12-13T03:13:14.504-0800] {dag.py:4180} INFO - Setting next_dagrun for read_dataset_event to 2024-12-12 00:00:00+00:00, run_after=2024-12-13 00:00:00+00:00
[2024-12-13T03:13:14.512-0800] {logging_mixin.py:190} INFO - [2024-12-13T03:13:14.511-0800] {dag.py:4180} INFO - Setting next_dagrun for read_dataset_event_from_classic to 2024-12-12 00:00:00+00:00, run_after=2024-12-13 00:00:00+00:00
[2024-12-13T03:13:14.546-0800] {processor.py:208} INFO - Processing /Users/machine/Velocity_railway/airflow_env/lib/python3.10/site-packages/airflow/example_dags/example_inlet_event_extra.py took 0.415 seconds
[2024-12-13T03:17:58.714-0800] {processor.py:186} INFO - Started process (PID=83623) to work on /Users/machine/Velocity_railway/airflow_env/lib/python3.10/site-packages/airflow/example_dags/example_inlet_event_extra.py
[2024-12-13T03:17:58.717-0800] {processor.py:914} INFO - Processing file /Users/machine/Velocity_railway/airflow_env/lib/python3.10/site-packages/airflow/example_dags/example_inlet_event_extra.py for tasks to queue
[2024-12-13T03:17:58.719-0800] {logging_mixin.py:190} INFO - [2024-12-13T03:17:58.719-0800] {dagbag.py:588} INFO - Filling up the DagBag from /Users/machine/Velocity_railway/airflow_env/lib/python3.10/site-packages/airflow/example_dags/example_inlet_event_extra.py
[2024-12-13T03:17:58.853-0800] {processor.py:925} INFO - DAG(s) 'read_dataset_event_from_classic', 'read_dataset_event' retrieved from /Users/machine/Velocity_railway/airflow_env/lib/python3.10/site-packages/airflow/example_dags/example_inlet_event_extra.py
[2024-12-13T03:17:58.952-0800] {logging_mixin.py:190} INFO - [2024-12-13T03:17:58.952-0800] {dag.py:3239} INFO - Sync 2 DAGs
[2024-12-13T03:17:58.970-0800] {logging_mixin.py:190} INFO - [2024-12-13T03:17:58.970-0800] {dag.py:4180} INFO - Setting next_dagrun for read_dataset_event to 2024-12-12 00:00:00+00:00, run_after=2024-12-13 00:00:00+00:00
[2024-12-13T03:17:58.974-0800] {logging_mixin.py:190} INFO - [2024-12-13T03:17:58.973-0800] {dag.py:4180} INFO - Setting next_dagrun for read_dataset_event_from_classic to 2024-12-12 00:00:00+00:00, run_after=2024-12-13 00:00:00+00:00
[2024-12-13T03:17:58.989-0800] {processor.py:208} INFO - Processing /Users/machine/Velocity_railway/airflow_env/lib/python3.10/site-packages/airflow/example_dags/example_inlet_event_extra.py took 0.281 seconds
[2024-12-13T03:22:22.791-0800] {processor.py:186} INFO - Started process (PID=84549) to work on /Users/machine/Velocity_railway/airflow_env/lib/python3.10/site-packages/airflow/example_dags/example_inlet_event_extra.py
[2024-12-13T03:22:22.793-0800] {processor.py:914} INFO - Processing file /Users/machine/Velocity_railway/airflow_env/lib/python3.10/site-packages/airflow/example_dags/example_inlet_event_extra.py for tasks to queue
[2024-12-13T03:22:22.794-0800] {logging_mixin.py:190} INFO - [2024-12-13T03:22:22.794-0800] {dagbag.py:588} INFO - Filling up the DagBag from /Users/machine/Velocity_railway/airflow_env/lib/python3.10/site-packages/airflow/example_dags/example_inlet_event_extra.py
[2024-12-13T03:22:22.910-0800] {processor.py:925} INFO - DAG(s) 'read_dataset_event', 'read_dataset_event_from_classic' retrieved from /Users/machine/Velocity_railway/airflow_env/lib/python3.10/site-packages/airflow/example_dags/example_inlet_event_extra.py
[2024-12-13T03:22:23.017-0800] {logging_mixin.py:190} INFO - [2024-12-13T03:22:23.017-0800] {dag.py:3239} INFO - Sync 2 DAGs
[2024-12-13T03:22:23.037-0800] {logging_mixin.py:190} INFO - [2024-12-13T03:22:23.037-0800] {dag.py:4180} INFO - Setting next_dagrun for read_dataset_event to 2024-12-12 00:00:00+00:00, run_after=2024-12-13 00:00:00+00:00
[2024-12-13T03:22:23.043-0800] {logging_mixin.py:190} INFO - [2024-12-13T03:22:23.042-0800] {dag.py:4180} INFO - Setting next_dagrun for read_dataset_event_from_classic to 2024-12-12 00:00:00+00:00, run_after=2024-12-13 00:00:00+00:00
[2024-12-13T03:22:23.058-0800] {processor.py:208} INFO - Processing /Users/machine/Velocity_railway/airflow_env/lib/python3.10/site-packages/airflow/example_dags/example_inlet_event_extra.py took 0.273 seconds
[2024-12-13T03:27:02.706-0800] {processor.py:186} INFO - Started process (PID=85495) to work on /Users/machine/Velocity_railway/airflow_env/lib/python3.10/site-packages/airflow/example_dags/example_inlet_event_extra.py
[2024-12-13T03:27:02.707-0800] {processor.py:914} INFO - Processing file /Users/machine/Velocity_railway/airflow_env/lib/python3.10/site-packages/airflow/example_dags/example_inlet_event_extra.py for tasks to queue
[2024-12-13T03:27:02.708-0800] {logging_mixin.py:190} INFO - [2024-12-13T03:27:02.708-0800] {dagbag.py:588} INFO - Filling up the DagBag from /Users/machine/Velocity_railway/airflow_env/lib/python3.10/site-packages/airflow/example_dags/example_inlet_event_extra.py
[2024-12-13T03:27:02.826-0800] {processor.py:925} INFO - DAG(s) 'read_dataset_event', 'read_dataset_event_from_classic' retrieved from /Users/machine/Velocity_railway/airflow_env/lib/python3.10/site-packages/airflow/example_dags/example_inlet_event_extra.py
[2024-12-13T03:27:02.929-0800] {logging_mixin.py:190} INFO - [2024-12-13T03:27:02.929-0800] {dag.py:3239} INFO - Sync 2 DAGs
[2024-12-13T03:27:02.948-0800] {logging_mixin.py:190} INFO - [2024-12-13T03:27:02.948-0800] {dag.py:4180} INFO - Setting next_dagrun for read_dataset_event to 2024-12-12 00:00:00+00:00, run_after=2024-12-13 00:00:00+00:00
[2024-12-13T03:27:02.952-0800] {logging_mixin.py:190} INFO - [2024-12-13T03:27:02.952-0800] {dag.py:4180} INFO - Setting next_dagrun for read_dataset_event_from_classic to 2024-12-12 00:00:00+00:00, run_after=2024-12-13 00:00:00+00:00
[2024-12-13T03:27:02.966-0800] {processor.py:208} INFO - Processing /Users/machine/Velocity_railway/airflow_env/lib/python3.10/site-packages/airflow/example_dags/example_inlet_event_extra.py took 0.265 seconds
[2024-12-13T03:31:45.060-0800] {processor.py:186} INFO - Started process (PID=86459) to work on /Users/machine/Velocity_railway/airflow_env/lib/python3.10/site-packages/airflow/example_dags/example_inlet_event_extra.py
[2024-12-13T03:31:45.062-0800] {processor.py:914} INFO - Processing file /Users/machine/Velocity_railway/airflow_env/lib/python3.10/site-packages/airflow/example_dags/example_inlet_event_extra.py for tasks to queue
[2024-12-13T03:31:45.064-0800] {logging_mixin.py:190} INFO - [2024-12-13T03:31:45.063-0800] {dagbag.py:588} INFO - Filling up the DagBag from /Users/machine/Velocity_railway/airflow_env/lib/python3.10/site-packages/airflow/example_dags/example_inlet_event_extra.py
[2024-12-13T03:31:45.185-0800] {processor.py:925} INFO - DAG(s) 'read_dataset_event_from_classic', 'read_dataset_event' retrieved from /Users/machine/Velocity_railway/airflow_env/lib/python3.10/site-packages/airflow/example_dags/example_inlet_event_extra.py
[2024-12-13T03:31:45.292-0800] {logging_mixin.py:190} INFO - [2024-12-13T03:31:45.292-0800] {dag.py:3239} INFO - Sync 2 DAGs
[2024-12-13T03:31:45.311-0800] {logging_mixin.py:190} INFO - [2024-12-13T03:31:45.311-0800] {dag.py:4180} INFO - Setting next_dagrun for read_dataset_event to 2024-12-12 00:00:00+00:00, run_after=2024-12-13 00:00:00+00:00
[2024-12-13T03:31:45.316-0800] {logging_mixin.py:190} INFO - [2024-12-13T03:31:45.316-0800] {dag.py:4180} INFO - Setting next_dagrun for read_dataset_event_from_classic to 2024-12-12 00:00:00+00:00, run_after=2024-12-13 00:00:00+00:00
[2024-12-13T03:31:45.331-0800] {processor.py:208} INFO - Processing /Users/machine/Velocity_railway/airflow_env/lib/python3.10/site-packages/airflow/example_dags/example_inlet_event_extra.py took 0.277 seconds
[2024-12-13T03:36:31.708-0800] {processor.py:186} INFO - Started process (PID=87529) to work on /Users/machine/Velocity_railway/airflow_env/lib/python3.10/site-packages/airflow/example_dags/example_inlet_event_extra.py
[2024-12-13T03:36:31.710-0800] {processor.py:914} INFO - Processing file /Users/machine/Velocity_railway/airflow_env/lib/python3.10/site-packages/airflow/example_dags/example_inlet_event_extra.py for tasks to queue
[2024-12-13T03:36:31.712-0800] {logging_mixin.py:190} INFO - [2024-12-13T03:36:31.712-0800] {dagbag.py:588} INFO - Filling up the DagBag from /Users/machine/Velocity_railway/airflow_env/lib/python3.10/site-packages/airflow/example_dags/example_inlet_event_extra.py
[2024-12-13T03:36:31.876-0800] {processor.py:925} INFO - DAG(s) 'read_dataset_event', 'read_dataset_event_from_classic' retrieved from /Users/machine/Velocity_railway/airflow_env/lib/python3.10/site-packages/airflow/example_dags/example_inlet_event_extra.py
[2024-12-13T03:36:31.997-0800] {logging_mixin.py:190} INFO - [2024-12-13T03:36:31.997-0800] {dag.py:3239} INFO - Sync 2 DAGs
[2024-12-13T03:36:32.019-0800] {logging_mixin.py:190} INFO - [2024-12-13T03:36:32.019-0800] {dag.py:4180} INFO - Setting next_dagrun for read_dataset_event to 2024-12-12 00:00:00+00:00, run_after=2024-12-13 00:00:00+00:00
[2024-12-13T03:36:32.024-0800] {logging_mixin.py:190} INFO - [2024-12-13T03:36:32.023-0800] {dag.py:4180} INFO - Setting next_dagrun for read_dataset_event_from_classic to 2024-12-12 00:00:00+00:00, run_after=2024-12-13 00:00:00+00:00
[2024-12-13T03:36:32.040-0800] {processor.py:208} INFO - Processing /Users/machine/Velocity_railway/airflow_env/lib/python3.10/site-packages/airflow/example_dags/example_inlet_event_extra.py took 0.339 seconds
[2024-12-13T03:41:17.552-0800] {processor.py:186} INFO - Started process (PID=88491) to work on /Users/machine/Velocity_railway/airflow_env/lib/python3.10/site-packages/airflow/example_dags/example_inlet_event_extra.py
[2024-12-13T03:41:17.553-0800] {processor.py:914} INFO - Processing file /Users/machine/Velocity_railway/airflow_env/lib/python3.10/site-packages/airflow/example_dags/example_inlet_event_extra.py for tasks to queue
[2024-12-13T03:41:17.554-0800] {logging_mixin.py:190} INFO - [2024-12-13T03:41:17.554-0800] {dagbag.py:588} INFO - Filling up the DagBag from /Users/machine/Velocity_railway/airflow_env/lib/python3.10/site-packages/airflow/example_dags/example_inlet_event_extra.py
[2024-12-13T03:41:17.664-0800] {processor.py:925} INFO - DAG(s) 'read_dataset_event_from_classic', 'read_dataset_event' retrieved from /Users/machine/Velocity_railway/airflow_env/lib/python3.10/site-packages/airflow/example_dags/example_inlet_event_extra.py
[2024-12-13T03:41:17.762-0800] {logging_mixin.py:190} INFO - [2024-12-13T03:41:17.762-0800] {dag.py:3239} INFO - Sync 2 DAGs
[2024-12-13T03:41:17.781-0800] {logging_mixin.py:190} INFO - [2024-12-13T03:41:17.780-0800] {dag.py:4180} INFO - Setting next_dagrun for read_dataset_event to 2024-12-12 00:00:00+00:00, run_after=2024-12-13 00:00:00+00:00
[2024-12-13T03:41:17.785-0800] {logging_mixin.py:190} INFO - [2024-12-13T03:41:17.785-0800] {dag.py:4180} INFO - Setting next_dagrun for read_dataset_event_from_classic to 2024-12-12 00:00:00+00:00, run_after=2024-12-13 00:00:00+00:00
[2024-12-13T03:41:17.798-0800] {processor.py:208} INFO - Processing /Users/machine/Velocity_railway/airflow_env/lib/python3.10/site-packages/airflow/example_dags/example_inlet_event_extra.py took 0.252 seconds
[2024-12-13T03:45:45.678-0800] {processor.py:186} INFO - Started process (PID=89405) to work on /Users/machine/Velocity_railway/airflow_env/lib/python3.10/site-packages/airflow/example_dags/example_inlet_event_extra.py
[2024-12-13T03:45:45.680-0800] {processor.py:914} INFO - Processing file /Users/machine/Velocity_railway/airflow_env/lib/python3.10/site-packages/airflow/example_dags/example_inlet_event_extra.py for tasks to queue
[2024-12-13T03:45:45.681-0800] {logging_mixin.py:190} INFO - [2024-12-13T03:45:45.681-0800] {dagbag.py:588} INFO - Filling up the DagBag from /Users/machine/Velocity_railway/airflow_env/lib/python3.10/site-packages/airflow/example_dags/example_inlet_event_extra.py
[2024-12-13T03:45:45.811-0800] {processor.py:925} INFO - DAG(s) 'read_dataset_event', 'read_dataset_event_from_classic' retrieved from /Users/machine/Velocity_railway/airflow_env/lib/python3.10/site-packages/airflow/example_dags/example_inlet_event_extra.py
[2024-12-13T03:45:45.909-0800] {logging_mixin.py:190} INFO - [2024-12-13T03:45:45.909-0800] {dag.py:3239} INFO - Sync 2 DAGs
[2024-12-13T03:45:45.927-0800] {logging_mixin.py:190} INFO - [2024-12-13T03:45:45.927-0800] {dag.py:4180} INFO - Setting next_dagrun for read_dataset_event to 2024-12-12 00:00:00+00:00, run_after=2024-12-13 00:00:00+00:00
[2024-12-13T03:45:45.931-0800] {logging_mixin.py:190} INFO - [2024-12-13T03:45:45.931-0800] {dag.py:4180} INFO - Setting next_dagrun for read_dataset_event_from_classic to 2024-12-12 00:00:00+00:00, run_after=2024-12-13 00:00:00+00:00
[2024-12-13T03:45:45.948-0800] {processor.py:208} INFO - Processing /Users/machine/Velocity_railway/airflow_env/lib/python3.10/site-packages/airflow/example_dags/example_inlet_event_extra.py took 0.275 seconds
[2024-12-13T03:50:15.615-0800] {processor.py:186} INFO - Started process (PID=90348) to work on /Users/machine/Velocity_railway/airflow_env/lib/python3.10/site-packages/airflow/example_dags/example_inlet_event_extra.py
[2024-12-13T03:50:15.617-0800] {processor.py:914} INFO - Processing file /Users/machine/Velocity_railway/airflow_env/lib/python3.10/site-packages/airflow/example_dags/example_inlet_event_extra.py for tasks to queue
[2024-12-13T03:50:15.619-0800] {logging_mixin.py:190} INFO - [2024-12-13T03:50:15.619-0800] {dagbag.py:588} INFO - Filling up the DagBag from /Users/machine/Velocity_railway/airflow_env/lib/python3.10/site-packages/airflow/example_dags/example_inlet_event_extra.py
[2024-12-13T03:50:15.740-0800] {processor.py:925} INFO - DAG(s) 'read_dataset_event', 'read_dataset_event_from_classic' retrieved from /Users/machine/Velocity_railway/airflow_env/lib/python3.10/site-packages/airflow/example_dags/example_inlet_event_extra.py
[2024-12-13T03:50:15.863-0800] {logging_mixin.py:190} INFO - [2024-12-13T03:50:15.863-0800] {dag.py:3239} INFO - Sync 2 DAGs
[2024-12-13T03:50:15.883-0800] {logging_mixin.py:190} INFO - [2024-12-13T03:50:15.882-0800] {dag.py:4180} INFO - Setting next_dagrun for read_dataset_event to 2024-12-12 00:00:00+00:00, run_after=2024-12-13 00:00:00+00:00
[2024-12-13T03:50:15.887-0800] {logging_mixin.py:190} INFO - [2024-12-13T03:50:15.886-0800] {dag.py:4180} INFO - Setting next_dagrun for read_dataset_event_from_classic to 2024-12-12 00:00:00+00:00, run_after=2024-12-13 00:00:00+00:00
[2024-12-13T03:50:15.901-0800] {processor.py:208} INFO - Processing /Users/machine/Velocity_railway/airflow_env/lib/python3.10/site-packages/airflow/example_dags/example_inlet_event_extra.py took 0.292 seconds
[2024-12-13T03:54:55.575-0800] {processor.py:186} INFO - Started process (PID=91327) to work on /Users/machine/Velocity_railway/airflow_env/lib/python3.10/site-packages/airflow/example_dags/example_inlet_event_extra.py
[2024-12-13T03:54:55.577-0800] {processor.py:914} INFO - Processing file /Users/machine/Velocity_railway/airflow_env/lib/python3.10/site-packages/airflow/example_dags/example_inlet_event_extra.py for tasks to queue
[2024-12-13T03:54:55.579-0800] {logging_mixin.py:190} INFO - [2024-12-13T03:54:55.578-0800] {dagbag.py:588} INFO - Filling up the DagBag from /Users/machine/Velocity_railway/airflow_env/lib/python3.10/site-packages/airflow/example_dags/example_inlet_event_extra.py
[2024-12-13T03:54:55.703-0800] {processor.py:925} INFO - DAG(s) 'read_dataset_event_from_classic', 'read_dataset_event' retrieved from /Users/machine/Velocity_railway/airflow_env/lib/python3.10/site-packages/airflow/example_dags/example_inlet_event_extra.py
[2024-12-13T03:54:55.822-0800] {logging_mixin.py:190} INFO - [2024-12-13T03:54:55.821-0800] {dag.py:3239} INFO - Sync 2 DAGs
[2024-12-13T03:54:55.846-0800] {logging_mixin.py:190} INFO - [2024-12-13T03:54:55.845-0800] {dag.py:4180} INFO - Setting next_dagrun for read_dataset_event to 2024-12-12 00:00:00+00:00, run_after=2024-12-13 00:00:00+00:00
[2024-12-13T03:54:55.850-0800] {logging_mixin.py:190} INFO - [2024-12-13T03:54:55.850-0800] {dag.py:4180} INFO - Setting next_dagrun for read_dataset_event_from_classic to 2024-12-12 00:00:00+00:00, run_after=2024-12-13 00:00:00+00:00
[2024-12-13T03:54:55.870-0800] {processor.py:208} INFO - Processing /Users/machine/Velocity_railway/airflow_env/lib/python3.10/site-packages/airflow/example_dags/example_inlet_event_extra.py took 0.302 seconds
[2024-12-13T03:59:49.524-0800] {processor.py:186} INFO - Started process (PID=92581) to work on /Users/machine/Velocity_railway/airflow_env/lib/python3.10/site-packages/airflow/example_dags/example_inlet_event_extra.py
[2024-12-13T03:59:49.526-0800] {processor.py:914} INFO - Processing file /Users/machine/Velocity_railway/airflow_env/lib/python3.10/site-packages/airflow/example_dags/example_inlet_event_extra.py for tasks to queue
[2024-12-13T03:59:49.528-0800] {logging_mixin.py:190} INFO - [2024-12-13T03:59:49.527-0800] {dagbag.py:588} INFO - Filling up the DagBag from /Users/machine/Velocity_railway/airflow_env/lib/python3.10/site-packages/airflow/example_dags/example_inlet_event_extra.py
[2024-12-13T03:59:49.660-0800] {processor.py:925} INFO - DAG(s) 'read_dataset_event', 'read_dataset_event_from_classic' retrieved from /Users/machine/Velocity_railway/airflow_env/lib/python3.10/site-packages/airflow/example_dags/example_inlet_event_extra.py
[2024-12-13T03:59:49.781-0800] {logging_mixin.py:190} INFO - [2024-12-13T03:59:49.780-0800] {dag.py:3239} INFO - Sync 2 DAGs
[2024-12-13T03:59:49.802-0800] {logging_mixin.py:190} INFO - [2024-12-13T03:59:49.802-0800] {dag.py:4180} INFO - Setting next_dagrun for read_dataset_event to 2024-12-12 00:00:00+00:00, run_after=2024-12-13 00:00:00+00:00
[2024-12-13T03:59:49.806-0800] {logging_mixin.py:190} INFO - [2024-12-13T03:59:49.806-0800] {dag.py:4180} INFO - Setting next_dagrun for read_dataset_event_from_classic to 2024-12-12 00:00:00+00:00, run_after=2024-12-13 00:00:00+00:00
[2024-12-13T03:59:49.822-0800] {processor.py:208} INFO - Processing /Users/machine/Velocity_railway/airflow_env/lib/python3.10/site-packages/airflow/example_dags/example_inlet_event_extra.py took 0.304 seconds
