[2024-12-13T03:09:46.631-0800] {processor.py:186} INFO - Started process (PID=81998) to work on /Users/machine/Velocity_railway/airflow_env/lib/python3.10/site-packages/airflow/example_dags/example_params_trigger_ui.py
[2024-12-13T03:09:46.633-0800] {processor.py:914} INFO - Processing file /Users/machine/Velocity_railway/airflow_env/lib/python3.10/site-packages/airflow/example_dags/example_params_trigger_ui.py for tasks to queue
[2024-12-13T03:09:46.634-0800] {logging_mixin.py:190} INFO - [2024-12-13T03:09:46.633-0800] {dagbag.py:588} INFO - Filling up the DagBag from /Users/machine/Velocity_railway/airflow_env/lib/python3.10/site-packages/airflow/example_dags/example_params_trigger_ui.py
[2024-12-13T03:09:46.726-0800] {processor.py:925} INFO - DAG(s) 'example_params_trigger_ui' retrieved from /Users/machine/Velocity_railway/airflow_env/lib/python3.10/site-packages/airflow/example_dags/example_params_trigger_ui.py
[2024-12-13T03:09:46.966-0800] {logging_mixin.py:190} INFO - [2024-12-13T03:09:46.966-0800] {override.py:1911} INFO - Created Permission View: can edit on DAG:example_params_trigger_ui
[2024-12-13T03:09:46.997-0800] {logging_mixin.py:190} INFO - [2024-12-13T03:09:46.997-0800] {override.py:1911} INFO - Created Permission View: can read on DAG:example_params_trigger_ui
[2024-12-13T03:09:47.003-0800] {logging_mixin.py:190} INFO - [2024-12-13T03:09:47.002-0800] {override.py:1911} INFO - Created Permission View: can delete on DAG:example_params_trigger_ui
[2024-12-13T03:09:47.011-0800] {logging_mixin.py:190} INFO - [2024-12-13T03:09:47.011-0800] {override.py:1911} INFO - Created Permission View: can create on DAG Run:example_params_trigger_ui
[2024-12-13T03:09:47.018-0800] {logging_mixin.py:190} INFO - [2024-12-13T03:09:47.017-0800] {override.py:1911} INFO - Created Permission View: can read on DAG Run:example_params_trigger_ui
[2024-12-13T03:09:47.024-0800] {logging_mixin.py:190} INFO - [2024-12-13T03:09:47.024-0800] {override.py:1911} INFO - Created Permission View: menu access on DAG Run:example_params_trigger_ui
[2024-12-13T03:09:47.030-0800] {logging_mixin.py:190} INFO - [2024-12-13T03:09:47.029-0800] {override.py:1911} INFO - Created Permission View: can delete on DAG Run:example_params_trigger_ui
[2024-12-13T03:09:47.030-0800] {logging_mixin.py:190} INFO - [2024-12-13T03:09:47.030-0800] {dag.py:3239} INFO - Sync 1 DAGs
[2024-12-13T03:09:47.041-0800] {logging_mixin.py:190} INFO - [2024-12-13T03:09:47.041-0800] {dag.py:3262} INFO - Creating ORM DAG for example_params_trigger_ui
[2024-12-13T03:09:47.042-0800] {logging_mixin.py:190} INFO - [2024-12-13T03:09:47.042-0800] {dag.py:4180} INFO - Setting next_dagrun for example_params_trigger_ui to None, run_after=None
[2024-12-13T03:09:47.061-0800] {processor.py:208} INFO - Processing /Users/machine/Velocity_railway/airflow_env/lib/python3.10/site-packages/airflow/example_dags/example_params_trigger_ui.py took 0.435 seconds
[2024-12-13T03:12:48.822-0800] {processor.py:186} INFO - Started process (PID=82592) to work on /Users/machine/Velocity_railway/airflow_env/lib/python3.10/site-packages/airflow/example_dags/example_params_trigger_ui.py
[2024-12-13T03:12:48.824-0800] {processor.py:914} INFO - Processing file /Users/machine/Velocity_railway/airflow_env/lib/python3.10/site-packages/airflow/example_dags/example_params_trigger_ui.py for tasks to queue
[2024-12-13T03:12:48.826-0800] {logging_mixin.py:190} INFO - [2024-12-13T03:12:48.826-0800] {dagbag.py:588} INFO - Filling up the DagBag from /Users/machine/Velocity_railway/airflow_env/lib/python3.10/site-packages/airflow/example_dags/example_params_trigger_ui.py
[2024-12-13T03:12:48.921-0800] {processor.py:925} INFO - DAG(s) 'example_params_trigger_ui' retrieved from /Users/machine/Velocity_railway/airflow_env/lib/python3.10/site-packages/airflow/example_dags/example_params_trigger_ui.py
[2024-12-13T03:12:49.059-0800] {logging_mixin.py:190} INFO - [2024-12-13T03:12:49.059-0800] {dag.py:3239} INFO - Sync 1 DAGs
[2024-12-13T03:12:49.070-0800] {logging_mixin.py:190} INFO - [2024-12-13T03:12:49.070-0800] {dag.py:4180} INFO - Setting next_dagrun for example_params_trigger_ui to None, run_after=None
[2024-12-13T03:12:49.089-0800] {processor.py:208} INFO - Processing /Users/machine/Velocity_railway/airflow_env/lib/python3.10/site-packages/airflow/example_dags/example_params_trigger_ui.py took 0.273 seconds
[2024-12-13T03:15:20.145-0800] {processor.py:186} INFO - Started process (PID=83091) to work on /Users/machine/Velocity_railway/airflow_env/lib/python3.10/site-packages/airflow/example_dags/example_params_trigger_ui.py
[2024-12-13T03:15:20.146-0800] {processor.py:914} INFO - Processing file /Users/machine/Velocity_railway/airflow_env/lib/python3.10/site-packages/airflow/example_dags/example_params_trigger_ui.py for tasks to queue
[2024-12-13T03:15:20.148-0800] {logging_mixin.py:190} INFO - [2024-12-13T03:15:20.147-0800] {dagbag.py:588} INFO - Filling up the DagBag from /Users/machine/Velocity_railway/airflow_env/lib/python3.10/site-packages/airflow/example_dags/example_params_trigger_ui.py
[2024-12-13T03:15:20.241-0800] {processor.py:925} INFO - DAG(s) 'example_params_trigger_ui' retrieved from /Users/machine/Velocity_railway/airflow_env/lib/python3.10/site-packages/airflow/example_dags/example_params_trigger_ui.py
[2024-12-13T03:15:20.383-0800] {logging_mixin.py:190} INFO - [2024-12-13T03:15:20.383-0800] {dag.py:3239} INFO - Sync 1 DAGs
[2024-12-13T03:15:20.394-0800] {logging_mixin.py:190} INFO - [2024-12-13T03:15:20.394-0800] {dag.py:4180} INFO - Setting next_dagrun for example_params_trigger_ui to None, run_after=None
[2024-12-13T03:15:20.413-0800] {processor.py:208} INFO - Processing /Users/machine/Velocity_railway/airflow_env/lib/python3.10/site-packages/airflow/example_dags/example_params_trigger_ui.py took 0.274 seconds
[2024-12-13T03:17:40.954-0800] {processor.py:186} INFO - Started process (PID=83567) to work on /Users/machine/Velocity_railway/airflow_env/lib/python3.10/site-packages/airflow/example_dags/example_params_trigger_ui.py
[2024-12-13T03:17:40.956-0800] {processor.py:914} INFO - Processing file /Users/machine/Velocity_railway/airflow_env/lib/python3.10/site-packages/airflow/example_dags/example_params_trigger_ui.py for tasks to queue
[2024-12-13T03:17:40.957-0800] {logging_mixin.py:190} INFO - [2024-12-13T03:17:40.957-0800] {dagbag.py:588} INFO - Filling up the DagBag from /Users/machine/Velocity_railway/airflow_env/lib/python3.10/site-packages/airflow/example_dags/example_params_trigger_ui.py
[2024-12-13T03:17:41.058-0800] {processor.py:925} INFO - DAG(s) 'example_params_trigger_ui' retrieved from /Users/machine/Velocity_railway/airflow_env/lib/python3.10/site-packages/airflow/example_dags/example_params_trigger_ui.py
[2024-12-13T03:17:41.212-0800] {logging_mixin.py:190} INFO - [2024-12-13T03:17:41.212-0800] {dag.py:3239} INFO - Sync 1 DAGs
[2024-12-13T03:17:41.223-0800] {logging_mixin.py:190} INFO - [2024-12-13T03:17:41.222-0800] {dag.py:4180} INFO - Setting next_dagrun for example_params_trigger_ui to None, run_after=None
[2024-12-13T03:17:41.241-0800] {processor.py:208} INFO - Processing /Users/machine/Velocity_railway/airflow_env/lib/python3.10/site-packages/airflow/example_dags/example_params_trigger_ui.py took 0.294 seconds
[2024-12-13T03:19:55.955-0800] {processor.py:186} INFO - Started process (PID=84043) to work on /Users/machine/Velocity_railway/airflow_env/lib/python3.10/site-packages/airflow/example_dags/example_params_trigger_ui.py
[2024-12-13T03:19:55.957-0800] {processor.py:914} INFO - Processing file /Users/machine/Velocity_railway/airflow_env/lib/python3.10/site-packages/airflow/example_dags/example_params_trigger_ui.py for tasks to queue
[2024-12-13T03:19:55.959-0800] {logging_mixin.py:190} INFO - [2024-12-13T03:19:55.958-0800] {dagbag.py:588} INFO - Filling up the DagBag from /Users/machine/Velocity_railway/airflow_env/lib/python3.10/site-packages/airflow/example_dags/example_params_trigger_ui.py
[2024-12-13T03:19:56.041-0800] {processor.py:925} INFO - DAG(s) 'example_params_trigger_ui' retrieved from /Users/machine/Velocity_railway/airflow_env/lib/python3.10/site-packages/airflow/example_dags/example_params_trigger_ui.py
[2024-12-13T03:19:56.167-0800] {logging_mixin.py:190} INFO - [2024-12-13T03:19:56.167-0800] {dag.py:3239} INFO - Sync 1 DAGs
[2024-12-13T03:19:56.178-0800] {logging_mixin.py:190} INFO - [2024-12-13T03:19:56.177-0800] {dag.py:4180} INFO - Setting next_dagrun for example_params_trigger_ui to None, run_after=None
[2024-12-13T03:19:56.193-0800] {processor.py:208} INFO - Processing /Users/machine/Velocity_railway/airflow_env/lib/python3.10/site-packages/airflow/example_dags/example_params_trigger_ui.py took 0.243 seconds
[2024-12-13T03:22:07.760-0800] {processor.py:186} INFO - Started process (PID=84498) to work on /Users/machine/Velocity_railway/airflow_env/lib/python3.10/site-packages/airflow/example_dags/example_params_trigger_ui.py
[2024-12-13T03:22:07.761-0800] {processor.py:914} INFO - Processing file /Users/machine/Velocity_railway/airflow_env/lib/python3.10/site-packages/airflow/example_dags/example_params_trigger_ui.py for tasks to queue
[2024-12-13T03:22:07.763-0800] {logging_mixin.py:190} INFO - [2024-12-13T03:22:07.763-0800] {dagbag.py:588} INFO - Filling up the DagBag from /Users/machine/Velocity_railway/airflow_env/lib/python3.10/site-packages/airflow/example_dags/example_params_trigger_ui.py
[2024-12-13T03:22:07.852-0800] {processor.py:925} INFO - DAG(s) 'example_params_trigger_ui' retrieved from /Users/machine/Velocity_railway/airflow_env/lib/python3.10/site-packages/airflow/example_dags/example_params_trigger_ui.py
[2024-12-13T03:22:07.987-0800] {logging_mixin.py:190} INFO - [2024-12-13T03:22:07.986-0800] {dag.py:3239} INFO - Sync 1 DAGs
[2024-12-13T03:22:07.998-0800] {logging_mixin.py:190} INFO - [2024-12-13T03:22:07.998-0800] {dag.py:4180} INFO - Setting next_dagrun for example_params_trigger_ui to None, run_after=None
[2024-12-13T03:22:08.018-0800] {processor.py:208} INFO - Processing /Users/machine/Velocity_railway/airflow_env/lib/python3.10/site-packages/airflow/example_dags/example_params_trigger_ui.py took 0.265 seconds
[2024-12-13T03:24:27.901-0800] {processor.py:186} INFO - Started process (PID=84962) to work on /Users/machine/Velocity_railway/airflow_env/lib/python3.10/site-packages/airflow/example_dags/example_params_trigger_ui.py
[2024-12-13T03:24:27.903-0800] {processor.py:914} INFO - Processing file /Users/machine/Velocity_railway/airflow_env/lib/python3.10/site-packages/airflow/example_dags/example_params_trigger_ui.py for tasks to queue
[2024-12-13T03:24:27.904-0800] {logging_mixin.py:190} INFO - [2024-12-13T03:24:27.904-0800] {dagbag.py:588} INFO - Filling up the DagBag from /Users/machine/Velocity_railway/airflow_env/lib/python3.10/site-packages/airflow/example_dags/example_params_trigger_ui.py
[2024-12-13T03:24:27.993-0800] {processor.py:925} INFO - DAG(s) 'example_params_trigger_ui' retrieved from /Users/machine/Velocity_railway/airflow_env/lib/python3.10/site-packages/airflow/example_dags/example_params_trigger_ui.py
[2024-12-13T03:24:28.117-0800] {logging_mixin.py:190} INFO - [2024-12-13T03:24:28.116-0800] {dag.py:3239} INFO - Sync 1 DAGs
[2024-12-13T03:24:28.126-0800] {logging_mixin.py:190} INFO - [2024-12-13T03:24:28.126-0800] {dag.py:4180} INFO - Setting next_dagrun for example_params_trigger_ui to None, run_after=None
[2024-12-13T03:24:28.145-0800] {processor.py:208} INFO - Processing /Users/machine/Velocity_railway/airflow_env/lib/python3.10/site-packages/airflow/example_dags/example_params_trigger_ui.py took 0.249 seconds
[2024-12-13T03:26:45.831-0800] {processor.py:186} INFO - Started process (PID=85441) to work on /Users/machine/Velocity_railway/airflow_env/lib/python3.10/site-packages/airflow/example_dags/example_params_trigger_ui.py
[2024-12-13T03:26:45.833-0800] {processor.py:914} INFO - Processing file /Users/machine/Velocity_railway/airflow_env/lib/python3.10/site-packages/airflow/example_dags/example_params_trigger_ui.py for tasks to queue
[2024-12-13T03:26:45.835-0800] {logging_mixin.py:190} INFO - [2024-12-13T03:26:45.834-0800] {dagbag.py:588} INFO - Filling up the DagBag from /Users/machine/Velocity_railway/airflow_env/lib/python3.10/site-packages/airflow/example_dags/example_params_trigger_ui.py
[2024-12-13T03:26:45.924-0800] {processor.py:925} INFO - DAG(s) 'example_params_trigger_ui' retrieved from /Users/machine/Velocity_railway/airflow_env/lib/python3.10/site-packages/airflow/example_dags/example_params_trigger_ui.py
[2024-12-13T03:26:46.052-0800] {logging_mixin.py:190} INFO - [2024-12-13T03:26:46.052-0800] {dag.py:3239} INFO - Sync 1 DAGs
[2024-12-13T03:26:46.062-0800] {logging_mixin.py:190} INFO - [2024-12-13T03:26:46.062-0800] {dag.py:4180} INFO - Setting next_dagrun for example_params_trigger_ui to None, run_after=None
[2024-12-13T03:26:46.079-0800] {processor.py:208} INFO - Processing /Users/machine/Velocity_railway/airflow_env/lib/python3.10/site-packages/airflow/example_dags/example_params_trigger_ui.py took 0.254 seconds
[2024-12-13T03:29:04.729-0800] {processor.py:186} INFO - Started process (PID=85906) to work on /Users/machine/Velocity_railway/airflow_env/lib/python3.10/site-packages/airflow/example_dags/example_params_trigger_ui.py
[2024-12-13T03:29:04.731-0800] {processor.py:914} INFO - Processing file /Users/machine/Velocity_railway/airflow_env/lib/python3.10/site-packages/airflow/example_dags/example_params_trigger_ui.py for tasks to queue
[2024-12-13T03:29:04.732-0800] {logging_mixin.py:190} INFO - [2024-12-13T03:29:04.732-0800] {dagbag.py:588} INFO - Filling up the DagBag from /Users/machine/Velocity_railway/airflow_env/lib/python3.10/site-packages/airflow/example_dags/example_params_trigger_ui.py
[2024-12-13T03:29:04.824-0800] {processor.py:925} INFO - DAG(s) 'example_params_trigger_ui' retrieved from /Users/machine/Velocity_railway/airflow_env/lib/python3.10/site-packages/airflow/example_dags/example_params_trigger_ui.py
[2024-12-13T03:29:04.972-0800] {logging_mixin.py:190} INFO - [2024-12-13T03:29:04.972-0800] {dag.py:3239} INFO - Sync 1 DAGs
[2024-12-13T03:29:04.985-0800] {logging_mixin.py:190} INFO - [2024-12-13T03:29:04.985-0800] {dag.py:4180} INFO - Setting next_dagrun for example_params_trigger_ui to None, run_after=None
[2024-12-13T03:29:05.003-0800] {processor.py:208} INFO - Processing /Users/machine/Velocity_railway/airflow_env/lib/python3.10/site-packages/airflow/example_dags/example_params_trigger_ui.py took 0.281 seconds
[2024-12-13T03:31:25.789-0800] {processor.py:186} INFO - Started process (PID=86364) to work on /Users/machine/Velocity_railway/airflow_env/lib/python3.10/site-packages/airflow/example_dags/example_params_trigger_ui.py
[2024-12-13T03:31:25.794-0800] {processor.py:914} INFO - Processing file /Users/machine/Velocity_railway/airflow_env/lib/python3.10/site-packages/airflow/example_dags/example_params_trigger_ui.py for tasks to queue
[2024-12-13T03:31:25.795-0800] {logging_mixin.py:190} INFO - [2024-12-13T03:31:25.795-0800] {dagbag.py:588} INFO - Filling up the DagBag from /Users/machine/Velocity_railway/airflow_env/lib/python3.10/site-packages/airflow/example_dags/example_params_trigger_ui.py
[2024-12-13T03:31:25.906-0800] {processor.py:925} INFO - DAG(s) 'example_params_trigger_ui' retrieved from /Users/machine/Velocity_railway/airflow_env/lib/python3.10/site-packages/airflow/example_dags/example_params_trigger_ui.py
[2024-12-13T03:31:26.069-0800] {logging_mixin.py:190} INFO - [2024-12-13T03:31:26.068-0800] {dag.py:3239} INFO - Sync 1 DAGs
[2024-12-13T03:31:26.080-0800] {logging_mixin.py:190} INFO - [2024-12-13T03:31:26.080-0800] {dag.py:4180} INFO - Setting next_dagrun for example_params_trigger_ui to None, run_after=None
[2024-12-13T03:31:26.100-0800] {processor.py:208} INFO - Processing /Users/machine/Velocity_railway/airflow_env/lib/python3.10/site-packages/airflow/example_dags/example_params_trigger_ui.py took 0.317 seconds
[2024-12-13T03:33:46.513-0800] {processor.py:186} INFO - Started process (PID=86894) to work on /Users/machine/Velocity_railway/airflow_env/lib/python3.10/site-packages/airflow/example_dags/example_params_trigger_ui.py
[2024-12-13T03:33:46.515-0800] {processor.py:914} INFO - Processing file /Users/machine/Velocity_railway/airflow_env/lib/python3.10/site-packages/airflow/example_dags/example_params_trigger_ui.py for tasks to queue
[2024-12-13T03:33:46.517-0800] {logging_mixin.py:190} INFO - [2024-12-13T03:33:46.517-0800] {dagbag.py:588} INFO - Filling up the DagBag from /Users/machine/Velocity_railway/airflow_env/lib/python3.10/site-packages/airflow/example_dags/example_params_trigger_ui.py
[2024-12-13T03:33:46.603-0800] {processor.py:925} INFO - DAG(s) 'example_params_trigger_ui' retrieved from /Users/machine/Velocity_railway/airflow_env/lib/python3.10/site-packages/airflow/example_dags/example_params_trigger_ui.py
[2024-12-13T03:33:46.735-0800] {logging_mixin.py:190} INFO - [2024-12-13T03:33:46.735-0800] {dag.py:3239} INFO - Sync 1 DAGs
[2024-12-13T03:33:46.746-0800] {logging_mixin.py:190} INFO - [2024-12-13T03:33:46.746-0800] {dag.py:4180} INFO - Setting next_dagrun for example_params_trigger_ui to None, run_after=None
[2024-12-13T03:33:46.764-0800] {processor.py:208} INFO - Processing /Users/machine/Velocity_railway/airflow_env/lib/python3.10/site-packages/airflow/example_dags/example_params_trigger_ui.py took 0.256 seconds
[2024-12-13T03:36:13.490-0800] {processor.py:186} INFO - Started process (PID=87477) to work on /Users/machine/Velocity_railway/airflow_env/lib/python3.10/site-packages/airflow/example_dags/example_params_trigger_ui.py
[2024-12-13T03:36:13.492-0800] {processor.py:914} INFO - Processing file /Users/machine/Velocity_railway/airflow_env/lib/python3.10/site-packages/airflow/example_dags/example_params_trigger_ui.py for tasks to queue
[2024-12-13T03:36:13.494-0800] {logging_mixin.py:190} INFO - [2024-12-13T03:36:13.493-0800] {dagbag.py:588} INFO - Filling up the DagBag from /Users/machine/Velocity_railway/airflow_env/lib/python3.10/site-packages/airflow/example_dags/example_params_trigger_ui.py
[2024-12-13T03:36:13.604-0800] {processor.py:925} INFO - DAG(s) 'example_params_trigger_ui' retrieved from /Users/machine/Velocity_railway/airflow_env/lib/python3.10/site-packages/airflow/example_dags/example_params_trigger_ui.py
[2024-12-13T03:36:13.770-0800] {logging_mixin.py:190} INFO - [2024-12-13T03:36:13.769-0800] {dag.py:3239} INFO - Sync 1 DAGs
[2024-12-13T03:36:13.782-0800] {logging_mixin.py:190} INFO - [2024-12-13T03:36:13.782-0800] {dag.py:4180} INFO - Setting next_dagrun for example_params_trigger_ui to None, run_after=None
[2024-12-13T03:36:13.815-0800] {processor.py:208} INFO - Processing /Users/machine/Velocity_railway/airflow_env/lib/python3.10/site-packages/airflow/example_dags/example_params_trigger_ui.py took 0.332 seconds
[2024-12-13T03:38:45.879-0800] {processor.py:186} INFO - Started process (PID=87967) to work on /Users/machine/Velocity_railway/airflow_env/lib/python3.10/site-packages/airflow/example_dags/example_params_trigger_ui.py
[2024-12-13T03:38:45.881-0800] {processor.py:914} INFO - Processing file /Users/machine/Velocity_railway/airflow_env/lib/python3.10/site-packages/airflow/example_dags/example_params_trigger_ui.py for tasks to queue
[2024-12-13T03:38:45.882-0800] {logging_mixin.py:190} INFO - [2024-12-13T03:38:45.882-0800] {dagbag.py:588} INFO - Filling up the DagBag from /Users/machine/Velocity_railway/airflow_env/lib/python3.10/site-packages/airflow/example_dags/example_params_trigger_ui.py
[2024-12-13T03:38:45.980-0800] {processor.py:925} INFO - DAG(s) 'example_params_trigger_ui' retrieved from /Users/machine/Velocity_railway/airflow_env/lib/python3.10/site-packages/airflow/example_dags/example_params_trigger_ui.py
[2024-12-13T03:38:46.135-0800] {logging_mixin.py:190} INFO - [2024-12-13T03:38:46.135-0800] {dag.py:3239} INFO - Sync 1 DAGs
[2024-12-13T03:38:46.146-0800] {logging_mixin.py:190} INFO - [2024-12-13T03:38:46.146-0800] {dag.py:4180} INFO - Setting next_dagrun for example_params_trigger_ui to None, run_after=None
[2024-12-13T03:38:46.164-0800] {processor.py:208} INFO - Processing /Users/machine/Velocity_railway/airflow_env/lib/python3.10/site-packages/airflow/example_dags/example_params_trigger_ui.py took 0.292 seconds
[2024-12-13T03:41:03.146-0800] {processor.py:186} INFO - Started process (PID=88442) to work on /Users/machine/Velocity_railway/airflow_env/lib/python3.10/site-packages/airflow/example_dags/example_params_trigger_ui.py
[2024-12-13T03:41:03.148-0800] {processor.py:914} INFO - Processing file /Users/machine/Velocity_railway/airflow_env/lib/python3.10/site-packages/airflow/example_dags/example_params_trigger_ui.py for tasks to queue
[2024-12-13T03:41:03.150-0800] {logging_mixin.py:190} INFO - [2024-12-13T03:41:03.149-0800] {dagbag.py:588} INFO - Filling up the DagBag from /Users/machine/Velocity_railway/airflow_env/lib/python3.10/site-packages/airflow/example_dags/example_params_trigger_ui.py
[2024-12-13T03:41:03.233-0800] {processor.py:925} INFO - DAG(s) 'example_params_trigger_ui' retrieved from /Users/machine/Velocity_railway/airflow_env/lib/python3.10/site-packages/airflow/example_dags/example_params_trigger_ui.py
[2024-12-13T03:41:03.366-0800] {logging_mixin.py:190} INFO - [2024-12-13T03:41:03.366-0800] {dag.py:3239} INFO - Sync 1 DAGs
[2024-12-13T03:41:03.377-0800] {logging_mixin.py:190} INFO - [2024-12-13T03:41:03.377-0800] {dag.py:4180} INFO - Setting next_dagrun for example_params_trigger_ui to None, run_after=None
[2024-12-13T03:41:03.397-0800] {processor.py:208} INFO - Processing /Users/machine/Velocity_railway/airflow_env/lib/python3.10/site-packages/airflow/example_dags/example_params_trigger_ui.py took 0.257 seconds
[2024-12-13T03:43:15.285-0800] {processor.py:186} INFO - Started process (PID=88897) to work on /Users/machine/Velocity_railway/airflow_env/lib/python3.10/site-packages/airflow/example_dags/example_params_trigger_ui.py
[2024-12-13T03:43:15.286-0800] {processor.py:914} INFO - Processing file /Users/machine/Velocity_railway/airflow_env/lib/python3.10/site-packages/airflow/example_dags/example_params_trigger_ui.py for tasks to queue
[2024-12-13T03:43:15.287-0800] {logging_mixin.py:190} INFO - [2024-12-13T03:43:15.287-0800] {dagbag.py:588} INFO - Filling up the DagBag from /Users/machine/Velocity_railway/airflow_env/lib/python3.10/site-packages/airflow/example_dags/example_params_trigger_ui.py
[2024-12-13T03:43:15.369-0800] {processor.py:925} INFO - DAG(s) 'example_params_trigger_ui' retrieved from /Users/machine/Velocity_railway/airflow_env/lib/python3.10/site-packages/airflow/example_dags/example_params_trigger_ui.py
[2024-12-13T03:43:15.493-0800] {logging_mixin.py:190} INFO - [2024-12-13T03:43:15.493-0800] {dag.py:3239} INFO - Sync 1 DAGs
[2024-12-13T03:43:15.503-0800] {logging_mixin.py:190} INFO - [2024-12-13T03:43:15.503-0800] {dag.py:4180} INFO - Setting next_dagrun for example_params_trigger_ui to None, run_after=None
[2024-12-13T03:43:15.519-0800] {processor.py:208} INFO - Processing /Users/machine/Velocity_railway/airflow_env/lib/python3.10/site-packages/airflow/example_dags/example_params_trigger_ui.py took 0.239 seconds
[2024-12-13T03:45:32.028-0800] {processor.py:186} INFO - Started process (PID=89356) to work on /Users/machine/Velocity_railway/airflow_env/lib/python3.10/site-packages/airflow/example_dags/example_params_trigger_ui.py
[2024-12-13T03:45:32.030-0800] {processor.py:914} INFO - Processing file /Users/machine/Velocity_railway/airflow_env/lib/python3.10/site-packages/airflow/example_dags/example_params_trigger_ui.py for tasks to queue
[2024-12-13T03:45:32.031-0800] {logging_mixin.py:190} INFO - [2024-12-13T03:45:32.031-0800] {dagbag.py:588} INFO - Filling up the DagBag from /Users/machine/Velocity_railway/airflow_env/lib/python3.10/site-packages/airflow/example_dags/example_params_trigger_ui.py
[2024-12-13T03:45:32.126-0800] {processor.py:925} INFO - DAG(s) 'example_params_trigger_ui' retrieved from /Users/machine/Velocity_railway/airflow_env/lib/python3.10/site-packages/airflow/example_dags/example_params_trigger_ui.py
[2024-12-13T03:45:32.266-0800] {logging_mixin.py:190} INFO - [2024-12-13T03:45:32.266-0800] {dag.py:3239} INFO - Sync 1 DAGs
[2024-12-13T03:45:32.278-0800] {logging_mixin.py:190} INFO - [2024-12-13T03:45:32.278-0800] {dag.py:4180} INFO - Setting next_dagrun for example_params_trigger_ui to None, run_after=None
[2024-12-13T03:45:32.298-0800] {processor.py:208} INFO - Processing /Users/machine/Velocity_railway/airflow_env/lib/python3.10/site-packages/airflow/example_dags/example_params_trigger_ui.py took 0.277 seconds
[2024-12-13T03:47:41.227-0800] {processor.py:186} INFO - Started process (PID=89789) to work on /Users/machine/Velocity_railway/airflow_env/lib/python3.10/site-packages/airflow/example_dags/example_params_trigger_ui.py
[2024-12-13T03:47:41.229-0800] {processor.py:914} INFO - Processing file /Users/machine/Velocity_railway/airflow_env/lib/python3.10/site-packages/airflow/example_dags/example_params_trigger_ui.py for tasks to queue
[2024-12-13T03:47:41.230-0800] {logging_mixin.py:190} INFO - [2024-12-13T03:47:41.230-0800] {dagbag.py:588} INFO - Filling up the DagBag from /Users/machine/Velocity_railway/airflow_env/lib/python3.10/site-packages/airflow/example_dags/example_params_trigger_ui.py
[2024-12-13T03:47:41.323-0800] {processor.py:925} INFO - DAG(s) 'example_params_trigger_ui' retrieved from /Users/machine/Velocity_railway/airflow_env/lib/python3.10/site-packages/airflow/example_dags/example_params_trigger_ui.py
[2024-12-13T03:47:41.452-0800] {logging_mixin.py:190} INFO - [2024-12-13T03:47:41.452-0800] {dag.py:3239} INFO - Sync 1 DAGs
[2024-12-13T03:47:41.462-0800] {logging_mixin.py:190} INFO - [2024-12-13T03:47:41.462-0800] {dag.py:4180} INFO - Setting next_dagrun for example_params_trigger_ui to None, run_after=None
[2024-12-13T03:47:41.479-0800] {processor.py:208} INFO - Processing /Users/machine/Velocity_railway/airflow_env/lib/python3.10/site-packages/airflow/example_dags/example_params_trigger_ui.py took 0.258 seconds
[2024-12-13T03:49:58.404-0800] {processor.py:186} INFO - Started process (PID=90287) to work on /Users/machine/Velocity_railway/airflow_env/lib/python3.10/site-packages/airflow/example_dags/example_params_trigger_ui.py
[2024-12-13T03:49:58.407-0800] {processor.py:914} INFO - Processing file /Users/machine/Velocity_railway/airflow_env/lib/python3.10/site-packages/airflow/example_dags/example_params_trigger_ui.py for tasks to queue
[2024-12-13T03:49:58.409-0800] {logging_mixin.py:190} INFO - [2024-12-13T03:49:58.408-0800] {dagbag.py:588} INFO - Filling up the DagBag from /Users/machine/Velocity_railway/airflow_env/lib/python3.10/site-packages/airflow/example_dags/example_params_trigger_ui.py
[2024-12-13T03:49:58.496-0800] {processor.py:925} INFO - DAG(s) 'example_params_trigger_ui' retrieved from /Users/machine/Velocity_railway/airflow_env/lib/python3.10/site-packages/airflow/example_dags/example_params_trigger_ui.py
[2024-12-13T03:49:58.623-0800] {logging_mixin.py:190} INFO - [2024-12-13T03:49:58.623-0800] {dag.py:3239} INFO - Sync 1 DAGs
[2024-12-13T03:49:58.633-0800] {logging_mixin.py:190} INFO - [2024-12-13T03:49:58.633-0800] {dag.py:4180} INFO - Setting next_dagrun for example_params_trigger_ui to None, run_after=None
[2024-12-13T03:49:58.651-0800] {processor.py:208} INFO - Processing /Users/machine/Velocity_railway/airflow_env/lib/python3.10/site-packages/airflow/example_dags/example_params_trigger_ui.py took 0.253 seconds
[2024-12-13T03:52:15.225-0800] {processor.py:186} INFO - Started process (PID=90742) to work on /Users/machine/Velocity_railway/airflow_env/lib/python3.10/site-packages/airflow/example_dags/example_params_trigger_ui.py
[2024-12-13T03:52:15.227-0800] {processor.py:914} INFO - Processing file /Users/machine/Velocity_railway/airflow_env/lib/python3.10/site-packages/airflow/example_dags/example_params_trigger_ui.py for tasks to queue
[2024-12-13T03:52:15.228-0800] {logging_mixin.py:190} INFO - [2024-12-13T03:52:15.228-0800] {dagbag.py:588} INFO - Filling up the DagBag from /Users/machine/Velocity_railway/airflow_env/lib/python3.10/site-packages/airflow/example_dags/example_params_trigger_ui.py
[2024-12-13T03:52:15.318-0800] {processor.py:925} INFO - DAG(s) 'example_params_trigger_ui' retrieved from /Users/machine/Velocity_railway/airflow_env/lib/python3.10/site-packages/airflow/example_dags/example_params_trigger_ui.py
[2024-12-13T03:52:15.460-0800] {logging_mixin.py:190} INFO - [2024-12-13T03:52:15.459-0800] {dag.py:3239} INFO - Sync 1 DAGs
[2024-12-13T03:52:15.470-0800] {logging_mixin.py:190} INFO - [2024-12-13T03:52:15.470-0800] {dag.py:4180} INFO - Setting next_dagrun for example_params_trigger_ui to None, run_after=None
[2024-12-13T03:52:15.488-0800] {processor.py:208} INFO - Processing /Users/machine/Velocity_railway/airflow_env/lib/python3.10/site-packages/airflow/example_dags/example_params_trigger_ui.py took 0.269 seconds
[2024-12-13T03:54:37.390-0800] {processor.py:186} INFO - Started process (PID=91240) to work on /Users/machine/Velocity_railway/airflow_env/lib/python3.10/site-packages/airflow/example_dags/example_params_trigger_ui.py
[2024-12-13T03:54:37.392-0800] {processor.py:914} INFO - Processing file /Users/machine/Velocity_railway/airflow_env/lib/python3.10/site-packages/airflow/example_dags/example_params_trigger_ui.py for tasks to queue
[2024-12-13T03:54:37.393-0800] {logging_mixin.py:190} INFO - [2024-12-13T03:54:37.393-0800] {dagbag.py:588} INFO - Filling up the DagBag from /Users/machine/Velocity_railway/airflow_env/lib/python3.10/site-packages/airflow/example_dags/example_params_trigger_ui.py
[2024-12-13T03:54:37.475-0800] {processor.py:925} INFO - DAG(s) 'example_params_trigger_ui' retrieved from /Users/machine/Velocity_railway/airflow_env/lib/python3.10/site-packages/airflow/example_dags/example_params_trigger_ui.py
[2024-12-13T03:54:37.597-0800] {logging_mixin.py:190} INFO - [2024-12-13T03:54:37.597-0800] {dag.py:3239} INFO - Sync 1 DAGs
[2024-12-13T03:54:37.607-0800] {logging_mixin.py:190} INFO - [2024-12-13T03:54:37.607-0800] {dag.py:4180} INFO - Setting next_dagrun for example_params_trigger_ui to None, run_after=None
[2024-12-13T03:54:37.624-0800] {processor.py:208} INFO - Processing /Users/machine/Velocity_railway/airflow_env/lib/python3.10/site-packages/airflow/example_dags/example_params_trigger_ui.py took 0.239 seconds
[2024-12-13T03:57:03.993-0800] {processor.py:186} INFO - Started process (PID=91877) to work on /Users/machine/Velocity_railway/airflow_env/lib/python3.10/site-packages/airflow/example_dags/example_params_trigger_ui.py
[2024-12-13T03:57:03.996-0800] {processor.py:914} INFO - Processing file /Users/machine/Velocity_railway/airflow_env/lib/python3.10/site-packages/airflow/example_dags/example_params_trigger_ui.py for tasks to queue
[2024-12-13T03:57:04.001-0800] {logging_mixin.py:190} INFO - [2024-12-13T03:57:04.000-0800] {dagbag.py:588} INFO - Filling up the DagBag from /Users/machine/Velocity_railway/airflow_env/lib/python3.10/site-packages/airflow/example_dags/example_params_trigger_ui.py
[2024-12-13T03:57:04.096-0800] {processor.py:925} INFO - DAG(s) 'example_params_trigger_ui' retrieved from /Users/machine/Velocity_railway/airflow_env/lib/python3.10/site-packages/airflow/example_dags/example_params_trigger_ui.py
[2024-12-13T03:57:04.274-0800] {logging_mixin.py:190} INFO - [2024-12-13T03:57:04.273-0800] {dag.py:3239} INFO - Sync 1 DAGs
[2024-12-13T03:57:04.290-0800] {logging_mixin.py:190} INFO - [2024-12-13T03:57:04.290-0800] {dag.py:4180} INFO - Setting next_dagrun for example_params_trigger_ui to None, run_after=None
[2024-12-13T03:57:04.314-0800] {processor.py:208} INFO - Processing /Users/machine/Velocity_railway/airflow_env/lib/python3.10/site-packages/airflow/example_dags/example_params_trigger_ui.py took 0.327 seconds
[2024-12-13T03:59:30.619-0800] {processor.py:186} INFO - Started process (PID=92492) to work on /Users/machine/Velocity_railway/airflow_env/lib/python3.10/site-packages/airflow/example_dags/example_params_trigger_ui.py
[2024-12-13T03:59:30.621-0800] {processor.py:914} INFO - Processing file /Users/machine/Velocity_railway/airflow_env/lib/python3.10/site-packages/airflow/example_dags/example_params_trigger_ui.py for tasks to queue
[2024-12-13T03:59:30.623-0800] {logging_mixin.py:190} INFO - [2024-12-13T03:59:30.622-0800] {dagbag.py:588} INFO - Filling up the DagBag from /Users/machine/Velocity_railway/airflow_env/lib/python3.10/site-packages/airflow/example_dags/example_params_trigger_ui.py
[2024-12-13T03:59:30.715-0800] {processor.py:925} INFO - DAG(s) 'example_params_trigger_ui' retrieved from /Users/machine/Velocity_railway/airflow_env/lib/python3.10/site-packages/airflow/example_dags/example_params_trigger_ui.py
[2024-12-13T03:59:30.865-0800] {logging_mixin.py:190} INFO - [2024-12-13T03:59:30.865-0800] {dag.py:3239} INFO - Sync 1 DAGs
[2024-12-13T03:59:30.877-0800] {logging_mixin.py:190} INFO - [2024-12-13T03:59:30.877-0800] {dag.py:4180} INFO - Setting next_dagrun for example_params_trigger_ui to None, run_after=None
[2024-12-13T03:59:30.896-0800] {processor.py:208} INFO - Processing /Users/machine/Velocity_railway/airflow_env/lib/python3.10/site-packages/airflow/example_dags/example_params_trigger_ui.py took 0.283 seconds
[2024-12-13T05:50:41.097-0800] {processor.py:186} INFO - Started process (PID=93358) to work on /Users/machine/Velocity_railway/airflow_env/lib/python3.10/site-packages/airflow/example_dags/example_params_trigger_ui.py
[2024-12-13T05:50:41.099-0800] {processor.py:914} INFO - Processing file /Users/machine/Velocity_railway/airflow_env/lib/python3.10/site-packages/airflow/example_dags/example_params_trigger_ui.py for tasks to queue
[2024-12-13T05:50:41.100-0800] {logging_mixin.py:190} INFO - [2024-12-13T05:50:41.100-0800] {dagbag.py:588} INFO - Filling up the DagBag from /Users/machine/Velocity_railway/airflow_env/lib/python3.10/site-packages/airflow/example_dags/example_params_trigger_ui.py
[2024-12-13T05:50:41.193-0800] {processor.py:925} INFO - DAG(s) 'example_params_trigger_ui' retrieved from /Users/machine/Velocity_railway/airflow_env/lib/python3.10/site-packages/airflow/example_dags/example_params_trigger_ui.py
[2024-12-13T05:50:41.366-0800] {logging_mixin.py:190} INFO - [2024-12-13T05:50:41.366-0800] {dag.py:3239} INFO - Sync 1 DAGs
[2024-12-13T05:50:41.378-0800] {logging_mixin.py:190} INFO - [2024-12-13T05:50:41.378-0800] {dag.py:4180} INFO - Setting next_dagrun for example_params_trigger_ui to None, run_after=None
[2024-12-13T05:50:41.397-0800] {processor.py:208} INFO - Processing /Users/machine/Velocity_railway/airflow_env/lib/python3.10/site-packages/airflow/example_dags/example_params_trigger_ui.py took 0.306 seconds
