[2024-12-13T03:08:40.949-0800] {processor.py:186} INFO - Started process (PID=81779) to work on /Users/machine/Velocity_railway/airflow_env/lib/python3.10/site-packages/airflow/example_dags/example_xcomargs.py
[2024-12-13T03:08:40.950-0800] {processor.py:914} INFO - Processing file /Users/machine/Velocity_railway/airflow_env/lib/python3.10/site-packages/airflow/example_dags/example_xcomargs.py for tasks to queue
[2024-12-13T03:08:40.951-0800] {logging_mixin.py:190} INFO - [2024-12-13T03:08:40.951-0800] {dagbag.py:588} INFO - Filling up the DagBag from /Users/machine/Velocity_railway/airflow_env/lib/python3.10/site-packages/airflow/example_dags/example_xcomargs.py
[2024-12-13T03:08:41.037-0800] {processor.py:925} INFO - DAG(s) 'example_xcom_args', 'example_xcom_args_with_operators' retrieved from /Users/machine/Velocity_railway/airflow_env/lib/python3.10/site-packages/airflow/example_dags/example_xcomargs.py
[2024-12-13T03:08:41.217-0800] {logging_mixin.py:190} INFO - [2024-12-13T03:08:41.217-0800] {override.py:1911} INFO - Created Permission View: can edit on DAG:example_xcom_args
[2024-12-13T03:08:41.225-0800] {logging_mixin.py:190} INFO - [2024-12-13T03:08:41.225-0800] {override.py:1911} INFO - Created Permission View: can read on DAG:example_xcom_args
[2024-12-13T03:08:41.231-0800] {logging_mixin.py:190} INFO - [2024-12-13T03:08:41.231-0800] {override.py:1911} INFO - Created Permission View: can delete on DAG:example_xcom_args
[2024-12-13T03:08:41.238-0800] {logging_mixin.py:190} INFO - [2024-12-13T03:08:41.238-0800] {override.py:1911} INFO - Created Permission View: menu access on DAG Run:example_xcom_args
[2024-12-13T03:08:41.244-0800] {logging_mixin.py:190} INFO - [2024-12-13T03:08:41.244-0800] {override.py:1911} INFO - Created Permission View: can create on DAG Run:example_xcom_args
[2024-12-13T03:08:41.250-0800] {logging_mixin.py:190} INFO - [2024-12-13T03:08:41.250-0800] {override.py:1911} INFO - Created Permission View: can read on DAG Run:example_xcom_args
[2024-12-13T03:08:41.256-0800] {logging_mixin.py:190} INFO - [2024-12-13T03:08:41.255-0800] {override.py:1911} INFO - Created Permission View: can delete on DAG Run:example_xcom_args
[2024-12-13T03:08:41.268-0800] {logging_mixin.py:190} INFO - [2024-12-13T03:08:41.268-0800] {override.py:1911} INFO - Created Permission View: can edit on DAG:example_xcom_args_with_operators
[2024-12-13T03:08:41.273-0800] {logging_mixin.py:190} INFO - [2024-12-13T03:08:41.273-0800] {override.py:1911} INFO - Created Permission View: can read on DAG:example_xcom_args_with_operators
[2024-12-13T03:08:41.280-0800] {logging_mixin.py:190} INFO - [2024-12-13T03:08:41.280-0800] {override.py:1911} INFO - Created Permission View: can delete on DAG:example_xcom_args_with_operators
[2024-12-13T03:08:41.287-0800] {logging_mixin.py:190} INFO - [2024-12-13T03:08:41.287-0800] {override.py:1911} INFO - Created Permission View: menu access on DAG Run:example_xcom_args_with_operators
[2024-12-13T03:08:41.293-0800] {logging_mixin.py:190} INFO - [2024-12-13T03:08:41.293-0800] {override.py:1911} INFO - Created Permission View: can create on DAG Run:example_xcom_args_with_operators
[2024-12-13T03:08:41.298-0800] {logging_mixin.py:190} INFO - [2024-12-13T03:08:41.298-0800] {override.py:1911} INFO - Created Permission View: can read on DAG Run:example_xcom_args_with_operators
[2024-12-13T03:08:41.304-0800] {logging_mixin.py:190} INFO - [2024-12-13T03:08:41.304-0800] {override.py:1911} INFO - Created Permission View: can delete on DAG Run:example_xcom_args_with_operators
[2024-12-13T03:08:41.304-0800] {logging_mixin.py:190} INFO - [2024-12-13T03:08:41.304-0800] {dag.py:3239} INFO - Sync 2 DAGs
[2024-12-13T03:08:41.316-0800] {logging_mixin.py:190} INFO - [2024-12-13T03:08:41.316-0800] {dag.py:3262} INFO - Creating ORM DAG for example_xcom_args_with_operators
[2024-12-13T03:08:41.317-0800] {logging_mixin.py:190} INFO - [2024-12-13T03:08:41.317-0800] {dag.py:3262} INFO - Creating ORM DAG for example_xcom_args
[2024-12-13T03:08:41.317-0800] {logging_mixin.py:190} INFO - [2024-12-13T03:08:41.317-0800] {dag.py:4180} INFO - Setting next_dagrun for example_xcom_args to None, run_after=None
[2024-12-13T03:08:41.318-0800] {logging_mixin.py:190} INFO - [2024-12-13T03:08:41.318-0800] {dag.py:4180} INFO - Setting next_dagrun for example_xcom_args_with_operators to None, run_after=None
[2024-12-13T03:08:41.333-0800] {processor.py:208} INFO - Processing /Users/machine/Velocity_railway/airflow_env/lib/python3.10/site-packages/airflow/example_dags/example_xcomargs.py took 0.389 seconds
[2024-12-13T03:11:43.430-0800] {processor.py:186} INFO - Started process (PID=82380) to work on /Users/machine/Velocity_railway/airflow_env/lib/python3.10/site-packages/airflow/example_dags/example_xcomargs.py
[2024-12-13T03:11:43.432-0800] {processor.py:914} INFO - Processing file /Users/machine/Velocity_railway/airflow_env/lib/python3.10/site-packages/airflow/example_dags/example_xcomargs.py for tasks to queue
[2024-12-13T03:11:43.433-0800] {logging_mixin.py:190} INFO - [2024-12-13T03:11:43.433-0800] {dagbag.py:588} INFO - Filling up the DagBag from /Users/machine/Velocity_railway/airflow_env/lib/python3.10/site-packages/airflow/example_dags/example_xcomargs.py
[2024-12-13T03:11:43.531-0800] {processor.py:925} INFO - DAG(s) 'example_xcom_args', 'example_xcom_args_with_operators' retrieved from /Users/machine/Velocity_railway/airflow_env/lib/python3.10/site-packages/airflow/example_dags/example_xcomargs.py
[2024-12-13T03:11:43.662-0800] {logging_mixin.py:190} INFO - [2024-12-13T03:11:43.661-0800] {dag.py:3239} INFO - Sync 2 DAGs
[2024-12-13T03:11:43.675-0800] {logging_mixin.py:190} INFO - [2024-12-13T03:11:43.674-0800] {dag.py:4180} INFO - Setting next_dagrun for example_xcom_args to None, run_after=None
[2024-12-13T03:11:43.679-0800] {logging_mixin.py:190} INFO - [2024-12-13T03:11:43.678-0800] {dag.py:4180} INFO - Setting next_dagrun for example_xcom_args_with_operators to None, run_after=None
[2024-12-13T03:11:43.697-0800] {processor.py:208} INFO - Processing /Users/machine/Velocity_railway/airflow_env/lib/python3.10/site-packages/airflow/example_dags/example_xcomargs.py took 0.273 seconds
[2024-12-13T03:14:17.542-0800] {processor.py:186} INFO - Started process (PID=82883) to work on /Users/machine/Velocity_railway/airflow_env/lib/python3.10/site-packages/airflow/example_dags/example_xcomargs.py
[2024-12-13T03:14:17.544-0800] {processor.py:914} INFO - Processing file /Users/machine/Velocity_railway/airflow_env/lib/python3.10/site-packages/airflow/example_dags/example_xcomargs.py for tasks to queue
[2024-12-13T03:14:17.545-0800] {logging_mixin.py:190} INFO - [2024-12-13T03:14:17.545-0800] {dagbag.py:588} INFO - Filling up the DagBag from /Users/machine/Velocity_railway/airflow_env/lib/python3.10/site-packages/airflow/example_dags/example_xcomargs.py
[2024-12-13T03:14:17.645-0800] {processor.py:925} INFO - DAG(s) 'example_xcom_args_with_operators', 'example_xcom_args' retrieved from /Users/machine/Velocity_railway/airflow_env/lib/python3.10/site-packages/airflow/example_dags/example_xcomargs.py
[2024-12-13T03:14:17.769-0800] {logging_mixin.py:190} INFO - [2024-12-13T03:14:17.769-0800] {dag.py:3239} INFO - Sync 2 DAGs
[2024-12-13T03:14:17.782-0800] {logging_mixin.py:190} INFO - [2024-12-13T03:14:17.782-0800] {dag.py:4180} INFO - Setting next_dagrun for example_xcom_args to None, run_after=None
[2024-12-13T03:14:17.785-0800] {logging_mixin.py:190} INFO - [2024-12-13T03:14:17.785-0800] {dag.py:4180} INFO - Setting next_dagrun for example_xcom_args_with_operators to None, run_after=None
[2024-12-13T03:14:17.808-0800] {processor.py:208} INFO - Processing /Users/machine/Velocity_railway/airflow_env/lib/python3.10/site-packages/airflow/example_dags/example_xcomargs.py took 0.273 seconds
[2024-12-13T03:16:40.636-0800] {processor.py:186} INFO - Started process (PID=83356) to work on /Users/machine/Velocity_railway/airflow_env/lib/python3.10/site-packages/airflow/example_dags/example_xcomargs.py
[2024-12-13T03:16:40.638-0800] {processor.py:914} INFO - Processing file /Users/machine/Velocity_railway/airflow_env/lib/python3.10/site-packages/airflow/example_dags/example_xcomargs.py for tasks to queue
[2024-12-13T03:16:40.639-0800] {logging_mixin.py:190} INFO - [2024-12-13T03:16:40.639-0800] {dagbag.py:588} INFO - Filling up the DagBag from /Users/machine/Velocity_railway/airflow_env/lib/python3.10/site-packages/airflow/example_dags/example_xcomargs.py
[2024-12-13T03:16:40.736-0800] {processor.py:925} INFO - DAG(s) 'example_xcom_args', 'example_xcom_args_with_operators' retrieved from /Users/machine/Velocity_railway/airflow_env/lib/python3.10/site-packages/airflow/example_dags/example_xcomargs.py
[2024-12-13T03:16:40.851-0800] {logging_mixin.py:190} INFO - [2024-12-13T03:16:40.851-0800] {dag.py:3239} INFO - Sync 2 DAGs
[2024-12-13T03:16:40.862-0800] {logging_mixin.py:190} INFO - [2024-12-13T03:16:40.862-0800] {dag.py:4180} INFO - Setting next_dagrun for example_xcom_args to None, run_after=None
[2024-12-13T03:16:40.865-0800] {logging_mixin.py:190} INFO - [2024-12-13T03:16:40.865-0800] {dag.py:4180} INFO - Setting next_dagrun for example_xcom_args_with_operators to None, run_after=None
[2024-12-13T03:16:40.884-0800] {processor.py:208} INFO - Processing /Users/machine/Velocity_railway/airflow_env/lib/python3.10/site-packages/airflow/example_dags/example_xcomargs.py took 0.256 seconds
[2024-12-13T03:18:57.406-0800] {processor.py:186} INFO - Started process (PID=83822) to work on /Users/machine/Velocity_railway/airflow_env/lib/python3.10/site-packages/airflow/example_dags/example_xcomargs.py
[2024-12-13T03:18:57.407-0800] {processor.py:914} INFO - Processing file /Users/machine/Velocity_railway/airflow_env/lib/python3.10/site-packages/airflow/example_dags/example_xcomargs.py for tasks to queue
[2024-12-13T03:18:57.409-0800] {logging_mixin.py:190} INFO - [2024-12-13T03:18:57.409-0800] {dagbag.py:588} INFO - Filling up the DagBag from /Users/machine/Velocity_railway/airflow_env/lib/python3.10/site-packages/airflow/example_dags/example_xcomargs.py
[2024-12-13T03:18:57.496-0800] {processor.py:925} INFO - DAG(s) 'example_xcom_args_with_operators', 'example_xcom_args' retrieved from /Users/machine/Velocity_railway/airflow_env/lib/python3.10/site-packages/airflow/example_dags/example_xcomargs.py
[2024-12-13T03:18:57.608-0800] {logging_mixin.py:190} INFO - [2024-12-13T03:18:57.607-0800] {dag.py:3239} INFO - Sync 2 DAGs
[2024-12-13T03:18:57.619-0800] {logging_mixin.py:190} INFO - [2024-12-13T03:18:57.619-0800] {dag.py:4180} INFO - Setting next_dagrun for example_xcom_args to None, run_after=None
[2024-12-13T03:18:57.622-0800] {logging_mixin.py:190} INFO - [2024-12-13T03:18:57.622-0800] {dag.py:4180} INFO - Setting next_dagrun for example_xcom_args_with_operators to None, run_after=None
[2024-12-13T03:18:57.637-0800] {processor.py:208} INFO - Processing /Users/machine/Velocity_railway/airflow_env/lib/python3.10/site-packages/airflow/example_dags/example_xcomargs.py took 0.237 seconds
[2024-12-13T03:21:06.325-0800] {processor.py:186} INFO - Started process (PID=84287) to work on /Users/machine/Velocity_railway/airflow_env/lib/python3.10/site-packages/airflow/example_dags/example_xcomargs.py
[2024-12-13T03:21:06.327-0800] {processor.py:914} INFO - Processing file /Users/machine/Velocity_railway/airflow_env/lib/python3.10/site-packages/airflow/example_dags/example_xcomargs.py for tasks to queue
[2024-12-13T03:21:06.328-0800] {logging_mixin.py:190} INFO - [2024-12-13T03:21:06.328-0800] {dagbag.py:588} INFO - Filling up the DagBag from /Users/machine/Velocity_railway/airflow_env/lib/python3.10/site-packages/airflow/example_dags/example_xcomargs.py
[2024-12-13T03:21:06.408-0800] {processor.py:925} INFO - DAG(s) 'example_xcom_args', 'example_xcom_args_with_operators' retrieved from /Users/machine/Velocity_railway/airflow_env/lib/python3.10/site-packages/airflow/example_dags/example_xcomargs.py
[2024-12-13T03:21:06.510-0800] {logging_mixin.py:190} INFO - [2024-12-13T03:21:06.509-0800] {dag.py:3239} INFO - Sync 2 DAGs
[2024-12-13T03:21:06.519-0800] {logging_mixin.py:190} INFO - [2024-12-13T03:21:06.519-0800] {dag.py:4180} INFO - Setting next_dagrun for example_xcom_args to None, run_after=None
[2024-12-13T03:21:06.521-0800] {logging_mixin.py:190} INFO - [2024-12-13T03:21:06.521-0800] {dag.py:4180} INFO - Setting next_dagrun for example_xcom_args_with_operators to None, run_after=None
[2024-12-13T03:21:06.553-0800] {processor.py:208} INFO - Processing /Users/machine/Velocity_railway/airflow_env/lib/python3.10/site-packages/airflow/example_dags/example_xcomargs.py took 0.233 seconds
[2024-12-13T03:23:28.107-0800] {processor.py:186} INFO - Started process (PID=84757) to work on /Users/machine/Velocity_railway/airflow_env/lib/python3.10/site-packages/airflow/example_dags/example_xcomargs.py
[2024-12-13T03:23:28.109-0800] {processor.py:914} INFO - Processing file /Users/machine/Velocity_railway/airflow_env/lib/python3.10/site-packages/airflow/example_dags/example_xcomargs.py for tasks to queue
[2024-12-13T03:23:28.111-0800] {logging_mixin.py:190} INFO - [2024-12-13T03:23:28.110-0800] {dagbag.py:588} INFO - Filling up the DagBag from /Users/machine/Velocity_railway/airflow_env/lib/python3.10/site-packages/airflow/example_dags/example_xcomargs.py
[2024-12-13T03:23:28.200-0800] {processor.py:925} INFO - DAG(s) 'example_xcom_args_with_operators', 'example_xcom_args' retrieved from /Users/machine/Velocity_railway/airflow_env/lib/python3.10/site-packages/airflow/example_dags/example_xcomargs.py
[2024-12-13T03:23:28.301-0800] {logging_mixin.py:190} INFO - [2024-12-13T03:23:28.301-0800] {dag.py:3239} INFO - Sync 2 DAGs
[2024-12-13T03:23:28.312-0800] {logging_mixin.py:190} INFO - [2024-12-13T03:23:28.311-0800] {dag.py:4180} INFO - Setting next_dagrun for example_xcom_args to None, run_after=None
[2024-12-13T03:23:28.315-0800] {logging_mixin.py:190} INFO - [2024-12-13T03:23:28.314-0800] {dag.py:4180} INFO - Setting next_dagrun for example_xcom_args_with_operators to None, run_after=None
[2024-12-13T03:23:28.330-0800] {processor.py:208} INFO - Processing /Users/machine/Velocity_railway/airflow_env/lib/python3.10/site-packages/airflow/example_dags/example_xcomargs.py took 0.229 seconds
[2024-12-13T03:25:44.872-0800] {processor.py:186} INFO - Started process (PID=85232) to work on /Users/machine/Velocity_railway/airflow_env/lib/python3.10/site-packages/airflow/example_dags/example_xcomargs.py
[2024-12-13T03:25:44.874-0800] {processor.py:914} INFO - Processing file /Users/machine/Velocity_railway/airflow_env/lib/python3.10/site-packages/airflow/example_dags/example_xcomargs.py for tasks to queue
[2024-12-13T03:25:44.875-0800] {logging_mixin.py:190} INFO - [2024-12-13T03:25:44.875-0800] {dagbag.py:588} INFO - Filling up the DagBag from /Users/machine/Velocity_railway/airflow_env/lib/python3.10/site-packages/airflow/example_dags/example_xcomargs.py
[2024-12-13T03:25:44.961-0800] {processor.py:925} INFO - DAG(s) 'example_xcom_args_with_operators', 'example_xcom_args' retrieved from /Users/machine/Velocity_railway/airflow_env/lib/python3.10/site-packages/airflow/example_dags/example_xcomargs.py
[2024-12-13T03:25:45.065-0800] {logging_mixin.py:190} INFO - [2024-12-13T03:25:45.065-0800] {dag.py:3239} INFO - Sync 2 DAGs
[2024-12-13T03:25:45.075-0800] {logging_mixin.py:190} INFO - [2024-12-13T03:25:45.075-0800] {dag.py:4180} INFO - Setting next_dagrun for example_xcom_args to None, run_after=None
[2024-12-13T03:25:45.077-0800] {logging_mixin.py:190} INFO - [2024-12-13T03:25:45.077-0800] {dag.py:4180} INFO - Setting next_dagrun for example_xcom_args_with_operators to None, run_after=None
[2024-12-13T03:25:45.093-0800] {processor.py:208} INFO - Processing /Users/machine/Velocity_railway/airflow_env/lib/python3.10/site-packages/airflow/example_dags/example_xcomargs.py took 0.226 seconds
[2024-12-13T03:28:00.508-0800] {processor.py:186} INFO - Started process (PID=85702) to work on /Users/machine/Velocity_railway/airflow_env/lib/python3.10/site-packages/airflow/example_dags/example_xcomargs.py
[2024-12-13T03:28:00.510-0800] {processor.py:914} INFO - Processing file /Users/machine/Velocity_railway/airflow_env/lib/python3.10/site-packages/airflow/example_dags/example_xcomargs.py for tasks to queue
[2024-12-13T03:28:00.512-0800] {logging_mixin.py:190} INFO - [2024-12-13T03:28:00.511-0800] {dagbag.py:588} INFO - Filling up the DagBag from /Users/machine/Velocity_railway/airflow_env/lib/python3.10/site-packages/airflow/example_dags/example_xcomargs.py
[2024-12-13T03:28:00.605-0800] {processor.py:925} INFO - DAG(s) 'example_xcom_args', 'example_xcom_args_with_operators' retrieved from /Users/machine/Velocity_railway/airflow_env/lib/python3.10/site-packages/airflow/example_dags/example_xcomargs.py
[2024-12-13T03:28:00.735-0800] {logging_mixin.py:190} INFO - [2024-12-13T03:28:00.735-0800] {dag.py:3239} INFO - Sync 2 DAGs
[2024-12-13T03:28:00.747-0800] {logging_mixin.py:190} INFO - [2024-12-13T03:28:00.747-0800] {dag.py:4180} INFO - Setting next_dagrun for example_xcom_args to None, run_after=None
[2024-12-13T03:28:00.750-0800] {logging_mixin.py:190} INFO - [2024-12-13T03:28:00.750-0800] {dag.py:4180} INFO - Setting next_dagrun for example_xcom_args_with_operators to None, run_after=None
[2024-12-13T03:28:00.770-0800] {processor.py:208} INFO - Processing /Users/machine/Velocity_railway/airflow_env/lib/python3.10/site-packages/airflow/example_dags/example_xcomargs.py took 0.267 seconds
[2024-12-13T03:30:18.206-0800] {processor.py:186} INFO - Started process (PID=86147) to work on /Users/machine/Velocity_railway/airflow_env/lib/python3.10/site-packages/airflow/example_dags/example_xcomargs.py
[2024-12-13T03:30:18.208-0800] {processor.py:914} INFO - Processing file /Users/machine/Velocity_railway/airflow_env/lib/python3.10/site-packages/airflow/example_dags/example_xcomargs.py for tasks to queue
[2024-12-13T03:30:18.210-0800] {logging_mixin.py:190} INFO - [2024-12-13T03:30:18.210-0800] {dagbag.py:588} INFO - Filling up the DagBag from /Users/machine/Velocity_railway/airflow_env/lib/python3.10/site-packages/airflow/example_dags/example_xcomargs.py
[2024-12-13T03:30:18.291-0800] {processor.py:925} INFO - DAG(s) 'example_xcom_args', 'example_xcom_args_with_operators' retrieved from /Users/machine/Velocity_railway/airflow_env/lib/python3.10/site-packages/airflow/example_dags/example_xcomargs.py
[2024-12-13T03:30:18.395-0800] {logging_mixin.py:190} INFO - [2024-12-13T03:30:18.395-0800] {dag.py:3239} INFO - Sync 2 DAGs
[2024-12-13T03:30:18.405-0800] {logging_mixin.py:190} INFO - [2024-12-13T03:30:18.405-0800] {dag.py:4180} INFO - Setting next_dagrun for example_xcom_args to None, run_after=None
[2024-12-13T03:30:18.408-0800] {logging_mixin.py:190} INFO - [2024-12-13T03:30:18.408-0800] {dag.py:4180} INFO - Setting next_dagrun for example_xcom_args_with_operators to None, run_after=None
[2024-12-13T03:30:18.426-0800] {processor.py:208} INFO - Processing /Users/machine/Velocity_railway/airflow_env/lib/python3.10/site-packages/airflow/example_dags/example_xcomargs.py took 0.225 seconds
[2024-12-13T03:32:43.581-0800] {processor.py:186} INFO - Started process (PID=86658) to work on /Users/machine/Velocity_railway/airflow_env/lib/python3.10/site-packages/airflow/example_dags/example_xcomargs.py
[2024-12-13T03:32:43.583-0800] {processor.py:914} INFO - Processing file /Users/machine/Velocity_railway/airflow_env/lib/python3.10/site-packages/airflow/example_dags/example_xcomargs.py for tasks to queue
[2024-12-13T03:32:43.586-0800] {logging_mixin.py:190} INFO - [2024-12-13T03:32:43.585-0800] {dagbag.py:588} INFO - Filling up the DagBag from /Users/machine/Velocity_railway/airflow_env/lib/python3.10/site-packages/airflow/example_dags/example_xcomargs.py
[2024-12-13T03:32:43.690-0800] {processor.py:925} INFO - DAG(s) 'example_xcom_args_with_operators', 'example_xcom_args' retrieved from /Users/machine/Velocity_railway/airflow_env/lib/python3.10/site-packages/airflow/example_dags/example_xcomargs.py
[2024-12-13T03:32:43.813-0800] {logging_mixin.py:190} INFO - [2024-12-13T03:32:43.813-0800] {dag.py:3239} INFO - Sync 2 DAGs
[2024-12-13T03:32:43.824-0800] {logging_mixin.py:190} INFO - [2024-12-13T03:32:43.824-0800] {dag.py:4180} INFO - Setting next_dagrun for example_xcom_args to None, run_after=None
[2024-12-13T03:32:43.827-0800] {logging_mixin.py:190} INFO - [2024-12-13T03:32:43.827-0800] {dag.py:4180} INFO - Setting next_dagrun for example_xcom_args_with_operators to None, run_after=None
[2024-12-13T03:32:43.845-0800] {processor.py:208} INFO - Processing /Users/machine/Velocity_railway/airflow_env/lib/python3.10/site-packages/airflow/example_dags/example_xcomargs.py took 0.271 seconds
[2024-12-13T03:35:10.547-0800] {processor.py:186} INFO - Started process (PID=87254) to work on /Users/machine/Velocity_railway/airflow_env/lib/python3.10/site-packages/airflow/example_dags/example_xcomargs.py
[2024-12-13T03:35:10.549-0800] {processor.py:914} INFO - Processing file /Users/machine/Velocity_railway/airflow_env/lib/python3.10/site-packages/airflow/example_dags/example_xcomargs.py for tasks to queue
[2024-12-13T03:35:10.550-0800] {logging_mixin.py:190} INFO - [2024-12-13T03:35:10.550-0800] {dagbag.py:588} INFO - Filling up the DagBag from /Users/machine/Velocity_railway/airflow_env/lib/python3.10/site-packages/airflow/example_dags/example_xcomargs.py
[2024-12-13T03:35:10.640-0800] {processor.py:925} INFO - DAG(s) 'example_xcom_args_with_operators', 'example_xcom_args' retrieved from /Users/machine/Velocity_railway/airflow_env/lib/python3.10/site-packages/airflow/example_dags/example_xcomargs.py
[2024-12-13T03:35:10.754-0800] {logging_mixin.py:190} INFO - [2024-12-13T03:35:10.754-0800] {dag.py:3239} INFO - Sync 2 DAGs
[2024-12-13T03:35:10.766-0800] {logging_mixin.py:190} INFO - [2024-12-13T03:35:10.765-0800] {dag.py:4180} INFO - Setting next_dagrun for example_xcom_args to None, run_after=None
[2024-12-13T03:35:10.769-0800] {logging_mixin.py:190} INFO - [2024-12-13T03:35:10.769-0800] {dag.py:4180} INFO - Setting next_dagrun for example_xcom_args_with_operators to None, run_after=None
[2024-12-13T03:35:10.785-0800] {processor.py:208} INFO - Processing /Users/machine/Velocity_railway/airflow_env/lib/python3.10/site-packages/airflow/example_dags/example_xcomargs.py took 0.244 seconds
[2024-12-13T03:37:36.860-0800] {processor.py:186} INFO - Started process (PID=87744) to work on /Users/machine/Velocity_railway/airflow_env/lib/python3.10/site-packages/airflow/example_dags/example_xcomargs.py
[2024-12-13T03:37:36.863-0800] {processor.py:914} INFO - Processing file /Users/machine/Velocity_railway/airflow_env/lib/python3.10/site-packages/airflow/example_dags/example_xcomargs.py for tasks to queue
[2024-12-13T03:37:36.865-0800] {logging_mixin.py:190} INFO - [2024-12-13T03:37:36.864-0800] {dagbag.py:588} INFO - Filling up the DagBag from /Users/machine/Velocity_railway/airflow_env/lib/python3.10/site-packages/airflow/example_dags/example_xcomargs.py
[2024-12-13T03:37:36.973-0800] {processor.py:925} INFO - DAG(s) 'example_xcom_args', 'example_xcom_args_with_operators' retrieved from /Users/machine/Velocity_railway/airflow_env/lib/python3.10/site-packages/airflow/example_dags/example_xcomargs.py
[2024-12-13T03:37:37.093-0800] {logging_mixin.py:190} INFO - [2024-12-13T03:37:37.093-0800] {dag.py:3239} INFO - Sync 2 DAGs
[2024-12-13T03:37:37.104-0800] {logging_mixin.py:190} INFO - [2024-12-13T03:37:37.103-0800] {dag.py:4180} INFO - Setting next_dagrun for example_xcom_args to None, run_after=None
[2024-12-13T03:37:37.106-0800] {logging_mixin.py:190} INFO - [2024-12-13T03:37:37.106-0800] {dag.py:4180} INFO - Setting next_dagrun for example_xcom_args_with_operators to None, run_after=None
[2024-12-13T03:37:37.123-0800] {processor.py:208} INFO - Processing /Users/machine/Velocity_railway/airflow_env/lib/python3.10/site-packages/airflow/example_dags/example_xcomargs.py took 0.269 seconds
[2024-12-13T03:40:02.213-0800] {processor.py:186} INFO - Started process (PID=88220) to work on /Users/machine/Velocity_railway/airflow_env/lib/python3.10/site-packages/airflow/example_dags/example_xcomargs.py
[2024-12-13T03:40:02.215-0800] {processor.py:914} INFO - Processing file /Users/machine/Velocity_railway/airflow_env/lib/python3.10/site-packages/airflow/example_dags/example_xcomargs.py for tasks to queue
[2024-12-13T03:40:02.217-0800] {logging_mixin.py:190} INFO - [2024-12-13T03:40:02.217-0800] {dagbag.py:588} INFO - Filling up the DagBag from /Users/machine/Velocity_railway/airflow_env/lib/python3.10/site-packages/airflow/example_dags/example_xcomargs.py
[2024-12-13T03:40:02.302-0800] {processor.py:925} INFO - DAG(s) 'example_xcom_args_with_operators', 'example_xcom_args' retrieved from /Users/machine/Velocity_railway/airflow_env/lib/python3.10/site-packages/airflow/example_dags/example_xcomargs.py
[2024-12-13T03:40:02.418-0800] {logging_mixin.py:190} INFO - [2024-12-13T03:40:02.417-0800] {dag.py:3239} INFO - Sync 2 DAGs
[2024-12-13T03:40:02.428-0800] {logging_mixin.py:190} INFO - [2024-12-13T03:40:02.428-0800] {dag.py:4180} INFO - Setting next_dagrun for example_xcom_args to None, run_after=None
[2024-12-13T03:40:02.431-0800] {logging_mixin.py:190} INFO - [2024-12-13T03:40:02.431-0800] {dag.py:4180} INFO - Setting next_dagrun for example_xcom_args_with_operators to None, run_after=None
[2024-12-13T03:40:02.448-0800] {processor.py:208} INFO - Processing /Users/machine/Velocity_railway/airflow_env/lib/python3.10/site-packages/airflow/example_dags/example_xcomargs.py took 0.242 seconds
[2024-12-13T03:42:13.750-0800] {processor.py:186} INFO - Started process (PID=88678) to work on /Users/machine/Velocity_railway/airflow_env/lib/python3.10/site-packages/airflow/example_dags/example_xcomargs.py
[2024-12-13T03:42:13.751-0800] {processor.py:914} INFO - Processing file /Users/machine/Velocity_railway/airflow_env/lib/python3.10/site-packages/airflow/example_dags/example_xcomargs.py for tasks to queue
[2024-12-13T03:42:13.752-0800] {logging_mixin.py:190} INFO - [2024-12-13T03:42:13.752-0800] {dagbag.py:588} INFO - Filling up the DagBag from /Users/machine/Velocity_railway/airflow_env/lib/python3.10/site-packages/airflow/example_dags/example_xcomargs.py
[2024-12-13T03:42:13.840-0800] {processor.py:925} INFO - DAG(s) 'example_xcom_args', 'example_xcom_args_with_operators' retrieved from /Users/machine/Velocity_railway/airflow_env/lib/python3.10/site-packages/airflow/example_dags/example_xcomargs.py
[2024-12-13T03:42:13.943-0800] {logging_mixin.py:190} INFO - [2024-12-13T03:42:13.942-0800] {dag.py:3239} INFO - Sync 2 DAGs
[2024-12-13T03:42:13.953-0800] {logging_mixin.py:190} INFO - [2024-12-13T03:42:13.953-0800] {dag.py:4180} INFO - Setting next_dagrun for example_xcom_args to None, run_after=None
[2024-12-13T03:42:13.956-0800] {logging_mixin.py:190} INFO - [2024-12-13T03:42:13.955-0800] {dag.py:4180} INFO - Setting next_dagrun for example_xcom_args_with_operators to None, run_after=None
[2024-12-13T03:42:13.971-0800] {processor.py:208} INFO - Processing /Users/machine/Velocity_railway/airflow_env/lib/python3.10/site-packages/airflow/example_dags/example_xcomargs.py took 0.228 seconds
[2024-12-13T03:44:27.326-0800] {processor.py:186} INFO - Started process (PID=89140) to work on /Users/machine/Velocity_railway/airflow_env/lib/python3.10/site-packages/airflow/example_dags/example_xcomargs.py
[2024-12-13T03:44:27.328-0800] {processor.py:914} INFO - Processing file /Users/machine/Velocity_railway/airflow_env/lib/python3.10/site-packages/airflow/example_dags/example_xcomargs.py for tasks to queue
[2024-12-13T03:44:27.329-0800] {logging_mixin.py:190} INFO - [2024-12-13T03:44:27.329-0800] {dagbag.py:588} INFO - Filling up the DagBag from /Users/machine/Velocity_railway/airflow_env/lib/python3.10/site-packages/airflow/example_dags/example_xcomargs.py
[2024-12-13T03:44:27.425-0800] {processor.py:925} INFO - DAG(s) 'example_xcom_args_with_operators', 'example_xcom_args' retrieved from /Users/machine/Velocity_railway/airflow_env/lib/python3.10/site-packages/airflow/example_dags/example_xcomargs.py
[2024-12-13T03:44:27.545-0800] {logging_mixin.py:190} INFO - [2024-12-13T03:44:27.545-0800] {dag.py:3239} INFO - Sync 2 DAGs
[2024-12-13T03:44:27.557-0800] {logging_mixin.py:190} INFO - [2024-12-13T03:44:27.556-0800] {dag.py:4180} INFO - Setting next_dagrun for example_xcom_args to None, run_after=None
[2024-12-13T03:44:27.560-0800] {logging_mixin.py:190} INFO - [2024-12-13T03:44:27.559-0800] {dag.py:4180} INFO - Setting next_dagrun for example_xcom_args_with_operators to None, run_after=None
[2024-12-13T03:44:27.576-0800] {processor.py:208} INFO - Processing /Users/machine/Velocity_railway/airflow_env/lib/python3.10/site-packages/airflow/example_dags/example_xcomargs.py took 0.256 seconds
[2024-12-13T03:46:42.481-0800] {processor.py:186} INFO - Started process (PID=89589) to work on /Users/machine/Velocity_railway/airflow_env/lib/python3.10/site-packages/airflow/example_dags/example_xcomargs.py
[2024-12-13T03:46:42.483-0800] {processor.py:914} INFO - Processing file /Users/machine/Velocity_railway/airflow_env/lib/python3.10/site-packages/airflow/example_dags/example_xcomargs.py for tasks to queue
[2024-12-13T03:46:42.484-0800] {logging_mixin.py:190} INFO - [2024-12-13T03:46:42.484-0800] {dagbag.py:588} INFO - Filling up the DagBag from /Users/machine/Velocity_railway/airflow_env/lib/python3.10/site-packages/airflow/example_dags/example_xcomargs.py
[2024-12-13T03:46:42.572-0800] {processor.py:925} INFO - DAG(s) 'example_xcom_args_with_operators', 'example_xcom_args' retrieved from /Users/machine/Velocity_railway/airflow_env/lib/python3.10/site-packages/airflow/example_dags/example_xcomargs.py
[2024-12-13T03:46:42.679-0800] {logging_mixin.py:190} INFO - [2024-12-13T03:46:42.679-0800] {dag.py:3239} INFO - Sync 2 DAGs
[2024-12-13T03:46:42.689-0800] {logging_mixin.py:190} INFO - [2024-12-13T03:46:42.689-0800] {dag.py:4180} INFO - Setting next_dagrun for example_xcom_args to None, run_after=None
[2024-12-13T03:46:42.692-0800] {logging_mixin.py:190} INFO - [2024-12-13T03:46:42.691-0800] {dag.py:4180} INFO - Setting next_dagrun for example_xcom_args_with_operators to None, run_after=None
[2024-12-13T03:46:42.707-0800] {processor.py:208} INFO - Processing /Users/machine/Velocity_railway/airflow_env/lib/python3.10/site-packages/airflow/example_dags/example_xcomargs.py took 0.232 seconds
[2024-12-13T03:48:55.953-0800] {processor.py:186} INFO - Started process (PID=90057) to work on /Users/machine/Velocity_railway/airflow_env/lib/python3.10/site-packages/airflow/example_dags/example_xcomargs.py
[2024-12-13T03:48:55.956-0800] {processor.py:914} INFO - Processing file /Users/machine/Velocity_railway/airflow_env/lib/python3.10/site-packages/airflow/example_dags/example_xcomargs.py for tasks to queue
[2024-12-13T03:48:55.957-0800] {logging_mixin.py:190} INFO - [2024-12-13T03:48:55.957-0800] {dagbag.py:588} INFO - Filling up the DagBag from /Users/machine/Velocity_railway/airflow_env/lib/python3.10/site-packages/airflow/example_dags/example_xcomargs.py
[2024-12-13T03:48:56.048-0800] {processor.py:925} INFO - DAG(s) 'example_xcom_args', 'example_xcom_args_with_operators' retrieved from /Users/machine/Velocity_railway/airflow_env/lib/python3.10/site-packages/airflow/example_dags/example_xcomargs.py
[2024-12-13T03:48:56.153-0800] {logging_mixin.py:190} INFO - [2024-12-13T03:48:56.153-0800] {dag.py:3239} INFO - Sync 2 DAGs
[2024-12-13T03:48:56.163-0800] {logging_mixin.py:190} INFO - [2024-12-13T03:48:56.163-0800] {dag.py:4180} INFO - Setting next_dagrun for example_xcom_args to None, run_after=None
[2024-12-13T03:48:56.166-0800] {logging_mixin.py:190} INFO - [2024-12-13T03:48:56.166-0800] {dag.py:4180} INFO - Setting next_dagrun for example_xcom_args_with_operators to None, run_after=None
[2024-12-13T03:48:56.183-0800] {processor.py:208} INFO - Processing /Users/machine/Velocity_railway/airflow_env/lib/python3.10/site-packages/airflow/example_dags/example_xcomargs.py took 0.236 seconds
[2024-12-13T03:51:14.079-0800] {processor.py:186} INFO - Started process (PID=90540) to work on /Users/machine/Velocity_railway/airflow_env/lib/python3.10/site-packages/airflow/example_dags/example_xcomargs.py
[2024-12-13T03:51:14.081-0800] {processor.py:914} INFO - Processing file /Users/machine/Velocity_railway/airflow_env/lib/python3.10/site-packages/airflow/example_dags/example_xcomargs.py for tasks to queue
[2024-12-13T03:51:14.082-0800] {logging_mixin.py:190} INFO - [2024-12-13T03:51:14.082-0800] {dagbag.py:588} INFO - Filling up the DagBag from /Users/machine/Velocity_railway/airflow_env/lib/python3.10/site-packages/airflow/example_dags/example_xcomargs.py
[2024-12-13T03:51:14.168-0800] {processor.py:925} INFO - DAG(s) 'example_xcom_args', 'example_xcom_args_with_operators' retrieved from /Users/machine/Velocity_railway/airflow_env/lib/python3.10/site-packages/airflow/example_dags/example_xcomargs.py
[2024-12-13T03:51:14.278-0800] {logging_mixin.py:190} INFO - [2024-12-13T03:51:14.278-0800] {dag.py:3239} INFO - Sync 2 DAGs
[2024-12-13T03:51:14.288-0800] {logging_mixin.py:190} INFO - [2024-12-13T03:51:14.288-0800] {dag.py:4180} INFO - Setting next_dagrun for example_xcom_args to None, run_after=None
[2024-12-13T03:51:14.291-0800] {logging_mixin.py:190} INFO - [2024-12-13T03:51:14.290-0800] {dag.py:4180} INFO - Setting next_dagrun for example_xcom_args_with_operators to None, run_after=None
[2024-12-13T03:51:14.306-0800] {processor.py:208} INFO - Processing /Users/machine/Velocity_railway/airflow_env/lib/python3.10/site-packages/airflow/example_dags/example_xcomargs.py took 0.233 seconds
[2024-12-13T03:53:33.239-0800] {processor.py:186} INFO - Started process (PID=91014) to work on /Users/machine/Velocity_railway/airflow_env/lib/python3.10/site-packages/airflow/example_dags/example_xcomargs.py
[2024-12-13T03:53:33.241-0800] {processor.py:914} INFO - Processing file /Users/machine/Velocity_railway/airflow_env/lib/python3.10/site-packages/airflow/example_dags/example_xcomargs.py for tasks to queue
[2024-12-13T03:53:33.242-0800] {logging_mixin.py:190} INFO - [2024-12-13T03:53:33.242-0800] {dagbag.py:588} INFO - Filling up the DagBag from /Users/machine/Velocity_railway/airflow_env/lib/python3.10/site-packages/airflow/example_dags/example_xcomargs.py
[2024-12-13T03:53:33.339-0800] {processor.py:925} INFO - DAG(s) 'example_xcom_args_with_operators', 'example_xcom_args' retrieved from /Users/machine/Velocity_railway/airflow_env/lib/python3.10/site-packages/airflow/example_dags/example_xcomargs.py
[2024-12-13T03:53:33.449-0800] {logging_mixin.py:190} INFO - [2024-12-13T03:53:33.448-0800] {dag.py:3239} INFO - Sync 2 DAGs
[2024-12-13T03:53:33.459-0800] {logging_mixin.py:190} INFO - [2024-12-13T03:53:33.459-0800] {dag.py:4180} INFO - Setting next_dagrun for example_xcom_args to None, run_after=None
[2024-12-13T03:53:33.462-0800] {logging_mixin.py:190} INFO - [2024-12-13T03:53:33.462-0800] {dag.py:4180} INFO - Setting next_dagrun for example_xcom_args_with_operators to None, run_after=None
[2024-12-13T03:53:33.479-0800] {processor.py:208} INFO - Processing /Users/machine/Velocity_railway/airflow_env/lib/python3.10/site-packages/airflow/example_dags/example_xcomargs.py took 0.246 seconds
[2024-12-13T03:55:55.860-0800] {processor.py:186} INFO - Started process (PID=91559) to work on /Users/machine/Velocity_railway/airflow_env/lib/python3.10/site-packages/airflow/example_dags/example_xcomargs.py
[2024-12-13T03:55:55.863-0800] {processor.py:914} INFO - Processing file /Users/machine/Velocity_railway/airflow_env/lib/python3.10/site-packages/airflow/example_dags/example_xcomargs.py for tasks to queue
[2024-12-13T03:55:55.865-0800] {logging_mixin.py:190} INFO - [2024-12-13T03:55:55.865-0800] {dagbag.py:588} INFO - Filling up the DagBag from /Users/machine/Velocity_railway/airflow_env/lib/python3.10/site-packages/airflow/example_dags/example_xcomargs.py
[2024-12-13T03:55:55.968-0800] {processor.py:925} INFO - DAG(s) 'example_xcom_args_with_operators', 'example_xcom_args' retrieved from /Users/machine/Velocity_railway/airflow_env/lib/python3.10/site-packages/airflow/example_dags/example_xcomargs.py
[2024-12-13T03:55:56.106-0800] {logging_mixin.py:190} INFO - [2024-12-13T03:55:56.106-0800] {dag.py:3239} INFO - Sync 2 DAGs
[2024-12-13T03:55:56.119-0800] {logging_mixin.py:190} INFO - [2024-12-13T03:55:56.119-0800] {dag.py:4180} INFO - Setting next_dagrun for example_xcom_args to None, run_after=None
[2024-12-13T03:55:56.123-0800] {logging_mixin.py:190} INFO - [2024-12-13T03:55:56.122-0800] {dag.py:4180} INFO - Setting next_dagrun for example_xcom_args_with_operators to None, run_after=None
[2024-12-13T03:55:56.143-0800] {processor.py:208} INFO - Processing /Users/machine/Velocity_railway/airflow_env/lib/python3.10/site-packages/airflow/example_dags/example_xcomargs.py took 0.291 seconds
[2024-12-13T03:58:26.446-0800] {processor.py:186} INFO - Started process (PID=92228) to work on /Users/machine/Velocity_railway/airflow_env/lib/python3.10/site-packages/airflow/example_dags/example_xcomargs.py
[2024-12-13T03:58:26.447-0800] {processor.py:914} INFO - Processing file /Users/machine/Velocity_railway/airflow_env/lib/python3.10/site-packages/airflow/example_dags/example_xcomargs.py for tasks to queue
[2024-12-13T03:58:26.448-0800] {logging_mixin.py:190} INFO - [2024-12-13T03:58:26.448-0800] {dagbag.py:588} INFO - Filling up the DagBag from /Users/machine/Velocity_railway/airflow_env/lib/python3.10/site-packages/airflow/example_dags/example_xcomargs.py
[2024-12-13T03:58:26.549-0800] {processor.py:925} INFO - DAG(s) 'example_xcom_args_with_operators', 'example_xcom_args' retrieved from /Users/machine/Velocity_railway/airflow_env/lib/python3.10/site-packages/airflow/example_dags/example_xcomargs.py
[2024-12-13T03:58:26.684-0800] {logging_mixin.py:190} INFO - [2024-12-13T03:58:26.683-0800] {dag.py:3239} INFO - Sync 2 DAGs
[2024-12-13T03:58:26.695-0800] {logging_mixin.py:190} INFO - [2024-12-13T03:58:26.695-0800] {dag.py:4180} INFO - Setting next_dagrun for example_xcom_args to None, run_after=None
[2024-12-13T03:58:26.698-0800] {logging_mixin.py:190} INFO - [2024-12-13T03:58:26.698-0800] {dag.py:4180} INFO - Setting next_dagrun for example_xcom_args_with_operators to None, run_after=None
[2024-12-13T03:58:26.718-0800] {processor.py:208} INFO - Processing /Users/machine/Velocity_railway/airflow_env/lib/python3.10/site-packages/airflow/example_dags/example_xcomargs.py took 0.279 seconds
[2024-12-13T04:00:54.836-0800] {processor.py:186} INFO - Started process (PID=92873) to work on /Users/machine/Velocity_railway/airflow_env/lib/python3.10/site-packages/airflow/example_dags/example_xcomargs.py
[2024-12-13T04:00:54.837-0800] {processor.py:914} INFO - Processing file /Users/machine/Velocity_railway/airflow_env/lib/python3.10/site-packages/airflow/example_dags/example_xcomargs.py for tasks to queue
[2024-12-13T04:00:54.839-0800] {logging_mixin.py:190} INFO - [2024-12-13T04:00:54.838-0800] {dagbag.py:588} INFO - Filling up the DagBag from /Users/machine/Velocity_railway/airflow_env/lib/python3.10/site-packages/airflow/example_dags/example_xcomargs.py
[2024-12-13T04:00:54.927-0800] {processor.py:925} INFO - DAG(s) 'example_xcom_args', 'example_xcom_args_with_operators' retrieved from /Users/machine/Velocity_railway/airflow_env/lib/python3.10/site-packages/airflow/example_dags/example_xcomargs.py
[2024-12-13T04:00:55.047-0800] {logging_mixin.py:190} INFO - [2024-12-13T04:00:55.046-0800] {dag.py:3239} INFO - Sync 2 DAGs
[2024-12-13T04:00:55.058-0800] {logging_mixin.py:190} INFO - [2024-12-13T04:00:55.057-0800] {dag.py:4180} INFO - Setting next_dagrun for example_xcom_args to None, run_after=None
[2024-12-13T04:00:55.061-0800] {logging_mixin.py:190} INFO - [2024-12-13T04:00:55.061-0800] {dag.py:4180} INFO - Setting next_dagrun for example_xcom_args_with_operators to None, run_after=None
[2024-12-13T04:00:55.079-0800] {processor.py:208} INFO - Processing /Users/machine/Velocity_railway/airflow_env/lib/python3.10/site-packages/airflow/example_dags/example_xcomargs.py took 0.250 seconds
[2024-12-13T05:52:07.078-0800] {processor.py:186} INFO - Started process (PID=93740) to work on /Users/machine/Velocity_railway/airflow_env/lib/python3.10/site-packages/airflow/example_dags/example_xcomargs.py
[2024-12-13T05:52:07.081-0800] {processor.py:914} INFO - Processing file /Users/machine/Velocity_railway/airflow_env/lib/python3.10/site-packages/airflow/example_dags/example_xcomargs.py for tasks to queue
[2024-12-13T05:52:07.082-0800] {logging_mixin.py:190} INFO - [2024-12-13T05:52:07.082-0800] {dagbag.py:588} INFO - Filling up the DagBag from /Users/machine/Velocity_railway/airflow_env/lib/python3.10/site-packages/airflow/example_dags/example_xcomargs.py
[2024-12-13T05:52:07.168-0800] {processor.py:925} INFO - DAG(s) 'example_xcom_args_with_operators', 'example_xcom_args' retrieved from /Users/machine/Velocity_railway/airflow_env/lib/python3.10/site-packages/airflow/example_dags/example_xcomargs.py
[2024-12-13T05:52:07.287-0800] {logging_mixin.py:190} INFO - [2024-12-13T05:52:07.286-0800] {dag.py:3239} INFO - Sync 2 DAGs
[2024-12-13T05:52:07.298-0800] {logging_mixin.py:190} INFO - [2024-12-13T05:52:07.298-0800] {dag.py:4180} INFO - Setting next_dagrun for example_xcom_args to None, run_after=None
[2024-12-13T05:52:07.301-0800] {logging_mixin.py:190} INFO - [2024-12-13T05:52:07.300-0800] {dag.py:4180} INFO - Setting next_dagrun for example_xcom_args_with_operators to None, run_after=None
[2024-12-13T05:52:07.319-0800] {processor.py:208} INFO - Processing /Users/machine/Velocity_railway/airflow_env/lib/python3.10/site-packages/airflow/example_dags/example_xcomargs.py took 0.246 seconds
