[2024-12-13T03:09:49.910-0800] {processor.py:186} INFO - Started process (PID=82009) to work on /Users/machine/Velocity_railway/airflow_env/lib/python3.10/site-packages/airflow/example_dags/example_outlet_event_extra.py
[2024-12-13T03:09:49.912-0800] {processor.py:914} INFO - Processing file /Users/machine/Velocity_railway/airflow_env/lib/python3.10/site-packages/airflow/example_dags/example_outlet_event_extra.py for tasks to queue
[2024-12-13T03:09:49.913-0800] {logging_mixin.py:190} INFO - [2024-12-13T03:09:49.913-0800] {dagbag.py:588} INFO - Filling up the DagBag from /Users/machine/Velocity_railway/airflow_env/lib/python3.10/site-packages/airflow/example_dags/example_outlet_event_extra.py
[2024-12-13T03:09:50.067-0800] {processor.py:925} INFO - DAG(s) 'dataset_with_extra_by_yield', 'dataset_with_extra_from_classic_operator', 'dataset_with_extra_by_context' retrieved from /Users/machine/Velocity_railway/airflow_env/lib/python3.10/site-packages/airflow/example_dags/example_outlet_event_extra.py
[2024-12-13T03:09:50.270-0800] {logging_mixin.py:190} INFO - [2024-12-13T03:09:50.270-0800] {override.py:1911} INFO - Created Permission View: can edit on DAG:dataset_with_extra_by_yield
[2024-12-13T03:09:50.281-0800] {logging_mixin.py:190} INFO - [2024-12-13T03:09:50.280-0800] {override.py:1911} INFO - Created Permission View: can read on DAG:dataset_with_extra_by_yield
[2024-12-13T03:09:50.286-0800] {logging_mixin.py:190} INFO - [2024-12-13T03:09:50.286-0800] {override.py:1911} INFO - Created Permission View: can delete on DAG:dataset_with_extra_by_yield
[2024-12-13T03:09:50.295-0800] {logging_mixin.py:190} INFO - [2024-12-13T03:09:50.295-0800] {override.py:1911} INFO - Created Permission View: can create on DAG Run:dataset_with_extra_by_yield
[2024-12-13T03:09:50.300-0800] {logging_mixin.py:190} INFO - [2024-12-13T03:09:50.300-0800] {override.py:1911} INFO - Created Permission View: menu access on DAG Run:dataset_with_extra_by_yield
[2024-12-13T03:09:50.306-0800] {logging_mixin.py:190} INFO - [2024-12-13T03:09:50.306-0800] {override.py:1911} INFO - Created Permission View: can read on DAG Run:dataset_with_extra_by_yield
[2024-12-13T03:09:50.313-0800] {logging_mixin.py:190} INFO - [2024-12-13T03:09:50.313-0800] {override.py:1911} INFO - Created Permission View: can delete on DAG Run:dataset_with_extra_by_yield
[2024-12-13T03:09:50.326-0800] {logging_mixin.py:190} INFO - [2024-12-13T03:09:50.326-0800] {override.py:1911} INFO - Created Permission View: can edit on DAG:dataset_with_extra_from_classic_operator
[2024-12-13T03:09:50.332-0800] {logging_mixin.py:190} INFO - [2024-12-13T03:09:50.332-0800] {override.py:1911} INFO - Created Permission View: can read on DAG:dataset_with_extra_from_classic_operator
[2024-12-13T03:09:50.338-0800] {logging_mixin.py:190} INFO - [2024-12-13T03:09:50.337-0800] {override.py:1911} INFO - Created Permission View: can delete on DAG:dataset_with_extra_from_classic_operator
[2024-12-13T03:09:50.347-0800] {logging_mixin.py:190} INFO - [2024-12-13T03:09:50.346-0800] {override.py:1911} INFO - Created Permission View: can create on DAG Run:dataset_with_extra_from_classic_operator
[2024-12-13T03:09:50.352-0800] {logging_mixin.py:190} INFO - [2024-12-13T03:09:50.352-0800] {override.py:1911} INFO - Created Permission View: menu access on DAG Run:dataset_with_extra_from_classic_operator
[2024-12-13T03:09:50.359-0800] {logging_mixin.py:190} INFO - [2024-12-13T03:09:50.359-0800] {override.py:1911} INFO - Created Permission View: can read on DAG Run:dataset_with_extra_from_classic_operator
[2024-12-13T03:09:50.365-0800] {logging_mixin.py:190} INFO - [2024-12-13T03:09:50.364-0800] {override.py:1911} INFO - Created Permission View: can delete on DAG Run:dataset_with_extra_from_classic_operator
[2024-12-13T03:09:50.376-0800] {logging_mixin.py:190} INFO - [2024-12-13T03:09:50.376-0800] {override.py:1911} INFO - Created Permission View: can edit on DAG:dataset_with_extra_by_context
[2024-12-13T03:09:50.383-0800] {logging_mixin.py:190} INFO - [2024-12-13T03:09:50.382-0800] {override.py:1911} INFO - Created Permission View: can read on DAG:dataset_with_extra_by_context
[2024-12-13T03:09:50.388-0800] {logging_mixin.py:190} INFO - [2024-12-13T03:09:50.388-0800] {override.py:1911} INFO - Created Permission View: can delete on DAG:dataset_with_extra_by_context
[2024-12-13T03:09:50.396-0800] {logging_mixin.py:190} INFO - [2024-12-13T03:09:50.396-0800] {override.py:1911} INFO - Created Permission View: can create on DAG Run:dataset_with_extra_by_context
[2024-12-13T03:09:50.402-0800] {logging_mixin.py:190} INFO - [2024-12-13T03:09:50.401-0800] {override.py:1911} INFO - Created Permission View: menu access on DAG Run:dataset_with_extra_by_context
[2024-12-13T03:09:50.408-0800] {logging_mixin.py:190} INFO - [2024-12-13T03:09:50.408-0800] {override.py:1911} INFO - Created Permission View: can read on DAG Run:dataset_with_extra_by_context
[2024-12-13T03:09:50.415-0800] {logging_mixin.py:190} INFO - [2024-12-13T03:09:50.415-0800] {override.py:1911} INFO - Created Permission View: can delete on DAG Run:dataset_with_extra_by_context
[2024-12-13T03:09:50.415-0800] {logging_mixin.py:190} INFO - [2024-12-13T03:09:50.415-0800] {dag.py:3239} INFO - Sync 3 DAGs
[2024-12-13T03:09:50.427-0800] {logging_mixin.py:190} INFO - [2024-12-13T03:09:50.427-0800] {dag.py:3262} INFO - Creating ORM DAG for dataset_with_extra_by_context
[2024-12-13T03:09:50.428-0800] {logging_mixin.py:190} INFO - [2024-12-13T03:09:50.428-0800] {dag.py:3262} INFO - Creating ORM DAG for dataset_with_extra_from_classic_operator
[2024-12-13T03:09:50.428-0800] {logging_mixin.py:190} INFO - [2024-12-13T03:09:50.428-0800] {dag.py:3262} INFO - Creating ORM DAG for dataset_with_extra_by_yield
[2024-12-13T03:09:50.437-0800] {logging_mixin.py:190} INFO - [2024-12-13T03:09:50.437-0800] {dag.py:4180} INFO - Setting next_dagrun for dataset_with_extra_by_context to 2024-12-12 00:00:00+00:00, run_after=2024-12-13 00:00:00+00:00
[2024-12-13T03:09:50.440-0800] {logging_mixin.py:190} INFO - [2024-12-13T03:09:50.440-0800] {dag.py:4180} INFO - Setting next_dagrun for dataset_with_extra_by_yield to 2024-12-12 00:00:00+00:00, run_after=2024-12-13 00:00:00+00:00
[2024-12-13T03:09:50.442-0800] {logging_mixin.py:190} INFO - [2024-12-13T03:09:50.442-0800] {dag.py:4180} INFO - Setting next_dagrun for dataset_with_extra_from_classic_operator to 2024-12-12 00:00:00+00:00, run_after=2024-12-13 00:00:00+00:00
[2024-12-13T03:09:50.462-0800] {logging_mixin.py:190} INFO - [2024-12-13T03:09:50.462-0800] {workday.py:41} WARNING - Could not import pandas. Holidays will not be considered.
[2024-12-13T03:09:50.478-0800] {processor.py:208} INFO - Processing /Users/machine/Velocity_railway/airflow_env/lib/python3.10/site-packages/airflow/example_dags/example_outlet_event_extra.py took 0.574 seconds
[2024-12-13T03:12:51.991-0800] {processor.py:186} INFO - Started process (PID=82602) to work on /Users/machine/Velocity_railway/airflow_env/lib/python3.10/site-packages/airflow/example_dags/example_outlet_event_extra.py
[2024-12-13T03:12:51.993-0800] {processor.py:914} INFO - Processing file /Users/machine/Velocity_railway/airflow_env/lib/python3.10/site-packages/airflow/example_dags/example_outlet_event_extra.py for tasks to queue
[2024-12-13T03:12:51.995-0800] {logging_mixin.py:190} INFO - [2024-12-13T03:12:51.994-0800] {dagbag.py:588} INFO - Filling up the DagBag from /Users/machine/Velocity_railway/airflow_env/lib/python3.10/site-packages/airflow/example_dags/example_outlet_event_extra.py
[2024-12-13T03:12:52.157-0800] {processor.py:925} INFO - DAG(s) 'dataset_with_extra_from_classic_operator', 'dataset_with_extra_by_yield', 'dataset_with_extra_by_context' retrieved from /Users/machine/Velocity_railway/airflow_env/lib/python3.10/site-packages/airflow/example_dags/example_outlet_event_extra.py
[2024-12-13T03:12:52.280-0800] {logging_mixin.py:190} INFO - [2024-12-13T03:12:52.280-0800] {dag.py:3239} INFO - Sync 3 DAGs
[2024-12-13T03:12:52.306-0800] {logging_mixin.py:190} INFO - [2024-12-13T03:12:52.306-0800] {dag.py:4180} INFO - Setting next_dagrun for dataset_with_extra_by_context to 2024-12-12 00:00:00+00:00, run_after=2024-12-13 00:00:00+00:00
[2024-12-13T03:12:52.311-0800] {logging_mixin.py:190} INFO - [2024-12-13T03:12:52.311-0800] {dag.py:4180} INFO - Setting next_dagrun for dataset_with_extra_by_yield to 2024-12-12 00:00:00+00:00, run_after=2024-12-13 00:00:00+00:00
[2024-12-13T03:12:52.313-0800] {logging_mixin.py:190} INFO - [2024-12-13T03:12:52.313-0800] {dag.py:4180} INFO - Setting next_dagrun for dataset_with_extra_from_classic_operator to 2024-12-12 00:00:00+00:00, run_after=2024-12-13 00:00:00+00:00
[2024-12-13T03:12:52.335-0800] {processor.py:208} INFO - Processing /Users/machine/Velocity_railway/airflow_env/lib/python3.10/site-packages/airflow/example_dags/example_outlet_event_extra.py took 0.350 seconds
[2024-12-13T03:15:23.260-0800] {processor.py:186} INFO - Started process (PID=83107) to work on /Users/machine/Velocity_railway/airflow_env/lib/python3.10/site-packages/airflow/example_dags/example_outlet_event_extra.py
[2024-12-13T03:15:23.262-0800] {processor.py:914} INFO - Processing file /Users/machine/Velocity_railway/airflow_env/lib/python3.10/site-packages/airflow/example_dags/example_outlet_event_extra.py for tasks to queue
[2024-12-13T03:15:23.264-0800] {logging_mixin.py:190} INFO - [2024-12-13T03:15:23.263-0800] {dagbag.py:588} INFO - Filling up the DagBag from /Users/machine/Velocity_railway/airflow_env/lib/python3.10/site-packages/airflow/example_dags/example_outlet_event_extra.py
[2024-12-13T03:15:23.391-0800] {processor.py:925} INFO - DAG(s) 'dataset_with_extra_by_context', 'dataset_with_extra_by_yield', 'dataset_with_extra_from_classic_operator' retrieved from /Users/machine/Velocity_railway/airflow_env/lib/python3.10/site-packages/airflow/example_dags/example_outlet_event_extra.py
[2024-12-13T03:15:23.511-0800] {logging_mixin.py:190} INFO - [2024-12-13T03:15:23.511-0800] {dag.py:3239} INFO - Sync 3 DAGs
[2024-12-13T03:15:23.533-0800] {logging_mixin.py:190} INFO - [2024-12-13T03:15:23.533-0800] {dag.py:4180} INFO - Setting next_dagrun for dataset_with_extra_by_context to 2024-12-12 00:00:00+00:00, run_after=2024-12-13 00:00:00+00:00
[2024-12-13T03:15:23.539-0800] {logging_mixin.py:190} INFO - [2024-12-13T03:15:23.538-0800] {dag.py:4180} INFO - Setting next_dagrun for dataset_with_extra_by_yield to 2024-12-12 00:00:00+00:00, run_after=2024-12-13 00:00:00+00:00
[2024-12-13T03:15:23.541-0800] {logging_mixin.py:190} INFO - [2024-12-13T03:15:23.541-0800] {dag.py:4180} INFO - Setting next_dagrun for dataset_with_extra_from_classic_operator to 2024-12-12 00:00:00+00:00, run_after=2024-12-13 00:00:00+00:00
[2024-12-13T03:15:23.561-0800] {processor.py:208} INFO - Processing /Users/machine/Velocity_railway/airflow_env/lib/python3.10/site-packages/airflow/example_dags/example_outlet_event_extra.py took 0.307 seconds
[2024-12-13T03:17:43.955-0800] {processor.py:186} INFO - Started process (PID=83574) to work on /Users/machine/Velocity_railway/airflow_env/lib/python3.10/site-packages/airflow/example_dags/example_outlet_event_extra.py
[2024-12-13T03:17:43.956-0800] {processor.py:914} INFO - Processing file /Users/machine/Velocity_railway/airflow_env/lib/python3.10/site-packages/airflow/example_dags/example_outlet_event_extra.py for tasks to queue
[2024-12-13T03:17:43.957-0800] {logging_mixin.py:190} INFO - [2024-12-13T03:17:43.957-0800] {dagbag.py:588} INFO - Filling up the DagBag from /Users/machine/Velocity_railway/airflow_env/lib/python3.10/site-packages/airflow/example_dags/example_outlet_event_extra.py
[2024-12-13T03:17:44.108-0800] {processor.py:925} INFO - DAG(s) 'dataset_with_extra_from_classic_operator', 'dataset_with_extra_by_yield', 'dataset_with_extra_by_context' retrieved from /Users/machine/Velocity_railway/airflow_env/lib/python3.10/site-packages/airflow/example_dags/example_outlet_event_extra.py
[2024-12-13T03:17:44.234-0800] {logging_mixin.py:190} INFO - [2024-12-13T03:17:44.233-0800] {dag.py:3239} INFO - Sync 3 DAGs
[2024-12-13T03:17:44.252-0800] {logging_mixin.py:190} INFO - [2024-12-13T03:17:44.252-0800] {dag.py:4180} INFO - Setting next_dagrun for dataset_with_extra_by_context to 2024-12-12 00:00:00+00:00, run_after=2024-12-13 00:00:00+00:00
[2024-12-13T03:17:44.256-0800] {logging_mixin.py:190} INFO - [2024-12-13T03:17:44.256-0800] {dag.py:4180} INFO - Setting next_dagrun for dataset_with_extra_by_yield to 2024-12-12 00:00:00+00:00, run_after=2024-12-13 00:00:00+00:00
[2024-12-13T03:17:44.258-0800] {logging_mixin.py:190} INFO - [2024-12-13T03:17:44.258-0800] {dag.py:4180} INFO - Setting next_dagrun for dataset_with_extra_from_classic_operator to 2024-12-12 00:00:00+00:00, run_after=2024-12-13 00:00:00+00:00
[2024-12-13T03:17:44.277-0800] {processor.py:208} INFO - Processing /Users/machine/Velocity_railway/airflow_env/lib/python3.10/site-packages/airflow/example_dags/example_outlet_event_extra.py took 0.328 seconds
[2024-12-13T03:19:58.898-0800] {processor.py:186} INFO - Started process (PID=84047) to work on /Users/machine/Velocity_railway/airflow_env/lib/python3.10/site-packages/airflow/example_dags/example_outlet_event_extra.py
[2024-12-13T03:19:58.899-0800] {processor.py:914} INFO - Processing file /Users/machine/Velocity_railway/airflow_env/lib/python3.10/site-packages/airflow/example_dags/example_outlet_event_extra.py for tasks to queue
[2024-12-13T03:19:58.900-0800] {logging_mixin.py:190} INFO - [2024-12-13T03:19:58.900-0800] {dagbag.py:588} INFO - Filling up the DagBag from /Users/machine/Velocity_railway/airflow_env/lib/python3.10/site-packages/airflow/example_dags/example_outlet_event_extra.py
[2024-12-13T03:19:59.026-0800] {processor.py:925} INFO - DAG(s) 'dataset_with_extra_by_yield', 'dataset_with_extra_from_classic_operator', 'dataset_with_extra_by_context' retrieved from /Users/machine/Velocity_railway/airflow_env/lib/python3.10/site-packages/airflow/example_dags/example_outlet_event_extra.py
[2024-12-13T03:19:59.131-0800] {logging_mixin.py:190} INFO - [2024-12-13T03:19:59.131-0800] {dag.py:3239} INFO - Sync 3 DAGs
[2024-12-13T03:19:59.152-0800] {logging_mixin.py:190} INFO - [2024-12-13T03:19:59.152-0800] {dag.py:4180} INFO - Setting next_dagrun for dataset_with_extra_by_context to 2024-12-12 00:00:00+00:00, run_after=2024-12-13 00:00:00+00:00
[2024-12-13T03:19:59.156-0800] {logging_mixin.py:190} INFO - [2024-12-13T03:19:59.156-0800] {dag.py:4180} INFO - Setting next_dagrun for dataset_with_extra_by_yield to 2024-12-12 00:00:00+00:00, run_after=2024-12-13 00:00:00+00:00
[2024-12-13T03:19:59.158-0800] {logging_mixin.py:190} INFO - [2024-12-13T03:19:59.158-0800] {dag.py:4180} INFO - Setting next_dagrun for dataset_with_extra_from_classic_operator to 2024-12-12 00:00:00+00:00, run_after=2024-12-13 00:00:00+00:00
[2024-12-13T03:19:59.176-0800] {processor.py:208} INFO - Processing /Users/machine/Velocity_railway/airflow_env/lib/python3.10/site-packages/airflow/example_dags/example_outlet_event_extra.py took 0.284 seconds
[2024-12-13T03:22:10.754-0800] {processor.py:186} INFO - Started process (PID=84508) to work on /Users/machine/Velocity_railway/airflow_env/lib/python3.10/site-packages/airflow/example_dags/example_outlet_event_extra.py
[2024-12-13T03:22:10.756-0800] {processor.py:914} INFO - Processing file /Users/machine/Velocity_railway/airflow_env/lib/python3.10/site-packages/airflow/example_dags/example_outlet_event_extra.py for tasks to queue
[2024-12-13T03:22:10.757-0800] {logging_mixin.py:190} INFO - [2024-12-13T03:22:10.757-0800] {dagbag.py:588} INFO - Filling up the DagBag from /Users/machine/Velocity_railway/airflow_env/lib/python3.10/site-packages/airflow/example_dags/example_outlet_event_extra.py
[2024-12-13T03:22:10.881-0800] {processor.py:925} INFO - DAG(s) 'dataset_with_extra_by_context', 'dataset_with_extra_by_yield', 'dataset_with_extra_from_classic_operator' retrieved from /Users/machine/Velocity_railway/airflow_env/lib/python3.10/site-packages/airflow/example_dags/example_outlet_event_extra.py
[2024-12-13T03:22:10.998-0800] {logging_mixin.py:190} INFO - [2024-12-13T03:22:10.998-0800] {dag.py:3239} INFO - Sync 3 DAGs
[2024-12-13T03:22:11.018-0800] {logging_mixin.py:190} INFO - [2024-12-13T03:22:11.018-0800] {dag.py:4180} INFO - Setting next_dagrun for dataset_with_extra_by_context to 2024-12-12 00:00:00+00:00, run_after=2024-12-13 00:00:00+00:00
[2024-12-13T03:22:11.023-0800] {logging_mixin.py:190} INFO - [2024-12-13T03:22:11.023-0800] {dag.py:4180} INFO - Setting next_dagrun for dataset_with_extra_by_yield to 2024-12-12 00:00:00+00:00, run_after=2024-12-13 00:00:00+00:00
[2024-12-13T03:22:11.025-0800] {logging_mixin.py:190} INFO - [2024-12-13T03:22:11.025-0800] {dag.py:4180} INFO - Setting next_dagrun for dataset_with_extra_from_classic_operator to 2024-12-12 00:00:00+00:00, run_after=2024-12-13 00:00:00+00:00
[2024-12-13T03:22:11.045-0800] {processor.py:208} INFO - Processing /Users/machine/Velocity_railway/airflow_env/lib/python3.10/site-packages/airflow/example_dags/example_outlet_event_extra.py took 0.297 seconds
[2024-12-13T03:24:30.029-0800] {processor.py:186} INFO - Started process (PID=84972) to work on /Users/machine/Velocity_railway/airflow_env/lib/python3.10/site-packages/airflow/example_dags/example_outlet_event_extra.py
[2024-12-13T03:24:30.031-0800] {processor.py:914} INFO - Processing file /Users/machine/Velocity_railway/airflow_env/lib/python3.10/site-packages/airflow/example_dags/example_outlet_event_extra.py for tasks to queue
[2024-12-13T03:24:30.032-0800] {logging_mixin.py:190} INFO - [2024-12-13T03:24:30.032-0800] {dagbag.py:588} INFO - Filling up the DagBag from /Users/machine/Velocity_railway/airflow_env/lib/python3.10/site-packages/airflow/example_dags/example_outlet_event_extra.py
[2024-12-13T03:24:30.177-0800] {processor.py:925} INFO - DAG(s) 'dataset_with_extra_by_yield', 'dataset_with_extra_from_classic_operator', 'dataset_with_extra_by_context' retrieved from /Users/machine/Velocity_railway/airflow_env/lib/python3.10/site-packages/airflow/example_dags/example_outlet_event_extra.py
[2024-12-13T03:24:30.299-0800] {logging_mixin.py:190} INFO - [2024-12-13T03:24:30.299-0800] {dag.py:3239} INFO - Sync 3 DAGs
[2024-12-13T03:24:30.322-0800] {logging_mixin.py:190} INFO - [2024-12-13T03:24:30.322-0800] {dag.py:4180} INFO - Setting next_dagrun for dataset_with_extra_by_context to 2024-12-12 00:00:00+00:00, run_after=2024-12-13 00:00:00+00:00
[2024-12-13T03:24:30.327-0800] {logging_mixin.py:190} INFO - [2024-12-13T03:24:30.326-0800] {dag.py:4180} INFO - Setting next_dagrun for dataset_with_extra_by_yield to 2024-12-12 00:00:00+00:00, run_after=2024-12-13 00:00:00+00:00
[2024-12-13T03:24:30.329-0800] {logging_mixin.py:190} INFO - [2024-12-13T03:24:30.329-0800] {dag.py:4180} INFO - Setting next_dagrun for dataset_with_extra_from_classic_operator to 2024-12-12 00:00:00+00:00, run_after=2024-12-13 00:00:00+00:00
[2024-12-13T03:24:30.347-0800] {processor.py:208} INFO - Processing /Users/machine/Velocity_railway/airflow_env/lib/python3.10/site-packages/airflow/example_dags/example_outlet_event_extra.py took 0.323 seconds
[2024-12-13T03:26:48.768-0800] {processor.py:186} INFO - Started process (PID=85446) to work on /Users/machine/Velocity_railway/airflow_env/lib/python3.10/site-packages/airflow/example_dags/example_outlet_event_extra.py
[2024-12-13T03:26:48.771-0800] {processor.py:914} INFO - Processing file /Users/machine/Velocity_railway/airflow_env/lib/python3.10/site-packages/airflow/example_dags/example_outlet_event_extra.py for tasks to queue
[2024-12-13T03:26:48.776-0800] {logging_mixin.py:190} INFO - [2024-12-13T03:26:48.775-0800] {dagbag.py:588} INFO - Filling up the DagBag from /Users/machine/Velocity_railway/airflow_env/lib/python3.10/site-packages/airflow/example_dags/example_outlet_event_extra.py
[2024-12-13T03:26:48.892-0800] {processor.py:925} INFO - DAG(s) 'dataset_with_extra_from_classic_operator', 'dataset_with_extra_by_yield', 'dataset_with_extra_by_context' retrieved from /Users/machine/Velocity_railway/airflow_env/lib/python3.10/site-packages/airflow/example_dags/example_outlet_event_extra.py
[2024-12-13T03:26:48.995-0800] {logging_mixin.py:190} INFO - [2024-12-13T03:26:48.995-0800] {dag.py:3239} INFO - Sync 3 DAGs
[2024-12-13T03:26:49.015-0800] {logging_mixin.py:190} INFO - [2024-12-13T03:26:49.015-0800] {dag.py:4180} INFO - Setting next_dagrun for dataset_with_extra_by_context to 2024-12-12 00:00:00+00:00, run_after=2024-12-13 00:00:00+00:00
[2024-12-13T03:26:49.019-0800] {logging_mixin.py:190} INFO - [2024-12-13T03:26:49.019-0800] {dag.py:4180} INFO - Setting next_dagrun for dataset_with_extra_by_yield to 2024-12-12 00:00:00+00:00, run_after=2024-12-13 00:00:00+00:00
[2024-12-13T03:26:49.022-0800] {logging_mixin.py:190} INFO - [2024-12-13T03:26:49.021-0800] {dag.py:4180} INFO - Setting next_dagrun for dataset_with_extra_from_classic_operator to 2024-12-12 00:00:00+00:00, run_after=2024-12-13 00:00:00+00:00
[2024-12-13T03:26:49.041-0800] {processor.py:208} INFO - Processing /Users/machine/Velocity_railway/airflow_env/lib/python3.10/site-packages/airflow/example_dags/example_outlet_event_extra.py took 0.279 seconds
[2024-12-13T03:29:07.887-0800] {processor.py:186} INFO - Started process (PID=85915) to work on /Users/machine/Velocity_railway/airflow_env/lib/python3.10/site-packages/airflow/example_dags/example_outlet_event_extra.py
[2024-12-13T03:29:07.888-0800] {processor.py:914} INFO - Processing file /Users/machine/Velocity_railway/airflow_env/lib/python3.10/site-packages/airflow/example_dags/example_outlet_event_extra.py for tasks to queue
[2024-12-13T03:29:07.889-0800] {logging_mixin.py:190} INFO - [2024-12-13T03:29:07.889-0800] {dagbag.py:588} INFO - Filling up the DagBag from /Users/machine/Velocity_railway/airflow_env/lib/python3.10/site-packages/airflow/example_dags/example_outlet_event_extra.py
[2024-12-13T03:29:08.051-0800] {processor.py:925} INFO - DAG(s) 'dataset_with_extra_by_yield', 'dataset_with_extra_by_context', 'dataset_with_extra_from_classic_operator' retrieved from /Users/machine/Velocity_railway/airflow_env/lib/python3.10/site-packages/airflow/example_dags/example_outlet_event_extra.py
[2024-12-13T03:29:08.163-0800] {logging_mixin.py:190} INFO - [2024-12-13T03:29:08.163-0800] {dag.py:3239} INFO - Sync 3 DAGs
[2024-12-13T03:29:08.182-0800] {logging_mixin.py:190} INFO - [2024-12-13T03:29:08.181-0800] {dag.py:4180} INFO - Setting next_dagrun for dataset_with_extra_by_context to 2024-12-12 00:00:00+00:00, run_after=2024-12-13 00:00:00+00:00
[2024-12-13T03:29:08.186-0800] {logging_mixin.py:190} INFO - [2024-12-13T03:29:08.185-0800] {dag.py:4180} INFO - Setting next_dagrun for dataset_with_extra_by_yield to 2024-12-12 00:00:00+00:00, run_after=2024-12-13 00:00:00+00:00
[2024-12-13T03:29:08.188-0800] {logging_mixin.py:190} INFO - [2024-12-13T03:29:08.188-0800] {dag.py:4180} INFO - Setting next_dagrun for dataset_with_extra_from_classic_operator to 2024-12-12 00:00:00+00:00, run_after=2024-12-13 00:00:00+00:00
[2024-12-13T03:29:08.206-0800] {processor.py:208} INFO - Processing /Users/machine/Velocity_railway/airflow_env/lib/python3.10/site-packages/airflow/example_dags/example_outlet_event_extra.py took 0.325 seconds
[2024-12-13T03:31:29.058-0800] {processor.py:186} INFO - Started process (PID=86377) to work on /Users/machine/Velocity_railway/airflow_env/lib/python3.10/site-packages/airflow/example_dags/example_outlet_event_extra.py
[2024-12-13T03:31:29.060-0800] {processor.py:914} INFO - Processing file /Users/machine/Velocity_railway/airflow_env/lib/python3.10/site-packages/airflow/example_dags/example_outlet_event_extra.py for tasks to queue
[2024-12-13T03:31:29.062-0800] {logging_mixin.py:190} INFO - [2024-12-13T03:31:29.062-0800] {dagbag.py:588} INFO - Filling up the DagBag from /Users/machine/Velocity_railway/airflow_env/lib/python3.10/site-packages/airflow/example_dags/example_outlet_event_extra.py
[2024-12-13T03:31:29.198-0800] {processor.py:925} INFO - DAG(s) 'dataset_with_extra_by_yield', 'dataset_with_extra_by_context', 'dataset_with_extra_from_classic_operator' retrieved from /Users/machine/Velocity_railway/airflow_env/lib/python3.10/site-packages/airflow/example_dags/example_outlet_event_extra.py
[2024-12-13T03:31:29.325-0800] {logging_mixin.py:190} INFO - [2024-12-13T03:31:29.325-0800] {dag.py:3239} INFO - Sync 3 DAGs
[2024-12-13T03:31:29.346-0800] {logging_mixin.py:190} INFO - [2024-12-13T03:31:29.346-0800] {dag.py:4180} INFO - Setting next_dagrun for dataset_with_extra_by_context to 2024-12-12 00:00:00+00:00, run_after=2024-12-13 00:00:00+00:00
[2024-12-13T03:31:29.351-0800] {logging_mixin.py:190} INFO - [2024-12-13T03:31:29.350-0800] {dag.py:4180} INFO - Setting next_dagrun for dataset_with_extra_by_yield to 2024-12-12 00:00:00+00:00, run_after=2024-12-13 00:00:00+00:00
[2024-12-13T03:31:29.353-0800] {logging_mixin.py:190} INFO - [2024-12-13T03:31:29.353-0800] {dag.py:4180} INFO - Setting next_dagrun for dataset_with_extra_from_classic_operator to 2024-12-12 00:00:00+00:00, run_after=2024-12-13 00:00:00+00:00
[2024-12-13T03:31:29.374-0800] {processor.py:208} INFO - Processing /Users/machine/Velocity_railway/airflow_env/lib/python3.10/site-packages/airflow/example_dags/example_outlet_event_extra.py took 0.322 seconds
[2024-12-13T03:33:49.621-0800] {processor.py:186} INFO - Started process (PID=86907) to work on /Users/machine/Velocity_railway/airflow_env/lib/python3.10/site-packages/airflow/example_dags/example_outlet_event_extra.py
[2024-12-13T03:33:49.622-0800] {processor.py:914} INFO - Processing file /Users/machine/Velocity_railway/airflow_env/lib/python3.10/site-packages/airflow/example_dags/example_outlet_event_extra.py for tasks to queue
[2024-12-13T03:33:49.624-0800] {logging_mixin.py:190} INFO - [2024-12-13T03:33:49.624-0800] {dagbag.py:588} INFO - Filling up the DagBag from /Users/machine/Velocity_railway/airflow_env/lib/python3.10/site-packages/airflow/example_dags/example_outlet_event_extra.py
[2024-12-13T03:33:49.821-0800] {processor.py:925} INFO - DAG(s) 'dataset_with_extra_from_classic_operator', 'dataset_with_extra_by_context', 'dataset_with_extra_by_yield' retrieved from /Users/machine/Velocity_railway/airflow_env/lib/python3.10/site-packages/airflow/example_dags/example_outlet_event_extra.py
[2024-12-13T03:33:49.937-0800] {logging_mixin.py:190} INFO - [2024-12-13T03:33:49.936-0800] {dag.py:3239} INFO - Sync 3 DAGs
[2024-12-13T03:33:49.956-0800] {logging_mixin.py:190} INFO - [2024-12-13T03:33:49.956-0800] {dag.py:4180} INFO - Setting next_dagrun for dataset_with_extra_by_context to 2024-12-12 00:00:00+00:00, run_after=2024-12-13 00:00:00+00:00
[2024-12-13T03:33:49.960-0800] {logging_mixin.py:190} INFO - [2024-12-13T03:33:49.960-0800] {dag.py:4180} INFO - Setting next_dagrun for dataset_with_extra_by_yield to 2024-12-12 00:00:00+00:00, run_after=2024-12-13 00:00:00+00:00
[2024-12-13T03:33:49.962-0800] {logging_mixin.py:190} INFO - [2024-12-13T03:33:49.962-0800] {dag.py:4180} INFO - Setting next_dagrun for dataset_with_extra_from_classic_operator to 2024-12-12 00:00:00+00:00, run_after=2024-12-13 00:00:00+00:00
[2024-12-13T03:33:49.981-0800] {processor.py:208} INFO - Processing /Users/machine/Velocity_railway/airflow_env/lib/python3.10/site-packages/airflow/example_dags/example_outlet_event_extra.py took 0.366 seconds
[2024-12-13T03:36:16.953-0800] {processor.py:186} INFO - Started process (PID=87488) to work on /Users/machine/Velocity_railway/airflow_env/lib/python3.10/site-packages/airflow/example_dags/example_outlet_event_extra.py
[2024-12-13T03:36:16.955-0800] {processor.py:914} INFO - Processing file /Users/machine/Velocity_railway/airflow_env/lib/python3.10/site-packages/airflow/example_dags/example_outlet_event_extra.py for tasks to queue
[2024-12-13T03:36:16.956-0800] {logging_mixin.py:190} INFO - [2024-12-13T03:36:16.956-0800] {dagbag.py:588} INFO - Filling up the DagBag from /Users/machine/Velocity_railway/airflow_env/lib/python3.10/site-packages/airflow/example_dags/example_outlet_event_extra.py
[2024-12-13T03:36:17.091-0800] {processor.py:925} INFO - DAG(s) 'dataset_with_extra_from_classic_operator', 'dataset_with_extra_by_yield', 'dataset_with_extra_by_context' retrieved from /Users/machine/Velocity_railway/airflow_env/lib/python3.10/site-packages/airflow/example_dags/example_outlet_event_extra.py
[2024-12-13T03:36:17.214-0800] {logging_mixin.py:190} INFO - [2024-12-13T03:36:17.214-0800] {dag.py:3239} INFO - Sync 3 DAGs
[2024-12-13T03:36:17.235-0800] {logging_mixin.py:190} INFO - [2024-12-13T03:36:17.234-0800] {dag.py:4180} INFO - Setting next_dagrun for dataset_with_extra_by_context to 2024-12-12 00:00:00+00:00, run_after=2024-12-13 00:00:00+00:00
[2024-12-13T03:36:17.239-0800] {logging_mixin.py:190} INFO - [2024-12-13T03:36:17.239-0800] {dag.py:4180} INFO - Setting next_dagrun for dataset_with_extra_by_yield to 2024-12-12 00:00:00+00:00, run_after=2024-12-13 00:00:00+00:00
[2024-12-13T03:36:17.242-0800] {logging_mixin.py:190} INFO - [2024-12-13T03:36:17.242-0800] {dag.py:4180} INFO - Setting next_dagrun for dataset_with_extra_from_classic_operator to 2024-12-12 00:00:00+00:00, run_after=2024-12-13 00:00:00+00:00
[2024-12-13T03:36:17.262-0800] {processor.py:208} INFO - Processing /Users/machine/Velocity_railway/airflow_env/lib/python3.10/site-packages/airflow/example_dags/example_outlet_event_extra.py took 0.315 seconds
[2024-12-13T03:38:48.752-0800] {processor.py:186} INFO - Started process (PID=87971) to work on /Users/machine/Velocity_railway/airflow_env/lib/python3.10/site-packages/airflow/example_dags/example_outlet_event_extra.py
[2024-12-13T03:38:48.754-0800] {processor.py:914} INFO - Processing file /Users/machine/Velocity_railway/airflow_env/lib/python3.10/site-packages/airflow/example_dags/example_outlet_event_extra.py for tasks to queue
[2024-12-13T03:38:48.755-0800] {logging_mixin.py:190} INFO - [2024-12-13T03:38:48.755-0800] {dagbag.py:588} INFO - Filling up the DagBag from /Users/machine/Velocity_railway/airflow_env/lib/python3.10/site-packages/airflow/example_dags/example_outlet_event_extra.py
[2024-12-13T03:38:48.938-0800] {processor.py:925} INFO - DAG(s) 'dataset_with_extra_by_yield', 'dataset_with_extra_by_context', 'dataset_with_extra_from_classic_operator' retrieved from /Users/machine/Velocity_railway/airflow_env/lib/python3.10/site-packages/airflow/example_dags/example_outlet_event_extra.py
[2024-12-13T03:38:49.100-0800] {logging_mixin.py:190} INFO - [2024-12-13T03:38:49.100-0800] {dag.py:3239} INFO - Sync 3 DAGs
[2024-12-13T03:38:49.126-0800] {logging_mixin.py:190} INFO - [2024-12-13T03:38:49.125-0800] {dag.py:4180} INFO - Setting next_dagrun for dataset_with_extra_by_context to 2024-12-12 00:00:00+00:00, run_after=2024-12-13 00:00:00+00:00
[2024-12-13T03:38:49.131-0800] {logging_mixin.py:190} INFO - [2024-12-13T03:38:49.131-0800] {dag.py:4180} INFO - Setting next_dagrun for dataset_with_extra_by_yield to 2024-12-12 00:00:00+00:00, run_after=2024-12-13 00:00:00+00:00
[2024-12-13T03:38:49.134-0800] {logging_mixin.py:190} INFO - [2024-12-13T03:38:49.134-0800] {dag.py:4180} INFO - Setting next_dagrun for dataset_with_extra_from_classic_operator to 2024-12-12 00:00:00+00:00, run_after=2024-12-13 00:00:00+00:00
[2024-12-13T03:38:49.160-0800] {processor.py:208} INFO - Processing /Users/machine/Velocity_railway/airflow_env/lib/python3.10/site-packages/airflow/example_dags/example_outlet_event_extra.py took 0.415 seconds
[2024-12-13T03:41:06.086-0800] {processor.py:186} INFO - Started process (PID=88453) to work on /Users/machine/Velocity_railway/airflow_env/lib/python3.10/site-packages/airflow/example_dags/example_outlet_event_extra.py
[2024-12-13T03:41:06.087-0800] {processor.py:914} INFO - Processing file /Users/machine/Velocity_railway/airflow_env/lib/python3.10/site-packages/airflow/example_dags/example_outlet_event_extra.py for tasks to queue
[2024-12-13T03:41:06.088-0800] {logging_mixin.py:190} INFO - [2024-12-13T03:41:06.088-0800] {dagbag.py:588} INFO - Filling up the DagBag from /Users/machine/Velocity_railway/airflow_env/lib/python3.10/site-packages/airflow/example_dags/example_outlet_event_extra.py
[2024-12-13T03:41:06.198-0800] {processor.py:925} INFO - DAG(s) 'dataset_with_extra_by_yield', 'dataset_with_extra_from_classic_operator', 'dataset_with_extra_by_context' retrieved from /Users/machine/Velocity_railway/airflow_env/lib/python3.10/site-packages/airflow/example_dags/example_outlet_event_extra.py
[2024-12-13T03:41:06.301-0800] {logging_mixin.py:190} INFO - [2024-12-13T03:41:06.301-0800] {dag.py:3239} INFO - Sync 3 DAGs
[2024-12-13T03:41:06.319-0800] {logging_mixin.py:190} INFO - [2024-12-13T03:41:06.319-0800] {dag.py:4180} INFO - Setting next_dagrun for dataset_with_extra_by_context to 2024-12-12 00:00:00+00:00, run_after=2024-12-13 00:00:00+00:00
[2024-12-13T03:41:06.323-0800] {logging_mixin.py:190} INFO - [2024-12-13T03:41:06.323-0800] {dag.py:4180} INFO - Setting next_dagrun for dataset_with_extra_by_yield to 2024-12-12 00:00:00+00:00, run_after=2024-12-13 00:00:00+00:00
[2024-12-13T03:41:06.325-0800] {logging_mixin.py:190} INFO - [2024-12-13T03:41:06.325-0800] {dag.py:4180} INFO - Setting next_dagrun for dataset_with_extra_from_classic_operator to 2024-12-12 00:00:00+00:00, run_after=2024-12-13 00:00:00+00:00
[2024-12-13T03:41:06.343-0800] {processor.py:208} INFO - Processing /Users/machine/Velocity_railway/airflow_env/lib/python3.10/site-packages/airflow/example_dags/example_outlet_event_extra.py took 0.262 seconds
[2024-12-13T03:43:17.966-0800] {processor.py:186} INFO - Started process (PID=88901) to work on /Users/machine/Velocity_railway/airflow_env/lib/python3.10/site-packages/airflow/example_dags/example_outlet_event_extra.py
[2024-12-13T03:43:17.968-0800] {processor.py:914} INFO - Processing file /Users/machine/Velocity_railway/airflow_env/lib/python3.10/site-packages/airflow/example_dags/example_outlet_event_extra.py for tasks to queue
[2024-12-13T03:43:17.970-0800] {logging_mixin.py:190} INFO - [2024-12-13T03:43:17.970-0800] {dagbag.py:588} INFO - Filling up the DagBag from /Users/machine/Velocity_railway/airflow_env/lib/python3.10/site-packages/airflow/example_dags/example_outlet_event_extra.py
[2024-12-13T03:43:18.094-0800] {processor.py:925} INFO - DAG(s) 'dataset_with_extra_by_yield', 'dataset_with_extra_by_context', 'dataset_with_extra_from_classic_operator' retrieved from /Users/machine/Velocity_railway/airflow_env/lib/python3.10/site-packages/airflow/example_dags/example_outlet_event_extra.py
[2024-12-13T03:43:18.197-0800] {logging_mixin.py:190} INFO - [2024-12-13T03:43:18.197-0800] {dag.py:3239} INFO - Sync 3 DAGs
[2024-12-13T03:43:18.215-0800] {logging_mixin.py:190} INFO - [2024-12-13T03:43:18.214-0800] {dag.py:4180} INFO - Setting next_dagrun for dataset_with_extra_by_context to 2024-12-12 00:00:00+00:00, run_after=2024-12-13 00:00:00+00:00
[2024-12-13T03:43:18.219-0800] {logging_mixin.py:190} INFO - [2024-12-13T03:43:18.219-0800] {dag.py:4180} INFO - Setting next_dagrun for dataset_with_extra_by_yield to 2024-12-12 00:00:00+00:00, run_after=2024-12-13 00:00:00+00:00
[2024-12-13T03:43:18.222-0800] {logging_mixin.py:190} INFO - [2024-12-13T03:43:18.221-0800] {dag.py:4180} INFO - Setting next_dagrun for dataset_with_extra_from_classic_operator to 2024-12-12 00:00:00+00:00, run_after=2024-12-13 00:00:00+00:00
[2024-12-13T03:43:18.240-0800] {processor.py:208} INFO - Processing /Users/machine/Velocity_railway/airflow_env/lib/python3.10/site-packages/airflow/example_dags/example_outlet_event_extra.py took 0.279 seconds
[2024-12-13T03:45:35.110-0800] {processor.py:186} INFO - Started process (PID=89364) to work on /Users/machine/Velocity_railway/airflow_env/lib/python3.10/site-packages/airflow/example_dags/example_outlet_event_extra.py
[2024-12-13T03:45:35.113-0800] {processor.py:914} INFO - Processing file /Users/machine/Velocity_railway/airflow_env/lib/python3.10/site-packages/airflow/example_dags/example_outlet_event_extra.py for tasks to queue
[2024-12-13T03:45:35.114-0800] {logging_mixin.py:190} INFO - [2024-12-13T03:45:35.114-0800] {dagbag.py:588} INFO - Filling up the DagBag from /Users/machine/Velocity_railway/airflow_env/lib/python3.10/site-packages/airflow/example_dags/example_outlet_event_extra.py
[2024-12-13T03:45:35.244-0800] {processor.py:925} INFO - DAG(s) 'dataset_with_extra_by_context', 'dataset_with_extra_from_classic_operator', 'dataset_with_extra_by_yield' retrieved from /Users/machine/Velocity_railway/airflow_env/lib/python3.10/site-packages/airflow/example_dags/example_outlet_event_extra.py
[2024-12-13T03:45:35.359-0800] {logging_mixin.py:190} INFO - [2024-12-13T03:45:35.359-0800] {dag.py:3239} INFO - Sync 3 DAGs
[2024-12-13T03:45:35.379-0800] {logging_mixin.py:190} INFO - [2024-12-13T03:45:35.379-0800] {dag.py:4180} INFO - Setting next_dagrun for dataset_with_extra_by_context to 2024-12-12 00:00:00+00:00, run_after=2024-12-13 00:00:00+00:00
[2024-12-13T03:45:35.383-0800] {logging_mixin.py:190} INFO - [2024-12-13T03:45:35.383-0800] {dag.py:4180} INFO - Setting next_dagrun for dataset_with_extra_by_yield to 2024-12-12 00:00:00+00:00, run_after=2024-12-13 00:00:00+00:00
[2024-12-13T03:45:35.385-0800] {logging_mixin.py:190} INFO - [2024-12-13T03:45:35.385-0800] {dag.py:4180} INFO - Setting next_dagrun for dataset_with_extra_from_classic_operator to 2024-12-12 00:00:00+00:00, run_after=2024-12-13 00:00:00+00:00
[2024-12-13T03:45:35.407-0800] {processor.py:208} INFO - Processing /Users/machine/Velocity_railway/airflow_env/lib/python3.10/site-packages/airflow/example_dags/example_outlet_event_extra.py took 0.304 seconds
[2024-12-13T03:47:44.307-0800] {processor.py:186} INFO - Started process (PID=89794) to work on /Users/machine/Velocity_railway/airflow_env/lib/python3.10/site-packages/airflow/example_dags/example_outlet_event_extra.py
[2024-12-13T03:47:44.309-0800] {processor.py:914} INFO - Processing file /Users/machine/Velocity_railway/airflow_env/lib/python3.10/site-packages/airflow/example_dags/example_outlet_event_extra.py for tasks to queue
[2024-12-13T03:47:44.311-0800] {logging_mixin.py:190} INFO - [2024-12-13T03:47:44.310-0800] {dagbag.py:588} INFO - Filling up the DagBag from /Users/machine/Velocity_railway/airflow_env/lib/python3.10/site-packages/airflow/example_dags/example_outlet_event_extra.py
[2024-12-13T03:47:44.446-0800] {processor.py:925} INFO - DAG(s) 'dataset_with_extra_by_yield', 'dataset_with_extra_by_context', 'dataset_with_extra_from_classic_operator' retrieved from /Users/machine/Velocity_railway/airflow_env/lib/python3.10/site-packages/airflow/example_dags/example_outlet_event_extra.py
[2024-12-13T03:47:44.555-0800] {logging_mixin.py:190} INFO - [2024-12-13T03:47:44.555-0800] {dag.py:3239} INFO - Sync 3 DAGs
[2024-12-13T03:47:44.575-0800] {logging_mixin.py:190} INFO - [2024-12-13T03:47:44.575-0800] {dag.py:4180} INFO - Setting next_dagrun for dataset_with_extra_by_context to 2024-12-12 00:00:00+00:00, run_after=2024-12-13 00:00:00+00:00
[2024-12-13T03:47:44.579-0800] {logging_mixin.py:190} INFO - [2024-12-13T03:47:44.579-0800] {dag.py:4180} INFO - Setting next_dagrun for dataset_with_extra_by_yield to 2024-12-12 00:00:00+00:00, run_after=2024-12-13 00:00:00+00:00
[2024-12-13T03:47:44.582-0800] {logging_mixin.py:190} INFO - [2024-12-13T03:47:44.582-0800] {dag.py:4180} INFO - Setting next_dagrun for dataset_with_extra_from_classic_operator to 2024-12-12 00:00:00+00:00, run_after=2024-12-13 00:00:00+00:00
[2024-12-13T03:47:44.600-0800] {processor.py:208} INFO - Processing /Users/machine/Velocity_railway/airflow_env/lib/python3.10/site-packages/airflow/example_dags/example_outlet_event_extra.py took 0.300 seconds
[2024-12-13T03:50:00.605-0800] {processor.py:186} INFO - Started process (PID=90298) to work on /Users/machine/Velocity_railway/airflow_env/lib/python3.10/site-packages/airflow/example_dags/example_outlet_event_extra.py
[2024-12-13T03:50:00.607-0800] {processor.py:914} INFO - Processing file /Users/machine/Velocity_railway/airflow_env/lib/python3.10/site-packages/airflow/example_dags/example_outlet_event_extra.py for tasks to queue
[2024-12-13T03:50:00.609-0800] {logging_mixin.py:190} INFO - [2024-12-13T03:50:00.609-0800] {dagbag.py:588} INFO - Filling up the DagBag from /Users/machine/Velocity_railway/airflow_env/lib/python3.10/site-packages/airflow/example_dags/example_outlet_event_extra.py
[2024-12-13T03:50:00.747-0800] {processor.py:925} INFO - DAG(s) 'dataset_with_extra_by_context', 'dataset_with_extra_from_classic_operator', 'dataset_with_extra_by_yield' retrieved from /Users/machine/Velocity_railway/airflow_env/lib/python3.10/site-packages/airflow/example_dags/example_outlet_event_extra.py
[2024-12-13T03:50:00.857-0800] {logging_mixin.py:190} INFO - [2024-12-13T03:50:00.857-0800] {dag.py:3239} INFO - Sync 3 DAGs
[2024-12-13T03:50:00.877-0800] {logging_mixin.py:190} INFO - [2024-12-13T03:50:00.876-0800] {dag.py:4180} INFO - Setting next_dagrun for dataset_with_extra_by_context to 2024-12-12 00:00:00+00:00, run_after=2024-12-13 00:00:00+00:00
[2024-12-13T03:50:00.882-0800] {logging_mixin.py:190} INFO - [2024-12-13T03:50:00.882-0800] {dag.py:4180} INFO - Setting next_dagrun for dataset_with_extra_by_yield to 2024-12-12 00:00:00+00:00, run_after=2024-12-13 00:00:00+00:00
[2024-12-13T03:50:00.885-0800] {logging_mixin.py:190} INFO - [2024-12-13T03:50:00.884-0800] {dag.py:4180} INFO - Setting next_dagrun for dataset_with_extra_from_classic_operator to 2024-12-12 00:00:00+00:00, run_after=2024-12-13 00:00:00+00:00
[2024-12-13T03:50:00.902-0800] {processor.py:208} INFO - Processing /Users/machine/Velocity_railway/airflow_env/lib/python3.10/site-packages/airflow/example_dags/example_outlet_event_extra.py took 0.303 seconds
[2024-12-13T03:52:18.352-0800] {processor.py:186} INFO - Started process (PID=90759) to work on /Users/machine/Velocity_railway/airflow_env/lib/python3.10/site-packages/airflow/example_dags/example_outlet_event_extra.py
[2024-12-13T03:52:18.354-0800] {processor.py:914} INFO - Processing file /Users/machine/Velocity_railway/airflow_env/lib/python3.10/site-packages/airflow/example_dags/example_outlet_event_extra.py for tasks to queue
[2024-12-13T03:52:18.356-0800] {logging_mixin.py:190} INFO - [2024-12-13T03:52:18.356-0800] {dagbag.py:588} INFO - Filling up the DagBag from /Users/machine/Velocity_railway/airflow_env/lib/python3.10/site-packages/airflow/example_dags/example_outlet_event_extra.py
[2024-12-13T03:52:18.493-0800] {processor.py:925} INFO - DAG(s) 'dataset_with_extra_by_context', 'dataset_with_extra_from_classic_operator', 'dataset_with_extra_by_yield' retrieved from /Users/machine/Velocity_railway/airflow_env/lib/python3.10/site-packages/airflow/example_dags/example_outlet_event_extra.py
[2024-12-13T03:52:18.607-0800] {logging_mixin.py:190} INFO - [2024-12-13T03:52:18.607-0800] {dag.py:3239} INFO - Sync 3 DAGs
[2024-12-13T03:52:18.627-0800] {logging_mixin.py:190} INFO - [2024-12-13T03:52:18.626-0800] {dag.py:4180} INFO - Setting next_dagrun for dataset_with_extra_by_context to 2024-12-12 00:00:00+00:00, run_after=2024-12-13 00:00:00+00:00
[2024-12-13T03:52:18.633-0800] {logging_mixin.py:190} INFO - [2024-12-13T03:52:18.633-0800] {dag.py:4180} INFO - Setting next_dagrun for dataset_with_extra_by_yield to 2024-12-12 00:00:00+00:00, run_after=2024-12-13 00:00:00+00:00
[2024-12-13T03:52:18.637-0800] {logging_mixin.py:190} INFO - [2024-12-13T03:52:18.636-0800] {dag.py:4180} INFO - Setting next_dagrun for dataset_with_extra_from_classic_operator to 2024-12-12 00:00:00+00:00, run_after=2024-12-13 00:00:00+00:00
[2024-12-13T03:52:18.657-0800] {processor.py:208} INFO - Processing /Users/machine/Velocity_railway/airflow_env/lib/python3.10/site-packages/airflow/example_dags/example_outlet_event_extra.py took 0.311 seconds
[2024-12-13T03:54:40.072-0800] {processor.py:186} INFO - Started process (PID=91245) to work on /Users/machine/Velocity_railway/airflow_env/lib/python3.10/site-packages/airflow/example_dags/example_outlet_event_extra.py
[2024-12-13T03:54:40.074-0800] {processor.py:914} INFO - Processing file /Users/machine/Velocity_railway/airflow_env/lib/python3.10/site-packages/airflow/example_dags/example_outlet_event_extra.py for tasks to queue
[2024-12-13T03:54:40.075-0800] {logging_mixin.py:190} INFO - [2024-12-13T03:54:40.075-0800] {dagbag.py:588} INFO - Filling up the DagBag from /Users/machine/Velocity_railway/airflow_env/lib/python3.10/site-packages/airflow/example_dags/example_outlet_event_extra.py
[2024-12-13T03:54:40.191-0800] {processor.py:925} INFO - DAG(s) 'dataset_with_extra_from_classic_operator', 'dataset_with_extra_by_yield', 'dataset_with_extra_by_context' retrieved from /Users/machine/Velocity_railway/airflow_env/lib/python3.10/site-packages/airflow/example_dags/example_outlet_event_extra.py
[2024-12-13T03:54:40.295-0800] {logging_mixin.py:190} INFO - [2024-12-13T03:54:40.294-0800] {dag.py:3239} INFO - Sync 3 DAGs
[2024-12-13T03:54:40.313-0800] {logging_mixin.py:190} INFO - [2024-12-13T03:54:40.313-0800] {dag.py:4180} INFO - Setting next_dagrun for dataset_with_extra_by_context to 2024-12-12 00:00:00+00:00, run_after=2024-12-13 00:00:00+00:00
[2024-12-13T03:54:40.318-0800] {logging_mixin.py:190} INFO - [2024-12-13T03:54:40.318-0800] {dag.py:4180} INFO - Setting next_dagrun for dataset_with_extra_by_yield to 2024-12-12 00:00:00+00:00, run_after=2024-12-13 00:00:00+00:00
[2024-12-13T03:54:40.320-0800] {logging_mixin.py:190} INFO - [2024-12-13T03:54:40.320-0800] {dag.py:4180} INFO - Setting next_dagrun for dataset_with_extra_from_classic_operator to 2024-12-12 00:00:00+00:00, run_after=2024-12-13 00:00:00+00:00
[2024-12-13T03:54:40.338-0800] {processor.py:208} INFO - Processing /Users/machine/Velocity_railway/airflow_env/lib/python3.10/site-packages/airflow/example_dags/example_outlet_event_extra.py took 0.272 seconds
[2024-12-13T03:57:07.359-0800] {processor.py:186} INFO - Started process (PID=91891) to work on /Users/machine/Velocity_railway/airflow_env/lib/python3.10/site-packages/airflow/example_dags/example_outlet_event_extra.py
[2024-12-13T03:57:07.362-0800] {processor.py:914} INFO - Processing file /Users/machine/Velocity_railway/airflow_env/lib/python3.10/site-packages/airflow/example_dags/example_outlet_event_extra.py for tasks to queue
[2024-12-13T03:57:07.365-0800] {logging_mixin.py:190} INFO - [2024-12-13T03:57:07.365-0800] {dagbag.py:588} INFO - Filling up the DagBag from /Users/machine/Velocity_railway/airflow_env/lib/python3.10/site-packages/airflow/example_dags/example_outlet_event_extra.py
[2024-12-13T03:57:07.507-0800] {processor.py:925} INFO - DAG(s) 'dataset_with_extra_by_context', 'dataset_with_extra_from_classic_operator', 'dataset_with_extra_by_yield' retrieved from /Users/machine/Velocity_railway/airflow_env/lib/python3.10/site-packages/airflow/example_dags/example_outlet_event_extra.py
[2024-12-13T03:57:07.626-0800] {logging_mixin.py:190} INFO - [2024-12-13T03:57:07.626-0800] {dag.py:3239} INFO - Sync 3 DAGs
[2024-12-13T03:57:07.647-0800] {logging_mixin.py:190} INFO - [2024-12-13T03:57:07.647-0800] {dag.py:4180} INFO - Setting next_dagrun for dataset_with_extra_by_context to 2024-12-12 00:00:00+00:00, run_after=2024-12-13 00:00:00+00:00
[2024-12-13T03:57:07.651-0800] {logging_mixin.py:190} INFO - [2024-12-13T03:57:07.651-0800] {dag.py:4180} INFO - Setting next_dagrun for dataset_with_extra_by_yield to 2024-12-12 00:00:00+00:00, run_after=2024-12-13 00:00:00+00:00
[2024-12-13T03:57:07.654-0800] {logging_mixin.py:190} INFO - [2024-12-13T03:57:07.654-0800] {dag.py:4180} INFO - Setting next_dagrun for dataset_with_extra_from_classic_operator to 2024-12-12 00:00:00+00:00, run_after=2024-12-13 00:00:00+00:00
[2024-12-13T03:57:07.675-0800] {processor.py:208} INFO - Processing /Users/machine/Velocity_railway/airflow_env/lib/python3.10/site-packages/airflow/example_dags/example_outlet_event_extra.py took 0.323 seconds
[2024-12-13T03:59:33.907-0800] {processor.py:186} INFO - Started process (PID=92515) to work on /Users/machine/Velocity_railway/airflow_env/lib/python3.10/site-packages/airflow/example_dags/example_outlet_event_extra.py
[2024-12-13T03:59:33.909-0800] {processor.py:914} INFO - Processing file /Users/machine/Velocity_railway/airflow_env/lib/python3.10/site-packages/airflow/example_dags/example_outlet_event_extra.py for tasks to queue
[2024-12-13T03:59:33.911-0800] {logging_mixin.py:190} INFO - [2024-12-13T03:59:33.911-0800] {dagbag.py:588} INFO - Filling up the DagBag from /Users/machine/Velocity_railway/airflow_env/lib/python3.10/site-packages/airflow/example_dags/example_outlet_event_extra.py
[2024-12-13T03:59:34.058-0800] {processor.py:925} INFO - DAG(s) 'dataset_with_extra_from_classic_operator', 'dataset_with_extra_by_yield', 'dataset_with_extra_by_context' retrieved from /Users/machine/Velocity_railway/airflow_env/lib/python3.10/site-packages/airflow/example_dags/example_outlet_event_extra.py
[2024-12-13T03:59:34.201-0800] {logging_mixin.py:190} INFO - [2024-12-13T03:59:34.201-0800] {dag.py:3239} INFO - Sync 3 DAGs
[2024-12-13T03:59:34.230-0800] {logging_mixin.py:190} INFO - [2024-12-13T03:59:34.230-0800] {dag.py:4180} INFO - Setting next_dagrun for dataset_with_extra_by_context to 2024-12-12 00:00:00+00:00, run_after=2024-12-13 00:00:00+00:00
[2024-12-13T03:59:34.236-0800] {logging_mixin.py:190} INFO - [2024-12-13T03:59:34.236-0800] {dag.py:4180} INFO - Setting next_dagrun for dataset_with_extra_by_yield to 2024-12-12 00:00:00+00:00, run_after=2024-12-13 00:00:00+00:00
[2024-12-13T03:59:34.239-0800] {logging_mixin.py:190} INFO - [2024-12-13T03:59:34.239-0800] {dag.py:4180} INFO - Setting next_dagrun for dataset_with_extra_from_classic_operator to 2024-12-12 00:00:00+00:00, run_after=2024-12-13 00:00:00+00:00
[2024-12-13T03:59:34.263-0800] {processor.py:208} INFO - Processing /Users/machine/Velocity_railway/airflow_env/lib/python3.10/site-packages/airflow/example_dags/example_outlet_event_extra.py took 0.363 seconds
[2024-12-13T05:50:44.496-0800] {processor.py:186} INFO - Started process (PID=93372) to work on /Users/machine/Velocity_railway/airflow_env/lib/python3.10/site-packages/airflow/example_dags/example_outlet_event_extra.py
[2024-12-13T05:50:44.500-0800] {processor.py:914} INFO - Processing file /Users/machine/Velocity_railway/airflow_env/lib/python3.10/site-packages/airflow/example_dags/example_outlet_event_extra.py for tasks to queue
[2024-12-13T05:50:44.502-0800] {logging_mixin.py:190} INFO - [2024-12-13T05:50:44.501-0800] {dagbag.py:588} INFO - Filling up the DagBag from /Users/machine/Velocity_railway/airflow_env/lib/python3.10/site-packages/airflow/example_dags/example_outlet_event_extra.py
[2024-12-13T05:50:44.683-0800] {processor.py:925} INFO - DAG(s) 'dataset_with_extra_by_yield', 'dataset_with_extra_from_classic_operator', 'dataset_with_extra_by_context' retrieved from /Users/machine/Velocity_railway/airflow_env/lib/python3.10/site-packages/airflow/example_dags/example_outlet_event_extra.py
[2024-12-13T05:50:44.817-0800] {logging_mixin.py:190} INFO - [2024-12-13T05:50:44.817-0800] {dag.py:3239} INFO - Sync 3 DAGs
[2024-12-13T05:50:44.839-0800] {logging_mixin.py:190} INFO - [2024-12-13T05:50:44.839-0800] {dag.py:4180} INFO - Setting next_dagrun for dataset_with_extra_by_context to 2024-12-12 00:00:00+00:00, run_after=2024-12-13 00:00:00+00:00
[2024-12-13T05:50:44.844-0800] {logging_mixin.py:190} INFO - [2024-12-13T05:50:44.844-0800] {dag.py:4180} INFO - Setting next_dagrun for dataset_with_extra_by_yield to 2024-12-12 00:00:00+00:00, run_after=2024-12-13 00:00:00+00:00
[2024-12-13T05:50:44.847-0800] {logging_mixin.py:190} INFO - [2024-12-13T05:50:44.847-0800] {dag.py:4180} INFO - Setting next_dagrun for dataset_with_extra_from_classic_operator to 2024-12-12 00:00:00+00:00, run_after=2024-12-13 00:00:00+00:00
[2024-12-13T05:50:44.868-0800] {processor.py:208} INFO - Processing /Users/machine/Velocity_railway/airflow_env/lib/python3.10/site-packages/airflow/example_dags/example_outlet_event_extra.py took 0.379 seconds
