[2024-12-13T03:10:51.879-0800] {processor.py:186} INFO - Started process (PID=82216) to work on /Users/machine/Velocity_railway/airflow_env/lib/python3.10/site-packages/airflow/example_dags/example_branch_labels.py
[2024-12-13T03:10:51.881-0800] {processor.py:914} INFO - Processing file /Users/machine/Velocity_railway/airflow_env/lib/python3.10/site-packages/airflow/example_dags/example_branch_labels.py for tasks to queue
[2024-12-13T03:10:51.882-0800] {logging_mixin.py:190} INFO - [2024-12-13T03:10:51.882-0800] {dagbag.py:588} INFO - Filling up the DagBag from /Users/machine/Velocity_railway/airflow_env/lib/python3.10/site-packages/airflow/example_dags/example_branch_labels.py
[2024-12-13T03:10:51.893-0800] {processor.py:925} INFO - DAG(s) 'example_branch_labels' retrieved from /Users/machine/Velocity_railway/airflow_env/lib/python3.10/site-packages/airflow/example_dags/example_branch_labels.py
[2024-12-13T03:10:52.142-0800] {logging_mixin.py:190} INFO - [2024-12-13T03:10:52.141-0800] {override.py:1911} INFO - Created Permission View: can delete on DAG:example_branch_labels
[2024-12-13T03:10:52.151-0800] {logging_mixin.py:190} INFO - [2024-12-13T03:10:52.150-0800] {override.py:1911} INFO - Created Permission View: can edit on DAG:example_branch_labels
[2024-12-13T03:10:52.157-0800] {logging_mixin.py:190} INFO - [2024-12-13T03:10:52.156-0800] {override.py:1911} INFO - Created Permission View: can read on DAG:example_branch_labels
[2024-12-13T03:10:52.164-0800] {logging_mixin.py:190} INFO - [2024-12-13T03:10:52.164-0800] {override.py:1911} INFO - Created Permission View: can delete on DAG Run:example_branch_labels
[2024-12-13T03:10:52.170-0800] {logging_mixin.py:190} INFO - [2024-12-13T03:10:52.170-0800] {override.py:1911} INFO - Created Permission View: can create on DAG Run:example_branch_labels
[2024-12-13T03:10:52.177-0800] {logging_mixin.py:190} INFO - [2024-12-13T03:10:52.177-0800] {override.py:1911} INFO - Created Permission View: menu access on DAG Run:example_branch_labels
[2024-12-13T03:10:52.183-0800] {logging_mixin.py:190} INFO - [2024-12-13T03:10:52.182-0800] {override.py:1911} INFO - Created Permission View: can read on DAG Run:example_branch_labels
[2024-12-13T03:10:52.183-0800] {logging_mixin.py:190} INFO - [2024-12-13T03:10:52.183-0800] {dag.py:3239} INFO - Sync 1 DAGs
[2024-12-13T03:10:52.197-0800] {logging_mixin.py:190} INFO - [2024-12-13T03:10:52.196-0800] {dag.py:3262} INFO - Creating ORM DAG for example_branch_labels
[2024-12-13T03:10:52.205-0800] {logging_mixin.py:190} INFO - [2024-12-13T03:10:52.205-0800] {dag.py:4180} INFO - Setting next_dagrun for example_branch_labels to 2024-12-12 00:00:00+00:00, run_after=2024-12-13 00:00:00+00:00
[2024-12-13T03:10:52.221-0800] {processor.py:208} INFO - Processing /Users/machine/Velocity_railway/airflow_env/lib/python3.10/site-packages/airflow/example_dags/example_branch_labels.py took 0.349 seconds
[2024-12-13T03:15:53.183-0800] {processor.py:186} INFO - Started process (PID=83197) to work on /Users/machine/Velocity_railway/airflow_env/lib/python3.10/site-packages/airflow/example_dags/example_branch_labels.py
[2024-12-13T03:15:53.185-0800] {processor.py:914} INFO - Processing file /Users/machine/Velocity_railway/airflow_env/lib/python3.10/site-packages/airflow/example_dags/example_branch_labels.py for tasks to queue
[2024-12-13T03:15:53.186-0800] {logging_mixin.py:190} INFO - [2024-12-13T03:15:53.186-0800] {dagbag.py:588} INFO - Filling up the DagBag from /Users/machine/Velocity_railway/airflow_env/lib/python3.10/site-packages/airflow/example_dags/example_branch_labels.py
[2024-12-13T03:15:53.198-0800] {processor.py:925} INFO - DAG(s) 'example_branch_labels' retrieved from /Users/machine/Velocity_railway/airflow_env/lib/python3.10/site-packages/airflow/example_dags/example_branch_labels.py
[2024-12-13T03:15:53.374-0800] {logging_mixin.py:190} INFO - [2024-12-13T03:15:53.374-0800] {dag.py:3239} INFO - Sync 1 DAGs
[2024-12-13T03:15:53.397-0800] {logging_mixin.py:190} INFO - [2024-12-13T03:15:53.396-0800] {dag.py:4180} INFO - Setting next_dagrun for example_branch_labels to 2024-12-12 00:00:00+00:00, run_after=2024-12-13 00:00:00+00:00
[2024-12-13T03:15:53.415-0800] {processor.py:208} INFO - Processing /Users/machine/Velocity_railway/airflow_env/lib/python3.10/site-packages/airflow/example_dags/example_branch_labels.py took 0.237 seconds
[2024-12-13T03:20:21.707-0800] {processor.py:186} INFO - Started process (PID=84133) to work on /Users/machine/Velocity_railway/airflow_env/lib/python3.10/site-packages/airflow/example_dags/example_branch_labels.py
[2024-12-13T03:20:21.708-0800] {processor.py:914} INFO - Processing file /Users/machine/Velocity_railway/airflow_env/lib/python3.10/site-packages/airflow/example_dags/example_branch_labels.py for tasks to queue
[2024-12-13T03:20:21.710-0800] {logging_mixin.py:190} INFO - [2024-12-13T03:20:21.709-0800] {dagbag.py:588} INFO - Filling up the DagBag from /Users/machine/Velocity_railway/airflow_env/lib/python3.10/site-packages/airflow/example_dags/example_branch_labels.py
[2024-12-13T03:20:21.720-0800] {processor.py:925} INFO - DAG(s) 'example_branch_labels' retrieved from /Users/machine/Velocity_railway/airflow_env/lib/python3.10/site-packages/airflow/example_dags/example_branch_labels.py
[2024-12-13T03:20:21.893-0800] {logging_mixin.py:190} INFO - [2024-12-13T03:20:21.893-0800] {dag.py:3239} INFO - Sync 1 DAGs
[2024-12-13T03:20:21.914-0800] {logging_mixin.py:190} INFO - [2024-12-13T03:20:21.914-0800] {dag.py:4180} INFO - Setting next_dagrun for example_branch_labels to 2024-12-12 00:00:00+00:00, run_after=2024-12-13 00:00:00+00:00
[2024-12-13T03:20:21.933-0800] {processor.py:208} INFO - Processing /Users/machine/Velocity_railway/airflow_env/lib/python3.10/site-packages/airflow/example_dags/example_branch_labels.py took 0.233 seconds
[2024-12-13T03:24:58.679-0800] {processor.py:186} INFO - Started process (PID=85057) to work on /Users/machine/Velocity_railway/airflow_env/lib/python3.10/site-packages/airflow/example_dags/example_branch_labels.py
[2024-12-13T03:24:58.680-0800] {processor.py:914} INFO - Processing file /Users/machine/Velocity_railway/airflow_env/lib/python3.10/site-packages/airflow/example_dags/example_branch_labels.py for tasks to queue
[2024-12-13T03:24:58.682-0800] {logging_mixin.py:190} INFO - [2024-12-13T03:24:58.681-0800] {dagbag.py:588} INFO - Filling up the DagBag from /Users/machine/Velocity_railway/airflow_env/lib/python3.10/site-packages/airflow/example_dags/example_branch_labels.py
[2024-12-13T03:24:58.691-0800] {processor.py:925} INFO - DAG(s) 'example_branch_labels' retrieved from /Users/machine/Velocity_railway/airflow_env/lib/python3.10/site-packages/airflow/example_dags/example_branch_labels.py
[2024-12-13T03:24:58.902-0800] {logging_mixin.py:190} INFO - [2024-12-13T03:24:58.901-0800] {dag.py:3239} INFO - Sync 1 DAGs
[2024-12-13T03:24:58.921-0800] {logging_mixin.py:190} INFO - [2024-12-13T03:24:58.920-0800] {dag.py:4180} INFO - Setting next_dagrun for example_branch_labels to 2024-12-12 00:00:00+00:00, run_after=2024-12-13 00:00:00+00:00
[2024-12-13T03:24:58.936-0800] {processor.py:208} INFO - Processing /Users/machine/Velocity_railway/airflow_env/lib/python3.10/site-packages/airflow/example_dags/example_branch_labels.py took 0.264 seconds
[2024-12-13T03:29:32.065-0800] {processor.py:186} INFO - Started process (PID=85997) to work on /Users/machine/Velocity_railway/airflow_env/lib/python3.10/site-packages/airflow/example_dags/example_branch_labels.py
[2024-12-13T03:29:32.067-0800] {processor.py:914} INFO - Processing file /Users/machine/Velocity_railway/airflow_env/lib/python3.10/site-packages/airflow/example_dags/example_branch_labels.py for tasks to queue
[2024-12-13T03:29:32.068-0800] {logging_mixin.py:190} INFO - [2024-12-13T03:29:32.068-0800] {dagbag.py:588} INFO - Filling up the DagBag from /Users/machine/Velocity_railway/airflow_env/lib/python3.10/site-packages/airflow/example_dags/example_branch_labels.py
[2024-12-13T03:29:32.081-0800] {processor.py:925} INFO - DAG(s) 'example_branch_labels' retrieved from /Users/machine/Velocity_railway/airflow_env/lib/python3.10/site-packages/airflow/example_dags/example_branch_labels.py
[2024-12-13T03:29:32.247-0800] {logging_mixin.py:190} INFO - [2024-12-13T03:29:32.247-0800] {dag.py:3239} INFO - Sync 1 DAGs
[2024-12-13T03:29:32.266-0800] {logging_mixin.py:190} INFO - [2024-12-13T03:29:32.266-0800] {dag.py:4180} INFO - Setting next_dagrun for example_branch_labels to 2024-12-12 00:00:00+00:00, run_after=2024-12-13 00:00:00+00:00
[2024-12-13T03:29:32.283-0800] {processor.py:208} INFO - Processing /Users/machine/Velocity_railway/airflow_env/lib/python3.10/site-packages/airflow/example_dags/example_branch_labels.py took 0.225 seconds
[2024-12-13T03:34:17.478-0800] {processor.py:186} INFO - Started process (PID=87007) to work on /Users/machine/Velocity_railway/airflow_env/lib/python3.10/site-packages/airflow/example_dags/example_branch_labels.py
[2024-12-13T03:34:17.485-0800] {processor.py:914} INFO - Processing file /Users/machine/Velocity_railway/airflow_env/lib/python3.10/site-packages/airflow/example_dags/example_branch_labels.py for tasks to queue
[2024-12-13T03:34:17.486-0800] {logging_mixin.py:190} INFO - [2024-12-13T03:34:17.486-0800] {dagbag.py:588} INFO - Filling up the DagBag from /Users/machine/Velocity_railway/airflow_env/lib/python3.10/site-packages/airflow/example_dags/example_branch_labels.py
[2024-12-13T03:34:17.518-0800] {processor.py:925} INFO - DAG(s) 'example_branch_labels' retrieved from /Users/machine/Velocity_railway/airflow_env/lib/python3.10/site-packages/airflow/example_dags/example_branch_labels.py
[2024-12-13T03:34:17.717-0800] {logging_mixin.py:190} INFO - [2024-12-13T03:34:17.717-0800] {dag.py:3239} INFO - Sync 1 DAGs
[2024-12-13T03:34:17.740-0800] {logging_mixin.py:190} INFO - [2024-12-13T03:34:17.740-0800] {dag.py:4180} INFO - Setting next_dagrun for example_branch_labels to 2024-12-12 00:00:00+00:00, run_after=2024-12-13 00:00:00+00:00
[2024-12-13T03:34:17.759-0800] {processor.py:208} INFO - Processing /Users/machine/Velocity_railway/airflow_env/lib/python3.10/site-packages/airflow/example_dags/example_branch_labels.py took 0.293 seconds
[2024-12-13T03:39:15.336-0800] {processor.py:186} INFO - Started process (PID=88066) to work on /Users/machine/Velocity_railway/airflow_env/lib/python3.10/site-packages/airflow/example_dags/example_branch_labels.py
[2024-12-13T03:39:15.337-0800] {processor.py:914} INFO - Processing file /Users/machine/Velocity_railway/airflow_env/lib/python3.10/site-packages/airflow/example_dags/example_branch_labels.py for tasks to queue
[2024-12-13T03:39:15.339-0800] {logging_mixin.py:190} INFO - [2024-12-13T03:39:15.338-0800] {dagbag.py:588} INFO - Filling up the DagBag from /Users/machine/Velocity_railway/airflow_env/lib/python3.10/site-packages/airflow/example_dags/example_branch_labels.py
[2024-12-13T03:39:15.351-0800] {processor.py:925} INFO - DAG(s) 'example_branch_labels' retrieved from /Users/machine/Velocity_railway/airflow_env/lib/python3.10/site-packages/airflow/example_dags/example_branch_labels.py
[2024-12-13T03:39:15.506-0800] {logging_mixin.py:190} INFO - [2024-12-13T03:39:15.506-0800] {dag.py:3239} INFO - Sync 1 DAGs
[2024-12-13T03:39:15.525-0800] {logging_mixin.py:190} INFO - [2024-12-13T03:39:15.525-0800] {dag.py:4180} INFO - Setting next_dagrun for example_branch_labels to 2024-12-12 00:00:00+00:00, run_after=2024-12-13 00:00:00+00:00
[2024-12-13T03:39:15.541-0800] {processor.py:208} INFO - Processing /Users/machine/Velocity_railway/airflow_env/lib/python3.10/site-packages/airflow/example_dags/example_branch_labels.py took 0.211 seconds
[2024-12-13T03:43:40.737-0800] {processor.py:186} INFO - Started process (PID=88984) to work on /Users/machine/Velocity_railway/airflow_env/lib/python3.10/site-packages/airflow/example_dags/example_branch_labels.py
[2024-12-13T03:43:40.738-0800] {processor.py:914} INFO - Processing file /Users/machine/Velocity_railway/airflow_env/lib/python3.10/site-packages/airflow/example_dags/example_branch_labels.py for tasks to queue
[2024-12-13T03:43:40.739-0800] {logging_mixin.py:190} INFO - [2024-12-13T03:43:40.739-0800] {dagbag.py:588} INFO - Filling up the DagBag from /Users/machine/Velocity_railway/airflow_env/lib/python3.10/site-packages/airflow/example_dags/example_branch_labels.py
[2024-12-13T03:43:40.748-0800] {processor.py:925} INFO - DAG(s) 'example_branch_labels' retrieved from /Users/machine/Velocity_railway/airflow_env/lib/python3.10/site-packages/airflow/example_dags/example_branch_labels.py
[2024-12-13T03:43:40.895-0800] {logging_mixin.py:190} INFO - [2024-12-13T03:43:40.895-0800] {dag.py:3239} INFO - Sync 1 DAGs
[2024-12-13T03:43:40.912-0800] {logging_mixin.py:190} INFO - [2024-12-13T03:43:40.912-0800] {dag.py:4180} INFO - Setting next_dagrun for example_branch_labels to 2024-12-12 00:00:00+00:00, run_after=2024-12-13 00:00:00+00:00
[2024-12-13T03:43:40.927-0800] {processor.py:208} INFO - Processing /Users/machine/Velocity_railway/airflow_env/lib/python3.10/site-packages/airflow/example_dags/example_branch_labels.py took 0.196 seconds
[2024-12-13T03:48:08.289-0800] {processor.py:186} INFO - Started process (PID=89871) to work on /Users/machine/Velocity_railway/airflow_env/lib/python3.10/site-packages/airflow/example_dags/example_branch_labels.py
[2024-12-13T03:48:08.290-0800] {processor.py:914} INFO - Processing file /Users/machine/Velocity_railway/airflow_env/lib/python3.10/site-packages/airflow/example_dags/example_branch_labels.py for tasks to queue
[2024-12-13T03:48:08.291-0800] {logging_mixin.py:190} INFO - [2024-12-13T03:48:08.291-0800] {dagbag.py:588} INFO - Filling up the DagBag from /Users/machine/Velocity_railway/airflow_env/lib/python3.10/site-packages/airflow/example_dags/example_branch_labels.py
[2024-12-13T03:48:08.302-0800] {processor.py:925} INFO - DAG(s) 'example_branch_labels' retrieved from /Users/machine/Velocity_railway/airflow_env/lib/python3.10/site-packages/airflow/example_dags/example_branch_labels.py
[2024-12-13T03:48:08.466-0800] {logging_mixin.py:190} INFO - [2024-12-13T03:48:08.466-0800] {dag.py:3239} INFO - Sync 1 DAGs
[2024-12-13T03:48:08.484-0800] {logging_mixin.py:190} INFO - [2024-12-13T03:48:08.484-0800] {dag.py:4180} INFO - Setting next_dagrun for example_branch_labels to 2024-12-12 00:00:00+00:00, run_after=2024-12-13 00:00:00+00:00
[2024-12-13T03:48:08.500-0800] {processor.py:208} INFO - Processing /Users/machine/Velocity_railway/airflow_env/lib/python3.10/site-packages/airflow/example_dags/example_branch_labels.py took 0.217 seconds
[2024-12-13T03:52:44.892-0800] {processor.py:186} INFO - Started process (PID=90845) to work on /Users/machine/Velocity_railway/airflow_env/lib/python3.10/site-packages/airflow/example_dags/example_branch_labels.py
[2024-12-13T03:52:44.894-0800] {processor.py:914} INFO - Processing file /Users/machine/Velocity_railway/airflow_env/lib/python3.10/site-packages/airflow/example_dags/example_branch_labels.py for tasks to queue
[2024-12-13T03:52:44.896-0800] {logging_mixin.py:190} INFO - [2024-12-13T03:52:44.896-0800] {dagbag.py:588} INFO - Filling up the DagBag from /Users/machine/Velocity_railway/airflow_env/lib/python3.10/site-packages/airflow/example_dags/example_branch_labels.py
[2024-12-13T03:52:44.915-0800] {processor.py:925} INFO - DAG(s) 'example_branch_labels' retrieved from /Users/machine/Velocity_railway/airflow_env/lib/python3.10/site-packages/airflow/example_dags/example_branch_labels.py
[2024-12-13T03:52:45.103-0800] {logging_mixin.py:190} INFO - [2024-12-13T03:52:45.102-0800] {dag.py:3239} INFO - Sync 1 DAGs
[2024-12-13T03:52:45.124-0800] {logging_mixin.py:190} INFO - [2024-12-13T03:52:45.124-0800] {dag.py:4180} INFO - Setting next_dagrun for example_branch_labels to 2024-12-12 00:00:00+00:00, run_after=2024-12-13 00:00:00+00:00
[2024-12-13T03:52:45.144-0800] {processor.py:208} INFO - Processing /Users/machine/Velocity_railway/airflow_env/lib/python3.10/site-packages/airflow/example_dags/example_branch_labels.py took 0.258 seconds
[2024-12-13T03:57:36.509-0800] {processor.py:186} INFO - Started process (PID=92017) to work on /Users/machine/Velocity_railway/airflow_env/lib/python3.10/site-packages/airflow/example_dags/example_branch_labels.py
[2024-12-13T03:57:36.511-0800] {processor.py:914} INFO - Processing file /Users/machine/Velocity_railway/airflow_env/lib/python3.10/site-packages/airflow/example_dags/example_branch_labels.py for tasks to queue
[2024-12-13T03:57:36.513-0800] {logging_mixin.py:190} INFO - [2024-12-13T03:57:36.513-0800] {dagbag.py:588} INFO - Filling up the DagBag from /Users/machine/Velocity_railway/airflow_env/lib/python3.10/site-packages/airflow/example_dags/example_branch_labels.py
[2024-12-13T03:57:36.525-0800] {processor.py:925} INFO - DAG(s) 'example_branch_labels' retrieved from /Users/machine/Velocity_railway/airflow_env/lib/python3.10/site-packages/airflow/example_dags/example_branch_labels.py
[2024-12-13T03:57:36.729-0800] {logging_mixin.py:190} INFO - [2024-12-13T03:57:36.729-0800] {dag.py:3239} INFO - Sync 1 DAGs
[2024-12-13T03:57:36.750-0800] {logging_mixin.py:190} INFO - [2024-12-13T03:57:36.749-0800] {dag.py:4180} INFO - Setting next_dagrun for example_branch_labels to 2024-12-12 00:00:00+00:00, run_after=2024-12-13 00:00:00+00:00
[2024-12-13T03:57:36.770-0800] {processor.py:208} INFO - Processing /Users/machine/Velocity_railway/airflow_env/lib/python3.10/site-packages/airflow/example_dags/example_branch_labels.py took 0.267 seconds
[2024-12-13T05:51:12.014-0800] {processor.py:186} INFO - Started process (PID=93493) to work on /Users/machine/Velocity_railway/airflow_env/lib/python3.10/site-packages/airflow/example_dags/example_branch_labels.py
[2024-12-13T05:51:12.015-0800] {processor.py:914} INFO - Processing file /Users/machine/Velocity_railway/airflow_env/lib/python3.10/site-packages/airflow/example_dags/example_branch_labels.py for tasks to queue
[2024-12-13T05:51:12.016-0800] {logging_mixin.py:190} INFO - [2024-12-13T05:51:12.016-0800] {dagbag.py:588} INFO - Filling up the DagBag from /Users/machine/Velocity_railway/airflow_env/lib/python3.10/site-packages/airflow/example_dags/example_branch_labels.py
[2024-12-13T05:51:12.028-0800] {processor.py:925} INFO - DAG(s) 'example_branch_labels' retrieved from /Users/machine/Velocity_railway/airflow_env/lib/python3.10/site-packages/airflow/example_dags/example_branch_labels.py
[2024-12-13T05:51:12.186-0800] {logging_mixin.py:190} INFO - [2024-12-13T05:51:12.185-0800] {dag.py:3239} INFO - Sync 1 DAGs
[2024-12-13T05:51:12.206-0800] {logging_mixin.py:190} INFO - [2024-12-13T05:51:12.206-0800] {dag.py:4180} INFO - Setting next_dagrun for example_branch_labels to 2024-12-12 00:00:00+00:00, run_after=2024-12-13 00:00:00+00:00
[2024-12-13T05:51:12.223-0800] {processor.py:208} INFO - Processing /Users/machine/Velocity_railway/airflow_env/lib/python3.10/site-packages/airflow/example_dags/example_branch_labels.py took 0.215 seconds
