[2024-12-13T03:08:47.230-0800] {processor.py:186} INFO - Started process (PID=81795) to work on /Users/machine/Velocity_railway/airflow_env/lib/python3.10/site-packages/airflow/example_dags/example_workday_timetable.py
[2024-12-13T03:08:47.231-0800] {processor.py:914} INFO - Processing file /Users/machine/Velocity_railway/airflow_env/lib/python3.10/site-packages/airflow/example_dags/example_workday_timetable.py for tasks to queue
[2024-12-13T03:08:47.232-0800] {logging_mixin.py:190} INFO - [2024-12-13T03:08:47.232-0800] {dagbag.py:588} INFO - Filling up the DagBag from /Users/machine/Velocity_railway/airflow_env/lib/python3.10/site-packages/airflow/example_dags/example_workday_timetable.py
[2024-12-13T03:08:47.237-0800] {logging_mixin.py:190} INFO - [2024-12-13T03:08:47.237-0800] {workday.py:41} WARNING - Could not import pandas. Holidays will not be considered.
[2024-12-13T03:08:47.242-0800] {processor.py:925} INFO - DAG(s) 'example_workday_timetable' retrieved from /Users/machine/Velocity_railway/airflow_env/lib/python3.10/site-packages/airflow/example_dags/example_workday_timetable.py
[2024-12-13T03:08:47.388-0800] {logging_mixin.py:190} INFO - [2024-12-13T03:08:47.388-0800] {workday.py:41} WARNING - Could not import pandas. Holidays will not be considered.
[2024-12-13T03:08:47.488-0800] {logging_mixin.py:190} INFO - [2024-12-13T03:08:47.488-0800] {override.py:1911} INFO - Created Permission View: can edit on DAG:example_workday_timetable
[2024-12-13T03:08:47.496-0800] {logging_mixin.py:190} INFO - [2024-12-13T03:08:47.496-0800] {override.py:1911} INFO - Created Permission View: can read on DAG:example_workday_timetable
[2024-12-13T03:08:47.501-0800] {logging_mixin.py:190} INFO - [2024-12-13T03:08:47.501-0800] {override.py:1911} INFO - Created Permission View: can delete on DAG:example_workday_timetable
[2024-12-13T03:08:47.509-0800] {logging_mixin.py:190} INFO - [2024-12-13T03:08:47.509-0800] {override.py:1911} INFO - Created Permission View: can delete on DAG Run:example_workday_timetable
[2024-12-13T03:08:47.515-0800] {logging_mixin.py:190} INFO - [2024-12-13T03:08:47.515-0800] {override.py:1911} INFO - Created Permission View: can read on DAG Run:example_workday_timetable
[2024-12-13T03:08:47.521-0800] {logging_mixin.py:190} INFO - [2024-12-13T03:08:47.521-0800] {override.py:1911} INFO - Created Permission View: menu access on DAG Run:example_workday_timetable
[2024-12-13T03:08:47.527-0800] {logging_mixin.py:190} INFO - [2024-12-13T03:08:47.527-0800] {override.py:1911} INFO - Created Permission View: can create on DAG Run:example_workday_timetable
[2024-12-13T03:08:47.528-0800] {logging_mixin.py:190} INFO - [2024-12-13T03:08:47.527-0800] {dag.py:3239} INFO - Sync 1 DAGs
[2024-12-13T03:08:47.539-0800] {logging_mixin.py:190} INFO - [2024-12-13T03:08:47.539-0800] {dag.py:3262} INFO - Creating ORM DAG for example_workday_timetable
[2024-12-13T03:08:47.548-0800] {logging_mixin.py:190} INFO - [2024-12-13T03:08:47.547-0800] {dag.py:4180} INFO - Setting next_dagrun for example_workday_timetable to 2021-01-01 00:00:00+00:00, run_after=2021-01-02 00:00:00+00:00
[2024-12-13T03:08:47.565-0800] {processor.py:208} INFO - Processing /Users/machine/Velocity_railway/airflow_env/lib/python3.10/site-packages/airflow/example_dags/example_workday_timetable.py took 0.340 seconds
[2024-12-13T03:11:49.864-0800] {processor.py:186} INFO - Started process (PID=82402) to work on /Users/machine/Velocity_railway/airflow_env/lib/python3.10/site-packages/airflow/example_dags/example_workday_timetable.py
[2024-12-13T03:11:49.866-0800] {processor.py:914} INFO - Processing file /Users/machine/Velocity_railway/airflow_env/lib/python3.10/site-packages/airflow/example_dags/example_workday_timetable.py for tasks to queue
[2024-12-13T03:11:49.868-0800] {logging_mixin.py:190} INFO - [2024-12-13T03:11:49.867-0800] {dagbag.py:588} INFO - Filling up the DagBag from /Users/machine/Velocity_railway/airflow_env/lib/python3.10/site-packages/airflow/example_dags/example_workday_timetable.py
[2024-12-13T03:11:49.872-0800] {logging_mixin.py:190} INFO - [2024-12-13T03:11:49.872-0800] {workday.py:41} WARNING - Could not import pandas. Holidays will not be considered.
[2024-12-13T03:11:49.880-0800] {processor.py:925} INFO - DAG(s) 'example_workday_timetable' retrieved from /Users/machine/Velocity_railway/airflow_env/lib/python3.10/site-packages/airflow/example_dags/example_workday_timetable.py
[2024-12-13T03:11:50.035-0800] {logging_mixin.py:190} INFO - [2024-12-13T03:11:50.034-0800] {workday.py:41} WARNING - Could not import pandas. Holidays will not be considered.
[2024-12-13T03:11:50.056-0800] {logging_mixin.py:190} INFO - [2024-12-13T03:11:50.055-0800] {dag.py:3239} INFO - Sync 1 DAGs
[2024-12-13T03:11:50.075-0800] {logging_mixin.py:190} INFO - [2024-12-13T03:11:50.075-0800] {dag.py:4180} INFO - Setting next_dagrun for example_workday_timetable to 2021-01-01 00:00:00+00:00, run_after=2021-01-02 00:00:00+00:00
[2024-12-13T03:11:50.093-0800] {processor.py:208} INFO - Processing /Users/machine/Velocity_railway/airflow_env/lib/python3.10/site-packages/airflow/example_dags/example_workday_timetable.py took 0.235 seconds
[2024-12-13T03:14:23.330-0800] {processor.py:186} INFO - Started process (PID=82909) to work on /Users/machine/Velocity_railway/airflow_env/lib/python3.10/site-packages/airflow/example_dags/example_workday_timetable.py
[2024-12-13T03:14:23.332-0800] {processor.py:914} INFO - Processing file /Users/machine/Velocity_railway/airflow_env/lib/python3.10/site-packages/airflow/example_dags/example_workday_timetable.py for tasks to queue
[2024-12-13T03:14:23.334-0800] {logging_mixin.py:190} INFO - [2024-12-13T03:14:23.334-0800] {dagbag.py:588} INFO - Filling up the DagBag from /Users/machine/Velocity_railway/airflow_env/lib/python3.10/site-packages/airflow/example_dags/example_workday_timetable.py
[2024-12-13T03:14:23.340-0800] {logging_mixin.py:190} INFO - [2024-12-13T03:14:23.340-0800] {workday.py:41} WARNING - Could not import pandas. Holidays will not be considered.
[2024-12-13T03:14:23.347-0800] {processor.py:925} INFO - DAG(s) 'example_workday_timetable' retrieved from /Users/machine/Velocity_railway/airflow_env/lib/python3.10/site-packages/airflow/example_dags/example_workday_timetable.py
[2024-12-13T03:14:23.546-0800] {logging_mixin.py:190} INFO - [2024-12-13T03:14:23.546-0800] {workday.py:41} WARNING - Could not import pandas. Holidays will not be considered.
[2024-12-13T03:14:23.566-0800] {logging_mixin.py:190} INFO - [2024-12-13T03:14:23.566-0800] {dag.py:3239} INFO - Sync 1 DAGs
[2024-12-13T03:14:23.587-0800] {logging_mixin.py:190} INFO - [2024-12-13T03:14:23.587-0800] {dag.py:4180} INFO - Setting next_dagrun for example_workday_timetable to 2021-01-01 00:00:00+00:00, run_after=2021-01-02 00:00:00+00:00
[2024-12-13T03:14:23.605-0800] {processor.py:208} INFO - Processing /Users/machine/Velocity_railway/airflow_env/lib/python3.10/site-packages/airflow/example_dags/example_workday_timetable.py took 0.279 seconds
[2024-12-13T03:16:46.852-0800] {processor.py:186} INFO - Started process (PID=83379) to work on /Users/machine/Velocity_railway/airflow_env/lib/python3.10/site-packages/airflow/example_dags/example_workday_timetable.py
[2024-12-13T03:16:46.853-0800] {processor.py:914} INFO - Processing file /Users/machine/Velocity_railway/airflow_env/lib/python3.10/site-packages/airflow/example_dags/example_workday_timetable.py for tasks to queue
[2024-12-13T03:16:46.855-0800] {logging_mixin.py:190} INFO - [2024-12-13T03:16:46.854-0800] {dagbag.py:588} INFO - Filling up the DagBag from /Users/machine/Velocity_railway/airflow_env/lib/python3.10/site-packages/airflow/example_dags/example_workday_timetable.py
[2024-12-13T03:16:46.857-0800] {logging_mixin.py:190} INFO - [2024-12-13T03:16:46.857-0800] {workday.py:41} WARNING - Could not import pandas. Holidays will not be considered.
[2024-12-13T03:16:46.863-0800] {processor.py:925} INFO - DAG(s) 'example_workday_timetable' retrieved from /Users/machine/Velocity_railway/airflow_env/lib/python3.10/site-packages/airflow/example_dags/example_workday_timetable.py
[2024-12-13T03:16:47.014-0800] {logging_mixin.py:190} INFO - [2024-12-13T03:16:47.014-0800] {workday.py:41} WARNING - Could not import pandas. Holidays will not be considered.
[2024-12-13T03:16:47.031-0800] {logging_mixin.py:190} INFO - [2024-12-13T03:16:47.031-0800] {dag.py:3239} INFO - Sync 1 DAGs
[2024-12-13T03:16:47.051-0800] {logging_mixin.py:190} INFO - [2024-12-13T03:16:47.050-0800] {dag.py:4180} INFO - Setting next_dagrun for example_workday_timetable to 2021-01-01 00:00:00+00:00, run_after=2021-01-02 00:00:00+00:00
[2024-12-13T03:16:47.068-0800] {processor.py:208} INFO - Processing /Users/machine/Velocity_railway/airflow_env/lib/python3.10/site-packages/airflow/example_dags/example_workday_timetable.py took 0.223 seconds
[2024-12-13T03:19:03.300-0800] {processor.py:186} INFO - Started process (PID=83839) to work on /Users/machine/Velocity_railway/airflow_env/lib/python3.10/site-packages/airflow/example_dags/example_workday_timetable.py
[2024-12-13T03:19:03.302-0800] {processor.py:914} INFO - Processing file /Users/machine/Velocity_railway/airflow_env/lib/python3.10/site-packages/airflow/example_dags/example_workday_timetable.py for tasks to queue
[2024-12-13T03:19:03.303-0800] {logging_mixin.py:190} INFO - [2024-12-13T03:19:03.303-0800] {dagbag.py:588} INFO - Filling up the DagBag from /Users/machine/Velocity_railway/airflow_env/lib/python3.10/site-packages/airflow/example_dags/example_workday_timetable.py
[2024-12-13T03:19:03.305-0800] {logging_mixin.py:190} INFO - [2024-12-13T03:19:03.305-0800] {workday.py:41} WARNING - Could not import pandas. Holidays will not be considered.
[2024-12-13T03:19:03.310-0800] {processor.py:925} INFO - DAG(s) 'example_workday_timetable' retrieved from /Users/machine/Velocity_railway/airflow_env/lib/python3.10/site-packages/airflow/example_dags/example_workday_timetable.py
[2024-12-13T03:19:03.449-0800] {logging_mixin.py:190} INFO - [2024-12-13T03:19:03.449-0800] {workday.py:41} WARNING - Could not import pandas. Holidays will not be considered.
[2024-12-13T03:19:03.465-0800] {logging_mixin.py:190} INFO - [2024-12-13T03:19:03.465-0800] {dag.py:3239} INFO - Sync 1 DAGs
[2024-12-13T03:19:03.482-0800] {logging_mixin.py:190} INFO - [2024-12-13T03:19:03.482-0800] {dag.py:4180} INFO - Setting next_dagrun for example_workday_timetable to 2021-01-01 00:00:00+00:00, run_after=2021-01-02 00:00:00+00:00
[2024-12-13T03:19:03.498-0800] {processor.py:208} INFO - Processing /Users/machine/Velocity_railway/airflow_env/lib/python3.10/site-packages/airflow/example_dags/example_workday_timetable.py took 0.204 seconds
[2024-12-13T03:21:11.712-0800] {processor.py:186} INFO - Started process (PID=84301) to work on /Users/machine/Velocity_railway/airflow_env/lib/python3.10/site-packages/airflow/example_dags/example_workday_timetable.py
[2024-12-13T03:21:11.713-0800] {processor.py:914} INFO - Processing file /Users/machine/Velocity_railway/airflow_env/lib/python3.10/site-packages/airflow/example_dags/example_workday_timetable.py for tasks to queue
[2024-12-13T03:21:11.715-0800] {logging_mixin.py:190} INFO - [2024-12-13T03:21:11.714-0800] {dagbag.py:588} INFO - Filling up the DagBag from /Users/machine/Velocity_railway/airflow_env/lib/python3.10/site-packages/airflow/example_dags/example_workday_timetable.py
[2024-12-13T03:21:11.718-0800] {logging_mixin.py:190} INFO - [2024-12-13T03:21:11.718-0800] {workday.py:41} WARNING - Could not import pandas. Holidays will not be considered.
[2024-12-13T03:21:11.725-0800] {processor.py:925} INFO - DAG(s) 'example_workday_timetable' retrieved from /Users/machine/Velocity_railway/airflow_env/lib/python3.10/site-packages/airflow/example_dags/example_workday_timetable.py
[2024-12-13T03:21:11.862-0800] {logging_mixin.py:190} INFO - [2024-12-13T03:21:11.862-0800] {workday.py:41} WARNING - Could not import pandas. Holidays will not be considered.
[2024-12-13T03:21:11.887-0800] {logging_mixin.py:190} INFO - [2024-12-13T03:21:11.887-0800] {dag.py:3239} INFO - Sync 1 DAGs
[2024-12-13T03:21:11.907-0800] {logging_mixin.py:190} INFO - [2024-12-13T03:21:11.907-0800] {dag.py:4180} INFO - Setting next_dagrun for example_workday_timetable to 2021-01-01 00:00:00+00:00, run_after=2021-01-02 00:00:00+00:00
[2024-12-13T03:21:11.922-0800] {processor.py:208} INFO - Processing /Users/machine/Velocity_railway/airflow_env/lib/python3.10/site-packages/airflow/example_dags/example_workday_timetable.py took 0.216 seconds
[2024-12-13T03:23:33.173-0800] {processor.py:186} INFO - Started process (PID=84771) to work on /Users/machine/Velocity_railway/airflow_env/lib/python3.10/site-packages/airflow/example_dags/example_workday_timetable.py
[2024-12-13T03:23:33.174-0800] {processor.py:914} INFO - Processing file /Users/machine/Velocity_railway/airflow_env/lib/python3.10/site-packages/airflow/example_dags/example_workday_timetable.py for tasks to queue
[2024-12-13T03:23:33.176-0800] {logging_mixin.py:190} INFO - [2024-12-13T03:23:33.175-0800] {dagbag.py:588} INFO - Filling up the DagBag from /Users/machine/Velocity_railway/airflow_env/lib/python3.10/site-packages/airflow/example_dags/example_workday_timetable.py
[2024-12-13T03:23:33.178-0800] {logging_mixin.py:190} INFO - [2024-12-13T03:23:33.178-0800] {workday.py:41} WARNING - Could not import pandas. Holidays will not be considered.
[2024-12-13T03:23:33.183-0800] {processor.py:925} INFO - DAG(s) 'example_workday_timetable' retrieved from /Users/machine/Velocity_railway/airflow_env/lib/python3.10/site-packages/airflow/example_dags/example_workday_timetable.py
[2024-12-13T03:23:33.330-0800] {logging_mixin.py:190} INFO - [2024-12-13T03:23:33.330-0800] {workday.py:41} WARNING - Could not import pandas. Holidays will not be considered.
[2024-12-13T03:23:33.346-0800] {logging_mixin.py:190} INFO - [2024-12-13T03:23:33.346-0800] {dag.py:3239} INFO - Sync 1 DAGs
[2024-12-13T03:23:33.362-0800] {logging_mixin.py:190} INFO - [2024-12-13T03:23:33.362-0800] {dag.py:4180} INFO - Setting next_dagrun for example_workday_timetable to 2021-01-01 00:00:00+00:00, run_after=2021-01-02 00:00:00+00:00
[2024-12-13T03:23:33.380-0800] {processor.py:208} INFO - Processing /Users/machine/Velocity_railway/airflow_env/lib/python3.10/site-packages/airflow/example_dags/example_workday_timetable.py took 0.213 seconds
[2024-12-13T03:25:50.728-0800] {processor.py:186} INFO - Started process (PID=85256) to work on /Users/machine/Velocity_railway/airflow_env/lib/python3.10/site-packages/airflow/example_dags/example_workday_timetable.py
[2024-12-13T03:25:50.729-0800] {processor.py:914} INFO - Processing file /Users/machine/Velocity_railway/airflow_env/lib/python3.10/site-packages/airflow/example_dags/example_workday_timetable.py for tasks to queue
[2024-12-13T03:25:50.730-0800] {logging_mixin.py:190} INFO - [2024-12-13T03:25:50.730-0800] {dagbag.py:588} INFO - Filling up the DagBag from /Users/machine/Velocity_railway/airflow_env/lib/python3.10/site-packages/airflow/example_dags/example_workday_timetable.py
[2024-12-13T03:25:50.733-0800] {logging_mixin.py:190} INFO - [2024-12-13T03:25:50.733-0800] {workday.py:41} WARNING - Could not import pandas. Holidays will not be considered.
[2024-12-13T03:25:50.739-0800] {processor.py:925} INFO - DAG(s) 'example_workday_timetable' retrieved from /Users/machine/Velocity_railway/airflow_env/lib/python3.10/site-packages/airflow/example_dags/example_workday_timetable.py
[2024-12-13T03:25:50.877-0800] {logging_mixin.py:190} INFO - [2024-12-13T03:25:50.876-0800] {workday.py:41} WARNING - Could not import pandas. Holidays will not be considered.
[2024-12-13T03:25:50.893-0800] {logging_mixin.py:190} INFO - [2024-12-13T03:25:50.892-0800] {dag.py:3239} INFO - Sync 1 DAGs
[2024-12-13T03:25:50.909-0800] {logging_mixin.py:190} INFO - [2024-12-13T03:25:50.909-0800] {dag.py:4180} INFO - Setting next_dagrun for example_workday_timetable to 2021-01-01 00:00:00+00:00, run_after=2021-01-02 00:00:00+00:00
[2024-12-13T03:25:50.924-0800] {processor.py:208} INFO - Processing /Users/machine/Velocity_railway/airflow_env/lib/python3.10/site-packages/airflow/example_dags/example_workday_timetable.py took 0.202 seconds
[2024-12-13T03:28:07.143-0800] {processor.py:186} INFO - Started process (PID=85719) to work on /Users/machine/Velocity_railway/airflow_env/lib/python3.10/site-packages/airflow/example_dags/example_workday_timetable.py
[2024-12-13T03:28:07.145-0800] {processor.py:914} INFO - Processing file /Users/machine/Velocity_railway/airflow_env/lib/python3.10/site-packages/airflow/example_dags/example_workday_timetable.py for tasks to queue
[2024-12-13T03:28:07.146-0800] {logging_mixin.py:190} INFO - [2024-12-13T03:28:07.146-0800] {dagbag.py:588} INFO - Filling up the DagBag from /Users/machine/Velocity_railway/airflow_env/lib/python3.10/site-packages/airflow/example_dags/example_workday_timetable.py
[2024-12-13T03:28:07.149-0800] {logging_mixin.py:190} INFO - [2024-12-13T03:28:07.148-0800] {workday.py:41} WARNING - Could not import pandas. Holidays will not be considered.
[2024-12-13T03:28:07.154-0800] {processor.py:925} INFO - DAG(s) 'example_workday_timetable' retrieved from /Users/machine/Velocity_railway/airflow_env/lib/python3.10/site-packages/airflow/example_dags/example_workday_timetable.py
[2024-12-13T03:28:07.319-0800] {logging_mixin.py:190} INFO - [2024-12-13T03:28:07.318-0800] {workday.py:41} WARNING - Could not import pandas. Holidays will not be considered.
[2024-12-13T03:28:07.339-0800] {logging_mixin.py:190} INFO - [2024-12-13T03:28:07.338-0800] {dag.py:3239} INFO - Sync 1 DAGs
[2024-12-13T03:28:07.360-0800] {logging_mixin.py:190} INFO - [2024-12-13T03:28:07.360-0800] {dag.py:4180} INFO - Setting next_dagrun for example_workday_timetable to 2021-01-01 00:00:00+00:00, run_after=2021-01-02 00:00:00+00:00
[2024-12-13T03:28:07.378-0800] {processor.py:208} INFO - Processing /Users/machine/Velocity_railway/airflow_env/lib/python3.10/site-packages/airflow/example_dags/example_workday_timetable.py took 0.241 seconds
[2024-12-13T03:30:24.105-0800] {processor.py:186} INFO - Started process (PID=86170) to work on /Users/machine/Velocity_railway/airflow_env/lib/python3.10/site-packages/airflow/example_dags/example_workday_timetable.py
[2024-12-13T03:30:24.107-0800] {processor.py:914} INFO - Processing file /Users/machine/Velocity_railway/airflow_env/lib/python3.10/site-packages/airflow/example_dags/example_workday_timetable.py for tasks to queue
[2024-12-13T03:30:24.108-0800] {logging_mixin.py:190} INFO - [2024-12-13T03:30:24.108-0800] {dagbag.py:588} INFO - Filling up the DagBag from /Users/machine/Velocity_railway/airflow_env/lib/python3.10/site-packages/airflow/example_dags/example_workday_timetable.py
[2024-12-13T03:30:24.112-0800] {logging_mixin.py:190} INFO - [2024-12-13T03:30:24.111-0800] {workday.py:41} WARNING - Could not import pandas. Holidays will not be considered.
[2024-12-13T03:30:24.118-0800] {processor.py:925} INFO - DAG(s) 'example_workday_timetable' retrieved from /Users/machine/Velocity_railway/airflow_env/lib/python3.10/site-packages/airflow/example_dags/example_workday_timetable.py
[2024-12-13T03:30:24.268-0800] {logging_mixin.py:190} INFO - [2024-12-13T03:30:24.268-0800] {workday.py:41} WARNING - Could not import pandas. Holidays will not be considered.
[2024-12-13T03:30:24.284-0800] {logging_mixin.py:190} INFO - [2024-12-13T03:30:24.284-0800] {dag.py:3239} INFO - Sync 1 DAGs
[2024-12-13T03:30:24.303-0800] {logging_mixin.py:190} INFO - [2024-12-13T03:30:24.302-0800] {dag.py:4180} INFO - Setting next_dagrun for example_workday_timetable to 2021-01-01 00:00:00+00:00, run_after=2021-01-02 00:00:00+00:00
[2024-12-13T03:30:24.320-0800] {processor.py:208} INFO - Processing /Users/machine/Velocity_railway/airflow_env/lib/python3.10/site-packages/airflow/example_dags/example_workday_timetable.py took 0.220 seconds
[2024-12-13T03:32:50.046-0800] {processor.py:186} INFO - Started process (PID=86678) to work on /Users/machine/Velocity_railway/airflow_env/lib/python3.10/site-packages/airflow/example_dags/example_workday_timetable.py
[2024-12-13T03:32:50.047-0800] {processor.py:914} INFO - Processing file /Users/machine/Velocity_railway/airflow_env/lib/python3.10/site-packages/airflow/example_dags/example_workday_timetable.py for tasks to queue
[2024-12-13T03:32:50.049-0800] {logging_mixin.py:190} INFO - [2024-12-13T03:32:50.048-0800] {dagbag.py:588} INFO - Filling up the DagBag from /Users/machine/Velocity_railway/airflow_env/lib/python3.10/site-packages/airflow/example_dags/example_workday_timetable.py
[2024-12-13T03:32:50.051-0800] {logging_mixin.py:190} INFO - [2024-12-13T03:32:50.051-0800] {workday.py:41} WARNING - Could not import pandas. Holidays will not be considered.
[2024-12-13T03:32:50.057-0800] {processor.py:925} INFO - DAG(s) 'example_workday_timetable' retrieved from /Users/machine/Velocity_railway/airflow_env/lib/python3.10/site-packages/airflow/example_dags/example_workday_timetable.py
[2024-12-13T03:32:50.230-0800] {logging_mixin.py:190} INFO - [2024-12-13T03:32:50.230-0800] {workday.py:41} WARNING - Could not import pandas. Holidays will not be considered.
[2024-12-13T03:32:50.249-0800] {logging_mixin.py:190} INFO - [2024-12-13T03:32:50.249-0800] {dag.py:3239} INFO - Sync 1 DAGs
[2024-12-13T03:32:50.268-0800] {logging_mixin.py:190} INFO - [2024-12-13T03:32:50.268-0800] {dag.py:4180} INFO - Setting next_dagrun for example_workday_timetable to 2021-01-01 00:00:00+00:00, run_after=2021-01-02 00:00:00+00:00
[2024-12-13T03:32:50.286-0800] {processor.py:208} INFO - Processing /Users/machine/Velocity_railway/airflow_env/lib/python3.10/site-packages/airflow/example_dags/example_workday_timetable.py took 0.247 seconds
[2024-12-13T03:35:16.121-0800] {processor.py:186} INFO - Started process (PID=87274) to work on /Users/machine/Velocity_railway/airflow_env/lib/python3.10/site-packages/airflow/example_dags/example_workday_timetable.py
[2024-12-13T03:35:16.123-0800] {processor.py:914} INFO - Processing file /Users/machine/Velocity_railway/airflow_env/lib/python3.10/site-packages/airflow/example_dags/example_workday_timetable.py for tasks to queue
[2024-12-13T03:35:16.124-0800] {logging_mixin.py:190} INFO - [2024-12-13T03:35:16.124-0800] {dagbag.py:588} INFO - Filling up the DagBag from /Users/machine/Velocity_railway/airflow_env/lib/python3.10/site-packages/airflow/example_dags/example_workday_timetable.py
[2024-12-13T03:35:16.127-0800] {logging_mixin.py:190} INFO - [2024-12-13T03:35:16.127-0800] {workday.py:41} WARNING - Could not import pandas. Holidays will not be considered.
[2024-12-13T03:35:16.132-0800] {processor.py:925} INFO - DAG(s) 'example_workday_timetable' retrieved from /Users/machine/Velocity_railway/airflow_env/lib/python3.10/site-packages/airflow/example_dags/example_workday_timetable.py
[2024-12-13T03:35:16.285-0800] {logging_mixin.py:190} INFO - [2024-12-13T03:35:16.285-0800] {workday.py:41} WARNING - Could not import pandas. Holidays will not be considered.
[2024-12-13T03:35:16.303-0800] {logging_mixin.py:190} INFO - [2024-12-13T03:35:16.302-0800] {dag.py:3239} INFO - Sync 1 DAGs
[2024-12-13T03:35:16.322-0800] {logging_mixin.py:190} INFO - [2024-12-13T03:35:16.322-0800] {dag.py:4180} INFO - Setting next_dagrun for example_workday_timetable to 2021-01-01 00:00:00+00:00, run_after=2021-01-02 00:00:00+00:00
[2024-12-13T03:35:16.339-0800] {processor.py:208} INFO - Processing /Users/machine/Velocity_railway/airflow_env/lib/python3.10/site-packages/airflow/example_dags/example_workday_timetable.py took 0.224 seconds
[2024-12-13T03:37:43.309-0800] {processor.py:186} INFO - Started process (PID=87760) to work on /Users/machine/Velocity_railway/airflow_env/lib/python3.10/site-packages/airflow/example_dags/example_workday_timetable.py
[2024-12-13T03:37:43.319-0800] {processor.py:914} INFO - Processing file /Users/machine/Velocity_railway/airflow_env/lib/python3.10/site-packages/airflow/example_dags/example_workday_timetable.py for tasks to queue
[2024-12-13T03:37:43.321-0800] {logging_mixin.py:190} INFO - [2024-12-13T03:37:43.320-0800] {dagbag.py:588} INFO - Filling up the DagBag from /Users/machine/Velocity_railway/airflow_env/lib/python3.10/site-packages/airflow/example_dags/example_workday_timetable.py
[2024-12-13T03:37:43.324-0800] {logging_mixin.py:190} INFO - [2024-12-13T03:37:43.324-0800] {workday.py:41} WARNING - Could not import pandas. Holidays will not be considered.
[2024-12-13T03:37:43.331-0800] {processor.py:925} INFO - DAG(s) 'example_workday_timetable' retrieved from /Users/machine/Velocity_railway/airflow_env/lib/python3.10/site-packages/airflow/example_dags/example_workday_timetable.py
[2024-12-13T03:37:43.492-0800] {logging_mixin.py:190} INFO - [2024-12-13T03:37:43.492-0800] {workday.py:41} WARNING - Could not import pandas. Holidays will not be considered.
[2024-12-13T03:37:43.512-0800] {logging_mixin.py:190} INFO - [2024-12-13T03:37:43.512-0800] {dag.py:3239} INFO - Sync 1 DAGs
[2024-12-13T03:37:43.647-0800] {logging_mixin.py:190} INFO - [2024-12-13T03:37:43.647-0800] {dag.py:4180} INFO - Setting next_dagrun for example_workday_timetable to 2021-01-01 00:00:00+00:00, run_after=2021-01-02 00:00:00+00:00
[2024-12-13T03:37:43.666-0800] {processor.py:208} INFO - Processing /Users/machine/Velocity_railway/airflow_env/lib/python3.10/site-packages/airflow/example_dags/example_workday_timetable.py took 0.363 seconds
[2024-12-13T03:40:07.857-0800] {processor.py:186} INFO - Started process (PID=88236) to work on /Users/machine/Velocity_railway/airflow_env/lib/python3.10/site-packages/airflow/example_dags/example_workday_timetable.py
[2024-12-13T03:40:07.859-0800] {processor.py:914} INFO - Processing file /Users/machine/Velocity_railway/airflow_env/lib/python3.10/site-packages/airflow/example_dags/example_workday_timetable.py for tasks to queue
[2024-12-13T03:40:07.860-0800] {logging_mixin.py:190} INFO - [2024-12-13T03:40:07.860-0800] {dagbag.py:588} INFO - Filling up the DagBag from /Users/machine/Velocity_railway/airflow_env/lib/python3.10/site-packages/airflow/example_dags/example_workday_timetable.py
[2024-12-13T03:40:07.863-0800] {logging_mixin.py:190} INFO - [2024-12-13T03:40:07.863-0800] {workday.py:41} WARNING - Could not import pandas. Holidays will not be considered.
[2024-12-13T03:40:07.872-0800] {processor.py:925} INFO - DAG(s) 'example_workday_timetable' retrieved from /Users/machine/Velocity_railway/airflow_env/lib/python3.10/site-packages/airflow/example_dags/example_workday_timetable.py
[2024-12-13T03:40:08.040-0800] {logging_mixin.py:190} INFO - [2024-12-13T03:40:08.040-0800] {workday.py:41} WARNING - Could not import pandas. Holidays will not be considered.
[2024-12-13T03:40:08.059-0800] {logging_mixin.py:190} INFO - [2024-12-13T03:40:08.059-0800] {dag.py:3239} INFO - Sync 1 DAGs
[2024-12-13T03:40:08.078-0800] {logging_mixin.py:190} INFO - [2024-12-13T03:40:08.077-0800] {dag.py:4180} INFO - Setting next_dagrun for example_workday_timetable to 2021-01-01 00:00:00+00:00, run_after=2021-01-02 00:00:00+00:00
[2024-12-13T03:40:08.093-0800] {processor.py:208} INFO - Processing /Users/machine/Velocity_railway/airflow_env/lib/python3.10/site-packages/airflow/example_dags/example_workday_timetable.py took 0.243 seconds
[2024-12-13T03:42:19.559-0800] {processor.py:186} INFO - Started process (PID=88692) to work on /Users/machine/Velocity_railway/airflow_env/lib/python3.10/site-packages/airflow/example_dags/example_workday_timetable.py
[2024-12-13T03:42:19.561-0800] {processor.py:914} INFO - Processing file /Users/machine/Velocity_railway/airflow_env/lib/python3.10/site-packages/airflow/example_dags/example_workday_timetable.py for tasks to queue
[2024-12-13T03:42:19.562-0800] {logging_mixin.py:190} INFO - [2024-12-13T03:42:19.562-0800] {dagbag.py:588} INFO - Filling up the DagBag from /Users/machine/Velocity_railway/airflow_env/lib/python3.10/site-packages/airflow/example_dags/example_workday_timetable.py
[2024-12-13T03:42:19.568-0800] {logging_mixin.py:190} INFO - [2024-12-13T03:42:19.568-0800] {workday.py:41} WARNING - Could not import pandas. Holidays will not be considered.
[2024-12-13T03:42:19.575-0800] {processor.py:925} INFO - DAG(s) 'example_workday_timetable' retrieved from /Users/machine/Velocity_railway/airflow_env/lib/python3.10/site-packages/airflow/example_dags/example_workday_timetable.py
[2024-12-13T03:42:19.727-0800] {logging_mixin.py:190} INFO - [2024-12-13T03:42:19.727-0800] {workday.py:41} WARNING - Could not import pandas. Holidays will not be considered.
[2024-12-13T03:42:19.745-0800] {logging_mixin.py:190} INFO - [2024-12-13T03:42:19.745-0800] {dag.py:3239} INFO - Sync 1 DAGs
[2024-12-13T03:42:19.762-0800] {logging_mixin.py:190} INFO - [2024-12-13T03:42:19.762-0800] {dag.py:4180} INFO - Setting next_dagrun for example_workday_timetable to 2021-01-01 00:00:00+00:00, run_after=2021-01-02 00:00:00+00:00
[2024-12-13T03:42:19.778-0800] {processor.py:208} INFO - Processing /Users/machine/Velocity_railway/airflow_env/lib/python3.10/site-packages/airflow/example_dags/example_workday_timetable.py took 0.225 seconds
[2024-12-13T03:44:33.428-0800] {processor.py:186} INFO - Started process (PID=89156) to work on /Users/machine/Velocity_railway/airflow_env/lib/python3.10/site-packages/airflow/example_dags/example_workday_timetable.py
[2024-12-13T03:44:33.430-0800] {processor.py:914} INFO - Processing file /Users/machine/Velocity_railway/airflow_env/lib/python3.10/site-packages/airflow/example_dags/example_workday_timetable.py for tasks to queue
[2024-12-13T03:44:33.431-0800] {logging_mixin.py:190} INFO - [2024-12-13T03:44:33.431-0800] {dagbag.py:588} INFO - Filling up the DagBag from /Users/machine/Velocity_railway/airflow_env/lib/python3.10/site-packages/airflow/example_dags/example_workday_timetable.py
[2024-12-13T03:44:33.434-0800] {logging_mixin.py:190} INFO - [2024-12-13T03:44:33.434-0800] {workday.py:41} WARNING - Could not import pandas. Holidays will not be considered.
[2024-12-13T03:44:33.440-0800] {processor.py:925} INFO - DAG(s) 'example_workday_timetable' retrieved from /Users/machine/Velocity_railway/airflow_env/lib/python3.10/site-packages/airflow/example_dags/example_workday_timetable.py
[2024-12-13T03:44:33.590-0800] {logging_mixin.py:190} INFO - [2024-12-13T03:44:33.590-0800] {workday.py:41} WARNING - Could not import pandas. Holidays will not be considered.
[2024-12-13T03:44:33.607-0800] {logging_mixin.py:190} INFO - [2024-12-13T03:44:33.607-0800] {dag.py:3239} INFO - Sync 1 DAGs
[2024-12-13T03:44:33.625-0800] {logging_mixin.py:190} INFO - [2024-12-13T03:44:33.625-0800] {dag.py:4180} INFO - Setting next_dagrun for example_workday_timetable to 2021-01-01 00:00:00+00:00, run_after=2021-01-02 00:00:00+00:00
[2024-12-13T03:44:33.642-0800] {processor.py:208} INFO - Processing /Users/machine/Velocity_railway/airflow_env/lib/python3.10/site-packages/airflow/example_dags/example_workday_timetable.py took 0.220 seconds
[2024-12-13T03:46:48.550-0800] {processor.py:186} INFO - Started process (PID=89606) to work on /Users/machine/Velocity_railway/airflow_env/lib/python3.10/site-packages/airflow/example_dags/example_workday_timetable.py
[2024-12-13T03:46:48.552-0800] {processor.py:914} INFO - Processing file /Users/machine/Velocity_railway/airflow_env/lib/python3.10/site-packages/airflow/example_dags/example_workday_timetable.py for tasks to queue
[2024-12-13T03:46:48.553-0800] {logging_mixin.py:190} INFO - [2024-12-13T03:46:48.553-0800] {dagbag.py:588} INFO - Filling up the DagBag from /Users/machine/Velocity_railway/airflow_env/lib/python3.10/site-packages/airflow/example_dags/example_workday_timetable.py
[2024-12-13T03:46:48.560-0800] {logging_mixin.py:190} INFO - [2024-12-13T03:46:48.559-0800] {workday.py:41} WARNING - Could not import pandas. Holidays will not be considered.
[2024-12-13T03:46:48.566-0800] {processor.py:925} INFO - DAG(s) 'example_workday_timetable' retrieved from /Users/machine/Velocity_railway/airflow_env/lib/python3.10/site-packages/airflow/example_dags/example_workday_timetable.py
[2024-12-13T03:46:48.713-0800] {logging_mixin.py:190} INFO - [2024-12-13T03:46:48.712-0800] {workday.py:41} WARNING - Could not import pandas. Holidays will not be considered.
[2024-12-13T03:46:48.729-0800] {logging_mixin.py:190} INFO - [2024-12-13T03:46:48.728-0800] {dag.py:3239} INFO - Sync 1 DAGs
[2024-12-13T03:46:48.746-0800] {logging_mixin.py:190} INFO - [2024-12-13T03:46:48.745-0800] {dag.py:4180} INFO - Setting next_dagrun for example_workday_timetable to 2021-01-01 00:00:00+00:00, run_after=2021-01-02 00:00:00+00:00
[2024-12-13T03:46:48.761-0800] {processor.py:208} INFO - Processing /Users/machine/Velocity_railway/airflow_env/lib/python3.10/site-packages/airflow/example_dags/example_workday_timetable.py took 0.216 seconds
[2024-12-13T03:49:01.486-0800] {processor.py:186} INFO - Started process (PID=90079) to work on /Users/machine/Velocity_railway/airflow_env/lib/python3.10/site-packages/airflow/example_dags/example_workday_timetable.py
[2024-12-13T03:49:01.487-0800] {processor.py:914} INFO - Processing file /Users/machine/Velocity_railway/airflow_env/lib/python3.10/site-packages/airflow/example_dags/example_workday_timetable.py for tasks to queue
[2024-12-13T03:49:01.488-0800] {logging_mixin.py:190} INFO - [2024-12-13T03:49:01.488-0800] {dagbag.py:588} INFO - Filling up the DagBag from /Users/machine/Velocity_railway/airflow_env/lib/python3.10/site-packages/airflow/example_dags/example_workday_timetable.py
[2024-12-13T03:49:01.491-0800] {logging_mixin.py:190} INFO - [2024-12-13T03:49:01.491-0800] {workday.py:41} WARNING - Could not import pandas. Holidays will not be considered.
[2024-12-13T03:49:01.499-0800] {processor.py:925} INFO - DAG(s) 'example_workday_timetable' retrieved from /Users/machine/Velocity_railway/airflow_env/lib/python3.10/site-packages/airflow/example_dags/example_workday_timetable.py
[2024-12-13T03:49:01.646-0800] {logging_mixin.py:190} INFO - [2024-12-13T03:49:01.645-0800] {workday.py:41} WARNING - Could not import pandas. Holidays will not be considered.
[2024-12-13T03:49:01.663-0800] {logging_mixin.py:190} INFO - [2024-12-13T03:49:01.662-0800] {dag.py:3239} INFO - Sync 1 DAGs
[2024-12-13T03:49:01.682-0800] {logging_mixin.py:190} INFO - [2024-12-13T03:49:01.682-0800] {dag.py:4180} INFO - Setting next_dagrun for example_workday_timetable to 2021-01-01 00:00:00+00:00, run_after=2021-01-02 00:00:00+00:00
[2024-12-13T03:49:01.699-0800] {processor.py:208} INFO - Processing /Users/machine/Velocity_railway/airflow_env/lib/python3.10/site-packages/airflow/example_dags/example_workday_timetable.py took 0.219 seconds
[2024-12-13T03:51:20.001-0800] {processor.py:186} INFO - Started process (PID=90557) to work on /Users/machine/Velocity_railway/airflow_env/lib/python3.10/site-packages/airflow/example_dags/example_workday_timetable.py
[2024-12-13T03:51:20.003-0800] {processor.py:914} INFO - Processing file /Users/machine/Velocity_railway/airflow_env/lib/python3.10/site-packages/airflow/example_dags/example_workday_timetable.py for tasks to queue
[2024-12-13T03:51:20.005-0800] {logging_mixin.py:190} INFO - [2024-12-13T03:51:20.004-0800] {dagbag.py:588} INFO - Filling up the DagBag from /Users/machine/Velocity_railway/airflow_env/lib/python3.10/site-packages/airflow/example_dags/example_workday_timetable.py
[2024-12-13T03:51:20.008-0800] {logging_mixin.py:190} INFO - [2024-12-13T03:51:20.008-0800] {workday.py:41} WARNING - Could not import pandas. Holidays will not be considered.
[2024-12-13T03:51:20.013-0800] {processor.py:925} INFO - DAG(s) 'example_workday_timetable' retrieved from /Users/machine/Velocity_railway/airflow_env/lib/python3.10/site-packages/airflow/example_dags/example_workday_timetable.py
[2024-12-13T03:51:20.156-0800] {logging_mixin.py:190} INFO - [2024-12-13T03:51:20.156-0800] {workday.py:41} WARNING - Could not import pandas. Holidays will not be considered.
[2024-12-13T03:51:20.172-0800] {logging_mixin.py:190} INFO - [2024-12-13T03:51:20.172-0800] {dag.py:3239} INFO - Sync 1 DAGs
[2024-12-13T03:51:20.190-0800] {logging_mixin.py:190} INFO - [2024-12-13T03:51:20.189-0800] {dag.py:4180} INFO - Setting next_dagrun for example_workday_timetable to 2021-01-01 00:00:00+00:00, run_after=2021-01-02 00:00:00+00:00
[2024-12-13T03:51:20.205-0800] {processor.py:208} INFO - Processing /Users/machine/Velocity_railway/airflow_env/lib/python3.10/site-packages/airflow/example_dags/example_workday_timetable.py took 0.210 seconds
[2024-12-13T03:53:41.097-0800] {processor.py:186} INFO - Started process (PID=91049) to work on /Users/machine/Velocity_railway/airflow_env/lib/python3.10/site-packages/airflow/example_dags/example_workday_timetable.py
[2024-12-13T03:53:41.103-0800] {processor.py:914} INFO - Processing file /Users/machine/Velocity_railway/airflow_env/lib/python3.10/site-packages/airflow/example_dags/example_workday_timetable.py for tasks to queue
[2024-12-13T03:53:41.105-0800] {logging_mixin.py:190} INFO - [2024-12-13T03:53:41.105-0800] {dagbag.py:588} INFO - Filling up the DagBag from /Users/machine/Velocity_railway/airflow_env/lib/python3.10/site-packages/airflow/example_dags/example_workday_timetable.py
[2024-12-13T03:53:41.125-0800] {logging_mixin.py:190} INFO - [2024-12-13T03:53:41.125-0800] {workday.py:41} WARNING - Could not import pandas. Holidays will not be considered.
[2024-12-13T03:53:41.131-0800] {processor.py:925} INFO - DAG(s) 'example_workday_timetable' retrieved from /Users/machine/Velocity_railway/airflow_env/lib/python3.10/site-packages/airflow/example_dags/example_workday_timetable.py
[2024-12-13T03:53:41.334-0800] {logging_mixin.py:190} INFO - [2024-12-13T03:53:41.334-0800] {workday.py:41} WARNING - Could not import pandas. Holidays will not be considered.
[2024-12-13T03:53:41.356-0800] {logging_mixin.py:190} INFO - [2024-12-13T03:53:41.355-0800] {dag.py:3239} INFO - Sync 1 DAGs
[2024-12-13T03:53:41.377-0800] {logging_mixin.py:190} INFO - [2024-12-13T03:53:41.377-0800] {dag.py:4180} INFO - Setting next_dagrun for example_workday_timetable to 2021-01-01 00:00:00+00:00, run_after=2021-01-02 00:00:00+00:00
[2024-12-13T03:53:41.395-0800] {processor.py:208} INFO - Processing /Users/machine/Velocity_railway/airflow_env/lib/python3.10/site-packages/airflow/example_dags/example_workday_timetable.py took 0.305 seconds
[2024-12-13T03:56:03.324-0800] {processor.py:186} INFO - Started process (PID=91609) to work on /Users/machine/Velocity_railway/airflow_env/lib/python3.10/site-packages/airflow/example_dags/example_workday_timetable.py
[2024-12-13T03:56:03.326-0800] {processor.py:914} INFO - Processing file /Users/machine/Velocity_railway/airflow_env/lib/python3.10/site-packages/airflow/example_dags/example_workday_timetable.py for tasks to queue
[2024-12-13T03:56:03.328-0800] {logging_mixin.py:190} INFO - [2024-12-13T03:56:03.327-0800] {dagbag.py:588} INFO - Filling up the DagBag from /Users/machine/Velocity_railway/airflow_env/lib/python3.10/site-packages/airflow/example_dags/example_workday_timetable.py
[2024-12-13T03:56:03.331-0800] {logging_mixin.py:190} INFO - [2024-12-13T03:56:03.330-0800] {workday.py:41} WARNING - Could not import pandas. Holidays will not be considered.
[2024-12-13T03:56:03.337-0800] {processor.py:925} INFO - DAG(s) 'example_workday_timetable' retrieved from /Users/machine/Velocity_railway/airflow_env/lib/python3.10/site-packages/airflow/example_dags/example_workday_timetable.py
[2024-12-13T03:56:03.546-0800] {logging_mixin.py:190} INFO - [2024-12-13T03:56:03.546-0800] {workday.py:41} WARNING - Could not import pandas. Holidays will not be considered.
[2024-12-13T03:56:03.572-0800] {logging_mixin.py:190} INFO - [2024-12-13T03:56:03.572-0800] {dag.py:3239} INFO - Sync 1 DAGs
[2024-12-13T03:56:03.600-0800] {logging_mixin.py:190} INFO - [2024-12-13T03:56:03.599-0800] {dag.py:4180} INFO - Setting next_dagrun for example_workday_timetable to 2021-01-01 00:00:00+00:00, run_after=2021-01-02 00:00:00+00:00
[2024-12-13T03:56:03.621-0800] {processor.py:208} INFO - Processing /Users/machine/Velocity_railway/airflow_env/lib/python3.10/site-packages/airflow/example_dags/example_workday_timetable.py took 0.304 seconds
[2024-12-13T03:58:32.109-0800] {processor.py:186} INFO - Started process (PID=92248) to work on /Users/machine/Velocity_railway/airflow_env/lib/python3.10/site-packages/airflow/example_dags/example_workday_timetable.py
[2024-12-13T03:58:32.111-0800] {processor.py:914} INFO - Processing file /Users/machine/Velocity_railway/airflow_env/lib/python3.10/site-packages/airflow/example_dags/example_workday_timetable.py for tasks to queue
[2024-12-13T03:58:32.113-0800] {logging_mixin.py:190} INFO - [2024-12-13T03:58:32.113-0800] {dagbag.py:588} INFO - Filling up the DagBag from /Users/machine/Velocity_railway/airflow_env/lib/python3.10/site-packages/airflow/example_dags/example_workday_timetable.py
[2024-12-13T03:58:32.116-0800] {logging_mixin.py:190} INFO - [2024-12-13T03:58:32.116-0800] {workday.py:41} WARNING - Could not import pandas. Holidays will not be considered.
[2024-12-13T03:58:32.123-0800] {processor.py:925} INFO - DAG(s) 'example_workday_timetable' retrieved from /Users/machine/Velocity_railway/airflow_env/lib/python3.10/site-packages/airflow/example_dags/example_workday_timetable.py
[2024-12-13T03:58:32.313-0800] {logging_mixin.py:190} INFO - [2024-12-13T03:58:32.312-0800] {workday.py:41} WARNING - Could not import pandas. Holidays will not be considered.
[2024-12-13T03:58:32.332-0800] {logging_mixin.py:190} INFO - [2024-12-13T03:58:32.331-0800] {dag.py:3239} INFO - Sync 1 DAGs
[2024-12-13T03:58:32.351-0800] {logging_mixin.py:190} INFO - [2024-12-13T03:58:32.351-0800] {dag.py:4180} INFO - Setting next_dagrun for example_workday_timetable to 2021-01-01 00:00:00+00:00, run_after=2021-01-02 00:00:00+00:00
[2024-12-13T03:58:32.368-0800] {processor.py:208} INFO - Processing /Users/machine/Velocity_railway/airflow_env/lib/python3.10/site-packages/airflow/example_dags/example_workday_timetable.py took 0.266 seconds
[2024-12-13T04:01:01.154-0800] {processor.py:186} INFO - Started process (PID=92902) to work on /Users/machine/Velocity_railway/airflow_env/lib/python3.10/site-packages/airflow/example_dags/example_workday_timetable.py
[2024-12-13T04:01:01.158-0800] {processor.py:914} INFO - Processing file /Users/machine/Velocity_railway/airflow_env/lib/python3.10/site-packages/airflow/example_dags/example_workday_timetable.py for tasks to queue
[2024-12-13T04:01:01.159-0800] {logging_mixin.py:190} INFO - [2024-12-13T04:01:01.159-0800] {dagbag.py:588} INFO - Filling up the DagBag from /Users/machine/Velocity_railway/airflow_env/lib/python3.10/site-packages/airflow/example_dags/example_workday_timetable.py
[2024-12-13T04:01:01.162-0800] {logging_mixin.py:190} INFO - [2024-12-13T04:01:01.162-0800] {workday.py:41} WARNING - Could not import pandas. Holidays will not be considered.
[2024-12-13T04:01:01.169-0800] {processor.py:925} INFO - DAG(s) 'example_workday_timetable' retrieved from /Users/machine/Velocity_railway/airflow_env/lib/python3.10/site-packages/airflow/example_dags/example_workday_timetable.py
[2024-12-13T04:01:01.324-0800] {logging_mixin.py:190} INFO - [2024-12-13T04:01:01.324-0800] {workday.py:41} WARNING - Could not import pandas. Holidays will not be considered.
[2024-12-13T04:01:01.341-0800] {logging_mixin.py:190} INFO - [2024-12-13T04:01:01.341-0800] {dag.py:3239} INFO - Sync 1 DAGs
[2024-12-13T04:01:01.359-0800] {logging_mixin.py:190} INFO - [2024-12-13T04:01:01.359-0800] {dag.py:4180} INFO - Setting next_dagrun for example_workday_timetable to 2021-01-01 00:00:00+00:00, run_after=2021-01-02 00:00:00+00:00
[2024-12-13T04:01:01.380-0800] {processor.py:208} INFO - Processing /Users/machine/Velocity_railway/airflow_env/lib/python3.10/site-packages/airflow/example_dags/example_workday_timetable.py took 0.232 seconds
[2024-12-13T05:52:13.265-0800] {processor.py:186} INFO - Started process (PID=93755) to work on /Users/machine/Velocity_railway/airflow_env/lib/python3.10/site-packages/airflow/example_dags/example_workday_timetable.py
[2024-12-13T05:52:13.267-0800] {processor.py:914} INFO - Processing file /Users/machine/Velocity_railway/airflow_env/lib/python3.10/site-packages/airflow/example_dags/example_workday_timetable.py for tasks to queue
[2024-12-13T05:52:13.269-0800] {logging_mixin.py:190} INFO - [2024-12-13T05:52:13.268-0800] {dagbag.py:588} INFO - Filling up the DagBag from /Users/machine/Velocity_railway/airflow_env/lib/python3.10/site-packages/airflow/example_dags/example_workday_timetable.py
[2024-12-13T05:52:13.273-0800] {logging_mixin.py:190} INFO - [2024-12-13T05:52:13.273-0800] {workday.py:41} WARNING - Could not import pandas. Holidays will not be considered.
[2024-12-13T05:52:13.280-0800] {processor.py:925} INFO - DAG(s) 'example_workday_timetable' retrieved from /Users/machine/Velocity_railway/airflow_env/lib/python3.10/site-packages/airflow/example_dags/example_workday_timetable.py
[2024-12-13T05:52:13.439-0800] {logging_mixin.py:190} INFO - [2024-12-13T05:52:13.439-0800] {workday.py:41} WARNING - Could not import pandas. Holidays will not be considered.
[2024-12-13T05:52:13.456-0800] {logging_mixin.py:190} INFO - [2024-12-13T05:52:13.456-0800] {dag.py:3239} INFO - Sync 1 DAGs
[2024-12-13T05:52:13.473-0800] {logging_mixin.py:190} INFO - [2024-12-13T05:52:13.473-0800] {dag.py:4180} INFO - Setting next_dagrun for example_workday_timetable to 2021-01-01 00:00:00+00:00, run_after=2021-01-02 00:00:00+00:00
[2024-12-13T05:52:13.490-0800] {processor.py:208} INFO - Processing /Users/machine/Velocity_railway/airflow_env/lib/python3.10/site-packages/airflow/example_dags/example_workday_timetable.py took 0.230 seconds
