[2024-12-13T03:10:46.053-0800] {processor.py:186} INFO - Started process (PID=82193) to work on /Users/machine/Velocity_railway/airflow_env/lib/python3.10/site-packages/airflow/example_dags/example_branch_operator_decorator.py
[2024-12-13T03:10:46.054-0800] {processor.py:914} INFO - Processing file /Users/machine/Velocity_railway/airflow_env/lib/python3.10/site-packages/airflow/example_dags/example_branch_operator_decorator.py for tasks to queue
[2024-12-13T03:10:46.055-0800] {logging_mixin.py:190} INFO - [2024-12-13T03:10:46.055-0800] {dagbag.py:588} INFO - Filling up the DagBag from /Users/machine/Velocity_railway/airflow_env/lib/python3.10/site-packages/airflow/example_dags/example_branch_operator_decorator.py
[2024-12-13T03:10:46.121-0800] {processor.py:927} WARNING - No viable dags retrieved from /Users/machine/Velocity_railway/airflow_env/lib/python3.10/site-packages/airflow/example_dags/example_branch_operator_decorator.py
[2024-12-13T03:10:46.212-0800] {processor.py:208} INFO - Processing /Users/machine/Velocity_railway/airflow_env/lib/python3.10/site-packages/airflow/example_dags/example_branch_operator_decorator.py took 0.165 seconds
[2024-12-13T03:15:47.236-0800] {processor.py:186} INFO - Started process (PID=83176) to work on /Users/machine/Velocity_railway/airflow_env/lib/python3.10/site-packages/airflow/example_dags/example_branch_operator_decorator.py
[2024-12-13T03:15:47.238-0800] {processor.py:914} INFO - Processing file /Users/machine/Velocity_railway/airflow_env/lib/python3.10/site-packages/airflow/example_dags/example_branch_operator_decorator.py for tasks to queue
[2024-12-13T03:15:47.239-0800] {logging_mixin.py:190} INFO - [2024-12-13T03:15:47.239-0800] {dagbag.py:588} INFO - Filling up the DagBag from /Users/machine/Velocity_railway/airflow_env/lib/python3.10/site-packages/airflow/example_dags/example_branch_operator_decorator.py
[2024-12-13T03:15:47.308-0800] {processor.py:927} WARNING - No viable dags retrieved from /Users/machine/Velocity_railway/airflow_env/lib/python3.10/site-packages/airflow/example_dags/example_branch_operator_decorator.py
[2024-12-13T03:15:47.409-0800] {processor.py:208} INFO - Processing /Users/machine/Velocity_railway/airflow_env/lib/python3.10/site-packages/airflow/example_dags/example_branch_operator_decorator.py took 0.179 seconds
[2024-12-13T03:20:16.656-0800] {processor.py:186} INFO - Started process (PID=84117) to work on /Users/machine/Velocity_railway/airflow_env/lib/python3.10/site-packages/airflow/example_dags/example_branch_operator_decorator.py
[2024-12-13T03:20:16.657-0800] {processor.py:914} INFO - Processing file /Users/machine/Velocity_railway/airflow_env/lib/python3.10/site-packages/airflow/example_dags/example_branch_operator_decorator.py for tasks to queue
[2024-12-13T03:20:16.658-0800] {logging_mixin.py:190} INFO - [2024-12-13T03:20:16.658-0800] {dagbag.py:588} INFO - Filling up the DagBag from /Users/machine/Velocity_railway/airflow_env/lib/python3.10/site-packages/airflow/example_dags/example_branch_operator_decorator.py
[2024-12-13T03:20:16.729-0800] {processor.py:927} WARNING - No viable dags retrieved from /Users/machine/Velocity_railway/airflow_env/lib/python3.10/site-packages/airflow/example_dags/example_branch_operator_decorator.py
[2024-12-13T03:20:16.817-0800] {processor.py:208} INFO - Processing /Users/machine/Velocity_railway/airflow_env/lib/python3.10/site-packages/airflow/example_dags/example_branch_operator_decorator.py took 0.166 seconds
[2024-12-13T03:24:53.109-0800] {processor.py:186} INFO - Started process (PID=85041) to work on /Users/machine/Velocity_railway/airflow_env/lib/python3.10/site-packages/airflow/example_dags/example_branch_operator_decorator.py
[2024-12-13T03:24:53.110-0800] {processor.py:914} INFO - Processing file /Users/machine/Velocity_railway/airflow_env/lib/python3.10/site-packages/airflow/example_dags/example_branch_operator_decorator.py for tasks to queue
[2024-12-13T03:24:53.112-0800] {logging_mixin.py:190} INFO - [2024-12-13T03:24:53.112-0800] {dagbag.py:588} INFO - Filling up the DagBag from /Users/machine/Velocity_railway/airflow_env/lib/python3.10/site-packages/airflow/example_dags/example_branch_operator_decorator.py
[2024-12-13T03:24:53.187-0800] {processor.py:927} WARNING - No viable dags retrieved from /Users/machine/Velocity_railway/airflow_env/lib/python3.10/site-packages/airflow/example_dags/example_branch_operator_decorator.py
[2024-12-13T03:24:53.274-0800] {processor.py:208} INFO - Processing /Users/machine/Velocity_railway/airflow_env/lib/python3.10/site-packages/airflow/example_dags/example_branch_operator_decorator.py took 0.172 seconds
[2024-12-13T03:29:24.884-0800] {processor.py:186} INFO - Started process (PID=85973) to work on /Users/machine/Velocity_railway/airflow_env/lib/python3.10/site-packages/airflow/example_dags/example_branch_operator_decorator.py
[2024-12-13T03:29:24.887-0800] {processor.py:914} INFO - Processing file /Users/machine/Velocity_railway/airflow_env/lib/python3.10/site-packages/airflow/example_dags/example_branch_operator_decorator.py for tasks to queue
[2024-12-13T03:29:24.889-0800] {logging_mixin.py:190} INFO - [2024-12-13T03:29:24.889-0800] {dagbag.py:588} INFO - Filling up the DagBag from /Users/machine/Velocity_railway/airflow_env/lib/python3.10/site-packages/airflow/example_dags/example_branch_operator_decorator.py
[2024-12-13T03:29:25.003-0800] {processor.py:927} WARNING - No viable dags retrieved from /Users/machine/Velocity_railway/airflow_env/lib/python3.10/site-packages/airflow/example_dags/example_branch_operator_decorator.py
[2024-12-13T03:29:25.115-0800] {processor.py:208} INFO - Processing /Users/machine/Velocity_railway/airflow_env/lib/python3.10/site-packages/airflow/example_dags/example_branch_operator_decorator.py took 0.237 seconds
[2024-12-13T03:34:10.757-0800] {processor.py:186} INFO - Started process (PID=86990) to work on /Users/machine/Velocity_railway/airflow_env/lib/python3.10/site-packages/airflow/example_dags/example_branch_operator_decorator.py
[2024-12-13T03:34:10.759-0800] {processor.py:914} INFO - Processing file /Users/machine/Velocity_railway/airflow_env/lib/python3.10/site-packages/airflow/example_dags/example_branch_operator_decorator.py for tasks to queue
[2024-12-13T03:34:10.761-0800] {logging_mixin.py:190} INFO - [2024-12-13T03:34:10.760-0800] {dagbag.py:588} INFO - Filling up the DagBag from /Users/machine/Velocity_railway/airflow_env/lib/python3.10/site-packages/airflow/example_dags/example_branch_operator_decorator.py
[2024-12-13T03:34:10.828-0800] {processor.py:927} WARNING - No viable dags retrieved from /Users/machine/Velocity_railway/airflow_env/lib/python3.10/site-packages/airflow/example_dags/example_branch_operator_decorator.py
[2024-12-13T03:34:10.921-0800] {processor.py:208} INFO - Processing /Users/machine/Velocity_railway/airflow_env/lib/python3.10/site-packages/airflow/example_dags/example_branch_operator_decorator.py took 0.170 seconds
[2024-12-13T03:39:09.569-0800] {processor.py:186} INFO - Started process (PID=88037) to work on /Users/machine/Velocity_railway/airflow_env/lib/python3.10/site-packages/airflow/example_dags/example_branch_operator_decorator.py
[2024-12-13T03:39:09.572-0800] {processor.py:914} INFO - Processing file /Users/machine/Velocity_railway/airflow_env/lib/python3.10/site-packages/airflow/example_dags/example_branch_operator_decorator.py for tasks to queue
[2024-12-13T03:39:09.573-0800] {logging_mixin.py:190} INFO - [2024-12-13T03:39:09.573-0800] {dagbag.py:588} INFO - Filling up the DagBag from /Users/machine/Velocity_railway/airflow_env/lib/python3.10/site-packages/airflow/example_dags/example_branch_operator_decorator.py
[2024-12-13T03:39:09.636-0800] {processor.py:927} WARNING - No viable dags retrieved from /Users/machine/Velocity_railway/airflow_env/lib/python3.10/site-packages/airflow/example_dags/example_branch_operator_decorator.py
[2024-12-13T03:39:09.727-0800] {processor.py:208} INFO - Processing /Users/machine/Velocity_railway/airflow_env/lib/python3.10/site-packages/airflow/example_dags/example_branch_operator_decorator.py took 0.164 seconds
[2024-12-13T03:43:35.012-0800] {processor.py:186} INFO - Started process (PID=88958) to work on /Users/machine/Velocity_railway/airflow_env/lib/python3.10/site-packages/airflow/example_dags/example_branch_operator_decorator.py
[2024-12-13T03:43:35.014-0800] {processor.py:914} INFO - Processing file /Users/machine/Velocity_railway/airflow_env/lib/python3.10/site-packages/airflow/example_dags/example_branch_operator_decorator.py for tasks to queue
[2024-12-13T03:43:35.015-0800] {logging_mixin.py:190} INFO - [2024-12-13T03:43:35.015-0800] {dagbag.py:588} INFO - Filling up the DagBag from /Users/machine/Velocity_railway/airflow_env/lib/python3.10/site-packages/airflow/example_dags/example_branch_operator_decorator.py
[2024-12-13T03:43:35.079-0800] {processor.py:927} WARNING - No viable dags retrieved from /Users/machine/Velocity_railway/airflow_env/lib/python3.10/site-packages/airflow/example_dags/example_branch_operator_decorator.py
[2024-12-13T03:43:35.170-0800] {processor.py:208} INFO - Processing /Users/machine/Velocity_railway/airflow_env/lib/python3.10/site-packages/airflow/example_dags/example_branch_operator_decorator.py took 0.164 seconds
[2024-12-13T03:48:02.342-0800] {processor.py:186} INFO - Started process (PID=89854) to work on /Users/machine/Velocity_railway/airflow_env/lib/python3.10/site-packages/airflow/example_dags/example_branch_operator_decorator.py
[2024-12-13T03:48:02.344-0800] {processor.py:914} INFO - Processing file /Users/machine/Velocity_railway/airflow_env/lib/python3.10/site-packages/airflow/example_dags/example_branch_operator_decorator.py for tasks to queue
[2024-12-13T03:48:02.345-0800] {logging_mixin.py:190} INFO - [2024-12-13T03:48:02.345-0800] {dagbag.py:588} INFO - Filling up the DagBag from /Users/machine/Velocity_railway/airflow_env/lib/python3.10/site-packages/airflow/example_dags/example_branch_operator_decorator.py
[2024-12-13T03:48:02.412-0800] {processor.py:927} WARNING - No viable dags retrieved from /Users/machine/Velocity_railway/airflow_env/lib/python3.10/site-packages/airflow/example_dags/example_branch_operator_decorator.py
[2024-12-13T03:48:02.514-0800] {processor.py:208} INFO - Processing /Users/machine/Velocity_railway/airflow_env/lib/python3.10/site-packages/airflow/example_dags/example_branch_operator_decorator.py took 0.178 seconds
[2024-12-13T03:52:38.603-0800] {processor.py:186} INFO - Started process (PID=90823) to work on /Users/machine/Velocity_railway/airflow_env/lib/python3.10/site-packages/airflow/example_dags/example_branch_operator_decorator.py
[2024-12-13T03:52:38.605-0800] {processor.py:914} INFO - Processing file /Users/machine/Velocity_railway/airflow_env/lib/python3.10/site-packages/airflow/example_dags/example_branch_operator_decorator.py for tasks to queue
[2024-12-13T03:52:38.606-0800] {logging_mixin.py:190} INFO - [2024-12-13T03:52:38.606-0800] {dagbag.py:588} INFO - Filling up the DagBag from /Users/machine/Velocity_railway/airflow_env/lib/python3.10/site-packages/airflow/example_dags/example_branch_operator_decorator.py
[2024-12-13T03:52:38.672-0800] {processor.py:927} WARNING - No viable dags retrieved from /Users/machine/Velocity_railway/airflow_env/lib/python3.10/site-packages/airflow/example_dags/example_branch_operator_decorator.py
[2024-12-13T03:52:38.768-0800] {processor.py:208} INFO - Processing /Users/machine/Velocity_railway/airflow_env/lib/python3.10/site-packages/airflow/example_dags/example_branch_operator_decorator.py took 0.171 seconds
[2024-12-13T03:57:30.804-0800] {processor.py:186} INFO - Started process (PID=91985) to work on /Users/machine/Velocity_railway/airflow_env/lib/python3.10/site-packages/airflow/example_dags/example_branch_operator_decorator.py
[2024-12-13T03:57:30.806-0800] {processor.py:914} INFO - Processing file /Users/machine/Velocity_railway/airflow_env/lib/python3.10/site-packages/airflow/example_dags/example_branch_operator_decorator.py for tasks to queue
[2024-12-13T03:57:30.808-0800] {logging_mixin.py:190} INFO - [2024-12-13T03:57:30.808-0800] {dagbag.py:588} INFO - Filling up the DagBag from /Users/machine/Velocity_railway/airflow_env/lib/python3.10/site-packages/airflow/example_dags/example_branch_operator_decorator.py
[2024-12-13T03:57:30.881-0800] {processor.py:927} WARNING - No viable dags retrieved from /Users/machine/Velocity_railway/airflow_env/lib/python3.10/site-packages/airflow/example_dags/example_branch_operator_decorator.py
[2024-12-13T03:57:30.988-0800] {processor.py:208} INFO - Processing /Users/machine/Velocity_railway/airflow_env/lib/python3.10/site-packages/airflow/example_dags/example_branch_operator_decorator.py took 0.192 seconds
[2024-12-13T05:51:05.870-0800] {processor.py:186} INFO - Started process (PID=93463) to work on /Users/machine/Velocity_railway/airflow_env/lib/python3.10/site-packages/airflow/example_dags/example_branch_operator_decorator.py
[2024-12-13T05:51:05.872-0800] {processor.py:914} INFO - Processing file /Users/machine/Velocity_railway/airflow_env/lib/python3.10/site-packages/airflow/example_dags/example_branch_operator_decorator.py for tasks to queue
[2024-12-13T05:51:05.874-0800] {logging_mixin.py:190} INFO - [2024-12-13T05:51:05.874-0800] {dagbag.py:588} INFO - Filling up the DagBag from /Users/machine/Velocity_railway/airflow_env/lib/python3.10/site-packages/airflow/example_dags/example_branch_operator_decorator.py
[2024-12-13T05:51:05.952-0800] {processor.py:927} WARNING - No viable dags retrieved from /Users/machine/Velocity_railway/airflow_env/lib/python3.10/site-packages/airflow/example_dags/example_branch_operator_decorator.py
[2024-12-13T05:51:06.078-0800] {processor.py:208} INFO - Processing /Users/machine/Velocity_railway/airflow_env/lib/python3.10/site-packages/airflow/example_dags/example_branch_operator_decorator.py took 0.214 seconds
