[2024-12-13T03:10:48.785-0800] {processor.py:186} INFO - Started process (PID=82201) to work on /Users/machine/Velocity_railway/airflow_env/lib/python3.10/site-packages/airflow/example_dags/example_branch_operator.py
[2024-12-13T03:10:48.786-0800] {processor.py:914} INFO - Processing file /Users/machine/Velocity_railway/airflow_env/lib/python3.10/site-packages/airflow/example_dags/example_branch_operator.py for tasks to queue
[2024-12-13T03:10:48.787-0800] {logging_mixin.py:190} INFO - [2024-12-13T03:10:48.787-0800] {dagbag.py:588} INFO - Filling up the DagBag from /Users/machine/Velocity_railway/airflow_env/lib/python3.10/site-packages/airflow/example_dags/example_branch_operator.py
[2024-12-13T03:10:48.867-0800] {processor.py:927} WARNING - No viable dags retrieved from /Users/machine/Velocity_railway/airflow_env/lib/python3.10/site-packages/airflow/example_dags/example_branch_operator.py
[2024-12-13T03:10:48.967-0800] {processor.py:208} INFO - Processing /Users/machine/Velocity_railway/airflow_env/lib/python3.10/site-packages/airflow/example_dags/example_branch_operator.py took 0.188 seconds
[2024-12-13T03:15:50.264-0800] {processor.py:186} INFO - Started process (PID=83191) to work on /Users/machine/Velocity_railway/airflow_env/lib/python3.10/site-packages/airflow/example_dags/example_branch_operator.py
[2024-12-13T03:15:50.266-0800] {processor.py:914} INFO - Processing file /Users/machine/Velocity_railway/airflow_env/lib/python3.10/site-packages/airflow/example_dags/example_branch_operator.py for tasks to queue
[2024-12-13T03:15:50.268-0800] {logging_mixin.py:190} INFO - [2024-12-13T03:15:50.267-0800] {dagbag.py:588} INFO - Filling up the DagBag from /Users/machine/Velocity_railway/airflow_env/lib/python3.10/site-packages/airflow/example_dags/example_branch_operator.py
[2024-12-13T03:15:50.337-0800] {processor.py:927} WARNING - No viable dags retrieved from /Users/machine/Velocity_railway/airflow_env/lib/python3.10/site-packages/airflow/example_dags/example_branch_operator.py
[2024-12-13T03:15:50.439-0800] {processor.py:208} INFO - Processing /Users/machine/Velocity_railway/airflow_env/lib/python3.10/site-packages/airflow/example_dags/example_branch_operator.py took 0.181 seconds
[2024-12-13T03:20:18.904-0800] {processor.py:186} INFO - Started process (PID=84122) to work on /Users/machine/Velocity_railway/airflow_env/lib/python3.10/site-packages/airflow/example_dags/example_branch_operator.py
[2024-12-13T03:20:18.905-0800] {processor.py:914} INFO - Processing file /Users/machine/Velocity_railway/airflow_env/lib/python3.10/site-packages/airflow/example_dags/example_branch_operator.py for tasks to queue
[2024-12-13T03:20:18.906-0800] {logging_mixin.py:190} INFO - [2024-12-13T03:20:18.906-0800] {dagbag.py:588} INFO - Filling up the DagBag from /Users/machine/Velocity_railway/airflow_env/lib/python3.10/site-packages/airflow/example_dags/example_branch_operator.py
[2024-12-13T03:20:18.972-0800] {processor.py:927} WARNING - No viable dags retrieved from /Users/machine/Velocity_railway/airflow_env/lib/python3.10/site-packages/airflow/example_dags/example_branch_operator.py
[2024-12-13T03:20:19.062-0800] {processor.py:208} INFO - Processing /Users/machine/Velocity_railway/airflow_env/lib/python3.10/site-packages/airflow/example_dags/example_branch_operator.py took 0.163 seconds
[2024-12-13T03:24:55.712-0800] {processor.py:186} INFO - Started process (PID=85052) to work on /Users/machine/Velocity_railway/airflow_env/lib/python3.10/site-packages/airflow/example_dags/example_branch_operator.py
[2024-12-13T03:24:55.714-0800] {processor.py:914} INFO - Processing file /Users/machine/Velocity_railway/airflow_env/lib/python3.10/site-packages/airflow/example_dags/example_branch_operator.py for tasks to queue
[2024-12-13T03:24:55.715-0800] {logging_mixin.py:190} INFO - [2024-12-13T03:24:55.715-0800] {dagbag.py:588} INFO - Filling up the DagBag from /Users/machine/Velocity_railway/airflow_env/lib/python3.10/site-packages/airflow/example_dags/example_branch_operator.py
[2024-12-13T03:24:55.784-0800] {processor.py:927} WARNING - No viable dags retrieved from /Users/machine/Velocity_railway/airflow_env/lib/python3.10/site-packages/airflow/example_dags/example_branch_operator.py
[2024-12-13T03:24:55.885-0800] {processor.py:208} INFO - Processing /Users/machine/Velocity_railway/airflow_env/lib/python3.10/site-packages/airflow/example_dags/example_branch_operator.py took 0.178 seconds
[2024-12-13T03:29:29.017-0800] {processor.py:186} INFO - Started process (PID=85978) to work on /Users/machine/Velocity_railway/airflow_env/lib/python3.10/site-packages/airflow/example_dags/example_branch_operator.py
[2024-12-13T03:29:29.019-0800] {processor.py:914} INFO - Processing file /Users/machine/Velocity_railway/airflow_env/lib/python3.10/site-packages/airflow/example_dags/example_branch_operator.py for tasks to queue
[2024-12-13T03:29:29.021-0800] {logging_mixin.py:190} INFO - [2024-12-13T03:29:29.020-0800] {dagbag.py:588} INFO - Filling up the DagBag from /Users/machine/Velocity_railway/airflow_env/lib/python3.10/site-packages/airflow/example_dags/example_branch_operator.py
[2024-12-13T03:29:29.118-0800] {processor.py:927} WARNING - No viable dags retrieved from /Users/machine/Velocity_railway/airflow_env/lib/python3.10/site-packages/airflow/example_dags/example_branch_operator.py
[2024-12-13T03:29:29.247-0800] {processor.py:208} INFO - Processing /Users/machine/Velocity_railway/airflow_env/lib/python3.10/site-packages/airflow/example_dags/example_branch_operator.py took 0.236 seconds
[2024-12-13T03:34:13.265-0800] {processor.py:186} INFO - Started process (PID=86994) to work on /Users/machine/Velocity_railway/airflow_env/lib/python3.10/site-packages/airflow/example_dags/example_branch_operator.py
[2024-12-13T03:34:13.275-0800] {processor.py:914} INFO - Processing file /Users/machine/Velocity_railway/airflow_env/lib/python3.10/site-packages/airflow/example_dags/example_branch_operator.py for tasks to queue
[2024-12-13T03:34:13.279-0800] {logging_mixin.py:190} INFO - [2024-12-13T03:34:13.277-0800] {dagbag.py:588} INFO - Filling up the DagBag from /Users/machine/Velocity_railway/airflow_env/lib/python3.10/site-packages/airflow/example_dags/example_branch_operator.py
[2024-12-13T03:34:13.555-0800] {processor.py:927} WARNING - No viable dags retrieved from /Users/machine/Velocity_railway/airflow_env/lib/python3.10/site-packages/airflow/example_dags/example_branch_operator.py
[2024-12-13T03:34:13.739-0800] {processor.py:208} INFO - Processing /Users/machine/Velocity_railway/airflow_env/lib/python3.10/site-packages/airflow/example_dags/example_branch_operator.py took 0.487 seconds
[2024-12-13T03:39:12.447-0800] {processor.py:186} INFO - Started process (PID=88056) to work on /Users/machine/Velocity_railway/airflow_env/lib/python3.10/site-packages/airflow/example_dags/example_branch_operator.py
[2024-12-13T03:39:12.449-0800] {processor.py:914} INFO - Processing file /Users/machine/Velocity_railway/airflow_env/lib/python3.10/site-packages/airflow/example_dags/example_branch_operator.py for tasks to queue
[2024-12-13T03:39:12.450-0800] {logging_mixin.py:190} INFO - [2024-12-13T03:39:12.449-0800] {dagbag.py:588} INFO - Filling up the DagBag from /Users/machine/Velocity_railway/airflow_env/lib/python3.10/site-packages/airflow/example_dags/example_branch_operator.py
[2024-12-13T03:39:12.518-0800] {processor.py:927} WARNING - No viable dags retrieved from /Users/machine/Velocity_railway/airflow_env/lib/python3.10/site-packages/airflow/example_dags/example_branch_operator.py
[2024-12-13T03:39:12.615-0800] {processor.py:208} INFO - Processing /Users/machine/Velocity_railway/airflow_env/lib/python3.10/site-packages/airflow/example_dags/example_branch_operator.py took 0.174 seconds
[2024-12-13T03:43:37.891-0800] {processor.py:186} INFO - Started process (PID=88966) to work on /Users/machine/Velocity_railway/airflow_env/lib/python3.10/site-packages/airflow/example_dags/example_branch_operator.py
[2024-12-13T03:43:37.893-0800] {processor.py:914} INFO - Processing file /Users/machine/Velocity_railway/airflow_env/lib/python3.10/site-packages/airflow/example_dags/example_branch_operator.py for tasks to queue
[2024-12-13T03:43:37.894-0800] {logging_mixin.py:190} INFO - [2024-12-13T03:43:37.894-0800] {dagbag.py:588} INFO - Filling up the DagBag from /Users/machine/Velocity_railway/airflow_env/lib/python3.10/site-packages/airflow/example_dags/example_branch_operator.py
[2024-12-13T03:43:37.967-0800] {processor.py:927} WARNING - No viable dags retrieved from /Users/machine/Velocity_railway/airflow_env/lib/python3.10/site-packages/airflow/example_dags/example_branch_operator.py
[2024-12-13T03:43:38.063-0800] {processor.py:208} INFO - Processing /Users/machine/Velocity_railway/airflow_env/lib/python3.10/site-packages/airflow/example_dags/example_branch_operator.py took 0.177 seconds
[2024-12-13T03:48:05.369-0800] {processor.py:186} INFO - Started process (PID=89863) to work on /Users/machine/Velocity_railway/airflow_env/lib/python3.10/site-packages/airflow/example_dags/example_branch_operator.py
[2024-12-13T03:48:05.372-0800] {processor.py:914} INFO - Processing file /Users/machine/Velocity_railway/airflow_env/lib/python3.10/site-packages/airflow/example_dags/example_branch_operator.py for tasks to queue
[2024-12-13T03:48:05.373-0800] {logging_mixin.py:190} INFO - [2024-12-13T03:48:05.373-0800] {dagbag.py:588} INFO - Filling up the DagBag from /Users/machine/Velocity_railway/airflow_env/lib/python3.10/site-packages/airflow/example_dags/example_branch_operator.py
[2024-12-13T03:48:05.446-0800] {processor.py:927} WARNING - No viable dags retrieved from /Users/machine/Velocity_railway/airflow_env/lib/python3.10/site-packages/airflow/example_dags/example_branch_operator.py
[2024-12-13T03:48:05.544-0800] {processor.py:208} INFO - Processing /Users/machine/Velocity_railway/airflow_env/lib/python3.10/site-packages/airflow/example_dags/example_branch_operator.py took 0.180 seconds
[2024-12-13T03:52:41.720-0800] {processor.py:186} INFO - Started process (PID=90836) to work on /Users/machine/Velocity_railway/airflow_env/lib/python3.10/site-packages/airflow/example_dags/example_branch_operator.py
[2024-12-13T03:52:41.722-0800] {processor.py:914} INFO - Processing file /Users/machine/Velocity_railway/airflow_env/lib/python3.10/site-packages/airflow/example_dags/example_branch_operator.py for tasks to queue
[2024-12-13T03:52:41.723-0800] {logging_mixin.py:190} INFO - [2024-12-13T03:52:41.723-0800] {dagbag.py:588} INFO - Filling up the DagBag from /Users/machine/Velocity_railway/airflow_env/lib/python3.10/site-packages/airflow/example_dags/example_branch_operator.py
[2024-12-13T03:52:41.793-0800] {processor.py:927} WARNING - No viable dags retrieved from /Users/machine/Velocity_railway/airflow_env/lib/python3.10/site-packages/airflow/example_dags/example_branch_operator.py
[2024-12-13T03:52:41.911-0800] {processor.py:208} INFO - Processing /Users/machine/Velocity_railway/airflow_env/lib/python3.10/site-packages/airflow/example_dags/example_branch_operator.py took 0.197 seconds
[2024-12-13T03:57:34.182-0800] {processor.py:186} INFO - Started process (PID=91999) to work on /Users/machine/Velocity_railway/airflow_env/lib/python3.10/site-packages/airflow/example_dags/example_branch_operator.py
[2024-12-13T03:57:34.183-0800] {processor.py:914} INFO - Processing file /Users/machine/Velocity_railway/airflow_env/lib/python3.10/site-packages/airflow/example_dags/example_branch_operator.py for tasks to queue
[2024-12-13T03:57:34.185-0800] {logging_mixin.py:190} INFO - [2024-12-13T03:57:34.184-0800] {dagbag.py:588} INFO - Filling up the DagBag from /Users/machine/Velocity_railway/airflow_env/lib/python3.10/site-packages/airflow/example_dags/example_branch_operator.py
[2024-12-13T03:57:34.261-0800] {processor.py:927} WARNING - No viable dags retrieved from /Users/machine/Velocity_railway/airflow_env/lib/python3.10/site-packages/airflow/example_dags/example_branch_operator.py
[2024-12-13T03:57:34.370-0800] {processor.py:208} INFO - Processing /Users/machine/Velocity_railway/airflow_env/lib/python3.10/site-packages/airflow/example_dags/example_branch_operator.py took 0.194 seconds
[2024-12-13T05:51:09.138-0800] {processor.py:186} INFO - Started process (PID=93484) to work on /Users/machine/Velocity_railway/airflow_env/lib/python3.10/site-packages/airflow/example_dags/example_branch_operator.py
[2024-12-13T05:51:09.139-0800] {processor.py:914} INFO - Processing file /Users/machine/Velocity_railway/airflow_env/lib/python3.10/site-packages/airflow/example_dags/example_branch_operator.py for tasks to queue
[2024-12-13T05:51:09.140-0800] {logging_mixin.py:190} INFO - [2024-12-13T05:51:09.140-0800] {dagbag.py:588} INFO - Filling up the DagBag from /Users/machine/Velocity_railway/airflow_env/lib/python3.10/site-packages/airflow/example_dags/example_branch_operator.py
[2024-12-13T05:51:09.207-0800] {processor.py:927} WARNING - No viable dags retrieved from /Users/machine/Velocity_railway/airflow_env/lib/python3.10/site-packages/airflow/example_dags/example_branch_operator.py
[2024-12-13T05:51:09.296-0800] {processor.py:208} INFO - Processing /Users/machine/Velocity_railway/airflow_env/lib/python3.10/site-packages/airflow/example_dags/example_branch_operator.py took 0.163 seconds
