[2024-12-13T03:08:53.141-0800] {processor.py:186} INFO - Started process (PID=81817) to work on /Users/machine/Velocity_railway/airflow_env/lib/python3.10/site-packages/airflow/example_dags/example_trigger_controller_dag.py
[2024-12-13T03:08:53.142-0800] {processor.py:914} INFO - Processing file /Users/machine/Velocity_railway/airflow_env/lib/python3.10/site-packages/airflow/example_dags/example_trigger_controller_dag.py for tasks to queue
[2024-12-13T03:08:53.143-0800] {logging_mixin.py:190} INFO - [2024-12-13T03:08:53.143-0800] {dagbag.py:588} INFO - Filling up the DagBag from /Users/machine/Velocity_railway/airflow_env/lib/python3.10/site-packages/airflow/example_dags/example_trigger_controller_dag.py
[2024-12-13T03:08:53.154-0800] {processor.py:925} INFO - DAG(s) 'example_trigger_controller_dag' retrieved from /Users/machine/Velocity_railway/airflow_env/lib/python3.10/site-packages/airflow/example_dags/example_trigger_controller_dag.py
[2024-12-13T03:08:53.379-0800] {logging_mixin.py:190} INFO - [2024-12-13T03:08:53.378-0800] {override.py:1911} INFO - Created Permission View: can delete on DAG:example_trigger_controller_dag
[2024-12-13T03:08:53.387-0800] {logging_mixin.py:190} INFO - [2024-12-13T03:08:53.386-0800] {override.py:1911} INFO - Created Permission View: can read on DAG:example_trigger_controller_dag
[2024-12-13T03:08:53.395-0800] {logging_mixin.py:190} INFO - [2024-12-13T03:08:53.395-0800] {override.py:1911} INFO - Created Permission View: can edit on DAG:example_trigger_controller_dag
[2024-12-13T03:08:53.403-0800] {logging_mixin.py:190} INFO - [2024-12-13T03:08:53.403-0800] {override.py:1911} INFO - Created Permission View: menu access on DAG Run:example_trigger_controller_dag
[2024-12-13T03:08:53.410-0800] {logging_mixin.py:190} INFO - [2024-12-13T03:08:53.409-0800] {override.py:1911} INFO - Created Permission View: can create on DAG Run:example_trigger_controller_dag
[2024-12-13T03:08:53.415-0800] {logging_mixin.py:190} INFO - [2024-12-13T03:08:53.415-0800] {override.py:1911} INFO - Created Permission View: can delete on DAG Run:example_trigger_controller_dag
[2024-12-13T03:08:53.421-0800] {logging_mixin.py:190} INFO - [2024-12-13T03:08:53.420-0800] {override.py:1911} INFO - Created Permission View: can read on DAG Run:example_trigger_controller_dag
[2024-12-13T03:08:53.421-0800] {logging_mixin.py:190} INFO - [2024-12-13T03:08:53.421-0800] {dag.py:3239} INFO - Sync 1 DAGs
[2024-12-13T03:08:53.433-0800] {logging_mixin.py:190} INFO - [2024-12-13T03:08:53.433-0800] {dag.py:3262} INFO - Creating ORM DAG for example_trigger_controller_dag
[2024-12-13T03:08:53.440-0800] {logging_mixin.py:190} INFO - [2024-12-13T03:08:53.440-0800] {dag.py:4180} INFO - Setting next_dagrun for example_trigger_controller_dag to 2021-01-01 00:00:00+00:00, run_after=2021-01-01 00:00:00+00:00
[2024-12-13T03:08:53.455-0800] {processor.py:208} INFO - Processing /Users/machine/Velocity_railway/airflow_env/lib/python3.10/site-packages/airflow/example_dags/example_trigger_controller_dag.py took 0.320 seconds
[2024-12-13T03:11:55.661-0800] {processor.py:186} INFO - Started process (PID=82416) to work on /Users/machine/Velocity_railway/airflow_env/lib/python3.10/site-packages/airflow/example_dags/example_trigger_controller_dag.py
[2024-12-13T03:11:55.663-0800] {processor.py:914} INFO - Processing file /Users/machine/Velocity_railway/airflow_env/lib/python3.10/site-packages/airflow/example_dags/example_trigger_controller_dag.py for tasks to queue
[2024-12-13T03:11:55.664-0800] {logging_mixin.py:190} INFO - [2024-12-13T03:11:55.664-0800] {dagbag.py:588} INFO - Filling up the DagBag from /Users/machine/Velocity_railway/airflow_env/lib/python3.10/site-packages/airflow/example_dags/example_trigger_controller_dag.py
[2024-12-13T03:11:55.682-0800] {processor.py:925} INFO - DAG(s) 'example_trigger_controller_dag' retrieved from /Users/machine/Velocity_railway/airflow_env/lib/python3.10/site-packages/airflow/example_dags/example_trigger_controller_dag.py
[2024-12-13T03:11:55.835-0800] {logging_mixin.py:190} INFO - [2024-12-13T03:11:55.835-0800] {dag.py:3239} INFO - Sync 1 DAGs
[2024-12-13T03:11:55.854-0800] {logging_mixin.py:190} INFO - [2024-12-13T03:11:55.854-0800] {dag.py:4180} INFO - Setting next_dagrun for example_trigger_controller_dag to 2021-01-01 00:00:00+00:00, run_after=2021-01-01 00:00:00+00:00
[2024-12-13T03:11:55.871-0800] {processor.py:208} INFO - Processing /Users/machine/Velocity_railway/airflow_env/lib/python3.10/site-packages/airflow/example_dags/example_trigger_controller_dag.py took 0.216 seconds
[2024-12-13T03:14:29.754-0800] {processor.py:186} INFO - Started process (PID=82931) to work on /Users/machine/Velocity_railway/airflow_env/lib/python3.10/site-packages/airflow/example_dags/example_trigger_controller_dag.py
[2024-12-13T03:14:29.755-0800] {processor.py:914} INFO - Processing file /Users/machine/Velocity_railway/airflow_env/lib/python3.10/site-packages/airflow/example_dags/example_trigger_controller_dag.py for tasks to queue
[2024-12-13T03:14:29.757-0800] {logging_mixin.py:190} INFO - [2024-12-13T03:14:29.756-0800] {dagbag.py:588} INFO - Filling up the DagBag from /Users/machine/Velocity_railway/airflow_env/lib/python3.10/site-packages/airflow/example_dags/example_trigger_controller_dag.py
[2024-12-13T03:14:29.770-0800] {processor.py:925} INFO - DAG(s) 'example_trigger_controller_dag' retrieved from /Users/machine/Velocity_railway/airflow_env/lib/python3.10/site-packages/airflow/example_dags/example_trigger_controller_dag.py
[2024-12-13T03:14:29.933-0800] {logging_mixin.py:190} INFO - [2024-12-13T03:14:29.933-0800] {dag.py:3239} INFO - Sync 1 DAGs
[2024-12-13T03:14:29.952-0800] {logging_mixin.py:190} INFO - [2024-12-13T03:14:29.952-0800] {dag.py:4180} INFO - Setting next_dagrun for example_trigger_controller_dag to 2021-01-01 00:00:00+00:00, run_after=2021-01-01 00:00:00+00:00
[2024-12-13T03:14:29.969-0800] {processor.py:208} INFO - Processing /Users/machine/Velocity_railway/airflow_env/lib/python3.10/site-packages/airflow/example_dags/example_trigger_controller_dag.py took 0.222 seconds
[2024-12-13T03:16:52.587-0800] {processor.py:186} INFO - Started process (PID=83395) to work on /Users/machine/Velocity_railway/airflow_env/lib/python3.10/site-packages/airflow/example_dags/example_trigger_controller_dag.py
[2024-12-13T03:16:52.589-0800] {processor.py:914} INFO - Processing file /Users/machine/Velocity_railway/airflow_env/lib/python3.10/site-packages/airflow/example_dags/example_trigger_controller_dag.py for tasks to queue
[2024-12-13T03:16:52.591-0800] {logging_mixin.py:190} INFO - [2024-12-13T03:16:52.590-0800] {dagbag.py:588} INFO - Filling up the DagBag from /Users/machine/Velocity_railway/airflow_env/lib/python3.10/site-packages/airflow/example_dags/example_trigger_controller_dag.py
[2024-12-13T03:16:52.602-0800] {processor.py:925} INFO - DAG(s) 'example_trigger_controller_dag' retrieved from /Users/machine/Velocity_railway/airflow_env/lib/python3.10/site-packages/airflow/example_dags/example_trigger_controller_dag.py
[2024-12-13T03:16:52.748-0800] {logging_mixin.py:190} INFO - [2024-12-13T03:16:52.748-0800] {dag.py:3239} INFO - Sync 1 DAGs
[2024-12-13T03:16:52.764-0800] {logging_mixin.py:190} INFO - [2024-12-13T03:16:52.764-0800] {dag.py:4180} INFO - Setting next_dagrun for example_trigger_controller_dag to 2021-01-01 00:00:00+00:00, run_after=2021-01-01 00:00:00+00:00
[2024-12-13T03:16:52.781-0800] {processor.py:208} INFO - Processing /Users/machine/Velocity_railway/airflow_env/lib/python3.10/site-packages/airflow/example_dags/example_trigger_controller_dag.py took 0.199 seconds
[2024-12-13T03:19:09.085-0800] {processor.py:186} INFO - Started process (PID=83864) to work on /Users/machine/Velocity_railway/airflow_env/lib/python3.10/site-packages/airflow/example_dags/example_trigger_controller_dag.py
[2024-12-13T03:19:09.087-0800] {processor.py:914} INFO - Processing file /Users/machine/Velocity_railway/airflow_env/lib/python3.10/site-packages/airflow/example_dags/example_trigger_controller_dag.py for tasks to queue
[2024-12-13T03:19:09.088-0800] {logging_mixin.py:190} INFO - [2024-12-13T03:19:09.088-0800] {dagbag.py:588} INFO - Filling up the DagBag from /Users/machine/Velocity_railway/airflow_env/lib/python3.10/site-packages/airflow/example_dags/example_trigger_controller_dag.py
[2024-12-13T03:19:09.098-0800] {processor.py:925} INFO - DAG(s) 'example_trigger_controller_dag' retrieved from /Users/machine/Velocity_railway/airflow_env/lib/python3.10/site-packages/airflow/example_dags/example_trigger_controller_dag.py
[2024-12-13T03:19:09.241-0800] {logging_mixin.py:190} INFO - [2024-12-13T03:19:09.241-0800] {dag.py:3239} INFO - Sync 1 DAGs
[2024-12-13T03:19:09.257-0800] {logging_mixin.py:190} INFO - [2024-12-13T03:19:09.257-0800] {dag.py:4180} INFO - Setting next_dagrun for example_trigger_controller_dag to 2021-01-01 00:00:00+00:00, run_after=2021-01-01 00:00:00+00:00
[2024-12-13T03:19:09.277-0800] {processor.py:208} INFO - Processing /Users/machine/Velocity_railway/airflow_env/lib/python3.10/site-packages/airflow/example_dags/example_trigger_controller_dag.py took 0.197 seconds
[2024-12-13T03:21:17.533-0800] {processor.py:186} INFO - Started process (PID=84319) to work on /Users/machine/Velocity_railway/airflow_env/lib/python3.10/site-packages/airflow/example_dags/example_trigger_controller_dag.py
[2024-12-13T03:21:17.535-0800] {processor.py:914} INFO - Processing file /Users/machine/Velocity_railway/airflow_env/lib/python3.10/site-packages/airflow/example_dags/example_trigger_controller_dag.py for tasks to queue
[2024-12-13T03:21:17.536-0800] {logging_mixin.py:190} INFO - [2024-12-13T03:21:17.536-0800] {dagbag.py:588} INFO - Filling up the DagBag from /Users/machine/Velocity_railway/airflow_env/lib/python3.10/site-packages/airflow/example_dags/example_trigger_controller_dag.py
[2024-12-13T03:21:17.546-0800] {processor.py:925} INFO - DAG(s) 'example_trigger_controller_dag' retrieved from /Users/machine/Velocity_railway/airflow_env/lib/python3.10/site-packages/airflow/example_dags/example_trigger_controller_dag.py
[2024-12-13T03:21:17.725-0800] {logging_mixin.py:190} INFO - [2024-12-13T03:21:17.724-0800] {dag.py:3239} INFO - Sync 1 DAGs
[2024-12-13T03:21:17.744-0800] {logging_mixin.py:190} INFO - [2024-12-13T03:21:17.743-0800] {dag.py:4180} INFO - Setting next_dagrun for example_trigger_controller_dag to 2021-01-01 00:00:00+00:00, run_after=2021-01-01 00:00:00+00:00
[2024-12-13T03:21:17.764-0800] {processor.py:208} INFO - Processing /Users/machine/Velocity_railway/airflow_env/lib/python3.10/site-packages/airflow/example_dags/example_trigger_controller_dag.py took 0.236 seconds
[2024-12-13T03:23:39.547-0800] {processor.py:186} INFO - Started process (PID=84797) to work on /Users/machine/Velocity_railway/airflow_env/lib/python3.10/site-packages/airflow/example_dags/example_trigger_controller_dag.py
[2024-12-13T03:23:39.549-0800] {processor.py:914} INFO - Processing file /Users/machine/Velocity_railway/airflow_env/lib/python3.10/site-packages/airflow/example_dags/example_trigger_controller_dag.py for tasks to queue
[2024-12-13T03:23:39.550-0800] {logging_mixin.py:190} INFO - [2024-12-13T03:23:39.549-0800] {dagbag.py:588} INFO - Filling up the DagBag from /Users/machine/Velocity_railway/airflow_env/lib/python3.10/site-packages/airflow/example_dags/example_trigger_controller_dag.py
[2024-12-13T03:23:39.562-0800] {processor.py:925} INFO - DAG(s) 'example_trigger_controller_dag' retrieved from /Users/machine/Velocity_railway/airflow_env/lib/python3.10/site-packages/airflow/example_dags/example_trigger_controller_dag.py
[2024-12-13T03:23:39.711-0800] {logging_mixin.py:190} INFO - [2024-12-13T03:23:39.711-0800] {dag.py:3239} INFO - Sync 1 DAGs
[2024-12-13T03:23:39.729-0800] {logging_mixin.py:190} INFO - [2024-12-13T03:23:39.729-0800] {dag.py:4180} INFO - Setting next_dagrun for example_trigger_controller_dag to 2021-01-01 00:00:00+00:00, run_after=2021-01-01 00:00:00+00:00
[2024-12-13T03:23:39.746-0800] {processor.py:208} INFO - Processing /Users/machine/Velocity_railway/airflow_env/lib/python3.10/site-packages/airflow/example_dags/example_trigger_controller_dag.py took 0.205 seconds
[2024-12-13T03:25:56.535-0800] {processor.py:186} INFO - Started process (PID=85273) to work on /Users/machine/Velocity_railway/airflow_env/lib/python3.10/site-packages/airflow/example_dags/example_trigger_controller_dag.py
[2024-12-13T03:25:56.545-0800] {processor.py:914} INFO - Processing file /Users/machine/Velocity_railway/airflow_env/lib/python3.10/site-packages/airflow/example_dags/example_trigger_controller_dag.py for tasks to queue
[2024-12-13T03:25:56.546-0800] {logging_mixin.py:190} INFO - [2024-12-13T03:25:56.546-0800] {dagbag.py:588} INFO - Filling up the DagBag from /Users/machine/Velocity_railway/airflow_env/lib/python3.10/site-packages/airflow/example_dags/example_trigger_controller_dag.py
[2024-12-13T03:25:56.558-0800] {processor.py:925} INFO - DAG(s) 'example_trigger_controller_dag' retrieved from /Users/machine/Velocity_railway/airflow_env/lib/python3.10/site-packages/airflow/example_dags/example_trigger_controller_dag.py
[2024-12-13T03:25:56.713-0800] {logging_mixin.py:190} INFO - [2024-12-13T03:25:56.712-0800] {dag.py:3239} INFO - Sync 1 DAGs
[2024-12-13T03:25:56.728-0800] {logging_mixin.py:190} INFO - [2024-12-13T03:25:56.728-0800] {dag.py:4180} INFO - Setting next_dagrun for example_trigger_controller_dag to 2021-01-01 00:00:00+00:00, run_after=2021-01-01 00:00:00+00:00
[2024-12-13T03:25:56.744-0800] {processor.py:208} INFO - Processing /Users/machine/Velocity_railway/airflow_env/lib/python3.10/site-packages/airflow/example_dags/example_trigger_controller_dag.py took 0.216 seconds
[2024-12-13T03:28:12.752-0800] {processor.py:186} INFO - Started process (PID=85741) to work on /Users/machine/Velocity_railway/airflow_env/lib/python3.10/site-packages/airflow/example_dags/example_trigger_controller_dag.py
[2024-12-13T03:28:12.754-0800] {processor.py:914} INFO - Processing file /Users/machine/Velocity_railway/airflow_env/lib/python3.10/site-packages/airflow/example_dags/example_trigger_controller_dag.py for tasks to queue
[2024-12-13T03:28:12.755-0800] {logging_mixin.py:190} INFO - [2024-12-13T03:28:12.755-0800] {dagbag.py:588} INFO - Filling up the DagBag from /Users/machine/Velocity_railway/airflow_env/lib/python3.10/site-packages/airflow/example_dags/example_trigger_controller_dag.py
[2024-12-13T03:28:12.771-0800] {processor.py:925} INFO - DAG(s) 'example_trigger_controller_dag' retrieved from /Users/machine/Velocity_railway/airflow_env/lib/python3.10/site-packages/airflow/example_dags/example_trigger_controller_dag.py
[2024-12-13T03:28:12.942-0800] {logging_mixin.py:190} INFO - [2024-12-13T03:28:12.941-0800] {dag.py:3239} INFO - Sync 1 DAGs
[2024-12-13T03:28:12.961-0800] {logging_mixin.py:190} INFO - [2024-12-13T03:28:12.961-0800] {dag.py:4180} INFO - Setting next_dagrun for example_trigger_controller_dag to 2021-01-01 00:00:00+00:00, run_after=2021-01-01 00:00:00+00:00
[2024-12-13T03:28:12.982-0800] {processor.py:208} INFO - Processing /Users/machine/Velocity_railway/airflow_env/lib/python3.10/site-packages/airflow/example_dags/example_trigger_controller_dag.py took 0.236 seconds
[2024-12-13T03:30:30.191-0800] {processor.py:186} INFO - Started process (PID=86192) to work on /Users/machine/Velocity_railway/airflow_env/lib/python3.10/site-packages/airflow/example_dags/example_trigger_controller_dag.py
[2024-12-13T03:30:30.193-0800] {processor.py:914} INFO - Processing file /Users/machine/Velocity_railway/airflow_env/lib/python3.10/site-packages/airflow/example_dags/example_trigger_controller_dag.py for tasks to queue
[2024-12-13T03:30:30.194-0800] {logging_mixin.py:190} INFO - [2024-12-13T03:30:30.194-0800] {dagbag.py:588} INFO - Filling up the DagBag from /Users/machine/Velocity_railway/airflow_env/lib/python3.10/site-packages/airflow/example_dags/example_trigger_controller_dag.py
[2024-12-13T03:30:30.206-0800] {processor.py:925} INFO - DAG(s) 'example_trigger_controller_dag' retrieved from /Users/machine/Velocity_railway/airflow_env/lib/python3.10/site-packages/airflow/example_dags/example_trigger_controller_dag.py
[2024-12-13T03:30:30.366-0800] {logging_mixin.py:190} INFO - [2024-12-13T03:30:30.366-0800] {dag.py:3239} INFO - Sync 1 DAGs
[2024-12-13T03:30:30.384-0800] {logging_mixin.py:190} INFO - [2024-12-13T03:30:30.384-0800] {dag.py:4180} INFO - Setting next_dagrun for example_trigger_controller_dag to 2021-01-01 00:00:00+00:00, run_after=2021-01-01 00:00:00+00:00
[2024-12-13T03:30:30.401-0800] {processor.py:208} INFO - Processing /Users/machine/Velocity_railway/airflow_env/lib/python3.10/site-packages/airflow/example_dags/example_trigger_controller_dag.py took 0.216 seconds
[2024-12-13T03:32:56.420-0800] {processor.py:186} INFO - Started process (PID=86707) to work on /Users/machine/Velocity_railway/airflow_env/lib/python3.10/site-packages/airflow/example_dags/example_trigger_controller_dag.py
[2024-12-13T03:32:56.422-0800] {processor.py:914} INFO - Processing file /Users/machine/Velocity_railway/airflow_env/lib/python3.10/site-packages/airflow/example_dags/example_trigger_controller_dag.py for tasks to queue
[2024-12-13T03:32:56.424-0800] {logging_mixin.py:190} INFO - [2024-12-13T03:32:56.423-0800] {dagbag.py:588} INFO - Filling up the DagBag from /Users/machine/Velocity_railway/airflow_env/lib/python3.10/site-packages/airflow/example_dags/example_trigger_controller_dag.py
[2024-12-13T03:32:56.436-0800] {processor.py:925} INFO - DAG(s) 'example_trigger_controller_dag' retrieved from /Users/machine/Velocity_railway/airflow_env/lib/python3.10/site-packages/airflow/example_dags/example_trigger_controller_dag.py
[2024-12-13T03:32:56.596-0800] {logging_mixin.py:190} INFO - [2024-12-13T03:32:56.596-0800] {dag.py:3239} INFO - Sync 1 DAGs
[2024-12-13T03:32:56.613-0800] {logging_mixin.py:190} INFO - [2024-12-13T03:32:56.613-0800] {dag.py:4180} INFO - Setting next_dagrun for example_trigger_controller_dag to 2021-01-01 00:00:00+00:00, run_after=2021-01-01 00:00:00+00:00
[2024-12-13T03:32:56.630-0800] {processor.py:208} INFO - Processing /Users/machine/Velocity_railway/airflow_env/lib/python3.10/site-packages/airflow/example_dags/example_trigger_controller_dag.py took 0.216 seconds
[2024-12-13T03:35:22.161-0800] {processor.py:186} INFO - Started process (PID=87293) to work on /Users/machine/Velocity_railway/airflow_env/lib/python3.10/site-packages/airflow/example_dags/example_trigger_controller_dag.py
[2024-12-13T03:35:22.163-0800] {processor.py:914} INFO - Processing file /Users/machine/Velocity_railway/airflow_env/lib/python3.10/site-packages/airflow/example_dags/example_trigger_controller_dag.py for tasks to queue
[2024-12-13T03:35:22.165-0800] {logging_mixin.py:190} INFO - [2024-12-13T03:35:22.164-0800] {dagbag.py:588} INFO - Filling up the DagBag from /Users/machine/Velocity_railway/airflow_env/lib/python3.10/site-packages/airflow/example_dags/example_trigger_controller_dag.py
[2024-12-13T03:35:22.176-0800] {processor.py:925} INFO - DAG(s) 'example_trigger_controller_dag' retrieved from /Users/machine/Velocity_railway/airflow_env/lib/python3.10/site-packages/airflow/example_dags/example_trigger_controller_dag.py
[2024-12-13T03:35:22.327-0800] {logging_mixin.py:190} INFO - [2024-12-13T03:35:22.327-0800] {dag.py:3239} INFO - Sync 1 DAGs
[2024-12-13T03:35:22.344-0800] {logging_mixin.py:190} INFO - [2024-12-13T03:35:22.344-0800] {dag.py:4180} INFO - Setting next_dagrun for example_trigger_controller_dag to 2021-01-01 00:00:00+00:00, run_after=2021-01-01 00:00:00+00:00
[2024-12-13T03:35:22.361-0800] {processor.py:208} INFO - Processing /Users/machine/Velocity_railway/airflow_env/lib/python3.10/site-packages/airflow/example_dags/example_trigger_controller_dag.py took 0.206 seconds
[2024-12-13T03:37:49.774-0800] {processor.py:186} INFO - Started process (PID=87780) to work on /Users/machine/Velocity_railway/airflow_env/lib/python3.10/site-packages/airflow/example_dags/example_trigger_controller_dag.py
[2024-12-13T03:37:49.776-0800] {processor.py:914} INFO - Processing file /Users/machine/Velocity_railway/airflow_env/lib/python3.10/site-packages/airflow/example_dags/example_trigger_controller_dag.py for tasks to queue
[2024-12-13T03:37:49.778-0800] {logging_mixin.py:190} INFO - [2024-12-13T03:37:49.778-0800] {dagbag.py:588} INFO - Filling up the DagBag from /Users/machine/Velocity_railway/airflow_env/lib/python3.10/site-packages/airflow/example_dags/example_trigger_controller_dag.py
[2024-12-13T03:37:49.794-0800] {processor.py:925} INFO - DAG(s) 'example_trigger_controller_dag' retrieved from /Users/machine/Velocity_railway/airflow_env/lib/python3.10/site-packages/airflow/example_dags/example_trigger_controller_dag.py
[2024-12-13T03:37:50.003-0800] {logging_mixin.py:190} INFO - [2024-12-13T03:37:50.002-0800] {dag.py:3239} INFO - Sync 1 DAGs
[2024-12-13T03:37:50.026-0800] {logging_mixin.py:190} INFO - [2024-12-13T03:37:50.026-0800] {dag.py:4180} INFO - Setting next_dagrun for example_trigger_controller_dag to 2021-01-01 00:00:00+00:00, run_after=2021-01-01 00:00:00+00:00
[2024-12-13T03:37:50.047-0800] {processor.py:208} INFO - Processing /Users/machine/Velocity_railway/airflow_env/lib/python3.10/site-packages/airflow/example_dags/example_trigger_controller_dag.py took 0.281 seconds
[2024-12-13T03:40:13.654-0800] {processor.py:186} INFO - Started process (PID=88260) to work on /Users/machine/Velocity_railway/airflow_env/lib/python3.10/site-packages/airflow/example_dags/example_trigger_controller_dag.py
[2024-12-13T03:40:13.657-0800] {processor.py:914} INFO - Processing file /Users/machine/Velocity_railway/airflow_env/lib/python3.10/site-packages/airflow/example_dags/example_trigger_controller_dag.py for tasks to queue
[2024-12-13T03:40:13.658-0800] {logging_mixin.py:190} INFO - [2024-12-13T03:40:13.658-0800] {dagbag.py:588} INFO - Filling up the DagBag from /Users/machine/Velocity_railway/airflow_env/lib/python3.10/site-packages/airflow/example_dags/example_trigger_controller_dag.py
[2024-12-13T03:40:13.675-0800] {processor.py:925} INFO - DAG(s) 'example_trigger_controller_dag' retrieved from /Users/machine/Velocity_railway/airflow_env/lib/python3.10/site-packages/airflow/example_dags/example_trigger_controller_dag.py
[2024-12-13T03:40:13.826-0800] {logging_mixin.py:190} INFO - [2024-12-13T03:40:13.826-0800] {dag.py:3239} INFO - Sync 1 DAGs
[2024-12-13T03:40:13.842-0800] {logging_mixin.py:190} INFO - [2024-12-13T03:40:13.842-0800] {dag.py:4180} INFO - Setting next_dagrun for example_trigger_controller_dag to 2021-01-01 00:00:00+00:00, run_after=2021-01-01 00:00:00+00:00
[2024-12-13T03:40:13.858-0800] {processor.py:208} INFO - Processing /Users/machine/Velocity_railway/airflow_env/lib/python3.10/site-packages/airflow/example_dags/example_trigger_controller_dag.py took 0.209 seconds
[2024-12-13T03:42:25.944-0800] {processor.py:186} INFO - Started process (PID=88722) to work on /Users/machine/Velocity_railway/airflow_env/lib/python3.10/site-packages/airflow/example_dags/example_trigger_controller_dag.py
[2024-12-13T03:42:25.946-0800] {processor.py:914} INFO - Processing file /Users/machine/Velocity_railway/airflow_env/lib/python3.10/site-packages/airflow/example_dags/example_trigger_controller_dag.py for tasks to queue
[2024-12-13T03:42:25.948-0800] {logging_mixin.py:190} INFO - [2024-12-13T03:42:25.947-0800] {dagbag.py:588} INFO - Filling up the DagBag from /Users/machine/Velocity_railway/airflow_env/lib/python3.10/site-packages/airflow/example_dags/example_trigger_controller_dag.py
[2024-12-13T03:42:25.960-0800] {processor.py:925} INFO - DAG(s) 'example_trigger_controller_dag' retrieved from /Users/machine/Velocity_railway/airflow_env/lib/python3.10/site-packages/airflow/example_dags/example_trigger_controller_dag.py
[2024-12-13T03:42:26.114-0800] {logging_mixin.py:190} INFO - [2024-12-13T03:42:26.113-0800] {dag.py:3239} INFO - Sync 1 DAGs
[2024-12-13T03:42:26.131-0800] {logging_mixin.py:190} INFO - [2024-12-13T03:42:26.131-0800] {dag.py:4180} INFO - Setting next_dagrun for example_trigger_controller_dag to 2021-01-01 00:00:00+00:00, run_after=2021-01-01 00:00:00+00:00
[2024-12-13T03:42:26.148-0800] {processor.py:208} INFO - Processing /Users/machine/Velocity_railway/airflow_env/lib/python3.10/site-packages/airflow/example_dags/example_trigger_controller_dag.py took 0.211 seconds
[2024-12-13T03:44:39.398-0800] {processor.py:186} INFO - Started process (PID=89170) to work on /Users/machine/Velocity_railway/airflow_env/lib/python3.10/site-packages/airflow/example_dags/example_trigger_controller_dag.py
[2024-12-13T03:44:39.400-0800] {processor.py:914} INFO - Processing file /Users/machine/Velocity_railway/airflow_env/lib/python3.10/site-packages/airflow/example_dags/example_trigger_controller_dag.py for tasks to queue
[2024-12-13T03:44:39.401-0800] {logging_mixin.py:190} INFO - [2024-12-13T03:44:39.401-0800] {dagbag.py:588} INFO - Filling up the DagBag from /Users/machine/Velocity_railway/airflow_env/lib/python3.10/site-packages/airflow/example_dags/example_trigger_controller_dag.py
[2024-12-13T03:44:39.414-0800] {processor.py:925} INFO - DAG(s) 'example_trigger_controller_dag' retrieved from /Users/machine/Velocity_railway/airflow_env/lib/python3.10/site-packages/airflow/example_dags/example_trigger_controller_dag.py
[2024-12-13T03:44:39.593-0800] {logging_mixin.py:190} INFO - [2024-12-13T03:44:39.593-0800] {dag.py:3239} INFO - Sync 1 DAGs
[2024-12-13T03:44:39.616-0800] {logging_mixin.py:190} INFO - [2024-12-13T03:44:39.615-0800] {dag.py:4180} INFO - Setting next_dagrun for example_trigger_controller_dag to 2021-01-01 00:00:00+00:00, run_after=2021-01-01 00:00:00+00:00
[2024-12-13T03:44:39.632-0800] {processor.py:208} INFO - Processing /Users/machine/Velocity_railway/airflow_env/lib/python3.10/site-packages/airflow/example_dags/example_trigger_controller_dag.py took 0.239 seconds
[2024-12-13T03:46:53.557-0800] {processor.py:186} INFO - Started process (PID=89628) to work on /Users/machine/Velocity_railway/airflow_env/lib/python3.10/site-packages/airflow/example_dags/example_trigger_controller_dag.py
[2024-12-13T03:46:53.560-0800] {processor.py:914} INFO - Processing file /Users/machine/Velocity_railway/airflow_env/lib/python3.10/site-packages/airflow/example_dags/example_trigger_controller_dag.py for tasks to queue
[2024-12-13T03:46:53.561-0800] {logging_mixin.py:190} INFO - [2024-12-13T03:46:53.561-0800] {dagbag.py:588} INFO - Filling up the DagBag from /Users/machine/Velocity_railway/airflow_env/lib/python3.10/site-packages/airflow/example_dags/example_trigger_controller_dag.py
[2024-12-13T03:46:53.578-0800] {processor.py:925} INFO - DAG(s) 'example_trigger_controller_dag' retrieved from /Users/machine/Velocity_railway/airflow_env/lib/python3.10/site-packages/airflow/example_dags/example_trigger_controller_dag.py
[2024-12-13T03:46:53.729-0800] {logging_mixin.py:190} INFO - [2024-12-13T03:46:53.728-0800] {dag.py:3239} INFO - Sync 1 DAGs
[2024-12-13T03:46:53.745-0800] {logging_mixin.py:190} INFO - [2024-12-13T03:46:53.745-0800] {dag.py:4180} INFO - Setting next_dagrun for example_trigger_controller_dag to 2021-01-01 00:00:00+00:00, run_after=2021-01-01 00:00:00+00:00
[2024-12-13T03:46:53.760-0800] {processor.py:208} INFO - Processing /Users/machine/Velocity_railway/airflow_env/lib/python3.10/site-packages/airflow/example_dags/example_trigger_controller_dag.py took 0.209 seconds
[2024-12-13T03:49:06.990-0800] {processor.py:186} INFO - Started process (PID=90095) to work on /Users/machine/Velocity_railway/airflow_env/lib/python3.10/site-packages/airflow/example_dags/example_trigger_controller_dag.py
[2024-12-13T03:49:06.992-0800] {processor.py:914} INFO - Processing file /Users/machine/Velocity_railway/airflow_env/lib/python3.10/site-packages/airflow/example_dags/example_trigger_controller_dag.py for tasks to queue
[2024-12-13T03:49:06.993-0800] {logging_mixin.py:190} INFO - [2024-12-13T03:49:06.993-0800] {dagbag.py:588} INFO - Filling up the DagBag from /Users/machine/Velocity_railway/airflow_env/lib/python3.10/site-packages/airflow/example_dags/example_trigger_controller_dag.py
[2024-12-13T03:49:07.004-0800] {processor.py:925} INFO - DAG(s) 'example_trigger_controller_dag' retrieved from /Users/machine/Velocity_railway/airflow_env/lib/python3.10/site-packages/airflow/example_dags/example_trigger_controller_dag.py
[2024-12-13T03:49:07.161-0800] {logging_mixin.py:190} INFO - [2024-12-13T03:49:07.160-0800] {dag.py:3239} INFO - Sync 1 DAGs
[2024-12-13T03:49:07.178-0800] {logging_mixin.py:190} INFO - [2024-12-13T03:49:07.177-0800] {dag.py:4180} INFO - Setting next_dagrun for example_trigger_controller_dag to 2021-01-01 00:00:00+00:00, run_after=2021-01-01 00:00:00+00:00
[2024-12-13T03:49:07.194-0800] {processor.py:208} INFO - Processing /Users/machine/Velocity_railway/airflow_env/lib/python3.10/site-packages/airflow/example_dags/example_trigger_controller_dag.py took 0.210 seconds
[2024-12-13T03:51:26.075-0800] {processor.py:186} INFO - Started process (PID=90586) to work on /Users/machine/Velocity_railway/airflow_env/lib/python3.10/site-packages/airflow/example_dags/example_trigger_controller_dag.py
[2024-12-13T03:51:26.077-0800] {processor.py:914} INFO - Processing file /Users/machine/Velocity_railway/airflow_env/lib/python3.10/site-packages/airflow/example_dags/example_trigger_controller_dag.py for tasks to queue
[2024-12-13T03:51:26.078-0800] {logging_mixin.py:190} INFO - [2024-12-13T03:51:26.077-0800] {dagbag.py:588} INFO - Filling up the DagBag from /Users/machine/Velocity_railway/airflow_env/lib/python3.10/site-packages/airflow/example_dags/example_trigger_controller_dag.py
[2024-12-13T03:51:26.089-0800] {processor.py:925} INFO - DAG(s) 'example_trigger_controller_dag' retrieved from /Users/machine/Velocity_railway/airflow_env/lib/python3.10/site-packages/airflow/example_dags/example_trigger_controller_dag.py
[2024-12-13T03:51:26.239-0800] {logging_mixin.py:190} INFO - [2024-12-13T03:51:26.238-0800] {dag.py:3239} INFO - Sync 1 DAGs
[2024-12-13T03:51:26.256-0800] {logging_mixin.py:190} INFO - [2024-12-13T03:51:26.255-0800] {dag.py:4180} INFO - Setting next_dagrun for example_trigger_controller_dag to 2021-01-01 00:00:00+00:00, run_after=2021-01-01 00:00:00+00:00
[2024-12-13T03:51:26.273-0800] {processor.py:208} INFO - Processing /Users/machine/Velocity_railway/airflow_env/lib/python3.10/site-packages/airflow/example_dags/example_trigger_controller_dag.py took 0.204 seconds
[2024-12-13T03:53:48.119-0800] {processor.py:186} INFO - Started process (PID=91078) to work on /Users/machine/Velocity_railway/airflow_env/lib/python3.10/site-packages/airflow/example_dags/example_trigger_controller_dag.py
[2024-12-13T03:53:48.121-0800] {processor.py:914} INFO - Processing file /Users/machine/Velocity_railway/airflow_env/lib/python3.10/site-packages/airflow/example_dags/example_trigger_controller_dag.py for tasks to queue
[2024-12-13T03:53:48.123-0800] {logging_mixin.py:190} INFO - [2024-12-13T03:53:48.122-0800] {dagbag.py:588} INFO - Filling up the DagBag from /Users/machine/Velocity_railway/airflow_env/lib/python3.10/site-packages/airflow/example_dags/example_trigger_controller_dag.py
[2024-12-13T03:53:48.138-0800] {processor.py:925} INFO - DAG(s) 'example_trigger_controller_dag' retrieved from /Users/machine/Velocity_railway/airflow_env/lib/python3.10/site-packages/airflow/example_dags/example_trigger_controller_dag.py
[2024-12-13T03:53:48.317-0800] {logging_mixin.py:190} INFO - [2024-12-13T03:53:48.317-0800] {dag.py:3239} INFO - Sync 1 DAGs
[2024-12-13T03:53:48.339-0800] {logging_mixin.py:190} INFO - [2024-12-13T03:53:48.338-0800] {dag.py:4180} INFO - Setting next_dagrun for example_trigger_controller_dag to 2021-01-01 00:00:00+00:00, run_after=2021-01-01 00:00:00+00:00
[2024-12-13T03:53:48.356-0800] {processor.py:208} INFO - Processing /Users/machine/Velocity_railway/airflow_env/lib/python3.10/site-packages/airflow/example_dags/example_trigger_controller_dag.py took 0.245 seconds
[2024-12-13T03:56:10.616-0800] {processor.py:186} INFO - Started process (PID=91642) to work on /Users/machine/Velocity_railway/airflow_env/lib/python3.10/site-packages/airflow/example_dags/example_trigger_controller_dag.py
[2024-12-13T03:56:10.619-0800] {processor.py:914} INFO - Processing file /Users/machine/Velocity_railway/airflow_env/lib/python3.10/site-packages/airflow/example_dags/example_trigger_controller_dag.py for tasks to queue
[2024-12-13T03:56:10.620-0800] {logging_mixin.py:190} INFO - [2024-12-13T03:56:10.620-0800] {dagbag.py:588} INFO - Filling up the DagBag from /Users/machine/Velocity_railway/airflow_env/lib/python3.10/site-packages/airflow/example_dags/example_trigger_controller_dag.py
[2024-12-13T03:56:10.636-0800] {processor.py:925} INFO - DAG(s) 'example_trigger_controller_dag' retrieved from /Users/machine/Velocity_railway/airflow_env/lib/python3.10/site-packages/airflow/example_dags/example_trigger_controller_dag.py
[2024-12-13T03:56:10.799-0800] {logging_mixin.py:190} INFO - [2024-12-13T03:56:10.798-0800] {dag.py:3239} INFO - Sync 1 DAGs
[2024-12-13T03:56:10.818-0800] {logging_mixin.py:190} INFO - [2024-12-13T03:56:10.818-0800] {dag.py:4180} INFO - Setting next_dagrun for example_trigger_controller_dag to 2021-01-01 00:00:00+00:00, run_after=2021-01-01 00:00:00+00:00
[2024-12-13T03:56:10.836-0800] {processor.py:208} INFO - Processing /Users/machine/Velocity_railway/airflow_env/lib/python3.10/site-packages/airflow/example_dags/example_trigger_controller_dag.py took 0.227 seconds
[2024-12-13T03:58:38.464-0800] {processor.py:186} INFO - Started process (PID=92280) to work on /Users/machine/Velocity_railway/airflow_env/lib/python3.10/site-packages/airflow/example_dags/example_trigger_controller_dag.py
[2024-12-13T03:58:38.466-0800] {processor.py:914} INFO - Processing file /Users/machine/Velocity_railway/airflow_env/lib/python3.10/site-packages/airflow/example_dags/example_trigger_controller_dag.py for tasks to queue
[2024-12-13T03:58:38.468-0800] {logging_mixin.py:190} INFO - [2024-12-13T03:58:38.468-0800] {dagbag.py:588} INFO - Filling up the DagBag from /Users/machine/Velocity_railway/airflow_env/lib/python3.10/site-packages/airflow/example_dags/example_trigger_controller_dag.py
[2024-12-13T03:58:38.481-0800] {processor.py:925} INFO - DAG(s) 'example_trigger_controller_dag' retrieved from /Users/machine/Velocity_railway/airflow_env/lib/python3.10/site-packages/airflow/example_dags/example_trigger_controller_dag.py
[2024-12-13T03:58:38.652-0800] {logging_mixin.py:190} INFO - [2024-12-13T03:58:38.651-0800] {dag.py:3239} INFO - Sync 1 DAGs
[2024-12-13T03:58:38.671-0800] {logging_mixin.py:190} INFO - [2024-12-13T03:58:38.671-0800] {dag.py:4180} INFO - Setting next_dagrun for example_trigger_controller_dag to 2021-01-01 00:00:00+00:00, run_after=2021-01-01 00:00:00+00:00
[2024-12-13T03:58:38.692-0800] {processor.py:208} INFO - Processing /Users/machine/Velocity_railway/airflow_env/lib/python3.10/site-packages/airflow/example_dags/example_trigger_controller_dag.py took 0.234 seconds
[2024-12-13T05:47:23.369-0800] {processor.py:186} INFO - Started process (PID=92953) to work on /Users/machine/Velocity_railway/airflow_env/lib/python3.10/site-packages/airflow/example_dags/example_trigger_controller_dag.py
[2024-12-13T05:47:23.371-0800] {processor.py:914} INFO - Processing file /Users/machine/Velocity_railway/airflow_env/lib/python3.10/site-packages/airflow/example_dags/example_trigger_controller_dag.py for tasks to queue
[2024-12-13T05:47:23.373-0800] {logging_mixin.py:190} INFO - [2024-12-13T05:47:23.373-0800] {dagbag.py:588} INFO - Filling up the DagBag from /Users/machine/Velocity_railway/airflow_env/lib/python3.10/site-packages/airflow/example_dags/example_trigger_controller_dag.py
[2024-12-13T05:47:23.395-0800] {processor.py:925} INFO - DAG(s) 'example_trigger_controller_dag' retrieved from /Users/machine/Velocity_railway/airflow_env/lib/python3.10/site-packages/airflow/example_dags/example_trigger_controller_dag.py
[2024-12-13T05:47:23.666-0800] {logging_mixin.py:190} INFO - [2024-12-13T05:47:23.666-0800] {dag.py:3239} INFO - Sync 1 DAGs
[2024-12-13T05:47:23.698-0800] {logging_mixin.py:190} INFO - [2024-12-13T05:47:23.697-0800] {dag.py:4180} INFO - Setting next_dagrun for example_trigger_controller_dag to 2021-01-01 00:00:00+00:00, run_after=2021-01-01 00:00:00+00:00
[2024-12-13T05:47:23.726-0800] {processor.py:208} INFO - Processing /Users/machine/Velocity_railway/airflow_env/lib/python3.10/site-packages/airflow/example_dags/example_trigger_controller_dag.py took 0.365 seconds
