[2024-12-13T03:11:05.456-0800] {processor.py:186} INFO - Started process (PID=82255) to work on /Users/machine/Velocity_railway/airflow_env/lib/python3.10/site-packages/airflow/example_dags/example_bash_decorator.py
[2024-12-13T03:11:05.457-0800] {processor.py:914} INFO - Processing file /Users/machine/Velocity_railway/airflow_env/lib/python3.10/site-packages/airflow/example_dags/example_bash_decorator.py for tasks to queue
[2024-12-13T03:11:05.458-0800] {logging_mixin.py:190} INFO - [2024-12-13T03:11:05.458-0800] {dagbag.py:588} INFO - Filling up the DagBag from /Users/machine/Velocity_railway/airflow_env/lib/python3.10/site-packages/airflow/example_dags/example_bash_decorator.py
[2024-12-13T03:11:05.553-0800] {processor.py:925} INFO - DAG(s) 'example_bash_decorator' retrieved from /Users/machine/Velocity_railway/airflow_env/lib/python3.10/site-packages/airflow/example_dags/example_bash_decorator.py
[2024-12-13T03:11:05.760-0800] {logging_mixin.py:190} INFO - [2024-12-13T03:11:05.759-0800] {override.py:1911} INFO - Created Permission View: can read on DAG:example_bash_decorator
[2024-12-13T03:11:05.769-0800] {logging_mixin.py:190} INFO - [2024-12-13T03:11:05.768-0800] {override.py:1911} INFO - Created Permission View: can delete on DAG:example_bash_decorator
[2024-12-13T03:11:05.776-0800] {logging_mixin.py:190} INFO - [2024-12-13T03:11:05.776-0800] {override.py:1911} INFO - Created Permission View: can edit on DAG:example_bash_decorator
[2024-12-13T03:11:05.784-0800] {logging_mixin.py:190} INFO - [2024-12-13T03:11:05.784-0800] {override.py:1911} INFO - Created Permission View: can read on DAG Run:example_bash_decorator
[2024-12-13T03:11:05.790-0800] {logging_mixin.py:190} INFO - [2024-12-13T03:11:05.790-0800] {override.py:1911} INFO - Created Permission View: menu access on DAG Run:example_bash_decorator
[2024-12-13T03:11:05.796-0800] {logging_mixin.py:190} INFO - [2024-12-13T03:11:05.796-0800] {override.py:1911} INFO - Created Permission View: can delete on DAG Run:example_bash_decorator
[2024-12-13T03:11:05.802-0800] {logging_mixin.py:190} INFO - [2024-12-13T03:11:05.801-0800] {override.py:1911} INFO - Created Permission View: can create on DAG Run:example_bash_decorator
[2024-12-13T03:11:05.802-0800] {logging_mixin.py:190} INFO - [2024-12-13T03:11:05.802-0800] {dag.py:3239} INFO - Sync 1 DAGs
[2024-12-13T03:11:05.814-0800] {logging_mixin.py:190} INFO - [2024-12-13T03:11:05.814-0800] {dag.py:3262} INFO - Creating ORM DAG for example_bash_decorator
[2024-12-13T03:11:05.814-0800] {logging_mixin.py:190} INFO - [2024-12-13T03:11:05.814-0800] {dag.py:4180} INFO - Setting next_dagrun for example_bash_decorator to None, run_after=None
[2024-12-13T03:11:05.830-0800] {processor.py:208} INFO - Processing /Users/machine/Velocity_railway/airflow_env/lib/python3.10/site-packages/airflow/example_dags/example_bash_decorator.py took 0.381 seconds
[2024-12-13T03:16:05.293-0800] {processor.py:186} INFO - Started process (PID=83242) to work on /Users/machine/Velocity_railway/airflow_env/lib/python3.10/site-packages/airflow/example_dags/example_bash_decorator.py
[2024-12-13T03:16:05.294-0800] {processor.py:914} INFO - Processing file /Users/machine/Velocity_railway/airflow_env/lib/python3.10/site-packages/airflow/example_dags/example_bash_decorator.py for tasks to queue
[2024-12-13T03:16:05.295-0800] {logging_mixin.py:190} INFO - [2024-12-13T03:16:05.295-0800] {dagbag.py:588} INFO - Filling up the DagBag from /Users/machine/Velocity_railway/airflow_env/lib/python3.10/site-packages/airflow/example_dags/example_bash_decorator.py
[2024-12-13T03:16:05.385-0800] {processor.py:925} INFO - DAG(s) 'example_bash_decorator' retrieved from /Users/machine/Velocity_railway/airflow_env/lib/python3.10/site-packages/airflow/example_dags/example_bash_decorator.py
[2024-12-13T03:16:05.624-0800] {logging_mixin.py:190} INFO - [2024-12-13T03:16:05.624-0800] {dag.py:3239} INFO - Sync 1 DAGs
[2024-12-13T03:16:05.634-0800] {logging_mixin.py:190} INFO - [2024-12-13T03:16:05.634-0800] {dag.py:4180} INFO - Setting next_dagrun for example_bash_decorator to None, run_after=None
[2024-12-13T03:16:05.651-0800] {processor.py:208} INFO - Processing /Users/machine/Velocity_railway/airflow_env/lib/python3.10/site-packages/airflow/example_dags/example_bash_decorator.py took 0.364 seconds
[2024-12-13T03:20:33.382-0800] {processor.py:186} INFO - Started process (PID=84173) to work on /Users/machine/Velocity_railway/airflow_env/lib/python3.10/site-packages/airflow/example_dags/example_bash_decorator.py
[2024-12-13T03:20:33.384-0800] {processor.py:914} INFO - Processing file /Users/machine/Velocity_railway/airflow_env/lib/python3.10/site-packages/airflow/example_dags/example_bash_decorator.py for tasks to queue
[2024-12-13T03:20:33.386-0800] {logging_mixin.py:190} INFO - [2024-12-13T03:20:33.385-0800] {dagbag.py:588} INFO - Filling up the DagBag from /Users/machine/Velocity_railway/airflow_env/lib/python3.10/site-packages/airflow/example_dags/example_bash_decorator.py
[2024-12-13T03:20:33.477-0800] {processor.py:925} INFO - DAG(s) 'example_bash_decorator' retrieved from /Users/machine/Velocity_railway/airflow_env/lib/python3.10/site-packages/airflow/example_dags/example_bash_decorator.py
[2024-12-13T03:20:33.772-0800] {logging_mixin.py:190} INFO - [2024-12-13T03:20:33.772-0800] {dag.py:3239} INFO - Sync 1 DAGs
[2024-12-13T03:20:33.781-0800] {logging_mixin.py:190} INFO - [2024-12-13T03:20:33.781-0800] {dag.py:4180} INFO - Setting next_dagrun for example_bash_decorator to None, run_after=None
[2024-12-13T03:20:33.799-0800] {processor.py:208} INFO - Processing /Users/machine/Velocity_railway/airflow_env/lib/python3.10/site-packages/airflow/example_dags/example_bash_decorator.py took 0.421 seconds
[2024-12-13T03:25:10.651-0800] {processor.py:186} INFO - Started process (PID=85114) to work on /Users/machine/Velocity_railway/airflow_env/lib/python3.10/site-packages/airflow/example_dags/example_bash_decorator.py
[2024-12-13T03:25:10.654-0800] {processor.py:914} INFO - Processing file /Users/machine/Velocity_railway/airflow_env/lib/python3.10/site-packages/airflow/example_dags/example_bash_decorator.py for tasks to queue
[2024-12-13T03:25:10.655-0800] {logging_mixin.py:190} INFO - [2024-12-13T03:25:10.655-0800] {dagbag.py:588} INFO - Filling up the DagBag from /Users/machine/Velocity_railway/airflow_env/lib/python3.10/site-packages/airflow/example_dags/example_bash_decorator.py
[2024-12-13T03:25:10.750-0800] {processor.py:925} INFO - DAG(s) 'example_bash_decorator' retrieved from /Users/machine/Velocity_railway/airflow_env/lib/python3.10/site-packages/airflow/example_dags/example_bash_decorator.py
[2024-12-13T03:25:11.001-0800] {logging_mixin.py:190} INFO - [2024-12-13T03:25:11.001-0800] {dag.py:3239} INFO - Sync 1 DAGs
[2024-12-13T03:25:11.012-0800] {logging_mixin.py:190} INFO - [2024-12-13T03:25:11.012-0800] {dag.py:4180} INFO - Setting next_dagrun for example_bash_decorator to None, run_after=None
[2024-12-13T03:25:11.029-0800] {processor.py:208} INFO - Processing /Users/machine/Velocity_railway/airflow_env/lib/python3.10/site-packages/airflow/example_dags/example_bash_decorator.py took 0.385 seconds
[2024-12-13T03:29:43.998-0800] {processor.py:186} INFO - Started process (PID=86031) to work on /Users/machine/Velocity_railway/airflow_env/lib/python3.10/site-packages/airflow/example_dags/example_bash_decorator.py
[2024-12-13T03:29:44.000-0800] {processor.py:914} INFO - Processing file /Users/machine/Velocity_railway/airflow_env/lib/python3.10/site-packages/airflow/example_dags/example_bash_decorator.py for tasks to queue
[2024-12-13T03:29:44.001-0800] {logging_mixin.py:190} INFO - [2024-12-13T03:29:44.001-0800] {dagbag.py:588} INFO - Filling up the DagBag from /Users/machine/Velocity_railway/airflow_env/lib/python3.10/site-packages/airflow/example_dags/example_bash_decorator.py
[2024-12-13T03:29:44.094-0800] {processor.py:925} INFO - DAG(s) 'example_bash_decorator' retrieved from /Users/machine/Velocity_railway/airflow_env/lib/python3.10/site-packages/airflow/example_dags/example_bash_decorator.py
[2024-12-13T03:29:44.357-0800] {logging_mixin.py:190} INFO - [2024-12-13T03:29:44.356-0800] {dag.py:3239} INFO - Sync 1 DAGs
[2024-12-13T03:29:44.366-0800] {logging_mixin.py:190} INFO - [2024-12-13T03:29:44.366-0800] {dag.py:4180} INFO - Setting next_dagrun for example_bash_decorator to None, run_after=None
[2024-12-13T03:29:44.386-0800] {processor.py:208} INFO - Processing /Users/machine/Velocity_railway/airflow_env/lib/python3.10/site-packages/airflow/example_dags/example_bash_decorator.py took 0.393 seconds
[2024-12-13T03:34:30.644-0800] {processor.py:186} INFO - Started process (PID=87053) to work on /Users/machine/Velocity_railway/airflow_env/lib/python3.10/site-packages/airflow/example_dags/example_bash_decorator.py
[2024-12-13T03:34:30.646-0800] {processor.py:914} INFO - Processing file /Users/machine/Velocity_railway/airflow_env/lib/python3.10/site-packages/airflow/example_dags/example_bash_decorator.py for tasks to queue
[2024-12-13T03:34:30.647-0800] {logging_mixin.py:190} INFO - [2024-12-13T03:34:30.647-0800] {dagbag.py:588} INFO - Filling up the DagBag from /Users/machine/Velocity_railway/airflow_env/lib/python3.10/site-packages/airflow/example_dags/example_bash_decorator.py
[2024-12-13T03:34:30.757-0800] {processor.py:925} INFO - DAG(s) 'example_bash_decorator' retrieved from /Users/machine/Velocity_railway/airflow_env/lib/python3.10/site-packages/airflow/example_dags/example_bash_decorator.py
[2024-12-13T03:34:31.055-0800] {logging_mixin.py:190} INFO - [2024-12-13T03:34:31.055-0800] {dag.py:3239} INFO - Sync 1 DAGs
[2024-12-13T03:34:31.067-0800] {logging_mixin.py:190} INFO - [2024-12-13T03:34:31.067-0800] {dag.py:4180} INFO - Setting next_dagrun for example_bash_decorator to None, run_after=None
[2024-12-13T03:34:31.089-0800] {processor.py:208} INFO - Processing /Users/machine/Velocity_railway/airflow_env/lib/python3.10/site-packages/airflow/example_dags/example_bash_decorator.py took 0.452 seconds
[2024-12-13T03:39:26.491-0800] {processor.py:186} INFO - Started process (PID=88095) to work on /Users/machine/Velocity_railway/airflow_env/lib/python3.10/site-packages/airflow/example_dags/example_bash_decorator.py
[2024-12-13T03:39:26.494-0800] {processor.py:914} INFO - Processing file /Users/machine/Velocity_railway/airflow_env/lib/python3.10/site-packages/airflow/example_dags/example_bash_decorator.py for tasks to queue
[2024-12-13T03:39:26.496-0800] {logging_mixin.py:190} INFO - [2024-12-13T03:39:26.495-0800] {dagbag.py:588} INFO - Filling up the DagBag from /Users/machine/Velocity_railway/airflow_env/lib/python3.10/site-packages/airflow/example_dags/example_bash_decorator.py
[2024-12-13T03:39:26.586-0800] {processor.py:925} INFO - DAG(s) 'example_bash_decorator' retrieved from /Users/machine/Velocity_railway/airflow_env/lib/python3.10/site-packages/airflow/example_dags/example_bash_decorator.py
[2024-12-13T03:39:26.867-0800] {logging_mixin.py:190} INFO - [2024-12-13T03:39:26.867-0800] {dag.py:3239} INFO - Sync 1 DAGs
[2024-12-13T03:39:26.876-0800] {logging_mixin.py:190} INFO - [2024-12-13T03:39:26.876-0800] {dag.py:4180} INFO - Setting next_dagrun for example_bash_decorator to None, run_after=None
[2024-12-13T03:39:26.893-0800] {processor.py:208} INFO - Processing /Users/machine/Velocity_railway/airflow_env/lib/python3.10/site-packages/airflow/example_dags/example_bash_decorator.py took 0.408 seconds
[2024-12-13T03:43:51.929-0800] {processor.py:186} INFO - Started process (PID=89014) to work on /Users/machine/Velocity_railway/airflow_env/lib/python3.10/site-packages/airflow/example_dags/example_bash_decorator.py
[2024-12-13T03:43:51.931-0800] {processor.py:914} INFO - Processing file /Users/machine/Velocity_railway/airflow_env/lib/python3.10/site-packages/airflow/example_dags/example_bash_decorator.py for tasks to queue
[2024-12-13T03:43:51.932-0800] {logging_mixin.py:190} INFO - [2024-12-13T03:43:51.931-0800] {dagbag.py:588} INFO - Filling up the DagBag from /Users/machine/Velocity_railway/airflow_env/lib/python3.10/site-packages/airflow/example_dags/example_bash_decorator.py
[2024-12-13T03:43:52.030-0800] {processor.py:925} INFO - DAG(s) 'example_bash_decorator' retrieved from /Users/machine/Velocity_railway/airflow_env/lib/python3.10/site-packages/airflow/example_dags/example_bash_decorator.py
[2024-12-13T03:43:52.263-0800] {logging_mixin.py:190} INFO - [2024-12-13T03:43:52.262-0800] {dag.py:3239} INFO - Sync 1 DAGs
[2024-12-13T03:43:52.273-0800] {logging_mixin.py:190} INFO - [2024-12-13T03:43:52.272-0800] {dag.py:4180} INFO - Setting next_dagrun for example_bash_decorator to None, run_after=None
[2024-12-13T03:43:52.289-0800] {processor.py:208} INFO - Processing /Users/machine/Velocity_railway/airflow_env/lib/python3.10/site-packages/airflow/example_dags/example_bash_decorator.py took 0.365 seconds
[2024-12-13T03:48:19.738-0800] {processor.py:186} INFO - Started process (PID=89910) to work on /Users/machine/Velocity_railway/airflow_env/lib/python3.10/site-packages/airflow/example_dags/example_bash_decorator.py
[2024-12-13T03:48:19.740-0800] {processor.py:914} INFO - Processing file /Users/machine/Velocity_railway/airflow_env/lib/python3.10/site-packages/airflow/example_dags/example_bash_decorator.py for tasks to queue
[2024-12-13T03:48:19.741-0800] {logging_mixin.py:190} INFO - [2024-12-13T03:48:19.741-0800] {dagbag.py:588} INFO - Filling up the DagBag from /Users/machine/Velocity_railway/airflow_env/lib/python3.10/site-packages/airflow/example_dags/example_bash_decorator.py
[2024-12-13T03:48:19.842-0800] {processor.py:925} INFO - DAG(s) 'example_bash_decorator' retrieved from /Users/machine/Velocity_railway/airflow_env/lib/python3.10/site-packages/airflow/example_dags/example_bash_decorator.py
[2024-12-13T03:48:20.094-0800] {logging_mixin.py:190} INFO - [2024-12-13T03:48:20.094-0800] {dag.py:3239} INFO - Sync 1 DAGs
[2024-12-13T03:48:20.105-0800] {logging_mixin.py:190} INFO - [2024-12-13T03:48:20.105-0800] {dag.py:4180} INFO - Setting next_dagrun for example_bash_decorator to None, run_after=None
[2024-12-13T03:48:20.124-0800] {processor.py:208} INFO - Processing /Users/machine/Velocity_railway/airflow_env/lib/python3.10/site-packages/airflow/example_dags/example_bash_decorator.py took 0.393 seconds
[2024-12-13T03:52:56.796-0800] {processor.py:186} INFO - Started process (PID=90883) to work on /Users/machine/Velocity_railway/airflow_env/lib/python3.10/site-packages/airflow/example_dags/example_bash_decorator.py
[2024-12-13T03:52:56.798-0800] {processor.py:914} INFO - Processing file /Users/machine/Velocity_railway/airflow_env/lib/python3.10/site-packages/airflow/example_dags/example_bash_decorator.py for tasks to queue
[2024-12-13T03:52:56.804-0800] {logging_mixin.py:190} INFO - [2024-12-13T03:52:56.803-0800] {dagbag.py:588} INFO - Filling up the DagBag from /Users/machine/Velocity_railway/airflow_env/lib/python3.10/site-packages/airflow/example_dags/example_bash_decorator.py
[2024-12-13T03:52:56.922-0800] {processor.py:925} INFO - DAG(s) 'example_bash_decorator' retrieved from /Users/machine/Velocity_railway/airflow_env/lib/python3.10/site-packages/airflow/example_dags/example_bash_decorator.py
[2024-12-13T03:52:57.189-0800] {logging_mixin.py:190} INFO - [2024-12-13T03:52:57.189-0800] {dag.py:3239} INFO - Sync 1 DAGs
[2024-12-13T03:52:57.199-0800] {logging_mixin.py:190} INFO - [2024-12-13T03:52:57.199-0800] {dag.py:4180} INFO - Setting next_dagrun for example_bash_decorator to None, run_after=None
[2024-12-13T03:52:57.216-0800] {processor.py:208} INFO - Processing /Users/machine/Velocity_railway/airflow_env/lib/python3.10/site-packages/airflow/example_dags/example_bash_decorator.py took 0.427 seconds
[2024-12-13T03:57:48.687-0800] {processor.py:186} INFO - Started process (PID=92060) to work on /Users/machine/Velocity_railway/airflow_env/lib/python3.10/site-packages/airflow/example_dags/example_bash_decorator.py
[2024-12-13T03:57:48.689-0800] {processor.py:914} INFO - Processing file /Users/machine/Velocity_railway/airflow_env/lib/python3.10/site-packages/airflow/example_dags/example_bash_decorator.py for tasks to queue
[2024-12-13T03:57:48.690-0800] {logging_mixin.py:190} INFO - [2024-12-13T03:57:48.690-0800] {dagbag.py:588} INFO - Filling up the DagBag from /Users/machine/Velocity_railway/airflow_env/lib/python3.10/site-packages/airflow/example_dags/example_bash_decorator.py
[2024-12-13T03:57:48.793-0800] {processor.py:925} INFO - DAG(s) 'example_bash_decorator' retrieved from /Users/machine/Velocity_railway/airflow_env/lib/python3.10/site-packages/airflow/example_dags/example_bash_decorator.py
[2024-12-13T03:57:49.055-0800] {logging_mixin.py:190} INFO - [2024-12-13T03:57:49.055-0800] {dag.py:3239} INFO - Sync 1 DAGs
[2024-12-13T03:57:49.066-0800] {logging_mixin.py:190} INFO - [2024-12-13T03:57:49.066-0800] {dag.py:4180} INFO - Setting next_dagrun for example_bash_decorator to None, run_after=None
[2024-12-13T03:57:49.087-0800] {processor.py:208} INFO - Processing /Users/machine/Velocity_railway/airflow_env/lib/python3.10/site-packages/airflow/example_dags/example_bash_decorator.py took 0.407 seconds
[2024-12-13T05:51:28.017-0800] {processor.py:186} INFO - Started process (PID=93559) to work on /Users/machine/Velocity_railway/airflow_env/lib/python3.10/site-packages/airflow/example_dags/example_bash_decorator.py
[2024-12-13T05:51:28.019-0800] {processor.py:914} INFO - Processing file /Users/machine/Velocity_railway/airflow_env/lib/python3.10/site-packages/airflow/example_dags/example_bash_decorator.py for tasks to queue
[2024-12-13T05:51:28.021-0800] {logging_mixin.py:190} INFO - [2024-12-13T05:51:28.020-0800] {dagbag.py:588} INFO - Filling up the DagBag from /Users/machine/Velocity_railway/airflow_env/lib/python3.10/site-packages/airflow/example_dags/example_bash_decorator.py
[2024-12-13T05:51:28.125-0800] {processor.py:925} INFO - DAG(s) 'example_bash_decorator' retrieved from /Users/machine/Velocity_railway/airflow_env/lib/python3.10/site-packages/airflow/example_dags/example_bash_decorator.py
[2024-12-13T05:51:28.390-0800] {logging_mixin.py:190} INFO - [2024-12-13T05:51:28.390-0800] {dag.py:3239} INFO - Sync 1 DAGs
[2024-12-13T05:51:28.401-0800] {logging_mixin.py:190} INFO - [2024-12-13T05:51:28.401-0800] {dag.py:4180} INFO - Setting next_dagrun for example_bash_decorator to None, run_after=None
[2024-12-13T05:51:28.419-0800] {processor.py:208} INFO - Processing /Users/machine/Velocity_railway/airflow_env/lib/python3.10/site-packages/airflow/example_dags/example_bash_decorator.py took 0.409 seconds
