[2024-12-13T03:08:58.558-0800] {processor.py:186} INFO - Started process (PID=81836) to work on /Users/machine/Velocity_railway/airflow_env/lib/python3.10/site-packages/airflow/example_dags/example_task_group_decorator.py
[2024-12-13T03:08:58.559-0800] {processor.py:914} INFO - Processing file /Users/machine/Velocity_railway/airflow_env/lib/python3.10/site-packages/airflow/example_dags/example_task_group_decorator.py for tasks to queue
[2024-12-13T03:08:58.560-0800] {logging_mixin.py:190} INFO - [2024-12-13T03:08:58.560-0800] {dagbag.py:588} INFO - Filling up the DagBag from /Users/machine/Velocity_railway/airflow_env/lib/python3.10/site-packages/airflow/example_dags/example_task_group_decorator.py
[2024-12-13T03:08:58.650-0800] {processor.py:925} INFO - DAG(s) 'example_task_group_decorator' retrieved from /Users/machine/Velocity_railway/airflow_env/lib/python3.10/site-packages/airflow/example_dags/example_task_group_decorator.py
[2024-12-13T03:08:58.838-0800] {logging_mixin.py:190} INFO - [2024-12-13T03:08:58.837-0800] {override.py:1911} INFO - Created Permission View: can read on DAG:example_task_group_decorator
[2024-12-13T03:08:58.847-0800] {logging_mixin.py:190} INFO - [2024-12-13T03:08:58.846-0800] {override.py:1911} INFO - Created Permission View: can edit on DAG:example_task_group_decorator
[2024-12-13T03:08:58.852-0800] {logging_mixin.py:190} INFO - [2024-12-13T03:08:58.852-0800] {override.py:1911} INFO - Created Permission View: can delete on DAG:example_task_group_decorator
[2024-12-13T03:08:58.860-0800] {logging_mixin.py:190} INFO - [2024-12-13T03:08:58.860-0800] {override.py:1911} INFO - Created Permission View: can read on DAG Run:example_task_group_decorator
[2024-12-13T03:08:58.865-0800] {logging_mixin.py:190} INFO - [2024-12-13T03:08:58.865-0800] {override.py:1911} INFO - Created Permission View: menu access on DAG Run:example_task_group_decorator
[2024-12-13T03:08:58.870-0800] {logging_mixin.py:190} INFO - [2024-12-13T03:08:58.870-0800] {override.py:1911} INFO - Created Permission View: can create on DAG Run:example_task_group_decorator
[2024-12-13T03:08:58.876-0800] {logging_mixin.py:190} INFO - [2024-12-13T03:08:58.876-0800] {override.py:1911} INFO - Created Permission View: can delete on DAG Run:example_task_group_decorator
[2024-12-13T03:08:58.876-0800] {logging_mixin.py:190} INFO - [2024-12-13T03:08:58.876-0800] {dag.py:3239} INFO - Sync 1 DAGs
[2024-12-13T03:08:58.886-0800] {logging_mixin.py:190} INFO - [2024-12-13T03:08:58.886-0800] {dag.py:3262} INFO - Creating ORM DAG for example_task_group_decorator
[2024-12-13T03:08:58.887-0800] {logging_mixin.py:190} INFO - [2024-12-13T03:08:58.887-0800] {dag.py:4180} INFO - Setting next_dagrun for example_task_group_decorator to None, run_after=None
[2024-12-13T03:08:58.902-0800] {processor.py:208} INFO - Processing /Users/machine/Velocity_railway/airflow_env/lib/python3.10/site-packages/airflow/example_dags/example_task_group_decorator.py took 0.350 seconds
[2024-12-13T03:12:01.889-0800] {processor.py:186} INFO - Started process (PID=82434) to work on /Users/machine/Velocity_railway/airflow_env/lib/python3.10/site-packages/airflow/example_dags/example_task_group_decorator.py
[2024-12-13T03:12:01.891-0800] {processor.py:914} INFO - Processing file /Users/machine/Velocity_railway/airflow_env/lib/python3.10/site-packages/airflow/example_dags/example_task_group_decorator.py for tasks to queue
[2024-12-13T03:12:01.893-0800] {logging_mixin.py:190} INFO - [2024-12-13T03:12:01.893-0800] {dagbag.py:588} INFO - Filling up the DagBag from /Users/machine/Velocity_railway/airflow_env/lib/python3.10/site-packages/airflow/example_dags/example_task_group_decorator.py
[2024-12-13T03:12:01.999-0800] {processor.py:925} INFO - DAG(s) 'example_task_group_decorator' retrieved from /Users/machine/Velocity_railway/airflow_env/lib/python3.10/site-packages/airflow/example_dags/example_task_group_decorator.py
[2024-12-13T03:12:02.122-0800] {logging_mixin.py:190} INFO - [2024-12-13T03:12:02.121-0800] {dag.py:3239} INFO - Sync 1 DAGs
[2024-12-13T03:12:02.133-0800] {logging_mixin.py:190} INFO - [2024-12-13T03:12:02.132-0800] {dag.py:4180} INFO - Setting next_dagrun for example_task_group_decorator to None, run_after=None
[2024-12-13T03:12:02.151-0800] {processor.py:208} INFO - Processing /Users/machine/Velocity_railway/airflow_env/lib/python3.10/site-packages/airflow/example_dags/example_task_group_decorator.py took 0.270 seconds
[2024-12-13T03:14:35.833-0800] {processor.py:186} INFO - Started process (PID=82945) to work on /Users/machine/Velocity_railway/airflow_env/lib/python3.10/site-packages/airflow/example_dags/example_task_group_decorator.py
[2024-12-13T03:14:35.835-0800] {processor.py:914} INFO - Processing file /Users/machine/Velocity_railway/airflow_env/lib/python3.10/site-packages/airflow/example_dags/example_task_group_decorator.py for tasks to queue
[2024-12-13T03:14:35.836-0800] {logging_mixin.py:190} INFO - [2024-12-13T03:14:35.836-0800] {dagbag.py:588} INFO - Filling up the DagBag from /Users/machine/Velocity_railway/airflow_env/lib/python3.10/site-packages/airflow/example_dags/example_task_group_decorator.py
[2024-12-13T03:14:35.927-0800] {processor.py:925} INFO - DAG(s) 'example_task_group_decorator' retrieved from /Users/machine/Velocity_railway/airflow_env/lib/python3.10/site-packages/airflow/example_dags/example_task_group_decorator.py
[2024-12-13T03:14:36.043-0800] {logging_mixin.py:190} INFO - [2024-12-13T03:14:36.042-0800] {dag.py:3239} INFO - Sync 1 DAGs
[2024-12-13T03:14:36.053-0800] {logging_mixin.py:190} INFO - [2024-12-13T03:14:36.053-0800] {dag.py:4180} INFO - Setting next_dagrun for example_task_group_decorator to None, run_after=None
[2024-12-13T03:14:36.071-0800] {processor.py:208} INFO - Processing /Users/machine/Velocity_railway/airflow_env/lib/python3.10/site-packages/airflow/example_dags/example_task_group_decorator.py took 0.244 seconds
[2024-12-13T03:16:58.357-0800] {processor.py:186} INFO - Started process (PID=83410) to work on /Users/machine/Velocity_railway/airflow_env/lib/python3.10/site-packages/airflow/example_dags/example_task_group_decorator.py
[2024-12-13T03:16:58.359-0800] {processor.py:914} INFO - Processing file /Users/machine/Velocity_railway/airflow_env/lib/python3.10/site-packages/airflow/example_dags/example_task_group_decorator.py for tasks to queue
[2024-12-13T03:16:58.360-0800] {logging_mixin.py:190} INFO - [2024-12-13T03:16:58.360-0800] {dagbag.py:588} INFO - Filling up the DagBag from /Users/machine/Velocity_railway/airflow_env/lib/python3.10/site-packages/airflow/example_dags/example_task_group_decorator.py
[2024-12-13T03:16:58.450-0800] {processor.py:925} INFO - DAG(s) 'example_task_group_decorator' retrieved from /Users/machine/Velocity_railway/airflow_env/lib/python3.10/site-packages/airflow/example_dags/example_task_group_decorator.py
[2024-12-13T03:16:58.559-0800] {logging_mixin.py:190} INFO - [2024-12-13T03:16:58.558-0800] {dag.py:3239} INFO - Sync 1 DAGs
[2024-12-13T03:16:58.570-0800] {logging_mixin.py:190} INFO - [2024-12-13T03:16:58.570-0800] {dag.py:4180} INFO - Setting next_dagrun for example_task_group_decorator to None, run_after=None
[2024-12-13T03:16:58.587-0800] {processor.py:208} INFO - Processing /Users/machine/Velocity_railway/airflow_env/lib/python3.10/site-packages/airflow/example_dags/example_task_group_decorator.py took 0.235 seconds
[2024-12-13T03:19:14.247-0800] {processor.py:186} INFO - Started process (PID=83879) to work on /Users/machine/Velocity_railway/airflow_env/lib/python3.10/site-packages/airflow/example_dags/example_task_group_decorator.py
[2024-12-13T03:19:14.248-0800] {processor.py:914} INFO - Processing file /Users/machine/Velocity_railway/airflow_env/lib/python3.10/site-packages/airflow/example_dags/example_task_group_decorator.py for tasks to queue
[2024-12-13T03:19:14.250-0800] {logging_mixin.py:190} INFO - [2024-12-13T03:19:14.249-0800] {dagbag.py:588} INFO - Filling up the DagBag from /Users/machine/Velocity_railway/airflow_env/lib/python3.10/site-packages/airflow/example_dags/example_task_group_decorator.py
[2024-12-13T03:19:14.341-0800] {processor.py:925} INFO - DAG(s) 'example_task_group_decorator' retrieved from /Users/machine/Velocity_railway/airflow_env/lib/python3.10/site-packages/airflow/example_dags/example_task_group_decorator.py
[2024-12-13T03:19:14.446-0800] {logging_mixin.py:190} INFO - [2024-12-13T03:19:14.446-0800] {dag.py:3239} INFO - Sync 1 DAGs
[2024-12-13T03:19:14.456-0800] {logging_mixin.py:190} INFO - [2024-12-13T03:19:14.456-0800] {dag.py:4180} INFO - Setting next_dagrun for example_task_group_decorator to None, run_after=None
[2024-12-13T03:19:14.473-0800] {processor.py:208} INFO - Processing /Users/machine/Velocity_railway/airflow_env/lib/python3.10/site-packages/airflow/example_dags/example_task_group_decorator.py took 0.232 seconds
[2024-12-13T03:21:23.487-0800] {processor.py:186} INFO - Started process (PID=84337) to work on /Users/machine/Velocity_railway/airflow_env/lib/python3.10/site-packages/airflow/example_dags/example_task_group_decorator.py
[2024-12-13T03:21:23.489-0800] {processor.py:914} INFO - Processing file /Users/machine/Velocity_railway/airflow_env/lib/python3.10/site-packages/airflow/example_dags/example_task_group_decorator.py for tasks to queue
[2024-12-13T03:21:23.490-0800] {logging_mixin.py:190} INFO - [2024-12-13T03:21:23.490-0800] {dagbag.py:588} INFO - Filling up the DagBag from /Users/machine/Velocity_railway/airflow_env/lib/python3.10/site-packages/airflow/example_dags/example_task_group_decorator.py
[2024-12-13T03:21:23.598-0800] {processor.py:925} INFO - DAG(s) 'example_task_group_decorator' retrieved from /Users/machine/Velocity_railway/airflow_env/lib/python3.10/site-packages/airflow/example_dags/example_task_group_decorator.py
[2024-12-13T03:21:23.719-0800] {logging_mixin.py:190} INFO - [2024-12-13T03:21:23.718-0800] {dag.py:3239} INFO - Sync 1 DAGs
[2024-12-13T03:21:23.728-0800] {logging_mixin.py:190} INFO - [2024-12-13T03:21:23.728-0800] {dag.py:4180} INFO - Setting next_dagrun for example_task_group_decorator to None, run_after=None
[2024-12-13T03:21:23.747-0800] {processor.py:208} INFO - Processing /Users/machine/Velocity_railway/airflow_env/lib/python3.10/site-packages/airflow/example_dags/example_task_group_decorator.py took 0.267 seconds
[2024-12-13T03:23:45.611-0800] {processor.py:186} INFO - Started process (PID=84816) to work on /Users/machine/Velocity_railway/airflow_env/lib/python3.10/site-packages/airflow/example_dags/example_task_group_decorator.py
[2024-12-13T03:23:45.614-0800] {processor.py:914} INFO - Processing file /Users/machine/Velocity_railway/airflow_env/lib/python3.10/site-packages/airflow/example_dags/example_task_group_decorator.py for tasks to queue
[2024-12-13T03:23:45.615-0800] {logging_mixin.py:190} INFO - [2024-12-13T03:23:45.615-0800] {dagbag.py:588} INFO - Filling up the DagBag from /Users/machine/Velocity_railway/airflow_env/lib/python3.10/site-packages/airflow/example_dags/example_task_group_decorator.py
[2024-12-13T03:23:45.707-0800] {processor.py:925} INFO - DAG(s) 'example_task_group_decorator' retrieved from /Users/machine/Velocity_railway/airflow_env/lib/python3.10/site-packages/airflow/example_dags/example_task_group_decorator.py
[2024-12-13T03:23:45.818-0800] {logging_mixin.py:190} INFO - [2024-12-13T03:23:45.818-0800] {dag.py:3239} INFO - Sync 1 DAGs
[2024-12-13T03:23:45.828-0800] {logging_mixin.py:190} INFO - [2024-12-13T03:23:45.828-0800] {dag.py:4180} INFO - Setting next_dagrun for example_task_group_decorator to None, run_after=None
[2024-12-13T03:23:45.847-0800] {processor.py:208} INFO - Processing /Users/machine/Velocity_railway/airflow_env/lib/python3.10/site-packages/airflow/example_dags/example_task_group_decorator.py took 0.241 seconds
[2024-12-13T03:26:01.944-0800] {processor.py:186} INFO - Started process (PID=85289) to work on /Users/machine/Velocity_railway/airflow_env/lib/python3.10/site-packages/airflow/example_dags/example_task_group_decorator.py
[2024-12-13T03:26:01.946-0800] {processor.py:914} INFO - Processing file /Users/machine/Velocity_railway/airflow_env/lib/python3.10/site-packages/airflow/example_dags/example_task_group_decorator.py for tasks to queue
[2024-12-13T03:26:01.948-0800] {logging_mixin.py:190} INFO - [2024-12-13T03:26:01.947-0800] {dagbag.py:588} INFO - Filling up the DagBag from /Users/machine/Velocity_railway/airflow_env/lib/python3.10/site-packages/airflow/example_dags/example_task_group_decorator.py
[2024-12-13T03:26:02.042-0800] {processor.py:925} INFO - DAG(s) 'example_task_group_decorator' retrieved from /Users/machine/Velocity_railway/airflow_env/lib/python3.10/site-packages/airflow/example_dags/example_task_group_decorator.py
[2024-12-13T03:26:02.151-0800] {logging_mixin.py:190} INFO - [2024-12-13T03:26:02.151-0800] {dag.py:3239} INFO - Sync 1 DAGs
[2024-12-13T03:26:02.162-0800] {logging_mixin.py:190} INFO - [2024-12-13T03:26:02.162-0800] {dag.py:4180} INFO - Setting next_dagrun for example_task_group_decorator to None, run_after=None
[2024-12-13T03:26:02.180-0800] {processor.py:208} INFO - Processing /Users/machine/Velocity_railway/airflow_env/lib/python3.10/site-packages/airflow/example_dags/example_task_group_decorator.py took 0.241 seconds
[2024-12-13T03:28:19.063-0800] {processor.py:186} INFO - Started process (PID=85756) to work on /Users/machine/Velocity_railway/airflow_env/lib/python3.10/site-packages/airflow/example_dags/example_task_group_decorator.py
[2024-12-13T03:28:19.066-0800] {processor.py:914} INFO - Processing file /Users/machine/Velocity_railway/airflow_env/lib/python3.10/site-packages/airflow/example_dags/example_task_group_decorator.py for tasks to queue
[2024-12-13T03:28:19.067-0800] {logging_mixin.py:190} INFO - [2024-12-13T03:28:19.067-0800] {dagbag.py:588} INFO - Filling up the DagBag from /Users/machine/Velocity_railway/airflow_env/lib/python3.10/site-packages/airflow/example_dags/example_task_group_decorator.py
[2024-12-13T03:28:19.163-0800] {processor.py:925} INFO - DAG(s) 'example_task_group_decorator' retrieved from /Users/machine/Velocity_railway/airflow_env/lib/python3.10/site-packages/airflow/example_dags/example_task_group_decorator.py
[2024-12-13T03:28:19.277-0800] {logging_mixin.py:190} INFO - [2024-12-13T03:28:19.277-0800] {dag.py:3239} INFO - Sync 1 DAGs
[2024-12-13T03:28:19.289-0800] {logging_mixin.py:190} INFO - [2024-12-13T03:28:19.289-0800] {dag.py:4180} INFO - Setting next_dagrun for example_task_group_decorator to None, run_after=None
[2024-12-13T03:28:19.306-0800] {processor.py:208} INFO - Processing /Users/machine/Velocity_railway/airflow_env/lib/python3.10/site-packages/airflow/example_dags/example_task_group_decorator.py took 0.249 seconds
[2024-12-13T03:30:36.392-0800] {processor.py:186} INFO - Started process (PID=86208) to work on /Users/machine/Velocity_railway/airflow_env/lib/python3.10/site-packages/airflow/example_dags/example_task_group_decorator.py
[2024-12-13T03:30:36.394-0800] {processor.py:914} INFO - Processing file /Users/machine/Velocity_railway/airflow_env/lib/python3.10/site-packages/airflow/example_dags/example_task_group_decorator.py for tasks to queue
[2024-12-13T03:30:36.395-0800] {logging_mixin.py:190} INFO - [2024-12-13T03:30:36.395-0800] {dagbag.py:588} INFO - Filling up the DagBag from /Users/machine/Velocity_railway/airflow_env/lib/python3.10/site-packages/airflow/example_dags/example_task_group_decorator.py
[2024-12-13T03:30:36.492-0800] {processor.py:925} INFO - DAG(s) 'example_task_group_decorator' retrieved from /Users/machine/Velocity_railway/airflow_env/lib/python3.10/site-packages/airflow/example_dags/example_task_group_decorator.py
[2024-12-13T03:30:36.611-0800] {logging_mixin.py:190} INFO - [2024-12-13T03:30:36.611-0800] {dag.py:3239} INFO - Sync 1 DAGs
[2024-12-13T03:30:36.622-0800] {logging_mixin.py:190} INFO - [2024-12-13T03:30:36.622-0800] {dag.py:4180} INFO - Setting next_dagrun for example_task_group_decorator to None, run_after=None
[2024-12-13T03:30:36.641-0800] {processor.py:208} INFO - Processing /Users/machine/Velocity_railway/airflow_env/lib/python3.10/site-packages/airflow/example_dags/example_task_group_decorator.py took 0.256 seconds
[2024-12-13T03:33:01.918-0800] {processor.py:186} INFO - Started process (PID=86729) to work on /Users/machine/Velocity_railway/airflow_env/lib/python3.10/site-packages/airflow/example_dags/example_task_group_decorator.py
[2024-12-13T03:33:01.920-0800] {processor.py:914} INFO - Processing file /Users/machine/Velocity_railway/airflow_env/lib/python3.10/site-packages/airflow/example_dags/example_task_group_decorator.py for tasks to queue
[2024-12-13T03:33:01.922-0800] {logging_mixin.py:190} INFO - [2024-12-13T03:33:01.921-0800] {dagbag.py:588} INFO - Filling up the DagBag from /Users/machine/Velocity_railway/airflow_env/lib/python3.10/site-packages/airflow/example_dags/example_task_group_decorator.py
[2024-12-13T03:33:02.010-0800] {processor.py:925} INFO - DAG(s) 'example_task_group_decorator' retrieved from /Users/machine/Velocity_railway/airflow_env/lib/python3.10/site-packages/airflow/example_dags/example_task_group_decorator.py
[2024-12-13T03:33:02.124-0800] {logging_mixin.py:190} INFO - [2024-12-13T03:33:02.123-0800] {dag.py:3239} INFO - Sync 1 DAGs
[2024-12-13T03:33:02.137-0800] {logging_mixin.py:190} INFO - [2024-12-13T03:33:02.137-0800] {dag.py:4180} INFO - Setting next_dagrun for example_task_group_decorator to None, run_after=None
[2024-12-13T03:33:02.154-0800] {processor.py:208} INFO - Processing /Users/machine/Velocity_railway/airflow_env/lib/python3.10/site-packages/airflow/example_dags/example_task_group_decorator.py took 0.242 seconds
[2024-12-13T03:35:27.181-0800] {processor.py:186} INFO - Started process (PID=87312) to work on /Users/machine/Velocity_railway/airflow_env/lib/python3.10/site-packages/airflow/example_dags/example_task_group_decorator.py
[2024-12-13T03:35:27.182-0800] {processor.py:914} INFO - Processing file /Users/machine/Velocity_railway/airflow_env/lib/python3.10/site-packages/airflow/example_dags/example_task_group_decorator.py for tasks to queue
[2024-12-13T03:35:27.183-0800] {logging_mixin.py:190} INFO - [2024-12-13T03:35:27.183-0800] {dagbag.py:588} INFO - Filling up the DagBag from /Users/machine/Velocity_railway/airflow_env/lib/python3.10/site-packages/airflow/example_dags/example_task_group_decorator.py
[2024-12-13T03:35:27.274-0800] {processor.py:925} INFO - DAG(s) 'example_task_group_decorator' retrieved from /Users/machine/Velocity_railway/airflow_env/lib/python3.10/site-packages/airflow/example_dags/example_task_group_decorator.py
[2024-12-13T03:35:27.385-0800] {logging_mixin.py:190} INFO - [2024-12-13T03:35:27.385-0800] {dag.py:3239} INFO - Sync 1 DAGs
[2024-12-13T03:35:27.395-0800] {logging_mixin.py:190} INFO - [2024-12-13T03:35:27.395-0800] {dag.py:4180} INFO - Setting next_dagrun for example_task_group_decorator to None, run_after=None
[2024-12-13T03:35:27.413-0800] {processor.py:208} INFO - Processing /Users/machine/Velocity_railway/airflow_env/lib/python3.10/site-packages/airflow/example_dags/example_task_group_decorator.py took 0.238 seconds
[2024-12-13T03:37:56.971-0800] {processor.py:186} INFO - Started process (PID=87808) to work on /Users/machine/Velocity_railway/airflow_env/lib/python3.10/site-packages/airflow/example_dags/example_task_group_decorator.py
[2024-12-13T03:37:56.974-0800] {processor.py:914} INFO - Processing file /Users/machine/Velocity_railway/airflow_env/lib/python3.10/site-packages/airflow/example_dags/example_task_group_decorator.py for tasks to queue
[2024-12-13T03:37:56.976-0800] {logging_mixin.py:190} INFO - [2024-12-13T03:37:56.975-0800] {dagbag.py:588} INFO - Filling up the DagBag from /Users/machine/Velocity_railway/airflow_env/lib/python3.10/site-packages/airflow/example_dags/example_task_group_decorator.py
[2024-12-13T03:37:57.101-0800] {processor.py:925} INFO - DAG(s) 'example_task_group_decorator' retrieved from /Users/machine/Velocity_railway/airflow_env/lib/python3.10/site-packages/airflow/example_dags/example_task_group_decorator.py
[2024-12-13T03:37:57.254-0800] {logging_mixin.py:190} INFO - [2024-12-13T03:37:57.254-0800] {dag.py:3239} INFO - Sync 1 DAGs
[2024-12-13T03:37:57.269-0800] {logging_mixin.py:190} INFO - [2024-12-13T03:37:57.268-0800] {dag.py:4180} INFO - Setting next_dagrun for example_task_group_decorator to None, run_after=None
[2024-12-13T03:37:57.290-0800] {processor.py:208} INFO - Processing /Users/machine/Velocity_railway/airflow_env/lib/python3.10/site-packages/airflow/example_dags/example_task_group_decorator.py took 0.328 seconds
[2024-12-13T03:40:19.324-0800] {processor.py:186} INFO - Started process (PID=88274) to work on /Users/machine/Velocity_railway/airflow_env/lib/python3.10/site-packages/airflow/example_dags/example_task_group_decorator.py
[2024-12-13T03:40:19.326-0800] {processor.py:914} INFO - Processing file /Users/machine/Velocity_railway/airflow_env/lib/python3.10/site-packages/airflow/example_dags/example_task_group_decorator.py for tasks to queue
[2024-12-13T03:40:19.328-0800] {logging_mixin.py:190} INFO - [2024-12-13T03:40:19.327-0800] {dagbag.py:588} INFO - Filling up the DagBag from /Users/machine/Velocity_railway/airflow_env/lib/python3.10/site-packages/airflow/example_dags/example_task_group_decorator.py
[2024-12-13T03:40:19.419-0800] {processor.py:925} INFO - DAG(s) 'example_task_group_decorator' retrieved from /Users/machine/Velocity_railway/airflow_env/lib/python3.10/site-packages/airflow/example_dags/example_task_group_decorator.py
[2024-12-13T03:40:19.525-0800] {logging_mixin.py:190} INFO - [2024-12-13T03:40:19.525-0800] {dag.py:3239} INFO - Sync 1 DAGs
[2024-12-13T03:40:19.536-0800] {logging_mixin.py:190} INFO - [2024-12-13T03:40:19.536-0800] {dag.py:4180} INFO - Setting next_dagrun for example_task_group_decorator to None, run_after=None
[2024-12-13T03:40:19.553-0800] {processor.py:208} INFO - Processing /Users/machine/Velocity_railway/airflow_env/lib/python3.10/site-packages/airflow/example_dags/example_task_group_decorator.py took 0.233 seconds
[2024-12-13T03:42:31.611-0800] {processor.py:186} INFO - Started process (PID=88737) to work on /Users/machine/Velocity_railway/airflow_env/lib/python3.10/site-packages/airflow/example_dags/example_task_group_decorator.py
[2024-12-13T03:42:31.613-0800] {processor.py:914} INFO - Processing file /Users/machine/Velocity_railway/airflow_env/lib/python3.10/site-packages/airflow/example_dags/example_task_group_decorator.py for tasks to queue
[2024-12-13T03:42:31.614-0800] {logging_mixin.py:190} INFO - [2024-12-13T03:42:31.614-0800] {dagbag.py:588} INFO - Filling up the DagBag from /Users/machine/Velocity_railway/airflow_env/lib/python3.10/site-packages/airflow/example_dags/example_task_group_decorator.py
[2024-12-13T03:42:31.712-0800] {processor.py:925} INFO - DAG(s) 'example_task_group_decorator' retrieved from /Users/machine/Velocity_railway/airflow_env/lib/python3.10/site-packages/airflow/example_dags/example_task_group_decorator.py
[2024-12-13T03:42:31.830-0800] {logging_mixin.py:190} INFO - [2024-12-13T03:42:31.829-0800] {dag.py:3239} INFO - Sync 1 DAGs
[2024-12-13T03:42:31.840-0800] {logging_mixin.py:190} INFO - [2024-12-13T03:42:31.840-0800] {dag.py:4180} INFO - Setting next_dagrun for example_task_group_decorator to None, run_after=None
[2024-12-13T03:42:31.859-0800] {processor.py:208} INFO - Processing /Users/machine/Velocity_railway/airflow_env/lib/python3.10/site-packages/airflow/example_dags/example_task_group_decorator.py took 0.255 seconds
[2024-12-13T03:44:45.356-0800] {processor.py:186} INFO - Started process (PID=89205) to work on /Users/machine/Velocity_railway/airflow_env/lib/python3.10/site-packages/airflow/example_dags/example_task_group_decorator.py
[2024-12-13T03:44:45.358-0800] {processor.py:914} INFO - Processing file /Users/machine/Velocity_railway/airflow_env/lib/python3.10/site-packages/airflow/example_dags/example_task_group_decorator.py for tasks to queue
[2024-12-13T03:44:45.360-0800] {logging_mixin.py:190} INFO - [2024-12-13T03:44:45.359-0800] {dagbag.py:588} INFO - Filling up the DagBag from /Users/machine/Velocity_railway/airflow_env/lib/python3.10/site-packages/airflow/example_dags/example_task_group_decorator.py
[2024-12-13T03:44:45.450-0800] {processor.py:925} INFO - DAG(s) 'example_task_group_decorator' retrieved from /Users/machine/Velocity_railway/airflow_env/lib/python3.10/site-packages/airflow/example_dags/example_task_group_decorator.py
[2024-12-13T03:44:45.567-0800] {logging_mixin.py:190} INFO - [2024-12-13T03:44:45.566-0800] {dag.py:3239} INFO - Sync 1 DAGs
[2024-12-13T03:44:45.578-0800] {logging_mixin.py:190} INFO - [2024-12-13T03:44:45.578-0800] {dag.py:4180} INFO - Setting next_dagrun for example_task_group_decorator to None, run_after=None
[2024-12-13T03:44:45.595-0800] {processor.py:208} INFO - Processing /Users/machine/Velocity_railway/airflow_env/lib/python3.10/site-packages/airflow/example_dags/example_task_group_decorator.py took 0.245 seconds
[2024-12-13T03:46:57.492-0800] {processor.py:186} INFO - Started process (PID=89642) to work on /Users/machine/Velocity_railway/airflow_env/lib/python3.10/site-packages/airflow/example_dags/example_task_group_decorator.py
[2024-12-13T03:46:57.494-0800] {processor.py:914} INFO - Processing file /Users/machine/Velocity_railway/airflow_env/lib/python3.10/site-packages/airflow/example_dags/example_task_group_decorator.py for tasks to queue
[2024-12-13T03:46:57.495-0800] {logging_mixin.py:190} INFO - [2024-12-13T03:46:57.495-0800] {dagbag.py:588} INFO - Filling up the DagBag from /Users/machine/Velocity_railway/airflow_env/lib/python3.10/site-packages/airflow/example_dags/example_task_group_decorator.py
[2024-12-13T03:46:57.582-0800] {processor.py:925} INFO - DAG(s) 'example_task_group_decorator' retrieved from /Users/machine/Velocity_railway/airflow_env/lib/python3.10/site-packages/airflow/example_dags/example_task_group_decorator.py
[2024-12-13T03:46:57.696-0800] {logging_mixin.py:190} INFO - [2024-12-13T03:46:57.696-0800] {dag.py:3239} INFO - Sync 1 DAGs
[2024-12-13T03:46:57.708-0800] {logging_mixin.py:190} INFO - [2024-12-13T03:46:57.707-0800] {dag.py:4180} INFO - Setting next_dagrun for example_task_group_decorator to None, run_after=None
[2024-12-13T03:46:57.724-0800] {processor.py:208} INFO - Processing /Users/machine/Velocity_railway/airflow_env/lib/python3.10/site-packages/airflow/example_dags/example_task_group_decorator.py took 0.237 seconds
[2024-12-13T03:49:13.031-0800] {processor.py:186} INFO - Started process (PID=90109) to work on /Users/machine/Velocity_railway/airflow_env/lib/python3.10/site-packages/airflow/example_dags/example_task_group_decorator.py
[2024-12-13T03:49:13.033-0800] {processor.py:914} INFO - Processing file /Users/machine/Velocity_railway/airflow_env/lib/python3.10/site-packages/airflow/example_dags/example_task_group_decorator.py for tasks to queue
[2024-12-13T03:49:13.034-0800] {logging_mixin.py:190} INFO - [2024-12-13T03:49:13.034-0800] {dagbag.py:588} INFO - Filling up the DagBag from /Users/machine/Velocity_railway/airflow_env/lib/python3.10/site-packages/airflow/example_dags/example_task_group_decorator.py
[2024-12-13T03:49:13.151-0800] {processor.py:925} INFO - DAG(s) 'example_task_group_decorator' retrieved from /Users/machine/Velocity_railway/airflow_env/lib/python3.10/site-packages/airflow/example_dags/example_task_group_decorator.py
[2024-12-13T03:49:13.297-0800] {logging_mixin.py:190} INFO - [2024-12-13T03:49:13.297-0800] {dag.py:3239} INFO - Sync 1 DAGs
[2024-12-13T03:49:13.311-0800] {logging_mixin.py:190} INFO - [2024-12-13T03:49:13.311-0800] {dag.py:4180} INFO - Setting next_dagrun for example_task_group_decorator to None, run_after=None
[2024-12-13T03:49:13.330-0800] {processor.py:208} INFO - Processing /Users/machine/Velocity_railway/airflow_env/lib/python3.10/site-packages/airflow/example_dags/example_task_group_decorator.py took 0.305 seconds
[2024-12-13T03:51:31.117-0800] {processor.py:186} INFO - Started process (PID=90600) to work on /Users/machine/Velocity_railway/airflow_env/lib/python3.10/site-packages/airflow/example_dags/example_task_group_decorator.py
[2024-12-13T03:51:31.120-0800] {processor.py:914} INFO - Processing file /Users/machine/Velocity_railway/airflow_env/lib/python3.10/site-packages/airflow/example_dags/example_task_group_decorator.py for tasks to queue
[2024-12-13T03:51:31.121-0800] {logging_mixin.py:190} INFO - [2024-12-13T03:51:31.121-0800] {dagbag.py:588} INFO - Filling up the DagBag from /Users/machine/Velocity_railway/airflow_env/lib/python3.10/site-packages/airflow/example_dags/example_task_group_decorator.py
[2024-12-13T03:51:31.214-0800] {processor.py:925} INFO - DAG(s) 'example_task_group_decorator' retrieved from /Users/machine/Velocity_railway/airflow_env/lib/python3.10/site-packages/airflow/example_dags/example_task_group_decorator.py
[2024-12-13T03:51:31.326-0800] {logging_mixin.py:190} INFO - [2024-12-13T03:51:31.326-0800] {dag.py:3239} INFO - Sync 1 DAGs
[2024-12-13T03:51:31.337-0800] {logging_mixin.py:190} INFO - [2024-12-13T03:51:31.337-0800] {dag.py:4180} INFO - Setting next_dagrun for example_task_group_decorator to None, run_after=None
[2024-12-13T03:51:31.354-0800] {processor.py:208} INFO - Processing /Users/machine/Velocity_railway/airflow_env/lib/python3.10/site-packages/airflow/example_dags/example_task_group_decorator.py took 0.243 seconds
[2024-12-13T03:53:53.621-0800] {processor.py:186} INFO - Started process (PID=91096) to work on /Users/machine/Velocity_railway/airflow_env/lib/python3.10/site-packages/airflow/example_dags/example_task_group_decorator.py
[2024-12-13T03:53:53.623-0800] {processor.py:914} INFO - Processing file /Users/machine/Velocity_railway/airflow_env/lib/python3.10/site-packages/airflow/example_dags/example_task_group_decorator.py for tasks to queue
[2024-12-13T03:53:53.625-0800] {logging_mixin.py:190} INFO - [2024-12-13T03:53:53.625-0800] {dagbag.py:588} INFO - Filling up the DagBag from /Users/machine/Velocity_railway/airflow_env/lib/python3.10/site-packages/airflow/example_dags/example_task_group_decorator.py
[2024-12-13T03:53:53.733-0800] {processor.py:925} INFO - DAG(s) 'example_task_group_decorator' retrieved from /Users/machine/Velocity_railway/airflow_env/lib/python3.10/site-packages/airflow/example_dags/example_task_group_decorator.py
[2024-12-13T03:53:53.856-0800] {logging_mixin.py:190} INFO - [2024-12-13T03:53:53.856-0800] {dag.py:3239} INFO - Sync 1 DAGs
[2024-12-13T03:53:53.868-0800] {logging_mixin.py:190} INFO - [2024-12-13T03:53:53.868-0800] {dag.py:4180} INFO - Setting next_dagrun for example_task_group_decorator to None, run_after=None
[2024-12-13T03:53:53.888-0800] {processor.py:208} INFO - Processing /Users/machine/Velocity_railway/airflow_env/lib/python3.10/site-packages/airflow/example_dags/example_task_group_decorator.py took 0.273 seconds
[2024-12-13T03:56:17.011-0800] {processor.py:186} INFO - Started process (PID=91669) to work on /Users/machine/Velocity_railway/airflow_env/lib/python3.10/site-packages/airflow/example_dags/example_task_group_decorator.py
[2024-12-13T03:56:17.013-0800] {processor.py:914} INFO - Processing file /Users/machine/Velocity_railway/airflow_env/lib/python3.10/site-packages/airflow/example_dags/example_task_group_decorator.py for tasks to queue
[2024-12-13T03:56:17.015-0800] {logging_mixin.py:190} INFO - [2024-12-13T03:56:17.015-0800] {dagbag.py:588} INFO - Filling up the DagBag from /Users/machine/Velocity_railway/airflow_env/lib/python3.10/site-packages/airflow/example_dags/example_task_group_decorator.py
[2024-12-13T03:56:17.117-0800] {processor.py:925} INFO - DAG(s) 'example_task_group_decorator' retrieved from /Users/machine/Velocity_railway/airflow_env/lib/python3.10/site-packages/airflow/example_dags/example_task_group_decorator.py
[2024-12-13T03:56:17.248-0800] {logging_mixin.py:190} INFO - [2024-12-13T03:56:17.247-0800] {dag.py:3239} INFO - Sync 1 DAGs
[2024-12-13T03:56:17.259-0800] {logging_mixin.py:190} INFO - [2024-12-13T03:56:17.258-0800] {dag.py:4180} INFO - Setting next_dagrun for example_task_group_decorator to None, run_after=None
[2024-12-13T03:56:17.277-0800] {processor.py:208} INFO - Processing /Users/machine/Velocity_railway/airflow_env/lib/python3.10/site-packages/airflow/example_dags/example_task_group_decorator.py took 0.273 seconds
[2024-12-13T03:58:44.613-0800] {processor.py:186} INFO - Started process (PID=92303) to work on /Users/machine/Velocity_railway/airflow_env/lib/python3.10/site-packages/airflow/example_dags/example_task_group_decorator.py
[2024-12-13T03:58:44.615-0800] {processor.py:914} INFO - Processing file /Users/machine/Velocity_railway/airflow_env/lib/python3.10/site-packages/airflow/example_dags/example_task_group_decorator.py for tasks to queue
[2024-12-13T03:58:44.617-0800] {logging_mixin.py:190} INFO - [2024-12-13T03:58:44.616-0800] {dagbag.py:588} INFO - Filling up the DagBag from /Users/machine/Velocity_railway/airflow_env/lib/python3.10/site-packages/airflow/example_dags/example_task_group_decorator.py
[2024-12-13T03:58:44.711-0800] {processor.py:925} INFO - DAG(s) 'example_task_group_decorator' retrieved from /Users/machine/Velocity_railway/airflow_env/lib/python3.10/site-packages/airflow/example_dags/example_task_group_decorator.py
[2024-12-13T03:58:44.843-0800] {logging_mixin.py:190} INFO - [2024-12-13T03:58:44.842-0800] {dag.py:3239} INFO - Sync 1 DAGs
[2024-12-13T03:58:44.856-0800] {logging_mixin.py:190} INFO - [2024-12-13T03:58:44.856-0800] {dag.py:4180} INFO - Setting next_dagrun for example_task_group_decorator to None, run_after=None
[2024-12-13T03:58:44.878-0800] {processor.py:208} INFO - Processing /Users/machine/Velocity_railway/airflow_env/lib/python3.10/site-packages/airflow/example_dags/example_task_group_decorator.py took 0.271 seconds
[2024-12-13T05:47:45.289-0800] {processor.py:186} INFO - Started process (PID=93007) to work on /Users/machine/Velocity_railway/airflow_env/lib/python3.10/site-packages/airflow/example_dags/example_task_group_decorator.py
[2024-12-13T05:47:45.303-0800] {processor.py:914} INFO - Processing file /Users/machine/Velocity_railway/airflow_env/lib/python3.10/site-packages/airflow/example_dags/example_task_group_decorator.py for tasks to queue
[2024-12-13T05:47:45.313-0800] {logging_mixin.py:190} INFO - [2024-12-13T05:47:45.311-0800] {dagbag.py:588} INFO - Filling up the DagBag from /Users/machine/Velocity_railway/airflow_env/lib/python3.10/site-packages/airflow/example_dags/example_task_group_decorator.py
[2024-12-13T05:47:46.184-0800] {processor.py:925} INFO - DAG(s) 'example_task_group_decorator' retrieved from /Users/machine/Velocity_railway/airflow_env/lib/python3.10/site-packages/airflow/example_dags/example_task_group_decorator.py
[2024-12-13T05:47:47.810-0800] {logging_mixin.py:190} INFO - [2024-12-13T05:47:47.806-0800] {dag.py:3239} INFO - Sync 1 DAGs
[2024-12-13T05:47:48.051-0800] {logging_mixin.py:190} INFO - [2024-12-13T05:47:48.047-0800] {dag.py:4180} INFO - Setting next_dagrun for example_task_group_decorator to None, run_after=None
[2024-12-13T05:47:48.336-0800] {processor.py:208} INFO - Processing /Users/machine/Velocity_railway/airflow_env/lib/python3.10/site-packages/airflow/example_dags/example_task_group_decorator.py took 3.128 seconds
