[2024-12-13T03:10:29.633-0800] {processor.py:186} INFO - Started process (PID=82143) to work on /Users/machine/Velocity_railway/airflow_env/lib/python3.10/site-packages/airflow/example_dags/example_dataset_alias_with_no_taskflow.py
[2024-12-13T03:10:29.634-0800] {processor.py:914} INFO - Processing file /Users/machine/Velocity_railway/airflow_env/lib/python3.10/site-packages/airflow/example_dags/example_dataset_alias_with_no_taskflow.py for tasks to queue
[2024-12-13T03:10:29.635-0800] {logging_mixin.py:190} INFO - [2024-12-13T03:10:29.635-0800] {dagbag.py:588} INFO - Filling up the DagBag from /Users/machine/Velocity_railway/airflow_env/lib/python3.10/site-packages/airflow/example_dags/example_dataset_alias_with_no_taskflow.py
[2024-12-13T03:10:29.843-0800] {processor.py:925} INFO - DAG(s) 'dataset_s3_bucket_consumer_with_no_taskflow', 'dataset_alias_example_alias_producer_with_no_taskflow', 'dataset_alias_example_alias_consumer_with_no_taskflow', 'dataset_s3_bucket_producer_with_no_taskflow' retrieved from /Users/machine/Velocity_railway/airflow_env/lib/python3.10/site-packages/airflow/example_dags/example_dataset_alias_with_no_taskflow.py
[2024-12-13T03:10:29.949-0800] {logging_mixin.py:190} INFO - [2024-12-13T03:10:29.949-0800] {override.py:1911} INFO - Created Permission View: can read on DAG:dataset_s3_bucket_consumer_with_no_taskflow
[2024-12-13T03:10:29.958-0800] {logging_mixin.py:190} INFO - [2024-12-13T03:10:29.958-0800] {override.py:1911} INFO - Created Permission View: can edit on DAG:dataset_s3_bucket_consumer_with_no_taskflow
[2024-12-13T03:10:29.965-0800] {logging_mixin.py:190} INFO - [2024-12-13T03:10:29.964-0800] {override.py:1911} INFO - Created Permission View: can delete on DAG:dataset_s3_bucket_consumer_with_no_taskflow
[2024-12-13T03:10:29.972-0800] {logging_mixin.py:190} INFO - [2024-12-13T03:10:29.972-0800] {override.py:1911} INFO - Created Permission View: menu access on DAG Run:dataset_s3_bucket_consumer_with_no_taskflow
[2024-12-13T03:10:29.978-0800] {logging_mixin.py:190} INFO - [2024-12-13T03:10:29.978-0800] {override.py:1911} INFO - Created Permission View: can read on DAG Run:dataset_s3_bucket_consumer_with_no_taskflow
[2024-12-13T03:10:29.984-0800] {logging_mixin.py:190} INFO - [2024-12-13T03:10:29.984-0800] {override.py:1911} INFO - Created Permission View: can create on DAG Run:dataset_s3_bucket_consumer_with_no_taskflow
[2024-12-13T03:10:29.990-0800] {logging_mixin.py:190} INFO - [2024-12-13T03:10:29.990-0800] {override.py:1911} INFO - Created Permission View: can delete on DAG Run:dataset_s3_bucket_consumer_with_no_taskflow
[2024-12-13T03:10:30.004-0800] {logging_mixin.py:190} INFO - [2024-12-13T03:10:30.003-0800] {override.py:1911} INFO - Created Permission View: can read on DAG:dataset_alias_example_alias_producer_with_no_taskflow
[2024-12-13T03:10:30.011-0800] {logging_mixin.py:190} INFO - [2024-12-13T03:10:30.010-0800] {override.py:1911} INFO - Created Permission View: can edit on DAG:dataset_alias_example_alias_producer_with_no_taskflow
[2024-12-13T03:10:30.017-0800] {logging_mixin.py:190} INFO - [2024-12-13T03:10:30.016-0800] {override.py:1911} INFO - Created Permission View: can delete on DAG:dataset_alias_example_alias_producer_with_no_taskflow
[2024-12-13T03:10:30.025-0800] {logging_mixin.py:190} INFO - [2024-12-13T03:10:30.025-0800] {override.py:1911} INFO - Created Permission View: menu access on DAG Run:dataset_alias_example_alias_producer_with_no_taskflow
[2024-12-13T03:10:30.032-0800] {logging_mixin.py:190} INFO - [2024-12-13T03:10:30.032-0800] {override.py:1911} INFO - Created Permission View: can read on DAG Run:dataset_alias_example_alias_producer_with_no_taskflow
[2024-12-13T03:10:30.038-0800] {logging_mixin.py:190} INFO - [2024-12-13T03:10:30.037-0800] {override.py:1911} INFO - Created Permission View: can create on DAG Run:dataset_alias_example_alias_producer_with_no_taskflow
[2024-12-13T03:10:30.044-0800] {logging_mixin.py:190} INFO - [2024-12-13T03:10:30.044-0800] {override.py:1911} INFO - Created Permission View: can delete on DAG Run:dataset_alias_example_alias_producer_with_no_taskflow
[2024-12-13T03:10:30.055-0800] {logging_mixin.py:190} INFO - [2024-12-13T03:10:30.055-0800] {override.py:1911} INFO - Created Permission View: can read on DAG:dataset_alias_example_alias_consumer_with_no_taskflow
[2024-12-13T03:10:30.061-0800] {logging_mixin.py:190} INFO - [2024-12-13T03:10:30.061-0800] {override.py:1911} INFO - Created Permission View: can edit on DAG:dataset_alias_example_alias_consumer_with_no_taskflow
[2024-12-13T03:10:30.067-0800] {logging_mixin.py:190} INFO - [2024-12-13T03:10:30.067-0800] {override.py:1911} INFO - Created Permission View: can delete on DAG:dataset_alias_example_alias_consumer_with_no_taskflow
[2024-12-13T03:10:30.077-0800] {logging_mixin.py:190} INFO - [2024-12-13T03:10:30.077-0800] {override.py:1911} INFO - Created Permission View: menu access on DAG Run:dataset_alias_example_alias_consumer_with_no_taskflow
[2024-12-13T03:10:30.084-0800] {logging_mixin.py:190} INFO - [2024-12-13T03:10:30.083-0800] {override.py:1911} INFO - Created Permission View: can read on DAG Run:dataset_alias_example_alias_consumer_with_no_taskflow
[2024-12-13T03:10:30.090-0800] {logging_mixin.py:190} INFO - [2024-12-13T03:10:30.089-0800] {override.py:1911} INFO - Created Permission View: can create on DAG Run:dataset_alias_example_alias_consumer_with_no_taskflow
[2024-12-13T03:10:30.097-0800] {logging_mixin.py:190} INFO - [2024-12-13T03:10:30.096-0800] {override.py:1911} INFO - Created Permission View: can delete on DAG Run:dataset_alias_example_alias_consumer_with_no_taskflow
[2024-12-13T03:10:30.108-0800] {logging_mixin.py:190} INFO - [2024-12-13T03:10:30.108-0800] {override.py:1911} INFO - Created Permission View: can read on DAG:dataset_s3_bucket_producer_with_no_taskflow
[2024-12-13T03:10:30.115-0800] {logging_mixin.py:190} INFO - [2024-12-13T03:10:30.114-0800] {override.py:1911} INFO - Created Permission View: can edit on DAG:dataset_s3_bucket_producer_with_no_taskflow
[2024-12-13T03:10:30.120-0800] {logging_mixin.py:190} INFO - [2024-12-13T03:10:30.120-0800] {override.py:1911} INFO - Created Permission View: can delete on DAG:dataset_s3_bucket_producer_with_no_taskflow
[2024-12-13T03:10:30.129-0800] {logging_mixin.py:190} INFO - [2024-12-13T03:10:30.129-0800] {override.py:1911} INFO - Created Permission View: menu access on DAG Run:dataset_s3_bucket_producer_with_no_taskflow
[2024-12-13T03:10:30.135-0800] {logging_mixin.py:190} INFO - [2024-12-13T03:10:30.134-0800] {override.py:1911} INFO - Created Permission View: can read on DAG Run:dataset_s3_bucket_producer_with_no_taskflow
[2024-12-13T03:10:30.141-0800] {logging_mixin.py:190} INFO - [2024-12-13T03:10:30.141-0800] {override.py:1911} INFO - Created Permission View: can create on DAG Run:dataset_s3_bucket_producer_with_no_taskflow
[2024-12-13T03:10:30.147-0800] {logging_mixin.py:190} INFO - [2024-12-13T03:10:30.147-0800] {override.py:1911} INFO - Created Permission View: can delete on DAG Run:dataset_s3_bucket_producer_with_no_taskflow
[2024-12-13T03:10:30.147-0800] {logging_mixin.py:190} INFO - [2024-12-13T03:10:30.147-0800] {dag.py:3239} INFO - Sync 4 DAGs
[2024-12-13T03:10:30.159-0800] {logging_mixin.py:190} INFO - [2024-12-13T03:10:30.159-0800] {dag.py:3262} INFO - Creating ORM DAG for dataset_s3_bucket_producer_with_no_taskflow
[2024-12-13T03:10:30.160-0800] {logging_mixin.py:190} INFO - [2024-12-13T03:10:30.160-0800] {dag.py:3262} INFO - Creating ORM DAG for dataset_alias_example_alias_producer_with_no_taskflow
[2024-12-13T03:10:30.161-0800] {logging_mixin.py:190} INFO - [2024-12-13T03:10:30.160-0800] {dag.py:3262} INFO - Creating ORM DAG for dataset_s3_bucket_consumer_with_no_taskflow
[2024-12-13T03:10:30.162-0800] {logging_mixin.py:190} INFO - [2024-12-13T03:10:30.161-0800] {dag.py:3262} INFO - Creating ORM DAG for dataset_alias_example_alias_consumer_with_no_taskflow
[2024-12-13T03:10:30.169-0800] {logging_mixin.py:190} INFO - [2024-12-13T03:10:30.169-0800] {dag.py:4180} INFO - Setting next_dagrun for dataset_alias_example_alias_consumer_with_no_taskflow to None, run_after=None
[2024-12-13T03:10:30.170-0800] {logging_mixin.py:190} INFO - [2024-12-13T03:10:30.170-0800] {dag.py:4180} INFO - Setting next_dagrun for dataset_alias_example_alias_producer_with_no_taskflow to None, run_after=None
[2024-12-13T03:10:30.171-0800] {logging_mixin.py:190} INFO - [2024-12-13T03:10:30.171-0800] {dag.py:4180} INFO - Setting next_dagrun for dataset_s3_bucket_consumer_with_no_taskflow to None, run_after=None
[2024-12-13T03:10:30.172-0800] {logging_mixin.py:190} INFO - [2024-12-13T03:10:30.171-0800] {dag.py:4180} INFO - Setting next_dagrun for dataset_s3_bucket_producer_with_no_taskflow to None, run_after=None
[2024-12-13T03:10:30.188-0800] {logging_mixin.py:190} INFO - [2024-12-13T03:10:30.187-0800] {workday.py:41} WARNING - Could not import pandas. Holidays will not be considered.
[2024-12-13T03:10:30.204-0800] {processor.py:208} INFO - Processing /Users/machine/Velocity_railway/airflow_env/lib/python3.10/site-packages/airflow/example_dags/example_dataset_alias_with_no_taskflow.py took 0.577 seconds
[2024-12-13T03:13:34.815-0800] {processor.py:186} INFO - Started process (PID=82738) to work on /Users/machine/Velocity_railway/airflow_env/lib/python3.10/site-packages/airflow/example_dags/example_dataset_alias_with_no_taskflow.py
[2024-12-13T03:13:34.817-0800] {processor.py:914} INFO - Processing file /Users/machine/Velocity_railway/airflow_env/lib/python3.10/site-packages/airflow/example_dags/example_dataset_alias_with_no_taskflow.py for tasks to queue
[2024-12-13T03:13:34.818-0800] {logging_mixin.py:190} INFO - [2024-12-13T03:13:34.818-0800] {dagbag.py:588} INFO - Filling up the DagBag from /Users/machine/Velocity_railway/airflow_env/lib/python3.10/site-packages/airflow/example_dags/example_dataset_alias_with_no_taskflow.py
[2024-12-13T03:13:35.027-0800] {processor.py:925} INFO - DAG(s) 'dataset_alias_example_alias_consumer_with_no_taskflow', 'dataset_s3_bucket_producer_with_no_taskflow', 'dataset_s3_bucket_consumer_with_no_taskflow', 'dataset_alias_example_alias_producer_with_no_taskflow' retrieved from /Users/machine/Velocity_railway/airflow_env/lib/python3.10/site-packages/airflow/example_dags/example_dataset_alias_with_no_taskflow.py
[2024-12-13T03:13:35.051-0800] {logging_mixin.py:190} INFO - [2024-12-13T03:13:35.050-0800] {dag.py:3239} INFO - Sync 4 DAGs
[2024-12-13T03:13:35.069-0800] {logging_mixin.py:190} INFO - [2024-12-13T03:13:35.069-0800] {dag.py:4180} INFO - Setting next_dagrun for dataset_alias_example_alias_consumer_with_no_taskflow to None, run_after=None
[2024-12-13T03:13:35.072-0800] {logging_mixin.py:190} INFO - [2024-12-13T03:13:35.071-0800] {dag.py:4180} INFO - Setting next_dagrun for dataset_alias_example_alias_producer_with_no_taskflow to None, run_after=None
[2024-12-13T03:13:35.073-0800] {logging_mixin.py:190} INFO - [2024-12-13T03:13:35.073-0800] {dag.py:4180} INFO - Setting next_dagrun for dataset_s3_bucket_consumer_with_no_taskflow to None, run_after=None
[2024-12-13T03:13:35.074-0800] {logging_mixin.py:190} INFO - [2024-12-13T03:13:35.074-0800] {dag.py:4180} INFO - Setting next_dagrun for dataset_s3_bucket_producer_with_no_taskflow to None, run_after=None
[2024-12-13T03:13:35.096-0800] {processor.py:208} INFO - Processing /Users/machine/Velocity_railway/airflow_env/lib/python3.10/site-packages/airflow/example_dags/example_dataset_alias_with_no_taskflow.py took 0.287 seconds
[2024-12-13T03:18:15.751-0800] {processor.py:186} INFO - Started process (PID=83685) to work on /Users/machine/Velocity_railway/airflow_env/lib/python3.10/site-packages/airflow/example_dags/example_dataset_alias_with_no_taskflow.py
[2024-12-13T03:18:15.753-0800] {processor.py:914} INFO - Processing file /Users/machine/Velocity_railway/airflow_env/lib/python3.10/site-packages/airflow/example_dags/example_dataset_alias_with_no_taskflow.py for tasks to queue
[2024-12-13T03:18:15.754-0800] {logging_mixin.py:190} INFO - [2024-12-13T03:18:15.754-0800] {dagbag.py:588} INFO - Filling up the DagBag from /Users/machine/Velocity_railway/airflow_env/lib/python3.10/site-packages/airflow/example_dags/example_dataset_alias_with_no_taskflow.py
[2024-12-13T03:18:15.964-0800] {processor.py:925} INFO - DAG(s) 'dataset_s3_bucket_producer_with_no_taskflow', 'dataset_alias_example_alias_producer_with_no_taskflow', 'dataset_alias_example_alias_consumer_with_no_taskflow', 'dataset_s3_bucket_consumer_with_no_taskflow' retrieved from /Users/machine/Velocity_railway/airflow_env/lib/python3.10/site-packages/airflow/example_dags/example_dataset_alias_with_no_taskflow.py
[2024-12-13T03:18:15.990-0800] {logging_mixin.py:190} INFO - [2024-12-13T03:18:15.989-0800] {dag.py:3239} INFO - Sync 4 DAGs
[2024-12-13T03:18:16.011-0800] {logging_mixin.py:190} INFO - [2024-12-13T03:18:16.011-0800] {dag.py:4180} INFO - Setting next_dagrun for dataset_alias_example_alias_consumer_with_no_taskflow to None, run_after=None
[2024-12-13T03:18:16.014-0800] {logging_mixin.py:190} INFO - [2024-12-13T03:18:16.013-0800] {dag.py:4180} INFO - Setting next_dagrun for dataset_alias_example_alias_producer_with_no_taskflow to None, run_after=None
[2024-12-13T03:18:16.015-0800] {logging_mixin.py:190} INFO - [2024-12-13T03:18:16.015-0800] {dag.py:4180} INFO - Setting next_dagrun for dataset_s3_bucket_consumer_with_no_taskflow to None, run_after=None
[2024-12-13T03:18:16.016-0800] {logging_mixin.py:190} INFO - [2024-12-13T03:18:16.016-0800] {dag.py:4180} INFO - Setting next_dagrun for dataset_s3_bucket_producer_with_no_taskflow to None, run_after=None
[2024-12-13T03:18:16.041-0800] {processor.py:208} INFO - Processing /Users/machine/Velocity_railway/airflow_env/lib/python3.10/site-packages/airflow/example_dags/example_dataset_alias_with_no_taskflow.py took 0.295 seconds
[2024-12-13T03:22:42.351-0800] {processor.py:186} INFO - Started process (PID=84610) to work on /Users/machine/Velocity_railway/airflow_env/lib/python3.10/site-packages/airflow/example_dags/example_dataset_alias_with_no_taskflow.py
[2024-12-13T03:22:42.353-0800] {processor.py:914} INFO - Processing file /Users/machine/Velocity_railway/airflow_env/lib/python3.10/site-packages/airflow/example_dags/example_dataset_alias_with_no_taskflow.py for tasks to queue
[2024-12-13T03:22:42.355-0800] {logging_mixin.py:190} INFO - [2024-12-13T03:22:42.355-0800] {dagbag.py:588} INFO - Filling up the DagBag from /Users/machine/Velocity_railway/airflow_env/lib/python3.10/site-packages/airflow/example_dags/example_dataset_alias_with_no_taskflow.py
[2024-12-13T03:22:42.612-0800] {processor.py:925} INFO - DAG(s) 'dataset_alias_example_alias_producer_with_no_taskflow', 'dataset_s3_bucket_consumer_with_no_taskflow', 'dataset_alias_example_alias_consumer_with_no_taskflow', 'dataset_s3_bucket_producer_with_no_taskflow' retrieved from /Users/machine/Velocity_railway/airflow_env/lib/python3.10/site-packages/airflow/example_dags/example_dataset_alias_with_no_taskflow.py
[2024-12-13T03:22:42.640-0800] {logging_mixin.py:190} INFO - [2024-12-13T03:22:42.640-0800] {dag.py:3239} INFO - Sync 4 DAGs
[2024-12-13T03:22:42.662-0800] {logging_mixin.py:190} INFO - [2024-12-13T03:22:42.661-0800] {dag.py:4180} INFO - Setting next_dagrun for dataset_alias_example_alias_consumer_with_no_taskflow to None, run_after=None
[2024-12-13T03:22:42.665-0800] {logging_mixin.py:190} INFO - [2024-12-13T03:22:42.665-0800] {dag.py:4180} INFO - Setting next_dagrun for dataset_alias_example_alias_producer_with_no_taskflow to None, run_after=None
[2024-12-13T03:22:42.667-0800] {logging_mixin.py:190} INFO - [2024-12-13T03:22:42.667-0800] {dag.py:4180} INFO - Setting next_dagrun for dataset_s3_bucket_consumer_with_no_taskflow to None, run_after=None
[2024-12-13T03:22:42.668-0800] {logging_mixin.py:190} INFO - [2024-12-13T03:22:42.668-0800] {dag.py:4180} INFO - Setting next_dagrun for dataset_s3_bucket_producer_with_no_taskflow to None, run_after=None
[2024-12-13T03:22:42.694-0800] {processor.py:208} INFO - Processing /Users/machine/Velocity_railway/airflow_env/lib/python3.10/site-packages/airflow/example_dags/example_dataset_alias_with_no_taskflow.py took 0.350 seconds
[2024-12-13T03:27:19.688-0800] {processor.py:186} INFO - Started process (PID=85559) to work on /Users/machine/Velocity_railway/airflow_env/lib/python3.10/site-packages/airflow/example_dags/example_dataset_alias_with_no_taskflow.py
[2024-12-13T03:27:19.689-0800] {processor.py:914} INFO - Processing file /Users/machine/Velocity_railway/airflow_env/lib/python3.10/site-packages/airflow/example_dags/example_dataset_alias_with_no_taskflow.py for tasks to queue
[2024-12-13T03:27:19.690-0800] {logging_mixin.py:190} INFO - [2024-12-13T03:27:19.690-0800] {dagbag.py:588} INFO - Filling up the DagBag from /Users/machine/Velocity_railway/airflow_env/lib/python3.10/site-packages/airflow/example_dags/example_dataset_alias_with_no_taskflow.py
[2024-12-13T03:27:19.876-0800] {processor.py:925} INFO - DAG(s) 'dataset_s3_bucket_consumer_with_no_taskflow', 'dataset_s3_bucket_producer_with_no_taskflow', 'dataset_alias_example_alias_producer_with_no_taskflow', 'dataset_alias_example_alias_consumer_with_no_taskflow' retrieved from /Users/machine/Velocity_railway/airflow_env/lib/python3.10/site-packages/airflow/example_dags/example_dataset_alias_with_no_taskflow.py
[2024-12-13T03:27:19.897-0800] {logging_mixin.py:190} INFO - [2024-12-13T03:27:19.897-0800] {dag.py:3239} INFO - Sync 4 DAGs
[2024-12-13T03:27:19.915-0800] {logging_mixin.py:190} INFO - [2024-12-13T03:27:19.914-0800] {dag.py:4180} INFO - Setting next_dagrun for dataset_alias_example_alias_consumer_with_no_taskflow to None, run_after=None
[2024-12-13T03:27:19.917-0800] {logging_mixin.py:190} INFO - [2024-12-13T03:27:19.916-0800] {dag.py:4180} INFO - Setting next_dagrun for dataset_alias_example_alias_producer_with_no_taskflow to None, run_after=None
[2024-12-13T03:27:19.917-0800] {logging_mixin.py:190} INFO - [2024-12-13T03:27:19.917-0800] {dag.py:4180} INFO - Setting next_dagrun for dataset_s3_bucket_consumer_with_no_taskflow to None, run_after=None
[2024-12-13T03:27:19.918-0800] {logging_mixin.py:190} INFO - [2024-12-13T03:27:19.918-0800] {dag.py:4180} INFO - Setting next_dagrun for dataset_s3_bucket_producer_with_no_taskflow to None, run_after=None
[2024-12-13T03:27:19.937-0800] {processor.py:208} INFO - Processing /Users/machine/Velocity_railway/airflow_env/lib/python3.10/site-packages/airflow/example_dags/example_dataset_alias_with_no_taskflow.py took 0.254 seconds
[2024-12-13T03:32:01.794-0800] {processor.py:186} INFO - Started process (PID=86514) to work on /Users/machine/Velocity_railway/airflow_env/lib/python3.10/site-packages/airflow/example_dags/example_dataset_alias_with_no_taskflow.py
[2024-12-13T03:32:01.795-0800] {processor.py:914} INFO - Processing file /Users/machine/Velocity_railway/airflow_env/lib/python3.10/site-packages/airflow/example_dags/example_dataset_alias_with_no_taskflow.py for tasks to queue
[2024-12-13T03:32:01.796-0800] {logging_mixin.py:190} INFO - [2024-12-13T03:32:01.796-0800] {dagbag.py:588} INFO - Filling up the DagBag from /Users/machine/Velocity_railway/airflow_env/lib/python3.10/site-packages/airflow/example_dags/example_dataset_alias_with_no_taskflow.py
[2024-12-13T03:32:01.984-0800] {processor.py:925} INFO - DAG(s) 'dataset_alias_example_alias_producer_with_no_taskflow', 'dataset_s3_bucket_producer_with_no_taskflow', 'dataset_s3_bucket_consumer_with_no_taskflow', 'dataset_alias_example_alias_consumer_with_no_taskflow' retrieved from /Users/machine/Velocity_railway/airflow_env/lib/python3.10/site-packages/airflow/example_dags/example_dataset_alias_with_no_taskflow.py
[2024-12-13T03:32:02.009-0800] {logging_mixin.py:190} INFO - [2024-12-13T03:32:02.008-0800] {dag.py:3239} INFO - Sync 4 DAGs
[2024-12-13T03:32:02.028-0800] {logging_mixin.py:190} INFO - [2024-12-13T03:32:02.027-0800] {dag.py:4180} INFO - Setting next_dagrun for dataset_alias_example_alias_consumer_with_no_taskflow to None, run_after=None
[2024-12-13T03:32:02.030-0800] {logging_mixin.py:190} INFO - [2024-12-13T03:32:02.030-0800] {dag.py:4180} INFO - Setting next_dagrun for dataset_alias_example_alias_producer_with_no_taskflow to None, run_after=None
[2024-12-13T03:32:02.031-0800] {logging_mixin.py:190} INFO - [2024-12-13T03:32:02.031-0800] {dag.py:4180} INFO - Setting next_dagrun for dataset_s3_bucket_consumer_with_no_taskflow to None, run_after=None
[2024-12-13T03:32:02.033-0800] {logging_mixin.py:190} INFO - [2024-12-13T03:32:02.033-0800] {dag.py:4180} INFO - Setting next_dagrun for dataset_s3_bucket_producer_with_no_taskflow to None, run_after=None
[2024-12-13T03:32:02.057-0800] {processor.py:208} INFO - Processing /Users/machine/Velocity_railway/airflow_env/lib/python3.10/site-packages/airflow/example_dags/example_dataset_alias_with_no_taskflow.py took 0.269 seconds
[2024-12-13T03:36:50.053-0800] {processor.py:186} INFO - Started process (PID=87593) to work on /Users/machine/Velocity_railway/airflow_env/lib/python3.10/site-packages/airflow/example_dags/example_dataset_alias_with_no_taskflow.py
[2024-12-13T03:36:50.066-0800] {processor.py:914} INFO - Processing file /Users/machine/Velocity_railway/airflow_env/lib/python3.10/site-packages/airflow/example_dags/example_dataset_alias_with_no_taskflow.py for tasks to queue
[2024-12-13T03:36:50.067-0800] {logging_mixin.py:190} INFO - [2024-12-13T03:36:50.067-0800] {dagbag.py:588} INFO - Filling up the DagBag from /Users/machine/Velocity_railway/airflow_env/lib/python3.10/site-packages/airflow/example_dags/example_dataset_alias_with_no_taskflow.py
[2024-12-13T03:36:50.310-0800] {processor.py:925} INFO - DAG(s) 'dataset_s3_bucket_consumer_with_no_taskflow', 'dataset_alias_example_alias_consumer_with_no_taskflow', 'dataset_s3_bucket_producer_with_no_taskflow', 'dataset_alias_example_alias_producer_with_no_taskflow' retrieved from /Users/machine/Velocity_railway/airflow_env/lib/python3.10/site-packages/airflow/example_dags/example_dataset_alias_with_no_taskflow.py
[2024-12-13T03:36:50.336-0800] {logging_mixin.py:190} INFO - [2024-12-13T03:36:50.335-0800] {dag.py:3239} INFO - Sync 4 DAGs
[2024-12-13T03:36:50.355-0800] {logging_mixin.py:190} INFO - [2024-12-13T03:36:50.355-0800] {dag.py:4180} INFO - Setting next_dagrun for dataset_alias_example_alias_consumer_with_no_taskflow to None, run_after=None
[2024-12-13T03:36:50.357-0800] {logging_mixin.py:190} INFO - [2024-12-13T03:36:50.357-0800] {dag.py:4180} INFO - Setting next_dagrun for dataset_alias_example_alias_producer_with_no_taskflow to None, run_after=None
[2024-12-13T03:36:50.358-0800] {logging_mixin.py:190} INFO - [2024-12-13T03:36:50.358-0800] {dag.py:4180} INFO - Setting next_dagrun for dataset_s3_bucket_consumer_with_no_taskflow to None, run_after=None
[2024-12-13T03:36:50.359-0800] {logging_mixin.py:190} INFO - [2024-12-13T03:36:50.359-0800] {dag.py:4180} INFO - Setting next_dagrun for dataset_s3_bucket_producer_with_no_taskflow to None, run_after=None
[2024-12-13T03:36:50.380-0800] {processor.py:208} INFO - Processing /Users/machine/Velocity_railway/airflow_env/lib/python3.10/site-packages/airflow/example_dags/example_dataset_alias_with_no_taskflow.py took 0.332 seconds
[2024-12-13T03:41:34.489-0800] {processor.py:186} INFO - Started process (PID=88546) to work on /Users/machine/Velocity_railway/airflow_env/lib/python3.10/site-packages/airflow/example_dags/example_dataset_alias_with_no_taskflow.py
[2024-12-13T03:41:34.491-0800] {processor.py:914} INFO - Processing file /Users/machine/Velocity_railway/airflow_env/lib/python3.10/site-packages/airflow/example_dags/example_dataset_alias_with_no_taskflow.py for tasks to queue
[2024-12-13T03:41:34.492-0800] {logging_mixin.py:190} INFO - [2024-12-13T03:41:34.492-0800] {dagbag.py:588} INFO - Filling up the DagBag from /Users/machine/Velocity_railway/airflow_env/lib/python3.10/site-packages/airflow/example_dags/example_dataset_alias_with_no_taskflow.py
[2024-12-13T03:41:34.678-0800] {processor.py:925} INFO - DAG(s) 'dataset_alias_example_alias_producer_with_no_taskflow', 'dataset_alias_example_alias_consumer_with_no_taskflow', 'dataset_s3_bucket_consumer_with_no_taskflow', 'dataset_s3_bucket_producer_with_no_taskflow' retrieved from /Users/machine/Velocity_railway/airflow_env/lib/python3.10/site-packages/airflow/example_dags/example_dataset_alias_with_no_taskflow.py
[2024-12-13T03:41:34.699-0800] {logging_mixin.py:190} INFO - [2024-12-13T03:41:34.699-0800] {dag.py:3239} INFO - Sync 4 DAGs
[2024-12-13T03:41:34.717-0800] {logging_mixin.py:190} INFO - [2024-12-13T03:41:34.716-0800] {dag.py:4180} INFO - Setting next_dagrun for dataset_alias_example_alias_consumer_with_no_taskflow to None, run_after=None
[2024-12-13T03:41:34.719-0800] {logging_mixin.py:190} INFO - [2024-12-13T03:41:34.718-0800] {dag.py:4180} INFO - Setting next_dagrun for dataset_alias_example_alias_producer_with_no_taskflow to None, run_after=None
[2024-12-13T03:41:34.719-0800] {logging_mixin.py:190} INFO - [2024-12-13T03:41:34.719-0800] {dag.py:4180} INFO - Setting next_dagrun for dataset_s3_bucket_consumer_with_no_taskflow to None, run_after=None
[2024-12-13T03:41:34.720-0800] {logging_mixin.py:190} INFO - [2024-12-13T03:41:34.720-0800] {dag.py:4180} INFO - Setting next_dagrun for dataset_s3_bucket_producer_with_no_taskflow to None, run_after=None
[2024-12-13T03:41:34.739-0800] {processor.py:208} INFO - Processing /Users/machine/Velocity_railway/airflow_env/lib/python3.10/site-packages/airflow/example_dags/example_dataset_alias_with_no_taskflow.py took 0.255 seconds
[2024-12-13T03:46:02.675-0800] {processor.py:186} INFO - Started process (PID=89457) to work on /Users/machine/Velocity_railway/airflow_env/lib/python3.10/site-packages/airflow/example_dags/example_dataset_alias_with_no_taskflow.py
[2024-12-13T03:46:02.677-0800] {processor.py:914} INFO - Processing file /Users/machine/Velocity_railway/airflow_env/lib/python3.10/site-packages/airflow/example_dags/example_dataset_alias_with_no_taskflow.py for tasks to queue
[2024-12-13T03:46:02.678-0800] {logging_mixin.py:190} INFO - [2024-12-13T03:46:02.678-0800] {dagbag.py:588} INFO - Filling up the DagBag from /Users/machine/Velocity_railway/airflow_env/lib/python3.10/site-packages/airflow/example_dags/example_dataset_alias_with_no_taskflow.py
[2024-12-13T03:46:02.867-0800] {processor.py:925} INFO - DAG(s) 'dataset_alias_example_alias_consumer_with_no_taskflow', 'dataset_s3_bucket_producer_with_no_taskflow', 'dataset_alias_example_alias_producer_with_no_taskflow', 'dataset_s3_bucket_consumer_with_no_taskflow' retrieved from /Users/machine/Velocity_railway/airflow_env/lib/python3.10/site-packages/airflow/example_dags/example_dataset_alias_with_no_taskflow.py
[2024-12-13T03:46:02.888-0800] {logging_mixin.py:190} INFO - [2024-12-13T03:46:02.887-0800] {dag.py:3239} INFO - Sync 4 DAGs
[2024-12-13T03:46:02.904-0800] {logging_mixin.py:190} INFO - [2024-12-13T03:46:02.904-0800] {dag.py:4180} INFO - Setting next_dagrun for dataset_alias_example_alias_consumer_with_no_taskflow to None, run_after=None
[2024-12-13T03:46:02.906-0800] {logging_mixin.py:190} INFO - [2024-12-13T03:46:02.906-0800] {dag.py:4180} INFO - Setting next_dagrun for dataset_alias_example_alias_producer_with_no_taskflow to None, run_after=None
[2024-12-13T03:46:02.907-0800] {logging_mixin.py:190} INFO - [2024-12-13T03:46:02.907-0800] {dag.py:4180} INFO - Setting next_dagrun for dataset_s3_bucket_consumer_with_no_taskflow to None, run_after=None
[2024-12-13T03:46:02.908-0800] {logging_mixin.py:190} INFO - [2024-12-13T03:46:02.908-0800] {dag.py:4180} INFO - Setting next_dagrun for dataset_s3_bucket_producer_with_no_taskflow to None, run_after=None
[2024-12-13T03:46:02.927-0800] {processor.py:208} INFO - Processing /Users/machine/Velocity_railway/airflow_env/lib/python3.10/site-packages/airflow/example_dags/example_dataset_alias_with_no_taskflow.py took 0.257 seconds
[2024-12-13T03:50:33.550-0800] {processor.py:186} INFO - Started process (PID=90405) to work on /Users/machine/Velocity_railway/airflow_env/lib/python3.10/site-packages/airflow/example_dags/example_dataset_alias_with_no_taskflow.py
[2024-12-13T03:50:33.552-0800] {processor.py:914} INFO - Processing file /Users/machine/Velocity_railway/airflow_env/lib/python3.10/site-packages/airflow/example_dags/example_dataset_alias_with_no_taskflow.py for tasks to queue
[2024-12-13T03:50:33.553-0800] {logging_mixin.py:190} INFO - [2024-12-13T03:50:33.553-0800] {dagbag.py:588} INFO - Filling up the DagBag from /Users/machine/Velocity_railway/airflow_env/lib/python3.10/site-packages/airflow/example_dags/example_dataset_alias_with_no_taskflow.py
[2024-12-13T03:50:33.749-0800] {processor.py:925} INFO - DAG(s) 'dataset_s3_bucket_consumer_with_no_taskflow', 'dataset_alias_example_alias_producer_with_no_taskflow', 'dataset_s3_bucket_producer_with_no_taskflow', 'dataset_alias_example_alias_consumer_with_no_taskflow' retrieved from /Users/machine/Velocity_railway/airflow_env/lib/python3.10/site-packages/airflow/example_dags/example_dataset_alias_with_no_taskflow.py
[2024-12-13T03:50:33.771-0800] {logging_mixin.py:190} INFO - [2024-12-13T03:50:33.771-0800] {dag.py:3239} INFO - Sync 4 DAGs
[2024-12-13T03:50:33.788-0800] {logging_mixin.py:190} INFO - [2024-12-13T03:50:33.788-0800] {dag.py:4180} INFO - Setting next_dagrun for dataset_alias_example_alias_consumer_with_no_taskflow to None, run_after=None
[2024-12-13T03:50:33.790-0800] {logging_mixin.py:190} INFO - [2024-12-13T03:50:33.789-0800] {dag.py:4180} INFO - Setting next_dagrun for dataset_alias_example_alias_producer_with_no_taskflow to None, run_after=None
[2024-12-13T03:50:33.791-0800] {logging_mixin.py:190} INFO - [2024-12-13T03:50:33.790-0800] {dag.py:4180} INFO - Setting next_dagrun for dataset_s3_bucket_consumer_with_no_taskflow to None, run_after=None
[2024-12-13T03:50:33.791-0800] {logging_mixin.py:190} INFO - [2024-12-13T03:50:33.791-0800] {dag.py:4180} INFO - Setting next_dagrun for dataset_s3_bucket_producer_with_no_taskflow to None, run_after=None
[2024-12-13T03:50:33.813-0800] {processor.py:208} INFO - Processing /Users/machine/Velocity_railway/airflow_env/lib/python3.10/site-packages/airflow/example_dags/example_dataset_alias_with_no_taskflow.py took 0.269 seconds
[2024-12-13T03:55:14.395-0800] {processor.py:186} INFO - Started process (PID=91396) to work on /Users/machine/Velocity_railway/airflow_env/lib/python3.10/site-packages/airflow/example_dags/example_dataset_alias_with_no_taskflow.py
[2024-12-13T03:55:14.397-0800] {processor.py:914} INFO - Processing file /Users/machine/Velocity_railway/airflow_env/lib/python3.10/site-packages/airflow/example_dags/example_dataset_alias_with_no_taskflow.py for tasks to queue
[2024-12-13T03:55:14.399-0800] {logging_mixin.py:190} INFO - [2024-12-13T03:55:14.398-0800] {dagbag.py:588} INFO - Filling up the DagBag from /Users/machine/Velocity_railway/airflow_env/lib/python3.10/site-packages/airflow/example_dags/example_dataset_alias_with_no_taskflow.py
[2024-12-13T03:55:14.595-0800] {processor.py:925} INFO - DAG(s) 'dataset_alias_example_alias_consumer_with_no_taskflow', 'dataset_alias_example_alias_producer_with_no_taskflow', 'dataset_s3_bucket_consumer_with_no_taskflow', 'dataset_s3_bucket_producer_with_no_taskflow' retrieved from /Users/machine/Velocity_railway/airflow_env/lib/python3.10/site-packages/airflow/example_dags/example_dataset_alias_with_no_taskflow.py
[2024-12-13T03:55:14.618-0800] {logging_mixin.py:190} INFO - [2024-12-13T03:55:14.618-0800] {dag.py:3239} INFO - Sync 4 DAGs
[2024-12-13T03:55:14.636-0800] {logging_mixin.py:190} INFO - [2024-12-13T03:55:14.636-0800] {dag.py:4180} INFO - Setting next_dagrun for dataset_alias_example_alias_consumer_with_no_taskflow to None, run_after=None
[2024-12-13T03:55:14.638-0800] {logging_mixin.py:190} INFO - [2024-12-13T03:55:14.638-0800] {dag.py:4180} INFO - Setting next_dagrun for dataset_alias_example_alias_producer_with_no_taskflow to None, run_after=None
[2024-12-13T03:55:14.640-0800] {logging_mixin.py:190} INFO - [2024-12-13T03:55:14.639-0800] {dag.py:4180} INFO - Setting next_dagrun for dataset_s3_bucket_consumer_with_no_taskflow to None, run_after=None
[2024-12-13T03:55:14.640-0800] {logging_mixin.py:190} INFO - [2024-12-13T03:55:14.640-0800] {dag.py:4180} INFO - Setting next_dagrun for dataset_s3_bucket_producer_with_no_taskflow to None, run_after=None
[2024-12-13T03:55:14.661-0800] {processor.py:208} INFO - Processing /Users/machine/Velocity_railway/airflow_env/lib/python3.10/site-packages/airflow/example_dags/example_dataset_alias_with_no_taskflow.py took 0.271 seconds
[2024-12-13T04:00:08.418-0800] {processor.py:186} INFO - Started process (PID=92663) to work on /Users/machine/Velocity_railway/airflow_env/lib/python3.10/site-packages/airflow/example_dags/example_dataset_alias_with_no_taskflow.py
[2024-12-13T04:00:08.420-0800] {processor.py:914} INFO - Processing file /Users/machine/Velocity_railway/airflow_env/lib/python3.10/site-packages/airflow/example_dags/example_dataset_alias_with_no_taskflow.py for tasks to queue
[2024-12-13T04:00:08.421-0800] {logging_mixin.py:190} INFO - [2024-12-13T04:00:08.421-0800] {dagbag.py:588} INFO - Filling up the DagBag from /Users/machine/Velocity_railway/airflow_env/lib/python3.10/site-packages/airflow/example_dags/example_dataset_alias_with_no_taskflow.py
[2024-12-13T04:00:08.641-0800] {processor.py:925} INFO - DAG(s) 'dataset_s3_bucket_producer_with_no_taskflow', 'dataset_alias_example_alias_consumer_with_no_taskflow', 'dataset_s3_bucket_consumer_with_no_taskflow', 'dataset_alias_example_alias_producer_with_no_taskflow' retrieved from /Users/machine/Velocity_railway/airflow_env/lib/python3.10/site-packages/airflow/example_dags/example_dataset_alias_with_no_taskflow.py
[2024-12-13T04:00:08.666-0800] {logging_mixin.py:190} INFO - [2024-12-13T04:00:08.666-0800] {dag.py:3239} INFO - Sync 4 DAGs
[2024-12-13T04:00:08.687-0800] {logging_mixin.py:190} INFO - [2024-12-13T04:00:08.686-0800] {dag.py:4180} INFO - Setting next_dagrun for dataset_alias_example_alias_consumer_with_no_taskflow to None, run_after=None
[2024-12-13T04:00:08.689-0800] {logging_mixin.py:190} INFO - [2024-12-13T04:00:08.689-0800] {dag.py:4180} INFO - Setting next_dagrun for dataset_alias_example_alias_producer_with_no_taskflow to None, run_after=None
[2024-12-13T04:00:08.690-0800] {logging_mixin.py:190} INFO - [2024-12-13T04:00:08.690-0800] {dag.py:4180} INFO - Setting next_dagrun for dataset_s3_bucket_consumer_with_no_taskflow to None, run_after=None
[2024-12-13T04:00:08.691-0800] {logging_mixin.py:190} INFO - [2024-12-13T04:00:08.691-0800] {dag.py:4180} INFO - Setting next_dagrun for dataset_s3_bucket_producer_with_no_taskflow to None, run_after=None
[2024-12-13T04:00:08.713-0800] {processor.py:208} INFO - Processing /Users/machine/Velocity_railway/airflow_env/lib/python3.10/site-packages/airflow/example_dags/example_dataset_alias_with_no_taskflow.py took 0.302 seconds
