[2024-12-13T03:10:42.960-0800] {processor.py:186} INFO - Started process (PID=82183) to work on /Users/machine/Velocity_railway/airflow_env/lib/python3.10/site-packages/airflow/example_dags/example_branch_python_dop_operator_3.py
[2024-12-13T03:10:42.961-0800] {processor.py:914} INFO - Processing file /Users/machine/Velocity_railway/airflow_env/lib/python3.10/site-packages/airflow/example_dags/example_branch_python_dop_operator_3.py for tasks to queue
[2024-12-13T03:10:42.962-0800] {logging_mixin.py:190} INFO - [2024-12-13T03:10:42.962-0800] {dagbag.py:588} INFO - Filling up the DagBag from /Users/machine/Velocity_railway/airflow_env/lib/python3.10/site-packages/airflow/example_dags/example_branch_python_dop_operator_3.py
[2024-12-13T03:10:43.052-0800] {processor.py:925} INFO - DAG(s) 'example_branch_dop_operator_v3' retrieved from /Users/machine/Velocity_railway/airflow_env/lib/python3.10/site-packages/airflow/example_dags/example_branch_python_dop_operator_3.py
[2024-12-13T03:10:43.239-0800] {logging_mixin.py:190} INFO - [2024-12-13T03:10:43.238-0800] {override.py:1911} INFO - Created Permission View: can read on DAG:example_branch_dop_operator_v3
[2024-12-13T03:10:43.248-0800] {logging_mixin.py:190} INFO - [2024-12-13T03:10:43.247-0800] {override.py:1911} INFO - Created Permission View: can delete on DAG:example_branch_dop_operator_v3
[2024-12-13T03:10:43.253-0800] {logging_mixin.py:190} INFO - [2024-12-13T03:10:43.253-0800] {override.py:1911} INFO - Created Permission View: can edit on DAG:example_branch_dop_operator_v3
[2024-12-13T03:10:43.261-0800] {logging_mixin.py:190} INFO - [2024-12-13T03:10:43.261-0800] {override.py:1911} INFO - Created Permission View: can read on DAG Run:example_branch_dop_operator_v3
[2024-12-13T03:10:43.266-0800] {logging_mixin.py:190} INFO - [2024-12-13T03:10:43.266-0800] {override.py:1911} INFO - Created Permission View: can delete on DAG Run:example_branch_dop_operator_v3
[2024-12-13T03:10:43.272-0800] {logging_mixin.py:190} INFO - [2024-12-13T03:10:43.272-0800] {override.py:1911} INFO - Created Permission View: can create on DAG Run:example_branch_dop_operator_v3
[2024-12-13T03:10:43.279-0800] {logging_mixin.py:190} INFO - [2024-12-13T03:10:43.278-0800] {override.py:1911} INFO - Created Permission View: menu access on DAG Run:example_branch_dop_operator_v3
[2024-12-13T03:10:43.279-0800] {logging_mixin.py:190} INFO - [2024-12-13T03:10:43.279-0800] {dag.py:3239} INFO - Sync 1 DAGs
[2024-12-13T03:10:43.290-0800] {logging_mixin.py:190} INFO - [2024-12-13T03:10:43.290-0800] {dag.py:3262} INFO - Creating ORM DAG for example_branch_dop_operator_v3
[2024-12-13T03:10:43.300-0800] {logging_mixin.py:190} INFO - [2024-12-13T03:10:43.300-0800] {dag.py:4180} INFO - Setting next_dagrun for example_branch_dop_operator_v3 to 2024-12-13 11:09:00+00:00, run_after=2024-12-13 11:10:00+00:00
[2024-12-13T03:10:43.316-0800] {processor.py:208} INFO - Processing /Users/machine/Velocity_railway/airflow_env/lib/python3.10/site-packages/airflow/example_dags/example_branch_python_dop_operator_3.py took 0.362 seconds
[2024-12-13T03:15:44.153-0800] {processor.py:186} INFO - Started process (PID=83165) to work on /Users/machine/Velocity_railway/airflow_env/lib/python3.10/site-packages/airflow/example_dags/example_branch_python_dop_operator_3.py
[2024-12-13T03:15:44.155-0800] {processor.py:914} INFO - Processing file /Users/machine/Velocity_railway/airflow_env/lib/python3.10/site-packages/airflow/example_dags/example_branch_python_dop_operator_3.py for tasks to queue
[2024-12-13T03:15:44.156-0800] {logging_mixin.py:190} INFO - [2024-12-13T03:15:44.156-0800] {dagbag.py:588} INFO - Filling up the DagBag from /Users/machine/Velocity_railway/airflow_env/lib/python3.10/site-packages/airflow/example_dags/example_branch_python_dop_operator_3.py
[2024-12-13T03:15:44.243-0800] {processor.py:925} INFO - DAG(s) 'example_branch_dop_operator_v3' retrieved from /Users/machine/Velocity_railway/airflow_env/lib/python3.10/site-packages/airflow/example_dags/example_branch_python_dop_operator_3.py
[2024-12-13T03:15:44.351-0800] {logging_mixin.py:190} INFO - [2024-12-13T03:15:44.350-0800] {dag.py:3239} INFO - Sync 1 DAGs
[2024-12-13T03:15:44.373-0800] {logging_mixin.py:190} INFO - [2024-12-13T03:15:44.372-0800] {dag.py:4180} INFO - Setting next_dagrun for example_branch_dop_operator_v3 to 2024-12-13 11:14:00+00:00, run_after=2024-12-13 11:15:00+00:00
[2024-12-13T03:15:44.391-0800] {processor.py:208} INFO - Processing /Users/machine/Velocity_railway/airflow_env/lib/python3.10/site-packages/airflow/example_dags/example_branch_python_dop_operator_3.py took 0.244 seconds
[2024-12-13T03:20:13.707-0800] {processor.py:186} INFO - Started process (PID=84106) to work on /Users/machine/Velocity_railway/airflow_env/lib/python3.10/site-packages/airflow/example_dags/example_branch_python_dop_operator_3.py
[2024-12-13T03:20:13.709-0800] {processor.py:914} INFO - Processing file /Users/machine/Velocity_railway/airflow_env/lib/python3.10/site-packages/airflow/example_dags/example_branch_python_dop_operator_3.py for tasks to queue
[2024-12-13T03:20:13.710-0800] {logging_mixin.py:190} INFO - [2024-12-13T03:20:13.710-0800] {dagbag.py:588} INFO - Filling up the DagBag from /Users/machine/Velocity_railway/airflow_env/lib/python3.10/site-packages/airflow/example_dags/example_branch_python_dop_operator_3.py
[2024-12-13T03:20:13.804-0800] {processor.py:925} INFO - DAG(s) 'example_branch_dop_operator_v3' retrieved from /Users/machine/Velocity_railway/airflow_env/lib/python3.10/site-packages/airflow/example_dags/example_branch_python_dop_operator_3.py
[2024-12-13T03:20:13.902-0800] {logging_mixin.py:190} INFO - [2024-12-13T03:20:13.901-0800] {dag.py:3239} INFO - Sync 1 DAGs
[2024-12-13T03:20:13.921-0800] {logging_mixin.py:190} INFO - [2024-12-13T03:20:13.921-0800] {dag.py:4180} INFO - Setting next_dagrun for example_branch_dop_operator_v3 to 2024-12-13 11:19:00+00:00, run_after=2024-12-13 11:20:00+00:00
[2024-12-13T03:20:13.938-0800] {processor.py:208} INFO - Processing /Users/machine/Velocity_railway/airflow_env/lib/python3.10/site-packages/airflow/example_dags/example_branch_python_dop_operator_3.py took 0.237 seconds
[2024-12-13T03:24:50.209-0800] {processor.py:186} INFO - Started process (PID=85037) to work on /Users/machine/Velocity_railway/airflow_env/lib/python3.10/site-packages/airflow/example_dags/example_branch_python_dop_operator_3.py
[2024-12-13T03:24:50.211-0800] {processor.py:914} INFO - Processing file /Users/machine/Velocity_railway/airflow_env/lib/python3.10/site-packages/airflow/example_dags/example_branch_python_dop_operator_3.py for tasks to queue
[2024-12-13T03:24:50.213-0800] {logging_mixin.py:190} INFO - [2024-12-13T03:24:50.212-0800] {dagbag.py:588} INFO - Filling up the DagBag from /Users/machine/Velocity_railway/airflow_env/lib/python3.10/site-packages/airflow/example_dags/example_branch_python_dop_operator_3.py
[2024-12-13T03:24:50.295-0800] {processor.py:925} INFO - DAG(s) 'example_branch_dop_operator_v3' retrieved from /Users/machine/Velocity_railway/airflow_env/lib/python3.10/site-packages/airflow/example_dags/example_branch_python_dop_operator_3.py
[2024-12-13T03:24:50.391-0800] {logging_mixin.py:190} INFO - [2024-12-13T03:24:50.391-0800] {dag.py:3239} INFO - Sync 1 DAGs
[2024-12-13T03:24:50.412-0800] {logging_mixin.py:190} INFO - [2024-12-13T03:24:50.412-0800] {dag.py:4180} INFO - Setting next_dagrun for example_branch_dop_operator_v3 to 2024-12-13 11:23:00+00:00, run_after=2024-12-13 11:24:00+00:00
[2024-12-13T03:24:50.429-0800] {processor.py:208} INFO - Processing /Users/machine/Velocity_railway/airflow_env/lib/python3.10/site-packages/airflow/example_dags/example_branch_python_dop_operator_3.py took 0.225 seconds
[2024-12-13T03:29:21.748-0800] {processor.py:186} INFO - Started process (PID=85963) to work on /Users/machine/Velocity_railway/airflow_env/lib/python3.10/site-packages/airflow/example_dags/example_branch_python_dop_operator_3.py
[2024-12-13T03:29:21.749-0800] {processor.py:914} INFO - Processing file /Users/machine/Velocity_railway/airflow_env/lib/python3.10/site-packages/airflow/example_dags/example_branch_python_dop_operator_3.py for tasks to queue
[2024-12-13T03:29:21.750-0800] {logging_mixin.py:190} INFO - [2024-12-13T03:29:21.750-0800] {dagbag.py:588} INFO - Filling up the DagBag from /Users/machine/Velocity_railway/airflow_env/lib/python3.10/site-packages/airflow/example_dags/example_branch_python_dop_operator_3.py
[2024-12-13T03:29:21.837-0800] {processor.py:925} INFO - DAG(s) 'example_branch_dop_operator_v3' retrieved from /Users/machine/Velocity_railway/airflow_env/lib/python3.10/site-packages/airflow/example_dags/example_branch_python_dop_operator_3.py
[2024-12-13T03:29:21.945-0800] {logging_mixin.py:190} INFO - [2024-12-13T03:29:21.944-0800] {dag.py:3239} INFO - Sync 1 DAGs
[2024-12-13T03:29:21.967-0800] {logging_mixin.py:190} INFO - [2024-12-13T03:29:21.966-0800] {dag.py:4180} INFO - Setting next_dagrun for example_branch_dop_operator_v3 to 2024-12-13 11:28:00+00:00, run_after=2024-12-13 11:29:00+00:00
[2024-12-13T03:29:21.985-0800] {processor.py:208} INFO - Processing /Users/machine/Velocity_railway/airflow_env/lib/python3.10/site-packages/airflow/example_dags/example_branch_python_dop_operator_3.py took 0.244 seconds
[2024-12-13T03:34:07.732-0800] {processor.py:186} INFO - Started process (PID=86980) to work on /Users/machine/Velocity_railway/airflow_env/lib/python3.10/site-packages/airflow/example_dags/example_branch_python_dop_operator_3.py
[2024-12-13T03:34:07.736-0800] {processor.py:914} INFO - Processing file /Users/machine/Velocity_railway/airflow_env/lib/python3.10/site-packages/airflow/example_dags/example_branch_python_dop_operator_3.py for tasks to queue
[2024-12-13T03:34:07.737-0800] {logging_mixin.py:190} INFO - [2024-12-13T03:34:07.737-0800] {dagbag.py:588} INFO - Filling up the DagBag from /Users/machine/Velocity_railway/airflow_env/lib/python3.10/site-packages/airflow/example_dags/example_branch_python_dop_operator_3.py
[2024-12-13T03:34:07.827-0800] {processor.py:925} INFO - DAG(s) 'example_branch_dop_operator_v3' retrieved from /Users/machine/Velocity_railway/airflow_env/lib/python3.10/site-packages/airflow/example_dags/example_branch_python_dop_operator_3.py
[2024-12-13T03:34:07.929-0800] {logging_mixin.py:190} INFO - [2024-12-13T03:34:07.929-0800] {dag.py:3239} INFO - Sync 1 DAGs
[2024-12-13T03:34:07.951-0800] {logging_mixin.py:190} INFO - [2024-12-13T03:34:07.951-0800] {dag.py:4180} INFO - Setting next_dagrun for example_branch_dop_operator_v3 to 2024-12-13 11:33:00+00:00, run_after=2024-12-13 11:34:00+00:00
[2024-12-13T03:34:07.968-0800] {processor.py:208} INFO - Processing /Users/machine/Velocity_railway/airflow_env/lib/python3.10/site-packages/airflow/example_dags/example_branch_python_dop_operator_3.py took 0.242 seconds
[2024-12-13T03:39:07.103-0800] {processor.py:186} INFO - Started process (PID=88032) to work on /Users/machine/Velocity_railway/airflow_env/lib/python3.10/site-packages/airflow/example_dags/example_branch_python_dop_operator_3.py
[2024-12-13T03:39:07.105-0800] {processor.py:914} INFO - Processing file /Users/machine/Velocity_railway/airflow_env/lib/python3.10/site-packages/airflow/example_dags/example_branch_python_dop_operator_3.py for tasks to queue
[2024-12-13T03:39:07.106-0800] {logging_mixin.py:190} INFO - [2024-12-13T03:39:07.106-0800] {dagbag.py:588} INFO - Filling up the DagBag from /Users/machine/Velocity_railway/airflow_env/lib/python3.10/site-packages/airflow/example_dags/example_branch_python_dop_operator_3.py
[2024-12-13T03:39:07.187-0800] {processor.py:925} INFO - DAG(s) 'example_branch_dop_operator_v3' retrieved from /Users/machine/Velocity_railway/airflow_env/lib/python3.10/site-packages/airflow/example_dags/example_branch_python_dop_operator_3.py
[2024-12-13T03:39:07.290-0800] {logging_mixin.py:190} INFO - [2024-12-13T03:39:07.290-0800] {dag.py:3239} INFO - Sync 1 DAGs
[2024-12-13T03:39:07.313-0800] {logging_mixin.py:190} INFO - [2024-12-13T03:39:07.313-0800] {dag.py:4180} INFO - Setting next_dagrun for example_branch_dop_operator_v3 to 2024-12-13 11:38:00+00:00, run_after=2024-12-13 11:39:00+00:00
[2024-12-13T03:39:07.332-0800] {processor.py:208} INFO - Processing /Users/machine/Velocity_railway/airflow_env/lib/python3.10/site-packages/airflow/example_dags/example_branch_python_dop_operator_3.py took 0.233 seconds
[2024-12-13T03:43:32.771-0800] {processor.py:186} INFO - Started process (PID=88952) to work on /Users/machine/Velocity_railway/airflow_env/lib/python3.10/site-packages/airflow/example_dags/example_branch_python_dop_operator_3.py
[2024-12-13T03:43:32.773-0800] {processor.py:914} INFO - Processing file /Users/machine/Velocity_railway/airflow_env/lib/python3.10/site-packages/airflow/example_dags/example_branch_python_dop_operator_3.py for tasks to queue
[2024-12-13T03:43:32.774-0800] {logging_mixin.py:190} INFO - [2024-12-13T03:43:32.774-0800] {dagbag.py:588} INFO - Filling up the DagBag from /Users/machine/Velocity_railway/airflow_env/lib/python3.10/site-packages/airflow/example_dags/example_branch_python_dop_operator_3.py
[2024-12-13T03:43:32.858-0800] {processor.py:925} INFO - DAG(s) 'example_branch_dop_operator_v3' retrieved from /Users/machine/Velocity_railway/airflow_env/lib/python3.10/site-packages/airflow/example_dags/example_branch_python_dop_operator_3.py
[2024-12-13T03:43:32.960-0800] {logging_mixin.py:190} INFO - [2024-12-13T03:43:32.960-0800] {dag.py:3239} INFO - Sync 1 DAGs
[2024-12-13T03:43:32.981-0800] {logging_mixin.py:190} INFO - [2024-12-13T03:43:32.981-0800] {dag.py:4180} INFO - Setting next_dagrun for example_branch_dop_operator_v3 to 2024-12-13 11:42:00+00:00, run_after=2024-12-13 11:43:00+00:00
[2024-12-13T03:43:32.997-0800] {processor.py:208} INFO - Processing /Users/machine/Velocity_railway/airflow_env/lib/python3.10/site-packages/airflow/example_dags/example_branch_python_dop_operator_3.py took 0.232 seconds
[2024-12-13T03:47:59.352-0800] {processor.py:186} INFO - Started process (PID=89843) to work on /Users/machine/Velocity_railway/airflow_env/lib/python3.10/site-packages/airflow/example_dags/example_branch_python_dop_operator_3.py
[2024-12-13T03:47:59.354-0800] {processor.py:914} INFO - Processing file /Users/machine/Velocity_railway/airflow_env/lib/python3.10/site-packages/airflow/example_dags/example_branch_python_dop_operator_3.py for tasks to queue
[2024-12-13T03:47:59.356-0800] {logging_mixin.py:190} INFO - [2024-12-13T03:47:59.356-0800] {dagbag.py:588} INFO - Filling up the DagBag from /Users/machine/Velocity_railway/airflow_env/lib/python3.10/site-packages/airflow/example_dags/example_branch_python_dop_operator_3.py
[2024-12-13T03:47:59.444-0800] {processor.py:925} INFO - DAG(s) 'example_branch_dop_operator_v3' retrieved from /Users/machine/Velocity_railway/airflow_env/lib/python3.10/site-packages/airflow/example_dags/example_branch_python_dop_operator_3.py
[2024-12-13T03:47:59.550-0800] {logging_mixin.py:190} INFO - [2024-12-13T03:47:59.549-0800] {dag.py:3239} INFO - Sync 1 DAGs
[2024-12-13T03:47:59.572-0800] {logging_mixin.py:190} INFO - [2024-12-13T03:47:59.572-0800] {dag.py:4180} INFO - Setting next_dagrun for example_branch_dop_operator_v3 to 2024-12-13 11:46:00+00:00, run_after=2024-12-13 11:47:00+00:00
[2024-12-13T03:47:59.592-0800] {processor.py:208} INFO - Processing /Users/machine/Velocity_railway/airflow_env/lib/python3.10/site-packages/airflow/example_dags/example_branch_python_dop_operator_3.py took 0.246 seconds
[2024-12-13T03:52:35.477-0800] {processor.py:186} INFO - Started process (PID=90817) to work on /Users/machine/Velocity_railway/airflow_env/lib/python3.10/site-packages/airflow/example_dags/example_branch_python_dop_operator_3.py
[2024-12-13T03:52:35.479-0800] {processor.py:914} INFO - Processing file /Users/machine/Velocity_railway/airflow_env/lib/python3.10/site-packages/airflow/example_dags/example_branch_python_dop_operator_3.py for tasks to queue
[2024-12-13T03:52:35.480-0800] {logging_mixin.py:190} INFO - [2024-12-13T03:52:35.479-0800] {dagbag.py:588} INFO - Filling up the DagBag from /Users/machine/Velocity_railway/airflow_env/lib/python3.10/site-packages/airflow/example_dags/example_branch_python_dop_operator_3.py
[2024-12-13T03:52:35.564-0800] {processor.py:925} INFO - DAG(s) 'example_branch_dop_operator_v3' retrieved from /Users/machine/Velocity_railway/airflow_env/lib/python3.10/site-packages/airflow/example_dags/example_branch_python_dop_operator_3.py
[2024-12-13T03:52:35.674-0800] {logging_mixin.py:190} INFO - [2024-12-13T03:52:35.673-0800] {dag.py:3239} INFO - Sync 1 DAGs
[2024-12-13T03:52:35.694-0800] {logging_mixin.py:190} INFO - [2024-12-13T03:52:35.694-0800] {dag.py:4180} INFO - Setting next_dagrun for example_branch_dop_operator_v3 to 2024-12-13 11:51:00+00:00, run_after=2024-12-13 11:52:00+00:00
[2024-12-13T03:52:35.713-0800] {processor.py:208} INFO - Processing /Users/machine/Velocity_railway/airflow_env/lib/python3.10/site-packages/airflow/example_dags/example_branch_python_dop_operator_3.py took 0.242 seconds
[2024-12-13T03:57:27.507-0800] {processor.py:186} INFO - Started process (PID=91975) to work on /Users/machine/Velocity_railway/airflow_env/lib/python3.10/site-packages/airflow/example_dags/example_branch_python_dop_operator_3.py
[2024-12-13T03:57:27.510-0800] {processor.py:914} INFO - Processing file /Users/machine/Velocity_railway/airflow_env/lib/python3.10/site-packages/airflow/example_dags/example_branch_python_dop_operator_3.py for tasks to queue
[2024-12-13T03:57:27.511-0800] {logging_mixin.py:190} INFO - [2024-12-13T03:57:27.511-0800] {dagbag.py:588} INFO - Filling up the DagBag from /Users/machine/Velocity_railway/airflow_env/lib/python3.10/site-packages/airflow/example_dags/example_branch_python_dop_operator_3.py
[2024-12-13T03:57:27.606-0800] {processor.py:925} INFO - DAG(s) 'example_branch_dop_operator_v3' retrieved from /Users/machine/Velocity_railway/airflow_env/lib/python3.10/site-packages/airflow/example_dags/example_branch_python_dop_operator_3.py
[2024-12-13T03:57:27.717-0800] {logging_mixin.py:190} INFO - [2024-12-13T03:57:27.716-0800] {dag.py:3239} INFO - Sync 1 DAGs
[2024-12-13T03:57:27.741-0800] {logging_mixin.py:190} INFO - [2024-12-13T03:57:27.741-0800] {dag.py:4180} INFO - Setting next_dagrun for example_branch_dop_operator_v3 to 2024-12-13 11:56:00+00:00, run_after=2024-12-13 11:57:00+00:00
[2024-12-13T03:57:27.760-0800] {processor.py:208} INFO - Processing /Users/machine/Velocity_railway/airflow_env/lib/python3.10/site-packages/airflow/example_dags/example_branch_python_dop_operator_3.py took 0.259 seconds
[2024-12-13T05:51:02.768-0800] {processor.py:186} INFO - Started process (PID=93448) to work on /Users/machine/Velocity_railway/airflow_env/lib/python3.10/site-packages/airflow/example_dags/example_branch_python_dop_operator_3.py
[2024-12-13T05:51:02.770-0800] {processor.py:914} INFO - Processing file /Users/machine/Velocity_railway/airflow_env/lib/python3.10/site-packages/airflow/example_dags/example_branch_python_dop_operator_3.py for tasks to queue
[2024-12-13T05:51:02.771-0800] {logging_mixin.py:190} INFO - [2024-12-13T05:51:02.771-0800] {dagbag.py:588} INFO - Filling up the DagBag from /Users/machine/Velocity_railway/airflow_env/lib/python3.10/site-packages/airflow/example_dags/example_branch_python_dop_operator_3.py
[2024-12-13T05:51:02.855-0800] {processor.py:925} INFO - DAG(s) 'example_branch_dop_operator_v3' retrieved from /Users/machine/Velocity_railway/airflow_env/lib/python3.10/site-packages/airflow/example_dags/example_branch_python_dop_operator_3.py
[2024-12-13T05:51:02.953-0800] {logging_mixin.py:190} INFO - [2024-12-13T05:51:02.952-0800] {dag.py:3239} INFO - Sync 1 DAGs
[2024-12-13T05:51:02.972-0800] {logging_mixin.py:190} INFO - [2024-12-13T05:51:02.972-0800] {dag.py:4180} INFO - Setting next_dagrun for example_branch_dop_operator_v3 to 2024-12-13 13:50:00+00:00, run_after=2024-12-13 13:51:00+00:00
[2024-12-13T05:51:02.990-0800] {processor.py:208} INFO - Processing /Users/machine/Velocity_railway/airflow_env/lib/python3.10/site-packages/airflow/example_dags/example_branch_python_dop_operator_3.py took 0.228 seconds
