[2024-12-13T03:10:25.861-0800] {processor.py:186} INFO - Started process (PID=82130) to work on /Users/machine/Velocity_railway/airflow_env/lib/python3.10/site-packages/airflow/example_dags/example_datasets.py
[2024-12-13T03:10:25.862-0800] {processor.py:914} INFO - Processing file /Users/machine/Velocity_railway/airflow_env/lib/python3.10/site-packages/airflow/example_dags/example_datasets.py for tasks to queue
[2024-12-13T03:10:25.864-0800] {logging_mixin.py:190} INFO - [2024-12-13T03:10:25.863-0800] {dagbag.py:588} INFO - Filling up the DagBag from /Users/machine/Velocity_railway/airflow_env/lib/python3.10/site-packages/airflow/example_dags/example_datasets.py
[2024-12-13T03:10:25.963-0800] {processor.py:925} INFO - DAG(s) 'dataset_consumes_unknown_never_scheduled', 'consume_1_or_2_with_dataset_expressions', 'dataset_consumes_1_never_scheduled', 'consume_1_and_2_with_dataset_expressions', 'dataset_produces_2', 'dataset_consumes_1', 'conditional_dataset_and_time_based_timetable', 'dataset_consumes_1_and_2', 'dataset_produces_1', 'consume_1_or_both_2_and_3_with_dataset_expressions' retrieved from /Users/machine/Velocity_railway/airflow_env/lib/python3.10/site-packages/airflow/example_dags/example_datasets.py
[2024-12-13T03:10:26.158-0800] {logging_mixin.py:190} INFO - [2024-12-13T03:10:26.158-0800] {override.py:1911} INFO - Created Permission View: can read on DAG:dataset_consumes_unknown_never_scheduled
[2024-12-13T03:10:26.167-0800] {logging_mixin.py:190} INFO - [2024-12-13T03:10:26.166-0800] {override.py:1911} INFO - Created Permission View: can delete on DAG:dataset_consumes_unknown_never_scheduled
[2024-12-13T03:10:26.173-0800] {logging_mixin.py:190} INFO - [2024-12-13T03:10:26.172-0800] {override.py:1911} INFO - Created Permission View: can edit on DAG:dataset_consumes_unknown_never_scheduled
[2024-12-13T03:10:26.182-0800] {logging_mixin.py:190} INFO - [2024-12-13T03:10:26.181-0800] {override.py:1911} INFO - Created Permission View: can read on DAG Run:dataset_consumes_unknown_never_scheduled
[2024-12-13T03:10:26.188-0800] {logging_mixin.py:190} INFO - [2024-12-13T03:10:26.187-0800] {override.py:1911} INFO - Created Permission View: can delete on DAG Run:dataset_consumes_unknown_never_scheduled
[2024-12-13T03:10:26.194-0800] {logging_mixin.py:190} INFO - [2024-12-13T03:10:26.194-0800] {override.py:1911} INFO - Created Permission View: menu access on DAG Run:dataset_consumes_unknown_never_scheduled
[2024-12-13T03:10:26.200-0800] {logging_mixin.py:190} INFO - [2024-12-13T03:10:26.200-0800] {override.py:1911} INFO - Created Permission View: can create on DAG Run:dataset_consumes_unknown_never_scheduled
[2024-12-13T03:10:26.213-0800] {logging_mixin.py:190} INFO - [2024-12-13T03:10:26.213-0800] {override.py:1911} INFO - Created Permission View: can read on DAG:consume_1_or_2_with_dataset_expressions
[2024-12-13T03:10:26.219-0800] {logging_mixin.py:190} INFO - [2024-12-13T03:10:26.218-0800] {override.py:1911} INFO - Created Permission View: can delete on DAG:consume_1_or_2_with_dataset_expressions
[2024-12-13T03:10:26.225-0800] {logging_mixin.py:190} INFO - [2024-12-13T03:10:26.225-0800] {override.py:1911} INFO - Created Permission View: can edit on DAG:consume_1_or_2_with_dataset_expressions
[2024-12-13T03:10:26.232-0800] {logging_mixin.py:190} INFO - [2024-12-13T03:10:26.232-0800] {override.py:1911} INFO - Created Permission View: can read on DAG Run:consume_1_or_2_with_dataset_expressions
[2024-12-13T03:10:26.238-0800] {logging_mixin.py:190} INFO - [2024-12-13T03:10:26.238-0800] {override.py:1911} INFO - Created Permission View: can delete on DAG Run:consume_1_or_2_with_dataset_expressions
[2024-12-13T03:10:26.245-0800] {logging_mixin.py:190} INFO - [2024-12-13T03:10:26.245-0800] {override.py:1911} INFO - Created Permission View: menu access on DAG Run:consume_1_or_2_with_dataset_expressions
[2024-12-13T03:10:26.251-0800] {logging_mixin.py:190} INFO - [2024-12-13T03:10:26.251-0800] {override.py:1911} INFO - Created Permission View: can create on DAG Run:consume_1_or_2_with_dataset_expressions
[2024-12-13T03:10:26.263-0800] {logging_mixin.py:190} INFO - [2024-12-13T03:10:26.263-0800] {override.py:1911} INFO - Created Permission View: can read on DAG:dataset_consumes_1_never_scheduled
[2024-12-13T03:10:26.271-0800] {logging_mixin.py:190} INFO - [2024-12-13T03:10:26.270-0800] {override.py:1911} INFO - Created Permission View: can delete on DAG:dataset_consumes_1_never_scheduled
[2024-12-13T03:10:26.279-0800] {logging_mixin.py:190} INFO - [2024-12-13T03:10:26.279-0800] {override.py:1911} INFO - Created Permission View: can edit on DAG:dataset_consumes_1_never_scheduled
[2024-12-13T03:10:26.287-0800] {logging_mixin.py:190} INFO - [2024-12-13T03:10:26.287-0800] {override.py:1911} INFO - Created Permission View: can read on DAG Run:dataset_consumes_1_never_scheduled
[2024-12-13T03:10:26.295-0800] {logging_mixin.py:190} INFO - [2024-12-13T03:10:26.295-0800] {override.py:1911} INFO - Created Permission View: can delete on DAG Run:dataset_consumes_1_never_scheduled
[2024-12-13T03:10:26.301-0800] {logging_mixin.py:190} INFO - [2024-12-13T03:10:26.301-0800] {override.py:1911} INFO - Created Permission View: menu access on DAG Run:dataset_consumes_1_never_scheduled
[2024-12-13T03:10:26.309-0800] {logging_mixin.py:190} INFO - [2024-12-13T03:10:26.308-0800] {override.py:1911} INFO - Created Permission View: can create on DAG Run:dataset_consumes_1_never_scheduled
[2024-12-13T03:10:26.322-0800] {logging_mixin.py:190} INFO - [2024-12-13T03:10:26.321-0800] {override.py:1911} INFO - Created Permission View: can read on DAG:consume_1_and_2_with_dataset_expressions
[2024-12-13T03:10:26.328-0800] {logging_mixin.py:190} INFO - [2024-12-13T03:10:26.328-0800] {override.py:1911} INFO - Created Permission View: can delete on DAG:consume_1_and_2_with_dataset_expressions
[2024-12-13T03:10:26.334-0800] {logging_mixin.py:190} INFO - [2024-12-13T03:10:26.334-0800] {override.py:1911} INFO - Created Permission View: can edit on DAG:consume_1_and_2_with_dataset_expressions
[2024-12-13T03:10:26.342-0800] {logging_mixin.py:190} INFO - [2024-12-13T03:10:26.342-0800] {override.py:1911} INFO - Created Permission View: can read on DAG Run:consume_1_and_2_with_dataset_expressions
[2024-12-13T03:10:26.348-0800] {logging_mixin.py:190} INFO - [2024-12-13T03:10:26.348-0800] {override.py:1911} INFO - Created Permission View: can delete on DAG Run:consume_1_and_2_with_dataset_expressions
[2024-12-13T03:10:26.355-0800] {logging_mixin.py:190} INFO - [2024-12-13T03:10:26.354-0800] {override.py:1911} INFO - Created Permission View: menu access on DAG Run:consume_1_and_2_with_dataset_expressions
[2024-12-13T03:10:26.362-0800] {logging_mixin.py:190} INFO - [2024-12-13T03:10:26.362-0800] {override.py:1911} INFO - Created Permission View: can create on DAG Run:consume_1_and_2_with_dataset_expressions
[2024-12-13T03:10:26.374-0800] {logging_mixin.py:190} INFO - [2024-12-13T03:10:26.374-0800] {override.py:1911} INFO - Created Permission View: can read on DAG:dataset_produces_2
[2024-12-13T03:10:26.382-0800] {logging_mixin.py:190} INFO - [2024-12-13T03:10:26.381-0800] {override.py:1911} INFO - Created Permission View: can delete on DAG:dataset_produces_2
[2024-12-13T03:10:26.388-0800] {logging_mixin.py:190} INFO - [2024-12-13T03:10:26.387-0800] {override.py:1911} INFO - Created Permission View: can edit on DAG:dataset_produces_2
[2024-12-13T03:10:26.397-0800] {logging_mixin.py:190} INFO - [2024-12-13T03:10:26.396-0800] {override.py:1911} INFO - Created Permission View: can read on DAG Run:dataset_produces_2
[2024-12-13T03:10:26.403-0800] {logging_mixin.py:190} INFO - [2024-12-13T03:10:26.402-0800] {override.py:1911} INFO - Created Permission View: can delete on DAG Run:dataset_produces_2
[2024-12-13T03:10:26.409-0800] {logging_mixin.py:190} INFO - [2024-12-13T03:10:26.409-0800] {override.py:1911} INFO - Created Permission View: menu access on DAG Run:dataset_produces_2
[2024-12-13T03:10:26.416-0800] {logging_mixin.py:190} INFO - [2024-12-13T03:10:26.416-0800] {override.py:1911} INFO - Created Permission View: can create on DAG Run:dataset_produces_2
[2024-12-13T03:10:26.427-0800] {logging_mixin.py:190} INFO - [2024-12-13T03:10:26.427-0800] {override.py:1911} INFO - Created Permission View: can read on DAG:dataset_consumes_1
[2024-12-13T03:10:26.433-0800] {logging_mixin.py:190} INFO - [2024-12-13T03:10:26.433-0800] {override.py:1911} INFO - Created Permission View: can delete on DAG:dataset_consumes_1
[2024-12-13T03:10:26.441-0800] {logging_mixin.py:190} INFO - [2024-12-13T03:10:26.440-0800] {override.py:1911} INFO - Created Permission View: can edit on DAG:dataset_consumes_1
[2024-12-13T03:10:26.449-0800] {logging_mixin.py:190} INFO - [2024-12-13T03:10:26.449-0800] {override.py:1911} INFO - Created Permission View: can read on DAG Run:dataset_consumes_1
[2024-12-13T03:10:26.456-0800] {logging_mixin.py:190} INFO - [2024-12-13T03:10:26.455-0800] {override.py:1911} INFO - Created Permission View: can delete on DAG Run:dataset_consumes_1
[2024-12-13T03:10:26.463-0800] {logging_mixin.py:190} INFO - [2024-12-13T03:10:26.463-0800] {override.py:1911} INFO - Created Permission View: menu access on DAG Run:dataset_consumes_1
[2024-12-13T03:10:26.469-0800] {logging_mixin.py:190} INFO - [2024-12-13T03:10:26.469-0800] {override.py:1911} INFO - Created Permission View: can create on DAG Run:dataset_consumes_1
[2024-12-13T03:10:26.482-0800] {logging_mixin.py:190} INFO - [2024-12-13T03:10:26.482-0800] {override.py:1911} INFO - Created Permission View: can read on DAG:conditional_dataset_and_time_based_timetable
[2024-12-13T03:10:26.488-0800] {logging_mixin.py:190} INFO - [2024-12-13T03:10:26.487-0800] {override.py:1911} INFO - Created Permission View: can delete on DAG:conditional_dataset_and_time_based_timetable
[2024-12-13T03:10:26.495-0800] {logging_mixin.py:190} INFO - [2024-12-13T03:10:26.495-0800] {override.py:1911} INFO - Created Permission View: can edit on DAG:conditional_dataset_and_time_based_timetable
[2024-12-13T03:10:26.503-0800] {logging_mixin.py:190} INFO - [2024-12-13T03:10:26.503-0800] {override.py:1911} INFO - Created Permission View: can read on DAG Run:conditional_dataset_and_time_based_timetable
[2024-12-13T03:10:26.509-0800] {logging_mixin.py:190} INFO - [2024-12-13T03:10:26.509-0800] {override.py:1911} INFO - Created Permission View: can delete on DAG Run:conditional_dataset_and_time_based_timetable
[2024-12-13T03:10:26.515-0800] {logging_mixin.py:190} INFO - [2024-12-13T03:10:26.515-0800] {override.py:1911} INFO - Created Permission View: menu access on DAG Run:conditional_dataset_and_time_based_timetable
[2024-12-13T03:10:26.522-0800] {logging_mixin.py:190} INFO - [2024-12-13T03:10:26.522-0800] {override.py:1911} INFO - Created Permission View: can create on DAG Run:conditional_dataset_and_time_based_timetable
[2024-12-13T03:10:26.551-0800] {logging_mixin.py:190} INFO - [2024-12-13T03:10:26.551-0800] {override.py:1911} INFO - Created Permission View: can read on DAG:dataset_consumes_1_and_2
[2024-12-13T03:10:26.558-0800] {logging_mixin.py:190} INFO - [2024-12-13T03:10:26.557-0800] {override.py:1911} INFO - Created Permission View: can delete on DAG:dataset_consumes_1_and_2
[2024-12-13T03:10:26.564-0800] {logging_mixin.py:190} INFO - [2024-12-13T03:10:26.564-0800] {override.py:1911} INFO - Created Permission View: can edit on DAG:dataset_consumes_1_and_2
[2024-12-13T03:10:26.572-0800] {logging_mixin.py:190} INFO - [2024-12-13T03:10:26.572-0800] {override.py:1911} INFO - Created Permission View: can read on DAG Run:dataset_consumes_1_and_2
[2024-12-13T03:10:26.579-0800] {logging_mixin.py:190} INFO - [2024-12-13T03:10:26.579-0800] {override.py:1911} INFO - Created Permission View: can delete on DAG Run:dataset_consumes_1_and_2
[2024-12-13T03:10:26.585-0800] {logging_mixin.py:190} INFO - [2024-12-13T03:10:26.585-0800] {override.py:1911} INFO - Created Permission View: menu access on DAG Run:dataset_consumes_1_and_2
[2024-12-13T03:10:26.591-0800] {logging_mixin.py:190} INFO - [2024-12-13T03:10:26.591-0800] {override.py:1911} INFO - Created Permission View: can create on DAG Run:dataset_consumes_1_and_2
[2024-12-13T03:10:26.604-0800] {logging_mixin.py:190} INFO - [2024-12-13T03:10:26.604-0800] {override.py:1911} INFO - Created Permission View: can read on DAG:dataset_produces_1
[2024-12-13T03:10:26.611-0800] {logging_mixin.py:190} INFO - [2024-12-13T03:10:26.611-0800] {override.py:1911} INFO - Created Permission View: can delete on DAG:dataset_produces_1
[2024-12-13T03:10:26.618-0800] {logging_mixin.py:190} INFO - [2024-12-13T03:10:26.618-0800] {override.py:1911} INFO - Created Permission View: can edit on DAG:dataset_produces_1
[2024-12-13T03:10:26.628-0800] {logging_mixin.py:190} INFO - [2024-12-13T03:10:26.627-0800] {override.py:1911} INFO - Created Permission View: can read on DAG Run:dataset_produces_1
[2024-12-13T03:10:26.634-0800] {logging_mixin.py:190} INFO - [2024-12-13T03:10:26.633-0800] {override.py:1911} INFO - Created Permission View: can delete on DAG Run:dataset_produces_1
[2024-12-13T03:10:26.640-0800] {logging_mixin.py:190} INFO - [2024-12-13T03:10:26.639-0800] {override.py:1911} INFO - Created Permission View: menu access on DAG Run:dataset_produces_1
[2024-12-13T03:10:26.646-0800] {logging_mixin.py:190} INFO - [2024-12-13T03:10:26.645-0800] {override.py:1911} INFO - Created Permission View: can create on DAG Run:dataset_produces_1
[2024-12-13T03:10:26.657-0800] {logging_mixin.py:190} INFO - [2024-12-13T03:10:26.657-0800] {override.py:1911} INFO - Created Permission View: can read on DAG:consume_1_or_both_2_and_3_with_dataset_expressions
[2024-12-13T03:10:26.663-0800] {logging_mixin.py:190} INFO - [2024-12-13T03:10:26.663-0800] {override.py:1911} INFO - Created Permission View: can delete on DAG:consume_1_or_both_2_and_3_with_dataset_expressions
[2024-12-13T03:10:26.669-0800] {logging_mixin.py:190} INFO - [2024-12-13T03:10:26.669-0800] {override.py:1911} INFO - Created Permission View: can edit on DAG:consume_1_or_both_2_and_3_with_dataset_expressions
[2024-12-13T03:10:26.676-0800] {logging_mixin.py:190} INFO - [2024-12-13T03:10:26.676-0800] {override.py:1911} INFO - Created Permission View: can read on DAG Run:consume_1_or_both_2_and_3_with_dataset_expressions
[2024-12-13T03:10:26.682-0800] {logging_mixin.py:190} INFO - [2024-12-13T03:10:26.682-0800] {override.py:1911} INFO - Created Permission View: can delete on DAG Run:consume_1_or_both_2_and_3_with_dataset_expressions
[2024-12-13T03:10:26.688-0800] {logging_mixin.py:190} INFO - [2024-12-13T03:10:26.688-0800] {override.py:1911} INFO - Created Permission View: menu access on DAG Run:consume_1_or_both_2_and_3_with_dataset_expressions
[2024-12-13T03:10:26.695-0800] {logging_mixin.py:190} INFO - [2024-12-13T03:10:26.695-0800] {override.py:1911} INFO - Created Permission View: can create on DAG Run:consume_1_or_both_2_and_3_with_dataset_expressions
[2024-12-13T03:10:26.695-0800] {logging_mixin.py:190} INFO - [2024-12-13T03:10:26.695-0800] {dag.py:3239} INFO - Sync 10 DAGs
[2024-12-13T03:10:26.708-0800] {logging_mixin.py:190} INFO - [2024-12-13T03:10:26.708-0800] {dag.py:3262} INFO - Creating ORM DAG for consume_1_or_2_with_dataset_expressions
[2024-12-13T03:10:26.709-0800] {logging_mixin.py:190} INFO - [2024-12-13T03:10:26.709-0800] {dag.py:3262} INFO - Creating ORM DAG for consume_1_and_2_with_dataset_expressions
[2024-12-13T03:10:26.710-0800] {logging_mixin.py:190} INFO - [2024-12-13T03:10:26.710-0800] {dag.py:3262} INFO - Creating ORM DAG for dataset_consumes_1_never_scheduled
[2024-12-13T03:10:26.711-0800] {logging_mixin.py:190} INFO - [2024-12-13T03:10:26.711-0800] {dag.py:3262} INFO - Creating ORM DAG for dataset_consumes_1
[2024-12-13T03:10:26.712-0800] {logging_mixin.py:190} INFO - [2024-12-13T03:10:26.712-0800] {dag.py:3262} INFO - Creating ORM DAG for consume_1_or_both_2_and_3_with_dataset_expressions
[2024-12-13T03:10:26.713-0800] {logging_mixin.py:190} INFO - [2024-12-13T03:10:26.713-0800] {dag.py:3262} INFO - Creating ORM DAG for dataset_produces_2
[2024-12-13T03:10:26.713-0800] {logging_mixin.py:190} INFO - [2024-12-13T03:10:26.713-0800] {dag.py:3262} INFO - Creating ORM DAG for conditional_dataset_and_time_based_timetable
[2024-12-13T03:10:26.714-0800] {logging_mixin.py:190} INFO - [2024-12-13T03:10:26.714-0800] {dag.py:3262} INFO - Creating ORM DAG for dataset_consumes_unknown_never_scheduled
[2024-12-13T03:10:26.714-0800] {logging_mixin.py:190} INFO - [2024-12-13T03:10:26.714-0800] {dag.py:3262} INFO - Creating ORM DAG for dataset_consumes_1_and_2
[2024-12-13T03:10:26.715-0800] {logging_mixin.py:190} INFO - [2024-12-13T03:10:26.715-0800] {dag.py:3262} INFO - Creating ORM DAG for dataset_produces_1
[2024-12-13T03:10:26.723-0800] {logging_mixin.py:190} INFO - [2024-12-13T03:10:26.723-0800] {dag.py:4180} INFO - Setting next_dagrun for conditional_dataset_and_time_based_timetable to 2024-12-11 01:00:00+00:00, run_after=2024-12-11 01:00:00+00:00
[2024-12-13T03:10:26.724-0800] {logging_mixin.py:190} INFO - [2024-12-13T03:10:26.724-0800] {dag.py:4180} INFO - Setting next_dagrun for consume_1_and_2_with_dataset_expressions to None, run_after=None
[2024-12-13T03:10:26.724-0800] {logging_mixin.py:190} INFO - [2024-12-13T03:10:26.724-0800] {dag.py:4180} INFO - Setting next_dagrun for consume_1_or_2_with_dataset_expressions to None, run_after=None
[2024-12-13T03:10:26.725-0800] {logging_mixin.py:190} INFO - [2024-12-13T03:10:26.724-0800] {dag.py:4180} INFO - Setting next_dagrun for consume_1_or_both_2_and_3_with_dataset_expressions to None, run_after=None
[2024-12-13T03:10:26.725-0800] {logging_mixin.py:190} INFO - [2024-12-13T03:10:26.725-0800] {dag.py:4180} INFO - Setting next_dagrun for dataset_consumes_1 to None, run_after=None
[2024-12-13T03:10:26.726-0800] {logging_mixin.py:190} INFO - [2024-12-13T03:10:26.725-0800] {dag.py:4180} INFO - Setting next_dagrun for dataset_consumes_1_and_2 to None, run_after=None
[2024-12-13T03:10:26.726-0800] {logging_mixin.py:190} INFO - [2024-12-13T03:10:26.726-0800] {dag.py:4180} INFO - Setting next_dagrun for dataset_consumes_1_never_scheduled to None, run_after=None
[2024-12-13T03:10:26.727-0800] {logging_mixin.py:190} INFO - [2024-12-13T03:10:26.726-0800] {dag.py:4180} INFO - Setting next_dagrun for dataset_consumes_unknown_never_scheduled to None, run_after=None
[2024-12-13T03:10:26.728-0800] {logging_mixin.py:190} INFO - [2024-12-13T03:10:26.728-0800] {dag.py:4180} INFO - Setting next_dagrun for dataset_produces_1 to 2024-12-12 00:00:00+00:00, run_after=2024-12-13 00:00:00+00:00
[2024-12-13T03:10:26.729-0800] {logging_mixin.py:190} INFO - [2024-12-13T03:10:26.729-0800] {dag.py:4180} INFO - Setting next_dagrun for dataset_produces_2 to None, run_after=None
[2024-12-13T03:10:26.751-0800] {logging_mixin.py:190} INFO - [2024-12-13T03:10:26.750-0800] {workday.py:41} WARNING - Could not import pandas. Holidays will not be considered.
[2024-12-13T03:10:26.767-0800] {processor.py:208} INFO - Processing /Users/machine/Velocity_railway/airflow_env/lib/python3.10/site-packages/airflow/example_dags/example_datasets.py took 0.912 seconds
[2024-12-13T03:13:31.612-0800] {processor.py:186} INFO - Started process (PID=82721) to work on /Users/machine/Velocity_railway/airflow_env/lib/python3.10/site-packages/airflow/example_dags/example_datasets.py
[2024-12-13T03:13:31.614-0800] {processor.py:914} INFO - Processing file /Users/machine/Velocity_railway/airflow_env/lib/python3.10/site-packages/airflow/example_dags/example_datasets.py for tasks to queue
[2024-12-13T03:13:31.616-0800] {logging_mixin.py:190} INFO - [2024-12-13T03:13:31.616-0800] {dagbag.py:588} INFO - Filling up the DagBag from /Users/machine/Velocity_railway/airflow_env/lib/python3.10/site-packages/airflow/example_dags/example_datasets.py
[2024-12-13T03:13:31.744-0800] {processor.py:925} INFO - DAG(s) 'dataset_produces_1', 'conditional_dataset_and_time_based_timetable', 'consume_1_or_2_with_dataset_expressions', 'dataset_consumes_1', 'dataset_consumes_1_never_scheduled', 'consume_1_or_both_2_and_3_with_dataset_expressions', 'dataset_consumes_1_and_2', 'dataset_consumes_unknown_never_scheduled', 'consume_1_and_2_with_dataset_expressions', 'dataset_produces_2' retrieved from /Users/machine/Velocity_railway/airflow_env/lib/python3.10/site-packages/airflow/example_dags/example_datasets.py
[2024-12-13T03:13:31.882-0800] {logging_mixin.py:190} INFO - [2024-12-13T03:13:31.882-0800] {dag.py:3239} INFO - Sync 10 DAGs
[2024-12-13T03:13:31.904-0800] {logging_mixin.py:190} INFO - [2024-12-13T03:13:31.904-0800] {dag.py:4180} INFO - Setting next_dagrun for conditional_dataset_and_time_based_timetable to 2024-12-11 01:00:00+00:00, run_after=2024-12-11 01:00:00+00:00
[2024-12-13T03:13:31.908-0800] {logging_mixin.py:190} INFO - [2024-12-13T03:13:31.907-0800] {dag.py:4180} INFO - Setting next_dagrun for consume_1_and_2_with_dataset_expressions to None, run_after=None
[2024-12-13T03:13:31.909-0800] {logging_mixin.py:190} INFO - [2024-12-13T03:13:31.909-0800] {dag.py:4180} INFO - Setting next_dagrun for consume_1_or_2_with_dataset_expressions to None, run_after=None
[2024-12-13T03:13:31.910-0800] {logging_mixin.py:190} INFO - [2024-12-13T03:13:31.910-0800] {dag.py:4180} INFO - Setting next_dagrun for consume_1_or_both_2_and_3_with_dataset_expressions to None, run_after=None
[2024-12-13T03:13:31.911-0800] {logging_mixin.py:190} INFO - [2024-12-13T03:13:31.911-0800] {dag.py:4180} INFO - Setting next_dagrun for dataset_consumes_1 to None, run_after=None
[2024-12-13T03:13:31.912-0800] {logging_mixin.py:190} INFO - [2024-12-13T03:13:31.912-0800] {dag.py:4180} INFO - Setting next_dagrun for dataset_consumes_1_and_2 to None, run_after=None
[2024-12-13T03:13:31.913-0800] {logging_mixin.py:190} INFO - [2024-12-13T03:13:31.912-0800] {dag.py:4180} INFO - Setting next_dagrun for dataset_consumes_1_never_scheduled to None, run_after=None
[2024-12-13T03:13:31.913-0800] {logging_mixin.py:190} INFO - [2024-12-13T03:13:31.913-0800] {dag.py:4180} INFO - Setting next_dagrun for dataset_consumes_unknown_never_scheduled to None, run_after=None
[2024-12-13T03:13:31.916-0800] {logging_mixin.py:190} INFO - [2024-12-13T03:13:31.915-0800] {dag.py:4180} INFO - Setting next_dagrun for dataset_produces_1 to 2024-12-12 00:00:00+00:00, run_after=2024-12-13 00:00:00+00:00
[2024-12-13T03:13:31.916-0800] {logging_mixin.py:190} INFO - [2024-12-13T03:13:31.916-0800] {dag.py:4180} INFO - Setting next_dagrun for dataset_produces_2 to None, run_after=None
[2024-12-13T03:13:31.948-0800] {processor.py:208} INFO - Processing /Users/machine/Velocity_railway/airflow_env/lib/python3.10/site-packages/airflow/example_dags/example_datasets.py took 0.342 seconds
[2024-12-13T03:18:12.631-0800] {processor.py:186} INFO - Started process (PID=83673) to work on /Users/machine/Velocity_railway/airflow_env/lib/python3.10/site-packages/airflow/example_dags/example_datasets.py
[2024-12-13T03:18:12.633-0800] {processor.py:914} INFO - Processing file /Users/machine/Velocity_railway/airflow_env/lib/python3.10/site-packages/airflow/example_dags/example_datasets.py for tasks to queue
[2024-12-13T03:18:12.634-0800] {logging_mixin.py:190} INFO - [2024-12-13T03:18:12.634-0800] {dagbag.py:588} INFO - Filling up the DagBag from /Users/machine/Velocity_railway/airflow_env/lib/python3.10/site-packages/airflow/example_dags/example_datasets.py
[2024-12-13T03:18:12.752-0800] {processor.py:925} INFO - DAG(s) 'consume_1_or_2_with_dataset_expressions', 'dataset_consumes_1', 'consume_1_or_both_2_and_3_with_dataset_expressions', 'dataset_consumes_unknown_never_scheduled', 'consume_1_and_2_with_dataset_expressions', 'dataset_consumes_1_and_2', 'dataset_consumes_1_never_scheduled', 'dataset_produces_1', 'conditional_dataset_and_time_based_timetable', 'dataset_produces_2' retrieved from /Users/machine/Velocity_railway/airflow_env/lib/python3.10/site-packages/airflow/example_dags/example_datasets.py
[2024-12-13T03:18:12.876-0800] {logging_mixin.py:190} INFO - [2024-12-13T03:18:12.876-0800] {dag.py:3239} INFO - Sync 10 DAGs
[2024-12-13T03:18:12.901-0800] {logging_mixin.py:190} INFO - [2024-12-13T03:18:12.901-0800] {dag.py:4180} INFO - Setting next_dagrun for conditional_dataset_and_time_based_timetable to 2024-12-11 01:00:00+00:00, run_after=2024-12-11 01:00:00+00:00
[2024-12-13T03:18:12.904-0800] {logging_mixin.py:190} INFO - [2024-12-13T03:18:12.904-0800] {dag.py:4180} INFO - Setting next_dagrun for consume_1_and_2_with_dataset_expressions to None, run_after=None
[2024-12-13T03:18:12.906-0800] {logging_mixin.py:190} INFO - [2024-12-13T03:18:12.905-0800] {dag.py:4180} INFO - Setting next_dagrun for consume_1_or_2_with_dataset_expressions to None, run_after=None
[2024-12-13T03:18:12.907-0800] {logging_mixin.py:190} INFO - [2024-12-13T03:18:12.906-0800] {dag.py:4180} INFO - Setting next_dagrun for consume_1_or_both_2_and_3_with_dataset_expressions to None, run_after=None
[2024-12-13T03:18:12.908-0800] {logging_mixin.py:190} INFO - [2024-12-13T03:18:12.907-0800] {dag.py:4180} INFO - Setting next_dagrun for dataset_consumes_1 to None, run_after=None
[2024-12-13T03:18:12.909-0800] {logging_mixin.py:190} INFO - [2024-12-13T03:18:12.908-0800] {dag.py:4180} INFO - Setting next_dagrun for dataset_consumes_1_and_2 to None, run_after=None
[2024-12-13T03:18:12.910-0800] {logging_mixin.py:190} INFO - [2024-12-13T03:18:12.910-0800] {dag.py:4180} INFO - Setting next_dagrun for dataset_consumes_1_never_scheduled to None, run_after=None
[2024-12-13T03:18:12.912-0800] {logging_mixin.py:190} INFO - [2024-12-13T03:18:12.911-0800] {dag.py:4180} INFO - Setting next_dagrun for dataset_consumes_unknown_never_scheduled to None, run_after=None
[2024-12-13T03:18:12.915-0800] {logging_mixin.py:190} INFO - [2024-12-13T03:18:12.915-0800] {dag.py:4180} INFO - Setting next_dagrun for dataset_produces_1 to 2024-12-12 00:00:00+00:00, run_after=2024-12-13 00:00:00+00:00
[2024-12-13T03:18:12.917-0800] {logging_mixin.py:190} INFO - [2024-12-13T03:18:12.916-0800] {dag.py:4180} INFO - Setting next_dagrun for dataset_produces_2 to None, run_after=None
[2024-12-13T03:18:12.948-0800] {processor.py:208} INFO - Processing /Users/machine/Velocity_railway/airflow_env/lib/python3.10/site-packages/airflow/example_dags/example_datasets.py took 0.324 seconds
[2024-12-13T03:22:38.578-0800] {processor.py:186} INFO - Started process (PID=84600) to work on /Users/machine/Velocity_railway/airflow_env/lib/python3.10/site-packages/airflow/example_dags/example_datasets.py
[2024-12-13T03:22:38.580-0800] {processor.py:914} INFO - Processing file /Users/machine/Velocity_railway/airflow_env/lib/python3.10/site-packages/airflow/example_dags/example_datasets.py for tasks to queue
[2024-12-13T03:22:38.582-0800] {logging_mixin.py:190} INFO - [2024-12-13T03:22:38.582-0800] {dagbag.py:588} INFO - Filling up the DagBag from /Users/machine/Velocity_railway/airflow_env/lib/python3.10/site-packages/airflow/example_dags/example_datasets.py
[2024-12-13T03:22:38.731-0800] {processor.py:925} INFO - DAG(s) 'dataset_produces_1', 'conditional_dataset_and_time_based_timetable', 'dataset_produces_2', 'consume_1_or_2_with_dataset_expressions', 'dataset_consumes_1_and_2', 'consume_1_or_both_2_and_3_with_dataset_expressions', 'dataset_consumes_unknown_never_scheduled', 'dataset_consumes_1', 'consume_1_and_2_with_dataset_expressions', 'dataset_consumes_1_never_scheduled' retrieved from /Users/machine/Velocity_railway/airflow_env/lib/python3.10/site-packages/airflow/example_dags/example_datasets.py
[2024-12-13T03:22:38.887-0800] {logging_mixin.py:190} INFO - [2024-12-13T03:22:38.887-0800] {dag.py:3239} INFO - Sync 10 DAGs
[2024-12-13T03:22:38.909-0800] {logging_mixin.py:190} INFO - [2024-12-13T03:22:38.909-0800] {dag.py:4180} INFO - Setting next_dagrun for conditional_dataset_and_time_based_timetable to 2024-12-11 01:00:00+00:00, run_after=2024-12-11 01:00:00+00:00
[2024-12-13T03:22:38.913-0800] {logging_mixin.py:190} INFO - [2024-12-13T03:22:38.912-0800] {dag.py:4180} INFO - Setting next_dagrun for consume_1_and_2_with_dataset_expressions to None, run_after=None
[2024-12-13T03:22:38.914-0800] {logging_mixin.py:190} INFO - [2024-12-13T03:22:38.914-0800] {dag.py:4180} INFO - Setting next_dagrun for consume_1_or_2_with_dataset_expressions to None, run_after=None
[2024-12-13T03:22:38.915-0800] {logging_mixin.py:190} INFO - [2024-12-13T03:22:38.915-0800] {dag.py:4180} INFO - Setting next_dagrun for consume_1_or_both_2_and_3_with_dataset_expressions to None, run_after=None
[2024-12-13T03:22:38.916-0800] {logging_mixin.py:190} INFO - [2024-12-13T03:22:38.916-0800] {dag.py:4180} INFO - Setting next_dagrun for dataset_consumes_1 to None, run_after=None
[2024-12-13T03:22:38.917-0800] {logging_mixin.py:190} INFO - [2024-12-13T03:22:38.917-0800] {dag.py:4180} INFO - Setting next_dagrun for dataset_consumes_1_and_2 to None, run_after=None
[2024-12-13T03:22:38.919-0800] {logging_mixin.py:190} INFO - [2024-12-13T03:22:38.918-0800] {dag.py:4180} INFO - Setting next_dagrun for dataset_consumes_1_never_scheduled to None, run_after=None
[2024-12-13T03:22:38.920-0800] {logging_mixin.py:190} INFO - [2024-12-13T03:22:38.920-0800] {dag.py:4180} INFO - Setting next_dagrun for dataset_consumes_unknown_never_scheduled to None, run_after=None
[2024-12-13T03:22:38.926-0800] {logging_mixin.py:190} INFO - [2024-12-13T03:22:38.925-0800] {dag.py:4180} INFO - Setting next_dagrun for dataset_produces_1 to 2024-12-12 00:00:00+00:00, run_after=2024-12-13 00:00:00+00:00
[2024-12-13T03:22:38.927-0800] {logging_mixin.py:190} INFO - [2024-12-13T03:22:38.927-0800] {dag.py:4180} INFO - Setting next_dagrun for dataset_produces_2 to None, run_after=None
[2024-12-13T03:22:38.962-0800] {processor.py:208} INFO - Processing /Users/machine/Velocity_railway/airflow_env/lib/python3.10/site-packages/airflow/example_dags/example_datasets.py took 0.390 seconds
[2024-12-13T03:27:16.726-0800] {processor.py:186} INFO - Started process (PID=85548) to work on /Users/machine/Velocity_railway/airflow_env/lib/python3.10/site-packages/airflow/example_dags/example_datasets.py
[2024-12-13T03:27:16.727-0800] {processor.py:914} INFO - Processing file /Users/machine/Velocity_railway/airflow_env/lib/python3.10/site-packages/airflow/example_dags/example_datasets.py for tasks to queue
[2024-12-13T03:27:16.728-0800] {logging_mixin.py:190} INFO - [2024-12-13T03:27:16.728-0800] {dagbag.py:588} INFO - Filling up the DagBag from /Users/machine/Velocity_railway/airflow_env/lib/python3.10/site-packages/airflow/example_dags/example_datasets.py
[2024-12-13T03:27:16.814-0800] {processor.py:925} INFO - DAG(s) 'consume_1_and_2_with_dataset_expressions', 'consume_1_or_both_2_and_3_with_dataset_expressions', 'conditional_dataset_and_time_based_timetable', 'dataset_produces_2', 'dataset_produces_1', 'dataset_consumes_unknown_never_scheduled', 'dataset_consumes_1', 'consume_1_or_2_with_dataset_expressions', 'dataset_consumes_1_and_2', 'dataset_consumes_1_never_scheduled' retrieved from /Users/machine/Velocity_railway/airflow_env/lib/python3.10/site-packages/airflow/example_dags/example_datasets.py
[2024-12-13T03:27:16.932-0800] {logging_mixin.py:190} INFO - [2024-12-13T03:27:16.932-0800] {dag.py:3239} INFO - Sync 10 DAGs
[2024-12-13T03:27:16.951-0800] {logging_mixin.py:190} INFO - [2024-12-13T03:27:16.951-0800] {dag.py:4180} INFO - Setting next_dagrun for conditional_dataset_and_time_based_timetable to 2024-12-11 01:00:00+00:00, run_after=2024-12-11 01:00:00+00:00
[2024-12-13T03:27:16.954-0800] {logging_mixin.py:190} INFO - [2024-12-13T03:27:16.953-0800] {dag.py:4180} INFO - Setting next_dagrun for consume_1_and_2_with_dataset_expressions to None, run_after=None
[2024-12-13T03:27:16.955-0800] {logging_mixin.py:190} INFO - [2024-12-13T03:27:16.954-0800] {dag.py:4180} INFO - Setting next_dagrun for consume_1_or_2_with_dataset_expressions to None, run_after=None
[2024-12-13T03:27:16.955-0800] {logging_mixin.py:190} INFO - [2024-12-13T03:27:16.955-0800] {dag.py:4180} INFO - Setting next_dagrun for consume_1_or_both_2_and_3_with_dataset_expressions to None, run_after=None
[2024-12-13T03:27:16.956-0800] {logging_mixin.py:190} INFO - [2024-12-13T03:27:16.956-0800] {dag.py:4180} INFO - Setting next_dagrun for dataset_consumes_1 to None, run_after=None
[2024-12-13T03:27:16.957-0800] {logging_mixin.py:190} INFO - [2024-12-13T03:27:16.957-0800] {dag.py:4180} INFO - Setting next_dagrun for dataset_consumes_1_and_2 to None, run_after=None
[2024-12-13T03:27:16.958-0800] {logging_mixin.py:190} INFO - [2024-12-13T03:27:16.958-0800] {dag.py:4180} INFO - Setting next_dagrun for dataset_consumes_1_never_scheduled to None, run_after=None
[2024-12-13T03:27:16.959-0800] {logging_mixin.py:190} INFO - [2024-12-13T03:27:16.958-0800] {dag.py:4180} INFO - Setting next_dagrun for dataset_consumes_unknown_never_scheduled to None, run_after=None
[2024-12-13T03:27:16.961-0800] {logging_mixin.py:190} INFO - [2024-12-13T03:27:16.960-0800] {dag.py:4180} INFO - Setting next_dagrun for dataset_produces_1 to 2024-12-12 00:00:00+00:00, run_after=2024-12-13 00:00:00+00:00
[2024-12-13T03:27:16.961-0800] {logging_mixin.py:190} INFO - [2024-12-13T03:27:16.961-0800] {dag.py:4180} INFO - Setting next_dagrun for dataset_produces_2 to None, run_after=None
[2024-12-13T03:27:16.990-0800] {processor.py:208} INFO - Processing /Users/machine/Velocity_railway/airflow_env/lib/python3.10/site-packages/airflow/example_dags/example_datasets.py took 0.270 seconds
[2024-12-13T03:31:58.806-0800] {processor.py:186} INFO - Started process (PID=86504) to work on /Users/machine/Velocity_railway/airflow_env/lib/python3.10/site-packages/airflow/example_dags/example_datasets.py
[2024-12-13T03:31:58.807-0800] {processor.py:914} INFO - Processing file /Users/machine/Velocity_railway/airflow_env/lib/python3.10/site-packages/airflow/example_dags/example_datasets.py for tasks to queue
[2024-12-13T03:31:58.809-0800] {logging_mixin.py:190} INFO - [2024-12-13T03:31:58.808-0800] {dagbag.py:588} INFO - Filling up the DagBag from /Users/machine/Velocity_railway/airflow_env/lib/python3.10/site-packages/airflow/example_dags/example_datasets.py
[2024-12-13T03:31:58.899-0800] {processor.py:925} INFO - DAG(s) 'consume_1_or_both_2_and_3_with_dataset_expressions', 'dataset_consumes_1', 'dataset_produces_1', 'dataset_consumes_1_and_2', 'consume_1_and_2_with_dataset_expressions', 'dataset_produces_2', 'dataset_consumes_1_never_scheduled', 'consume_1_or_2_with_dataset_expressions', 'conditional_dataset_and_time_based_timetable', 'dataset_consumes_unknown_never_scheduled' retrieved from /Users/machine/Velocity_railway/airflow_env/lib/python3.10/site-packages/airflow/example_dags/example_datasets.py
[2024-12-13T03:31:59.019-0800] {logging_mixin.py:190} INFO - [2024-12-13T03:31:59.018-0800] {dag.py:3239} INFO - Sync 10 DAGs
[2024-12-13T03:31:59.039-0800] {logging_mixin.py:190} INFO - [2024-12-13T03:31:59.039-0800] {dag.py:4180} INFO - Setting next_dagrun for conditional_dataset_and_time_based_timetable to 2024-12-11 01:00:00+00:00, run_after=2024-12-11 01:00:00+00:00
[2024-12-13T03:31:59.042-0800] {logging_mixin.py:190} INFO - [2024-12-13T03:31:59.042-0800] {dag.py:4180} INFO - Setting next_dagrun for consume_1_and_2_with_dataset_expressions to None, run_after=None
[2024-12-13T03:31:59.043-0800] {logging_mixin.py:190} INFO - [2024-12-13T03:31:59.043-0800] {dag.py:4180} INFO - Setting next_dagrun for consume_1_or_2_with_dataset_expressions to None, run_after=None
[2024-12-13T03:31:59.045-0800] {logging_mixin.py:190} INFO - [2024-12-13T03:31:59.045-0800] {dag.py:4180} INFO - Setting next_dagrun for consume_1_or_both_2_and_3_with_dataset_expressions to None, run_after=None
[2024-12-13T03:31:59.046-0800] {logging_mixin.py:190} INFO - [2024-12-13T03:31:59.046-0800] {dag.py:4180} INFO - Setting next_dagrun for dataset_consumes_1 to None, run_after=None
[2024-12-13T03:31:59.048-0800] {logging_mixin.py:190} INFO - [2024-12-13T03:31:59.047-0800] {dag.py:4180} INFO - Setting next_dagrun for dataset_consumes_1_and_2 to None, run_after=None
[2024-12-13T03:31:59.049-0800] {logging_mixin.py:190} INFO - [2024-12-13T03:31:59.049-0800] {dag.py:4180} INFO - Setting next_dagrun for dataset_consumes_1_never_scheduled to None, run_after=None
[2024-12-13T03:31:59.050-0800] {logging_mixin.py:190} INFO - [2024-12-13T03:31:59.050-0800] {dag.py:4180} INFO - Setting next_dagrun for dataset_consumes_unknown_never_scheduled to None, run_after=None
[2024-12-13T03:31:59.053-0800] {logging_mixin.py:190} INFO - [2024-12-13T03:31:59.053-0800] {dag.py:4180} INFO - Setting next_dagrun for dataset_produces_1 to 2024-12-12 00:00:00+00:00, run_after=2024-12-13 00:00:00+00:00
[2024-12-13T03:31:59.054-0800] {logging_mixin.py:190} INFO - [2024-12-13T03:31:59.054-0800] {dag.py:4180} INFO - Setting next_dagrun for dataset_produces_2 to None, run_after=None
[2024-12-13T03:31:59.085-0800] {processor.py:208} INFO - Processing /Users/machine/Velocity_railway/airflow_env/lib/python3.10/site-packages/airflow/example_dags/example_datasets.py took 0.284 seconds
[2024-12-13T03:36:47.236-0800] {processor.py:186} INFO - Started process (PID=87586) to work on /Users/machine/Velocity_railway/airflow_env/lib/python3.10/site-packages/airflow/example_dags/example_datasets.py
[2024-12-13T03:36:47.240-0800] {processor.py:914} INFO - Processing file /Users/machine/Velocity_railway/airflow_env/lib/python3.10/site-packages/airflow/example_dags/example_datasets.py for tasks to queue
[2024-12-13T03:36:47.241-0800] {logging_mixin.py:190} INFO - [2024-12-13T03:36:47.241-0800] {dagbag.py:588} INFO - Filling up the DagBag from /Users/machine/Velocity_railway/airflow_env/lib/python3.10/site-packages/airflow/example_dags/example_datasets.py
[2024-12-13T03:36:47.523-0800] {processor.py:925} INFO - DAG(s) 'consume_1_or_2_with_dataset_expressions', 'dataset_produces_1', 'consume_1_and_2_with_dataset_expressions', 'consume_1_or_both_2_and_3_with_dataset_expressions', 'conditional_dataset_and_time_based_timetable', 'dataset_produces_2', 'dataset_consumes_1', 'dataset_consumes_unknown_never_scheduled', 'dataset_consumes_1_and_2', 'dataset_consumes_1_never_scheduled' retrieved from /Users/machine/Velocity_railway/airflow_env/lib/python3.10/site-packages/airflow/example_dags/example_datasets.py
[2024-12-13T03:36:47.649-0800] {logging_mixin.py:190} INFO - [2024-12-13T03:36:47.648-0800] {dag.py:3239} INFO - Sync 10 DAGs
[2024-12-13T03:36:47.668-0800] {logging_mixin.py:190} INFO - [2024-12-13T03:36:47.668-0800] {dag.py:4180} INFO - Setting next_dagrun for conditional_dataset_and_time_based_timetable to 2024-12-11 01:00:00+00:00, run_after=2024-12-11 01:00:00+00:00
[2024-12-13T03:36:47.671-0800] {logging_mixin.py:190} INFO - [2024-12-13T03:36:47.671-0800] {dag.py:4180} INFO - Setting next_dagrun for consume_1_and_2_with_dataset_expressions to None, run_after=None
[2024-12-13T03:36:47.672-0800] {logging_mixin.py:190} INFO - [2024-12-13T03:36:47.672-0800] {dag.py:4180} INFO - Setting next_dagrun for consume_1_or_2_with_dataset_expressions to None, run_after=None
[2024-12-13T03:36:47.673-0800] {logging_mixin.py:190} INFO - [2024-12-13T03:36:47.673-0800] {dag.py:4180} INFO - Setting next_dagrun for consume_1_or_both_2_and_3_with_dataset_expressions to None, run_after=None
[2024-12-13T03:36:47.674-0800] {logging_mixin.py:190} INFO - [2024-12-13T03:36:47.673-0800] {dag.py:4180} INFO - Setting next_dagrun for dataset_consumes_1 to None, run_after=None
[2024-12-13T03:36:47.675-0800] {logging_mixin.py:190} INFO - [2024-12-13T03:36:47.674-0800] {dag.py:4180} INFO - Setting next_dagrun for dataset_consumes_1_and_2 to None, run_after=None
[2024-12-13T03:36:47.676-0800] {logging_mixin.py:190} INFO - [2024-12-13T03:36:47.675-0800] {dag.py:4180} INFO - Setting next_dagrun for dataset_consumes_1_never_scheduled to None, run_after=None
[2024-12-13T03:36:47.677-0800] {logging_mixin.py:190} INFO - [2024-12-13T03:36:47.676-0800] {dag.py:4180} INFO - Setting next_dagrun for dataset_consumes_unknown_never_scheduled to None, run_after=None
[2024-12-13T03:36:47.680-0800] {logging_mixin.py:190} INFO - [2024-12-13T03:36:47.679-0800] {dag.py:4180} INFO - Setting next_dagrun for dataset_produces_1 to 2024-12-12 00:00:00+00:00, run_after=2024-12-13 00:00:00+00:00
[2024-12-13T03:36:47.681-0800] {logging_mixin.py:190} INFO - [2024-12-13T03:36:47.681-0800] {dag.py:4180} INFO - Setting next_dagrun for dataset_produces_2 to None, run_after=None
[2024-12-13T03:36:47.708-0800] {processor.py:208} INFO - Processing /Users/machine/Velocity_railway/airflow_env/lib/python3.10/site-packages/airflow/example_dags/example_datasets.py took 0.477 seconds
[2024-12-13T03:41:31.573-0800] {processor.py:186} INFO - Started process (PID=88542) to work on /Users/machine/Velocity_railway/airflow_env/lib/python3.10/site-packages/airflow/example_dags/example_datasets.py
[2024-12-13T03:41:31.575-0800] {processor.py:914} INFO - Processing file /Users/machine/Velocity_railway/airflow_env/lib/python3.10/site-packages/airflow/example_dags/example_datasets.py for tasks to queue
[2024-12-13T03:41:31.576-0800] {logging_mixin.py:190} INFO - [2024-12-13T03:41:31.576-0800] {dagbag.py:588} INFO - Filling up the DagBag from /Users/machine/Velocity_railway/airflow_env/lib/python3.10/site-packages/airflow/example_dags/example_datasets.py
[2024-12-13T03:41:31.666-0800] {processor.py:925} INFO - DAG(s) 'dataset_produces_1', 'consume_1_and_2_with_dataset_expressions', 'dataset_produces_2', 'dataset_consumes_unknown_never_scheduled', 'consume_1_or_2_with_dataset_expressions', 'dataset_consumes_1_and_2', 'conditional_dataset_and_time_based_timetable', 'dataset_consumes_1', 'dataset_consumes_1_never_scheduled', 'consume_1_or_both_2_and_3_with_dataset_expressions' retrieved from /Users/machine/Velocity_railway/airflow_env/lib/python3.10/site-packages/airflow/example_dags/example_datasets.py
[2024-12-13T03:41:31.784-0800] {logging_mixin.py:190} INFO - [2024-12-13T03:41:31.783-0800] {dag.py:3239} INFO - Sync 10 DAGs
[2024-12-13T03:41:31.803-0800] {logging_mixin.py:190} INFO - [2024-12-13T03:41:31.802-0800] {dag.py:4180} INFO - Setting next_dagrun for conditional_dataset_and_time_based_timetable to 2024-12-11 01:00:00+00:00, run_after=2024-12-11 01:00:00+00:00
[2024-12-13T03:41:31.805-0800] {logging_mixin.py:190} INFO - [2024-12-13T03:41:31.805-0800] {dag.py:4180} INFO - Setting next_dagrun for consume_1_and_2_with_dataset_expressions to None, run_after=None
[2024-12-13T03:41:31.806-0800] {logging_mixin.py:190} INFO - [2024-12-13T03:41:31.806-0800] {dag.py:4180} INFO - Setting next_dagrun for consume_1_or_2_with_dataset_expressions to None, run_after=None
[2024-12-13T03:41:31.807-0800] {logging_mixin.py:190} INFO - [2024-12-13T03:41:31.807-0800] {dag.py:4180} INFO - Setting next_dagrun for consume_1_or_both_2_and_3_with_dataset_expressions to None, run_after=None
[2024-12-13T03:41:31.808-0800] {logging_mixin.py:190} INFO - [2024-12-13T03:41:31.808-0800] {dag.py:4180} INFO - Setting next_dagrun for dataset_consumes_1 to None, run_after=None
[2024-12-13T03:41:31.809-0800] {logging_mixin.py:190} INFO - [2024-12-13T03:41:31.808-0800] {dag.py:4180} INFO - Setting next_dagrun for dataset_consumes_1_and_2 to None, run_after=None
[2024-12-13T03:41:31.809-0800] {logging_mixin.py:190} INFO - [2024-12-13T03:41:31.809-0800] {dag.py:4180} INFO - Setting next_dagrun for dataset_consumes_1_never_scheduled to None, run_after=None
[2024-12-13T03:41:31.810-0800] {logging_mixin.py:190} INFO - [2024-12-13T03:41:31.810-0800] {dag.py:4180} INFO - Setting next_dagrun for dataset_consumes_unknown_never_scheduled to None, run_after=None
[2024-12-13T03:41:31.812-0800] {logging_mixin.py:190} INFO - [2024-12-13T03:41:31.812-0800] {dag.py:4180} INFO - Setting next_dagrun for dataset_produces_1 to 2024-12-12 00:00:00+00:00, run_after=2024-12-13 00:00:00+00:00
[2024-12-13T03:41:31.813-0800] {logging_mixin.py:190} INFO - [2024-12-13T03:41:31.813-0800] {dag.py:4180} INFO - Setting next_dagrun for dataset_produces_2 to None, run_after=None
[2024-12-13T03:41:31.840-0800] {processor.py:208} INFO - Processing /Users/machine/Velocity_railway/airflow_env/lib/python3.10/site-packages/airflow/example_dags/example_datasets.py took 0.272 seconds
[2024-12-13T03:46:00.283-0800] {processor.py:186} INFO - Started process (PID=89446) to work on /Users/machine/Velocity_railway/airflow_env/lib/python3.10/site-packages/airflow/example_dags/example_datasets.py
[2024-12-13T03:46:00.284-0800] {processor.py:914} INFO - Processing file /Users/machine/Velocity_railway/airflow_env/lib/python3.10/site-packages/airflow/example_dags/example_datasets.py for tasks to queue
[2024-12-13T03:46:00.286-0800] {logging_mixin.py:190} INFO - [2024-12-13T03:46:00.285-0800] {dagbag.py:588} INFO - Filling up the DagBag from /Users/machine/Velocity_railway/airflow_env/lib/python3.10/site-packages/airflow/example_dags/example_datasets.py
[2024-12-13T03:46:00.379-0800] {processor.py:925} INFO - DAG(s) 'consume_1_or_2_with_dataset_expressions', 'dataset_consumes_1_never_scheduled', 'dataset_consumes_unknown_never_scheduled', 'dataset_produces_2', 'conditional_dataset_and_time_based_timetable', 'dataset_consumes_1', 'dataset_consumes_1_and_2', 'consume_1_or_both_2_and_3_with_dataset_expressions', 'dataset_produces_1', 'consume_1_and_2_with_dataset_expressions' retrieved from /Users/machine/Velocity_railway/airflow_env/lib/python3.10/site-packages/airflow/example_dags/example_datasets.py
[2024-12-13T03:46:00.497-0800] {logging_mixin.py:190} INFO - [2024-12-13T03:46:00.496-0800] {dag.py:3239} INFO - Sync 10 DAGs
[2024-12-13T03:46:00.515-0800] {logging_mixin.py:190} INFO - [2024-12-13T03:46:00.515-0800] {dag.py:4180} INFO - Setting next_dagrun for conditional_dataset_and_time_based_timetable to 2024-12-11 01:00:00+00:00, run_after=2024-12-11 01:00:00+00:00
[2024-12-13T03:46:00.518-0800] {logging_mixin.py:190} INFO - [2024-12-13T03:46:00.517-0800] {dag.py:4180} INFO - Setting next_dagrun for consume_1_and_2_with_dataset_expressions to None, run_after=None
[2024-12-13T03:46:00.519-0800] {logging_mixin.py:190} INFO - [2024-12-13T03:46:00.519-0800] {dag.py:4180} INFO - Setting next_dagrun for consume_1_or_2_with_dataset_expressions to None, run_after=None
[2024-12-13T03:46:00.520-0800] {logging_mixin.py:190} INFO - [2024-12-13T03:46:00.520-0800] {dag.py:4180} INFO - Setting next_dagrun for consume_1_or_both_2_and_3_with_dataset_expressions to None, run_after=None
[2024-12-13T03:46:00.521-0800] {logging_mixin.py:190} INFO - [2024-12-13T03:46:00.521-0800] {dag.py:4180} INFO - Setting next_dagrun for dataset_consumes_1 to None, run_after=None
[2024-12-13T03:46:00.522-0800] {logging_mixin.py:190} INFO - [2024-12-13T03:46:00.522-0800] {dag.py:4180} INFO - Setting next_dagrun for dataset_consumes_1_and_2 to None, run_after=None
[2024-12-13T03:46:00.523-0800] {logging_mixin.py:190} INFO - [2024-12-13T03:46:00.523-0800] {dag.py:4180} INFO - Setting next_dagrun for dataset_consumes_1_never_scheduled to None, run_after=None
[2024-12-13T03:46:00.524-0800] {logging_mixin.py:190} INFO - [2024-12-13T03:46:00.524-0800] {dag.py:4180} INFO - Setting next_dagrun for dataset_consumes_unknown_never_scheduled to None, run_after=None
[2024-12-13T03:46:00.526-0800] {logging_mixin.py:190} INFO - [2024-12-13T03:46:00.526-0800] {dag.py:4180} INFO - Setting next_dagrun for dataset_produces_1 to 2024-12-12 00:00:00+00:00, run_after=2024-12-13 00:00:00+00:00
[2024-12-13T03:46:00.527-0800] {logging_mixin.py:190} INFO - [2024-12-13T03:46:00.527-0800] {dag.py:4180} INFO - Setting next_dagrun for dataset_produces_2 to None, run_after=None
[2024-12-13T03:46:00.554-0800] {processor.py:208} INFO - Processing /Users/machine/Velocity_railway/airflow_env/lib/python3.10/site-packages/airflow/example_dags/example_datasets.py took 0.276 seconds
[2024-12-13T03:50:30.567-0800] {processor.py:186} INFO - Started process (PID=90398) to work on /Users/machine/Velocity_railway/airflow_env/lib/python3.10/site-packages/airflow/example_dags/example_datasets.py
[2024-12-13T03:50:30.569-0800] {processor.py:914} INFO - Processing file /Users/machine/Velocity_railway/airflow_env/lib/python3.10/site-packages/airflow/example_dags/example_datasets.py for tasks to queue
[2024-12-13T03:50:30.570-0800] {logging_mixin.py:190} INFO - [2024-12-13T03:50:30.570-0800] {dagbag.py:588} INFO - Filling up the DagBag from /Users/machine/Velocity_railway/airflow_env/lib/python3.10/site-packages/airflow/example_dags/example_datasets.py
[2024-12-13T03:50:30.670-0800] {processor.py:925} INFO - DAG(s) 'dataset_produces_2', 'dataset_consumes_1_never_scheduled', 'consume_1_or_2_with_dataset_expressions', 'consume_1_or_both_2_and_3_with_dataset_expressions', 'dataset_produces_1', 'consume_1_and_2_with_dataset_expressions', 'conditional_dataset_and_time_based_timetable', 'dataset_consumes_1', 'dataset_consumes_1_and_2', 'dataset_consumes_unknown_never_scheduled' retrieved from /Users/machine/Velocity_railway/airflow_env/lib/python3.10/site-packages/airflow/example_dags/example_datasets.py
[2024-12-13T03:50:30.794-0800] {logging_mixin.py:190} INFO - [2024-12-13T03:50:30.794-0800] {dag.py:3239} INFO - Sync 10 DAGs
[2024-12-13T03:50:30.815-0800] {logging_mixin.py:190} INFO - [2024-12-13T03:50:30.815-0800] {dag.py:4180} INFO - Setting next_dagrun for conditional_dataset_and_time_based_timetable to 2024-12-11 01:00:00+00:00, run_after=2024-12-11 01:00:00+00:00
[2024-12-13T03:50:30.818-0800] {logging_mixin.py:190} INFO - [2024-12-13T03:50:30.817-0800] {dag.py:4180} INFO - Setting next_dagrun for consume_1_and_2_with_dataset_expressions to None, run_after=None
[2024-12-13T03:50:30.819-0800] {logging_mixin.py:190} INFO - [2024-12-13T03:50:30.818-0800] {dag.py:4180} INFO - Setting next_dagrun for consume_1_or_2_with_dataset_expressions to None, run_after=None
[2024-12-13T03:50:30.820-0800] {logging_mixin.py:190} INFO - [2024-12-13T03:50:30.819-0800] {dag.py:4180} INFO - Setting next_dagrun for consume_1_or_both_2_and_3_with_dataset_expressions to None, run_after=None
[2024-12-13T03:50:30.821-0800] {logging_mixin.py:190} INFO - [2024-12-13T03:50:30.821-0800] {dag.py:4180} INFO - Setting next_dagrun for dataset_consumes_1 to None, run_after=None
[2024-12-13T03:50:30.822-0800] {logging_mixin.py:190} INFO - [2024-12-13T03:50:30.822-0800] {dag.py:4180} INFO - Setting next_dagrun for dataset_consumes_1_and_2 to None, run_after=None
[2024-12-13T03:50:30.824-0800] {logging_mixin.py:190} INFO - [2024-12-13T03:50:30.823-0800] {dag.py:4180} INFO - Setting next_dagrun for dataset_consumes_1_never_scheduled to None, run_after=None
[2024-12-13T03:50:30.825-0800] {logging_mixin.py:190} INFO - [2024-12-13T03:50:30.824-0800] {dag.py:4180} INFO - Setting next_dagrun for dataset_consumes_unknown_never_scheduled to None, run_after=None
[2024-12-13T03:50:30.828-0800] {logging_mixin.py:190} INFO - [2024-12-13T03:50:30.828-0800] {dag.py:4180} INFO - Setting next_dagrun for dataset_produces_1 to 2024-12-12 00:00:00+00:00, run_after=2024-12-13 00:00:00+00:00
[2024-12-13T03:50:30.830-0800] {logging_mixin.py:190} INFO - [2024-12-13T03:50:30.830-0800] {dag.py:4180} INFO - Setting next_dagrun for dataset_produces_2 to None, run_after=None
[2024-12-13T03:50:30.860-0800] {processor.py:208} INFO - Processing /Users/machine/Velocity_railway/airflow_env/lib/python3.10/site-packages/airflow/example_dags/example_datasets.py took 0.299 seconds
[2024-12-13T03:55:11.292-0800] {processor.py:186} INFO - Started process (PID=91390) to work on /Users/machine/Velocity_railway/airflow_env/lib/python3.10/site-packages/airflow/example_dags/example_datasets.py
[2024-12-13T03:55:11.294-0800] {processor.py:914} INFO - Processing file /Users/machine/Velocity_railway/airflow_env/lib/python3.10/site-packages/airflow/example_dags/example_datasets.py for tasks to queue
[2024-12-13T03:55:11.295-0800] {logging_mixin.py:190} INFO - [2024-12-13T03:55:11.295-0800] {dagbag.py:588} INFO - Filling up the DagBag from /Users/machine/Velocity_railway/airflow_env/lib/python3.10/site-packages/airflow/example_dags/example_datasets.py
[2024-12-13T03:55:11.418-0800] {processor.py:925} INFO - DAG(s) 'dataset_produces_1', 'consume_1_or_both_2_and_3_with_dataset_expressions', 'dataset_consumes_1', 'consume_1_or_2_with_dataset_expressions', 'dataset_consumes_1_never_scheduled', 'conditional_dataset_and_time_based_timetable', 'dataset_consumes_1_and_2', 'dataset_produces_2', 'consume_1_and_2_with_dataset_expressions', 'dataset_consumes_unknown_never_scheduled' retrieved from /Users/machine/Velocity_railway/airflow_env/lib/python3.10/site-packages/airflow/example_dags/example_datasets.py
[2024-12-13T03:55:11.549-0800] {logging_mixin.py:190} INFO - [2024-12-13T03:55:11.548-0800] {dag.py:3239} INFO - Sync 10 DAGs
[2024-12-13T03:55:11.569-0800] {logging_mixin.py:190} INFO - [2024-12-13T03:55:11.568-0800] {dag.py:4180} INFO - Setting next_dagrun for conditional_dataset_and_time_based_timetable to 2024-12-11 01:00:00+00:00, run_after=2024-12-11 01:00:00+00:00
[2024-12-13T03:55:11.571-0800] {logging_mixin.py:190} INFO - [2024-12-13T03:55:11.571-0800] {dag.py:4180} INFO - Setting next_dagrun for consume_1_and_2_with_dataset_expressions to None, run_after=None
[2024-12-13T03:55:11.572-0800] {logging_mixin.py:190} INFO - [2024-12-13T03:55:11.572-0800] {dag.py:4180} INFO - Setting next_dagrun for consume_1_or_2_with_dataset_expressions to None, run_after=None
[2024-12-13T03:55:11.573-0800] {logging_mixin.py:190} INFO - [2024-12-13T03:55:11.573-0800] {dag.py:4180} INFO - Setting next_dagrun for consume_1_or_both_2_and_3_with_dataset_expressions to None, run_after=None
[2024-12-13T03:55:11.574-0800] {logging_mixin.py:190} INFO - [2024-12-13T03:55:11.574-0800] {dag.py:4180} INFO - Setting next_dagrun for dataset_consumes_1 to None, run_after=None
[2024-12-13T03:55:11.575-0800] {logging_mixin.py:190} INFO - [2024-12-13T03:55:11.575-0800] {dag.py:4180} INFO - Setting next_dagrun for dataset_consumes_1_and_2 to None, run_after=None
[2024-12-13T03:55:11.576-0800] {logging_mixin.py:190} INFO - [2024-12-13T03:55:11.576-0800] {dag.py:4180} INFO - Setting next_dagrun for dataset_consumes_1_never_scheduled to None, run_after=None
[2024-12-13T03:55:11.578-0800] {logging_mixin.py:190} INFO - [2024-12-13T03:55:11.577-0800] {dag.py:4180} INFO - Setting next_dagrun for dataset_consumes_unknown_never_scheduled to None, run_after=None
[2024-12-13T03:55:11.581-0800] {logging_mixin.py:190} INFO - [2024-12-13T03:55:11.580-0800] {dag.py:4180} INFO - Setting next_dagrun for dataset_produces_1 to 2024-12-12 00:00:00+00:00, run_after=2024-12-13 00:00:00+00:00
[2024-12-13T03:55:11.582-0800] {logging_mixin.py:190} INFO - [2024-12-13T03:55:11.581-0800] {dag.py:4180} INFO - Setting next_dagrun for dataset_produces_2 to None, run_after=None
[2024-12-13T03:55:11.610-0800] {processor.py:208} INFO - Processing /Users/machine/Velocity_railway/airflow_env/lib/python3.10/site-packages/airflow/example_dags/example_datasets.py took 0.325 seconds
[2024-12-13T04:00:05.114-0800] {processor.py:186} INFO - Started process (PID=92649) to work on /Users/machine/Velocity_railway/airflow_env/lib/python3.10/site-packages/airflow/example_dags/example_datasets.py
[2024-12-13T04:00:05.116-0800] {processor.py:914} INFO - Processing file /Users/machine/Velocity_railway/airflow_env/lib/python3.10/site-packages/airflow/example_dags/example_datasets.py for tasks to queue
[2024-12-13T04:00:05.117-0800] {logging_mixin.py:190} INFO - [2024-12-13T04:00:05.117-0800] {dagbag.py:588} INFO - Filling up the DagBag from /Users/machine/Velocity_railway/airflow_env/lib/python3.10/site-packages/airflow/example_dags/example_datasets.py
[2024-12-13T04:00:05.247-0800] {processor.py:925} INFO - DAG(s) 'dataset_consumes_1', 'dataset_produces_2', 'dataset_consumes_1_never_scheduled', 'consume_1_and_2_with_dataset_expressions', 'dataset_consumes_1_and_2', 'dataset_produces_1', 'dataset_consumes_unknown_never_scheduled', 'conditional_dataset_and_time_based_timetable', 'consume_1_or_both_2_and_3_with_dataset_expressions', 'consume_1_or_2_with_dataset_expressions' retrieved from /Users/machine/Velocity_railway/airflow_env/lib/python3.10/site-packages/airflow/example_dags/example_datasets.py
[2024-12-13T04:00:05.386-0800] {logging_mixin.py:190} INFO - [2024-12-13T04:00:05.386-0800] {dag.py:3239} INFO - Sync 10 DAGs
[2024-12-13T04:00:05.409-0800] {logging_mixin.py:190} INFO - [2024-12-13T04:00:05.409-0800] {dag.py:4180} INFO - Setting next_dagrun for conditional_dataset_and_time_based_timetable to 2024-12-11 01:00:00+00:00, run_after=2024-12-11 01:00:00+00:00
[2024-12-13T04:00:05.412-0800] {logging_mixin.py:190} INFO - [2024-12-13T04:00:05.412-0800] {dag.py:4180} INFO - Setting next_dagrun for consume_1_and_2_with_dataset_expressions to None, run_after=None
[2024-12-13T04:00:05.413-0800] {logging_mixin.py:190} INFO - [2024-12-13T04:00:05.413-0800] {dag.py:4180} INFO - Setting next_dagrun for consume_1_or_2_with_dataset_expressions to None, run_after=None
[2024-12-13T04:00:05.414-0800] {logging_mixin.py:190} INFO - [2024-12-13T04:00:05.414-0800] {dag.py:4180} INFO - Setting next_dagrun for consume_1_or_both_2_and_3_with_dataset_expressions to None, run_after=None
[2024-12-13T04:00:05.415-0800] {logging_mixin.py:190} INFO - [2024-12-13T04:00:05.415-0800] {dag.py:4180} INFO - Setting next_dagrun for dataset_consumes_1 to None, run_after=None
[2024-12-13T04:00:05.416-0800] {logging_mixin.py:190} INFO - [2024-12-13T04:00:05.416-0800] {dag.py:4180} INFO - Setting next_dagrun for dataset_consumes_1_and_2 to None, run_after=None
[2024-12-13T04:00:05.417-0800] {logging_mixin.py:190} INFO - [2024-12-13T04:00:05.417-0800] {dag.py:4180} INFO - Setting next_dagrun for dataset_consumes_1_never_scheduled to None, run_after=None
[2024-12-13T04:00:05.418-0800] {logging_mixin.py:190} INFO - [2024-12-13T04:00:05.418-0800] {dag.py:4180} INFO - Setting next_dagrun for dataset_consumes_unknown_never_scheduled to None, run_after=None
[2024-12-13T04:00:05.421-0800] {logging_mixin.py:190} INFO - [2024-12-13T04:00:05.421-0800] {dag.py:4180} INFO - Setting next_dagrun for dataset_produces_1 to 2024-12-12 00:00:00+00:00, run_after=2024-12-13 00:00:00+00:00
[2024-12-13T04:00:05.422-0800] {logging_mixin.py:190} INFO - [2024-12-13T04:00:05.422-0800] {dag.py:4180} INFO - Setting next_dagrun for dataset_produces_2 to None, run_after=None
[2024-12-13T04:00:05.454-0800] {processor.py:208} INFO - Processing /Users/machine/Velocity_railway/airflow_env/lib/python3.10/site-packages/airflow/example_dags/example_datasets.py took 0.346 seconds
