[2024-12-13T03:10:33.047-0800] {processor.py:186} INFO - Started process (PID=82148) to work on /Users/machine/Velocity_railway/airflow_env/lib/python3.10/site-packages/airflow/example_dags/example_dataset_alias.py
[2024-12-13T03:10:33.048-0800] {processor.py:914} INFO - Processing file /Users/machine/Velocity_railway/airflow_env/lib/python3.10/site-packages/airflow/example_dags/example_dataset_alias.py for tasks to queue
[2024-12-13T03:10:33.049-0800] {logging_mixin.py:190} INFO - [2024-12-13T03:10:33.049-0800] {dagbag.py:588} INFO - Filling up the DagBag from /Users/machine/Velocity_railway/airflow_env/lib/python3.10/site-packages/airflow/example_dags/example_dataset_alias.py
[2024-12-13T03:10:33.266-0800] {processor.py:925} INFO - DAG(s) 'dataset_alias_example_alias_consumer', 'dataset_s3_bucket_consumer', 'dataset_alias_example_alias_producer', 'dataset_s3_bucket_producer' retrieved from /Users/machine/Velocity_railway/airflow_env/lib/python3.10/site-packages/airflow/example_dags/example_dataset_alias.py
[2024-12-13T03:10:33.368-0800] {logging_mixin.py:190} INFO - [2024-12-13T03:10:33.368-0800] {override.py:1911} INFO - Created Permission View: can delete on DAG:dataset_alias_example_alias_consumer
[2024-12-13T03:10:33.378-0800] {logging_mixin.py:190} INFO - [2024-12-13T03:10:33.378-0800] {override.py:1911} INFO - Created Permission View: can edit on DAG:dataset_alias_example_alias_consumer
[2024-12-13T03:10:33.384-0800] {logging_mixin.py:190} INFO - [2024-12-13T03:10:33.384-0800] {override.py:1911} INFO - Created Permission View: can read on DAG:dataset_alias_example_alias_consumer
[2024-12-13T03:10:33.391-0800] {logging_mixin.py:190} INFO - [2024-12-13T03:10:33.391-0800] {override.py:1911} INFO - Created Permission View: can delete on DAG Run:dataset_alias_example_alias_consumer
[2024-12-13T03:10:33.397-0800] {logging_mixin.py:190} INFO - [2024-12-13T03:10:33.396-0800] {override.py:1911} INFO - Created Permission View: menu access on DAG Run:dataset_alias_example_alias_consumer
[2024-12-13T03:10:33.402-0800] {logging_mixin.py:190} INFO - [2024-12-13T03:10:33.402-0800] {override.py:1911} INFO - Created Permission View: can create on DAG Run:dataset_alias_example_alias_consumer
[2024-12-13T03:10:33.408-0800] {logging_mixin.py:190} INFO - [2024-12-13T03:10:33.408-0800] {override.py:1911} INFO - Created Permission View: can read on DAG Run:dataset_alias_example_alias_consumer
[2024-12-13T03:10:33.418-0800] {logging_mixin.py:190} INFO - [2024-12-13T03:10:33.418-0800] {override.py:1911} INFO - Created Permission View: can delete on DAG:dataset_s3_bucket_consumer
[2024-12-13T03:10:33.424-0800] {logging_mixin.py:190} INFO - [2024-12-13T03:10:33.424-0800] {override.py:1911} INFO - Created Permission View: can edit on DAG:dataset_s3_bucket_consumer
[2024-12-13T03:10:33.430-0800] {logging_mixin.py:190} INFO - [2024-12-13T03:10:33.430-0800] {override.py:1911} INFO - Created Permission View: can read on DAG:dataset_s3_bucket_consumer
[2024-12-13T03:10:33.439-0800] {logging_mixin.py:190} INFO - [2024-12-13T03:10:33.438-0800] {override.py:1911} INFO - Created Permission View: can delete on DAG Run:dataset_s3_bucket_consumer
[2024-12-13T03:10:33.446-0800] {logging_mixin.py:190} INFO - [2024-12-13T03:10:33.446-0800] {override.py:1911} INFO - Created Permission View: menu access on DAG Run:dataset_s3_bucket_consumer
[2024-12-13T03:10:33.452-0800] {logging_mixin.py:190} INFO - [2024-12-13T03:10:33.452-0800] {override.py:1911} INFO - Created Permission View: can create on DAG Run:dataset_s3_bucket_consumer
[2024-12-13T03:10:33.459-0800] {logging_mixin.py:190} INFO - [2024-12-13T03:10:33.458-0800] {override.py:1911} INFO - Created Permission View: can read on DAG Run:dataset_s3_bucket_consumer
[2024-12-13T03:10:33.473-0800] {logging_mixin.py:190} INFO - [2024-12-13T03:10:33.473-0800] {override.py:1911} INFO - Created Permission View: can delete on DAG:dataset_alias_example_alias_producer
[2024-12-13T03:10:33.482-0800] {logging_mixin.py:190} INFO - [2024-12-13T03:10:33.482-0800] {override.py:1911} INFO - Created Permission View: can edit on DAG:dataset_alias_example_alias_producer
[2024-12-13T03:10:33.488-0800] {logging_mixin.py:190} INFO - [2024-12-13T03:10:33.488-0800] {override.py:1911} INFO - Created Permission View: can read on DAG:dataset_alias_example_alias_producer
[2024-12-13T03:10:33.496-0800] {logging_mixin.py:190} INFO - [2024-12-13T03:10:33.496-0800] {override.py:1911} INFO - Created Permission View: can delete on DAG Run:dataset_alias_example_alias_producer
[2024-12-13T03:10:33.501-0800] {logging_mixin.py:190} INFO - [2024-12-13T03:10:33.501-0800] {override.py:1911} INFO - Created Permission View: menu access on DAG Run:dataset_alias_example_alias_producer
[2024-12-13T03:10:33.507-0800] {logging_mixin.py:190} INFO - [2024-12-13T03:10:33.507-0800] {override.py:1911} INFO - Created Permission View: can create on DAG Run:dataset_alias_example_alias_producer
[2024-12-13T03:10:33.514-0800] {logging_mixin.py:190} INFO - [2024-12-13T03:10:33.514-0800] {override.py:1911} INFO - Created Permission View: can read on DAG Run:dataset_alias_example_alias_producer
[2024-12-13T03:10:33.527-0800] {logging_mixin.py:190} INFO - [2024-12-13T03:10:33.527-0800] {override.py:1911} INFO - Created Permission View: can delete on DAG:dataset_s3_bucket_producer
[2024-12-13T03:10:33.533-0800] {logging_mixin.py:190} INFO - [2024-12-13T03:10:33.532-0800] {override.py:1911} INFO - Created Permission View: can edit on DAG:dataset_s3_bucket_producer
[2024-12-13T03:10:33.539-0800] {logging_mixin.py:190} INFO - [2024-12-13T03:10:33.538-0800] {override.py:1911} INFO - Created Permission View: can read on DAG:dataset_s3_bucket_producer
[2024-12-13T03:10:33.548-0800] {logging_mixin.py:190} INFO - [2024-12-13T03:10:33.548-0800] {override.py:1911} INFO - Created Permission View: can delete on DAG Run:dataset_s3_bucket_producer
[2024-12-13T03:10:33.555-0800] {logging_mixin.py:190} INFO - [2024-12-13T03:10:33.554-0800] {override.py:1911} INFO - Created Permission View: menu access on DAG Run:dataset_s3_bucket_producer
[2024-12-13T03:10:33.561-0800] {logging_mixin.py:190} INFO - [2024-12-13T03:10:33.560-0800] {override.py:1911} INFO - Created Permission View: can create on DAG Run:dataset_s3_bucket_producer
[2024-12-13T03:10:33.566-0800] {logging_mixin.py:190} INFO - [2024-12-13T03:10:33.566-0800] {override.py:1911} INFO - Created Permission View: can read on DAG Run:dataset_s3_bucket_producer
[2024-12-13T03:10:33.567-0800] {logging_mixin.py:190} INFO - [2024-12-13T03:10:33.567-0800] {dag.py:3239} INFO - Sync 4 DAGs
[2024-12-13T03:10:33.579-0800] {logging_mixin.py:190} INFO - [2024-12-13T03:10:33.579-0800] {dag.py:3262} INFO - Creating ORM DAG for dataset_alias_example_alias_producer
[2024-12-13T03:10:33.579-0800] {logging_mixin.py:190} INFO - [2024-12-13T03:10:33.579-0800] {dag.py:3262} INFO - Creating ORM DAG for dataset_s3_bucket_consumer
[2024-12-13T03:10:33.580-0800] {logging_mixin.py:190} INFO - [2024-12-13T03:10:33.580-0800] {dag.py:3262} INFO - Creating ORM DAG for dataset_s3_bucket_producer
[2024-12-13T03:10:33.580-0800] {logging_mixin.py:190} INFO - [2024-12-13T03:10:33.580-0800] {dag.py:3262} INFO - Creating ORM DAG for dataset_alias_example_alias_consumer
[2024-12-13T03:10:33.588-0800] {logging_mixin.py:190} INFO - [2024-12-13T03:10:33.587-0800] {dag.py:4180} INFO - Setting next_dagrun for dataset_alias_example_alias_consumer to None, run_after=None
[2024-12-13T03:10:33.589-0800] {logging_mixin.py:190} INFO - [2024-12-13T03:10:33.588-0800] {dag.py:4180} INFO - Setting next_dagrun for dataset_alias_example_alias_producer to None, run_after=None
[2024-12-13T03:10:33.589-0800] {logging_mixin.py:190} INFO - [2024-12-13T03:10:33.589-0800] {dag.py:4180} INFO - Setting next_dagrun for dataset_s3_bucket_consumer to None, run_after=None
[2024-12-13T03:10:33.590-0800] {logging_mixin.py:190} INFO - [2024-12-13T03:10:33.590-0800] {dag.py:4180} INFO - Setting next_dagrun for dataset_s3_bucket_producer to None, run_after=None
[2024-12-13T03:10:33.603-0800] {logging_mixin.py:190} INFO - [2024-12-13T03:10:33.603-0800] {workday.py:41} WARNING - Could not import pandas. Holidays will not be considered.
[2024-12-13T03:10:33.620-0800] {processor.py:208} INFO - Processing /Users/machine/Velocity_railway/airflow_env/lib/python3.10/site-packages/airflow/example_dags/example_dataset_alias.py took 0.579 seconds
[2024-12-13T03:13:37.948-0800] {processor.py:186} INFO - Started process (PID=82743) to work on /Users/machine/Velocity_railway/airflow_env/lib/python3.10/site-packages/airflow/example_dags/example_dataset_alias.py
[2024-12-13T03:13:37.950-0800] {processor.py:914} INFO - Processing file /Users/machine/Velocity_railway/airflow_env/lib/python3.10/site-packages/airflow/example_dags/example_dataset_alias.py for tasks to queue
[2024-12-13T03:13:37.951-0800] {logging_mixin.py:190} INFO - [2024-12-13T03:13:37.951-0800] {dagbag.py:588} INFO - Filling up the DagBag from /Users/machine/Velocity_railway/airflow_env/lib/python3.10/site-packages/airflow/example_dags/example_dataset_alias.py
[2024-12-13T03:13:38.169-0800] {processor.py:925} INFO - DAG(s) 'dataset_s3_bucket_producer', 'dataset_alias_example_alias_consumer', 'dataset_s3_bucket_consumer', 'dataset_alias_example_alias_producer' retrieved from /Users/machine/Velocity_railway/airflow_env/lib/python3.10/site-packages/airflow/example_dags/example_dataset_alias.py
[2024-12-13T03:13:38.194-0800] {logging_mixin.py:190} INFO - [2024-12-13T03:13:38.193-0800] {dag.py:3239} INFO - Sync 4 DAGs
[2024-12-13T03:13:38.212-0800] {logging_mixin.py:190} INFO - [2024-12-13T03:13:38.212-0800] {dag.py:4180} INFO - Setting next_dagrun for dataset_alias_example_alias_consumer to None, run_after=None
[2024-12-13T03:13:38.214-0800] {logging_mixin.py:190} INFO - [2024-12-13T03:13:38.214-0800] {dag.py:4180} INFO - Setting next_dagrun for dataset_alias_example_alias_producer to None, run_after=None
[2024-12-13T03:13:38.215-0800] {logging_mixin.py:190} INFO - [2024-12-13T03:13:38.215-0800] {dag.py:4180} INFO - Setting next_dagrun for dataset_s3_bucket_consumer to None, run_after=None
[2024-12-13T03:13:38.216-0800] {logging_mixin.py:190} INFO - [2024-12-13T03:13:38.216-0800] {dag.py:4180} INFO - Setting next_dagrun for dataset_s3_bucket_producer to None, run_after=None
[2024-12-13T03:13:38.237-0800] {processor.py:208} INFO - Processing /Users/machine/Velocity_railway/airflow_env/lib/python3.10/site-packages/airflow/example_dags/example_dataset_alias.py took 0.295 seconds
[2024-12-13T03:18:18.750-0800] {processor.py:186} INFO - Started process (PID=83690) to work on /Users/machine/Velocity_railway/airflow_env/lib/python3.10/site-packages/airflow/example_dags/example_dataset_alias.py
[2024-12-13T03:18:18.752-0800] {processor.py:914} INFO - Processing file /Users/machine/Velocity_railway/airflow_env/lib/python3.10/site-packages/airflow/example_dags/example_dataset_alias.py for tasks to queue
[2024-12-13T03:18:18.753-0800] {logging_mixin.py:190} INFO - [2024-12-13T03:18:18.753-0800] {dagbag.py:588} INFO - Filling up the DagBag from /Users/machine/Velocity_railway/airflow_env/lib/python3.10/site-packages/airflow/example_dags/example_dataset_alias.py
[2024-12-13T03:18:18.995-0800] {processor.py:925} INFO - DAG(s) 'dataset_s3_bucket_consumer', 'dataset_s3_bucket_producer', 'dataset_alias_example_alias_producer', 'dataset_alias_example_alias_consumer' retrieved from /Users/machine/Velocity_railway/airflow_env/lib/python3.10/site-packages/airflow/example_dags/example_dataset_alias.py
[2024-12-13T03:18:19.021-0800] {logging_mixin.py:190} INFO - [2024-12-13T03:18:19.021-0800] {dag.py:3239} INFO - Sync 4 DAGs
[2024-12-13T03:18:19.043-0800] {logging_mixin.py:190} INFO - [2024-12-13T03:18:19.042-0800] {dag.py:4180} INFO - Setting next_dagrun for dataset_alias_example_alias_consumer to None, run_after=None
[2024-12-13T03:18:19.045-0800] {logging_mixin.py:190} INFO - [2024-12-13T03:18:19.045-0800] {dag.py:4180} INFO - Setting next_dagrun for dataset_alias_example_alias_producer to None, run_after=None
[2024-12-13T03:18:19.047-0800] {logging_mixin.py:190} INFO - [2024-12-13T03:18:19.046-0800] {dag.py:4180} INFO - Setting next_dagrun for dataset_s3_bucket_consumer to None, run_after=None
[2024-12-13T03:18:19.048-0800] {logging_mixin.py:190} INFO - [2024-12-13T03:18:19.047-0800] {dag.py:4180} INFO - Setting next_dagrun for dataset_s3_bucket_producer to None, run_after=None
[2024-12-13T03:18:19.073-0800] {processor.py:208} INFO - Processing /Users/machine/Velocity_railway/airflow_env/lib/python3.10/site-packages/airflow/example_dags/example_dataset_alias.py took 0.329 seconds
[2024-12-13T03:22:45.749-0800] {processor.py:186} INFO - Started process (PID=84621) to work on /Users/machine/Velocity_railway/airflow_env/lib/python3.10/site-packages/airflow/example_dags/example_dataset_alias.py
[2024-12-13T03:22:45.750-0800] {processor.py:914} INFO - Processing file /Users/machine/Velocity_railway/airflow_env/lib/python3.10/site-packages/airflow/example_dags/example_dataset_alias.py for tasks to queue
[2024-12-13T03:22:45.751-0800] {logging_mixin.py:190} INFO - [2024-12-13T03:22:45.751-0800] {dagbag.py:588} INFO - Filling up the DagBag from /Users/machine/Velocity_railway/airflow_env/lib/python3.10/site-packages/airflow/example_dags/example_dataset_alias.py
[2024-12-13T03:22:45.980-0800] {processor.py:925} INFO - DAG(s) 'dataset_alias_example_alias_producer', 'dataset_s3_bucket_consumer', 'dataset_alias_example_alias_consumer', 'dataset_s3_bucket_producer' retrieved from /Users/machine/Velocity_railway/airflow_env/lib/python3.10/site-packages/airflow/example_dags/example_dataset_alias.py
[2024-12-13T03:22:46.006-0800] {logging_mixin.py:190} INFO - [2024-12-13T03:22:46.006-0800] {dag.py:3239} INFO - Sync 4 DAGs
[2024-12-13T03:22:46.025-0800] {logging_mixin.py:190} INFO - [2024-12-13T03:22:46.025-0800] {dag.py:4180} INFO - Setting next_dagrun for dataset_alias_example_alias_consumer to None, run_after=None
[2024-12-13T03:22:46.027-0800] {logging_mixin.py:190} INFO - [2024-12-13T03:22:46.027-0800] {dag.py:4180} INFO - Setting next_dagrun for dataset_alias_example_alias_producer to None, run_after=None
[2024-12-13T03:22:46.028-0800] {logging_mixin.py:190} INFO - [2024-12-13T03:22:46.028-0800] {dag.py:4180} INFO - Setting next_dagrun for dataset_s3_bucket_consumer to None, run_after=None
[2024-12-13T03:22:46.029-0800] {logging_mixin.py:190} INFO - [2024-12-13T03:22:46.029-0800] {dag.py:4180} INFO - Setting next_dagrun for dataset_s3_bucket_producer to None, run_after=None
[2024-12-13T03:22:46.049-0800] {processor.py:208} INFO - Processing /Users/machine/Velocity_railway/airflow_env/lib/python3.10/site-packages/airflow/example_dags/example_dataset_alias.py took 0.306 seconds
[2024-12-13T03:27:22.808-0800] {processor.py:186} INFO - Started process (PID=85565) to work on /Users/machine/Velocity_railway/airflow_env/lib/python3.10/site-packages/airflow/example_dags/example_dataset_alias.py
[2024-12-13T03:27:22.810-0800] {processor.py:914} INFO - Processing file /Users/machine/Velocity_railway/airflow_env/lib/python3.10/site-packages/airflow/example_dags/example_dataset_alias.py for tasks to queue
[2024-12-13T03:27:22.812-0800] {logging_mixin.py:190} INFO - [2024-12-13T03:27:22.811-0800] {dagbag.py:588} INFO - Filling up the DagBag from /Users/machine/Velocity_railway/airflow_env/lib/python3.10/site-packages/airflow/example_dags/example_dataset_alias.py
[2024-12-13T03:27:23.025-0800] {processor.py:925} INFO - DAG(s) 'dataset_s3_bucket_consumer', 'dataset_alias_example_alias_producer', 'dataset_s3_bucket_producer', 'dataset_alias_example_alias_consumer' retrieved from /Users/machine/Velocity_railway/airflow_env/lib/python3.10/site-packages/airflow/example_dags/example_dataset_alias.py
[2024-12-13T03:27:23.047-0800] {logging_mixin.py:190} INFO - [2024-12-13T03:27:23.046-0800] {dag.py:3239} INFO - Sync 4 DAGs
[2024-12-13T03:27:23.065-0800] {logging_mixin.py:190} INFO - [2024-12-13T03:27:23.065-0800] {dag.py:4180} INFO - Setting next_dagrun for dataset_alias_example_alias_consumer to None, run_after=None
[2024-12-13T03:27:23.067-0800] {logging_mixin.py:190} INFO - [2024-12-13T03:27:23.067-0800] {dag.py:4180} INFO - Setting next_dagrun for dataset_alias_example_alias_producer to None, run_after=None
[2024-12-13T03:27:23.068-0800] {logging_mixin.py:190} INFO - [2024-12-13T03:27:23.068-0800] {dag.py:4180} INFO - Setting next_dagrun for dataset_s3_bucket_consumer to None, run_after=None
[2024-12-13T03:27:23.069-0800] {logging_mixin.py:190} INFO - [2024-12-13T03:27:23.069-0800] {dag.py:4180} INFO - Setting next_dagrun for dataset_s3_bucket_producer to None, run_after=None
[2024-12-13T03:27:23.089-0800] {processor.py:208} INFO - Processing /Users/machine/Velocity_railway/airflow_env/lib/python3.10/site-packages/airflow/example_dags/example_dataset_alias.py took 0.287 seconds
[2024-12-13T03:32:04.778-0800] {processor.py:186} INFO - Started process (PID=86526) to work on /Users/machine/Velocity_railway/airflow_env/lib/python3.10/site-packages/airflow/example_dags/example_dataset_alias.py
[2024-12-13T03:32:04.780-0800] {processor.py:914} INFO - Processing file /Users/machine/Velocity_railway/airflow_env/lib/python3.10/site-packages/airflow/example_dags/example_dataset_alias.py for tasks to queue
[2024-12-13T03:32:04.781-0800] {logging_mixin.py:190} INFO - [2024-12-13T03:32:04.780-0800] {dagbag.py:588} INFO - Filling up the DagBag from /Users/machine/Velocity_railway/airflow_env/lib/python3.10/site-packages/airflow/example_dags/example_dataset_alias.py
[2024-12-13T03:32:04.984-0800] {processor.py:925} INFO - DAG(s) 'dataset_s3_bucket_producer', 'dataset_alias_example_alias_consumer', 'dataset_alias_example_alias_producer', 'dataset_s3_bucket_consumer' retrieved from /Users/machine/Velocity_railway/airflow_env/lib/python3.10/site-packages/airflow/example_dags/example_dataset_alias.py
[2024-12-13T03:32:05.004-0800] {logging_mixin.py:190} INFO - [2024-12-13T03:32:05.004-0800] {dag.py:3239} INFO - Sync 4 DAGs
[2024-12-13T03:32:05.021-0800] {logging_mixin.py:190} INFO - [2024-12-13T03:32:05.021-0800] {dag.py:4180} INFO - Setting next_dagrun for dataset_alias_example_alias_consumer to None, run_after=None
[2024-12-13T03:32:05.024-0800] {logging_mixin.py:190} INFO - [2024-12-13T03:32:05.023-0800] {dag.py:4180} INFO - Setting next_dagrun for dataset_alias_example_alias_producer to None, run_after=None
[2024-12-13T03:32:05.024-0800] {logging_mixin.py:190} INFO - [2024-12-13T03:32:05.024-0800] {dag.py:4180} INFO - Setting next_dagrun for dataset_s3_bucket_consumer to None, run_after=None
[2024-12-13T03:32:05.025-0800] {logging_mixin.py:190} INFO - [2024-12-13T03:32:05.025-0800] {dag.py:4180} INFO - Setting next_dagrun for dataset_s3_bucket_producer to None, run_after=None
[2024-12-13T03:32:05.043-0800] {processor.py:208} INFO - Processing /Users/machine/Velocity_railway/airflow_env/lib/python3.10/site-packages/airflow/example_dags/example_dataset_alias.py took 0.269 seconds
[2024-12-13T03:36:53.383-0800] {processor.py:186} INFO - Started process (PID=87601) to work on /Users/machine/Velocity_railway/airflow_env/lib/python3.10/site-packages/airflow/example_dags/example_dataset_alias.py
[2024-12-13T03:36:53.384-0800] {processor.py:914} INFO - Processing file /Users/machine/Velocity_railway/airflow_env/lib/python3.10/site-packages/airflow/example_dags/example_dataset_alias.py for tasks to queue
[2024-12-13T03:36:53.385-0800] {logging_mixin.py:190} INFO - [2024-12-13T03:36:53.385-0800] {dagbag.py:588} INFO - Filling up the DagBag from /Users/machine/Velocity_railway/airflow_env/lib/python3.10/site-packages/airflow/example_dags/example_dataset_alias.py
[2024-12-13T03:36:53.628-0800] {processor.py:925} INFO - DAG(s) 'dataset_alias_example_alias_producer', 'dataset_s3_bucket_consumer', 'dataset_alias_example_alias_consumer', 'dataset_s3_bucket_producer' retrieved from /Users/machine/Velocity_railway/airflow_env/lib/python3.10/site-packages/airflow/example_dags/example_dataset_alias.py
[2024-12-13T03:36:53.653-0800] {logging_mixin.py:190} INFO - [2024-12-13T03:36:53.653-0800] {dag.py:3239} INFO - Sync 4 DAGs
[2024-12-13T03:36:53.672-0800] {logging_mixin.py:190} INFO - [2024-12-13T03:36:53.671-0800] {dag.py:4180} INFO - Setting next_dagrun for dataset_alias_example_alias_consumer to None, run_after=None
[2024-12-13T03:36:53.674-0800] {logging_mixin.py:190} INFO - [2024-12-13T03:36:53.674-0800] {dag.py:4180} INFO - Setting next_dagrun for dataset_alias_example_alias_producer to None, run_after=None
[2024-12-13T03:36:53.675-0800] {logging_mixin.py:190} INFO - [2024-12-13T03:36:53.675-0800] {dag.py:4180} INFO - Setting next_dagrun for dataset_s3_bucket_consumer to None, run_after=None
[2024-12-13T03:36:53.676-0800] {logging_mixin.py:190} INFO - [2024-12-13T03:36:53.676-0800] {dag.py:4180} INFO - Setting next_dagrun for dataset_s3_bucket_producer to None, run_after=None
[2024-12-13T03:36:53.697-0800] {processor.py:208} INFO - Processing /Users/machine/Velocity_railway/airflow_env/lib/python3.10/site-packages/airflow/example_dags/example_dataset_alias.py took 0.320 seconds
[2024-12-13T03:41:37.381-0800] {processor.py:186} INFO - Started process (PID=88556) to work on /Users/machine/Velocity_railway/airflow_env/lib/python3.10/site-packages/airflow/example_dags/example_dataset_alias.py
[2024-12-13T03:41:37.383-0800] {processor.py:914} INFO - Processing file /Users/machine/Velocity_railway/airflow_env/lib/python3.10/site-packages/airflow/example_dags/example_dataset_alias.py for tasks to queue
[2024-12-13T03:41:37.384-0800] {logging_mixin.py:190} INFO - [2024-12-13T03:41:37.383-0800] {dagbag.py:588} INFO - Filling up the DagBag from /Users/machine/Velocity_railway/airflow_env/lib/python3.10/site-packages/airflow/example_dags/example_dataset_alias.py
[2024-12-13T03:41:37.578-0800] {processor.py:925} INFO - DAG(s) 'dataset_s3_bucket_producer', 'dataset_alias_example_alias_producer', 'dataset_alias_example_alias_consumer', 'dataset_s3_bucket_consumer' retrieved from /Users/machine/Velocity_railway/airflow_env/lib/python3.10/site-packages/airflow/example_dags/example_dataset_alias.py
[2024-12-13T03:41:37.599-0800] {logging_mixin.py:190} INFO - [2024-12-13T03:41:37.598-0800] {dag.py:3239} INFO - Sync 4 DAGs
[2024-12-13T03:41:37.616-0800] {logging_mixin.py:190} INFO - [2024-12-13T03:41:37.616-0800] {dag.py:4180} INFO - Setting next_dagrun for dataset_alias_example_alias_consumer to None, run_after=None
[2024-12-13T03:41:37.619-0800] {logging_mixin.py:190} INFO - [2024-12-13T03:41:37.618-0800] {dag.py:4180} INFO - Setting next_dagrun for dataset_alias_example_alias_producer to None, run_after=None
[2024-12-13T03:41:37.620-0800] {logging_mixin.py:190} INFO - [2024-12-13T03:41:37.619-0800] {dag.py:4180} INFO - Setting next_dagrun for dataset_s3_bucket_consumer to None, run_after=None
[2024-12-13T03:41:37.620-0800] {logging_mixin.py:190} INFO - [2024-12-13T03:41:37.620-0800] {dag.py:4180} INFO - Setting next_dagrun for dataset_s3_bucket_producer to None, run_after=None
[2024-12-13T03:41:37.638-0800] {processor.py:208} INFO - Processing /Users/machine/Velocity_railway/airflow_env/lib/python3.10/site-packages/airflow/example_dags/example_dataset_alias.py took 0.263 seconds
[2024-12-13T03:46:05.643-0800] {processor.py:186} INFO - Started process (PID=89470) to work on /Users/machine/Velocity_railway/airflow_env/lib/python3.10/site-packages/airflow/example_dags/example_dataset_alias.py
[2024-12-13T03:46:05.645-0800] {processor.py:914} INFO - Processing file /Users/machine/Velocity_railway/airflow_env/lib/python3.10/site-packages/airflow/example_dags/example_dataset_alias.py for tasks to queue
[2024-12-13T03:46:05.646-0800] {logging_mixin.py:190} INFO - [2024-12-13T03:46:05.646-0800] {dagbag.py:588} INFO - Filling up the DagBag from /Users/machine/Velocity_railway/airflow_env/lib/python3.10/site-packages/airflow/example_dags/example_dataset_alias.py
[2024-12-13T03:46:05.846-0800] {processor.py:925} INFO - DAG(s) 'dataset_s3_bucket_producer', 'dataset_s3_bucket_consumer', 'dataset_alias_example_alias_consumer', 'dataset_alias_example_alias_producer' retrieved from /Users/machine/Velocity_railway/airflow_env/lib/python3.10/site-packages/airflow/example_dags/example_dataset_alias.py
[2024-12-13T03:46:05.866-0800] {logging_mixin.py:190} INFO - [2024-12-13T03:46:05.866-0800] {dag.py:3239} INFO - Sync 4 DAGs
[2024-12-13T03:46:05.884-0800] {logging_mixin.py:190} INFO - [2024-12-13T03:46:05.883-0800] {dag.py:4180} INFO - Setting next_dagrun for dataset_alias_example_alias_consumer to None, run_after=None
[2024-12-13T03:46:05.885-0800] {logging_mixin.py:190} INFO - [2024-12-13T03:46:05.885-0800] {dag.py:4180} INFO - Setting next_dagrun for dataset_alias_example_alias_producer to None, run_after=None
[2024-12-13T03:46:05.886-0800] {logging_mixin.py:190} INFO - [2024-12-13T03:46:05.886-0800] {dag.py:4180} INFO - Setting next_dagrun for dataset_s3_bucket_consumer to None, run_after=None
[2024-12-13T03:46:05.887-0800] {logging_mixin.py:190} INFO - [2024-12-13T03:46:05.887-0800] {dag.py:4180} INFO - Setting next_dagrun for dataset_s3_bucket_producer to None, run_after=None
[2024-12-13T03:46:05.907-0800] {processor.py:208} INFO - Processing /Users/machine/Velocity_railway/airflow_env/lib/python3.10/site-packages/airflow/example_dags/example_dataset_alias.py took 0.270 seconds
[2024-12-13T03:50:36.525-0800] {processor.py:186} INFO - Started process (PID=90422) to work on /Users/machine/Velocity_railway/airflow_env/lib/python3.10/site-packages/airflow/example_dags/example_dataset_alias.py
[2024-12-13T03:50:36.547-0800] {processor.py:914} INFO - Processing file /Users/machine/Velocity_railway/airflow_env/lib/python3.10/site-packages/airflow/example_dags/example_dataset_alias.py for tasks to queue
[2024-12-13T03:50:36.548-0800] {logging_mixin.py:190} INFO - [2024-12-13T03:50:36.548-0800] {dagbag.py:588} INFO - Filling up the DagBag from /Users/machine/Velocity_railway/airflow_env/lib/python3.10/site-packages/airflow/example_dags/example_dataset_alias.py
[2024-12-13T03:50:36.772-0800] {processor.py:925} INFO - DAG(s) 'dataset_s3_bucket_producer', 'dataset_s3_bucket_consumer', 'dataset_alias_example_alias_producer', 'dataset_alias_example_alias_consumer' retrieved from /Users/machine/Velocity_railway/airflow_env/lib/python3.10/site-packages/airflow/example_dags/example_dataset_alias.py
[2024-12-13T03:50:36.797-0800] {logging_mixin.py:190} INFO - [2024-12-13T03:50:36.797-0800] {dag.py:3239} INFO - Sync 4 DAGs
[2024-12-13T03:50:36.819-0800] {logging_mixin.py:190} INFO - [2024-12-13T03:50:36.819-0800] {dag.py:4180} INFO - Setting next_dagrun for dataset_alias_example_alias_consumer to None, run_after=None
[2024-12-13T03:50:36.822-0800] {logging_mixin.py:190} INFO - [2024-12-13T03:50:36.822-0800] {dag.py:4180} INFO - Setting next_dagrun for dataset_alias_example_alias_producer to None, run_after=None
[2024-12-13T03:50:36.824-0800] {logging_mixin.py:190} INFO - [2024-12-13T03:50:36.824-0800] {dag.py:4180} INFO - Setting next_dagrun for dataset_s3_bucket_consumer to None, run_after=None
[2024-12-13T03:50:36.826-0800] {logging_mixin.py:190} INFO - [2024-12-13T03:50:36.825-0800] {dag.py:4180} INFO - Setting next_dagrun for dataset_s3_bucket_producer to None, run_after=None
[2024-12-13T03:50:36.849-0800] {processor.py:208} INFO - Processing /Users/machine/Velocity_railway/airflow_env/lib/python3.10/site-packages/airflow/example_dags/example_dataset_alias.py took 0.331 seconds
[2024-12-13T03:55:17.389-0800] {processor.py:186} INFO - Started process (PID=91407) to work on /Users/machine/Velocity_railway/airflow_env/lib/python3.10/site-packages/airflow/example_dags/example_dataset_alias.py
[2024-12-13T03:55:17.391-0800] {processor.py:914} INFO - Processing file /Users/machine/Velocity_railway/airflow_env/lib/python3.10/site-packages/airflow/example_dags/example_dataset_alias.py for tasks to queue
[2024-12-13T03:55:17.393-0800] {logging_mixin.py:190} INFO - [2024-12-13T03:55:17.393-0800] {dagbag.py:588} INFO - Filling up the DagBag from /Users/machine/Velocity_railway/airflow_env/lib/python3.10/site-packages/airflow/example_dags/example_dataset_alias.py
[2024-12-13T03:55:17.603-0800] {processor.py:925} INFO - DAG(s) 'dataset_s3_bucket_producer', 'dataset_s3_bucket_consumer', 'dataset_alias_example_alias_producer', 'dataset_alias_example_alias_consumer' retrieved from /Users/machine/Velocity_railway/airflow_env/lib/python3.10/site-packages/airflow/example_dags/example_dataset_alias.py
[2024-12-13T03:55:17.624-0800] {logging_mixin.py:190} INFO - [2024-12-13T03:55:17.624-0800] {dag.py:3239} INFO - Sync 4 DAGs
[2024-12-13T03:55:17.641-0800] {logging_mixin.py:190} INFO - [2024-12-13T03:55:17.641-0800] {dag.py:4180} INFO - Setting next_dagrun for dataset_alias_example_alias_consumer to None, run_after=None
[2024-12-13T03:55:17.643-0800] {logging_mixin.py:190} INFO - [2024-12-13T03:55:17.643-0800] {dag.py:4180} INFO - Setting next_dagrun for dataset_alias_example_alias_producer to None, run_after=None
[2024-12-13T03:55:17.644-0800] {logging_mixin.py:190} INFO - [2024-12-13T03:55:17.644-0800] {dag.py:4180} INFO - Setting next_dagrun for dataset_s3_bucket_consumer to None, run_after=None
[2024-12-13T03:55:17.645-0800] {logging_mixin.py:190} INFO - [2024-12-13T03:55:17.645-0800] {dag.py:4180} INFO - Setting next_dagrun for dataset_s3_bucket_producer to None, run_after=None
[2024-12-13T03:55:17.663-0800] {processor.py:208} INFO - Processing /Users/machine/Velocity_railway/airflow_env/lib/python3.10/site-packages/airflow/example_dags/example_dataset_alias.py took 0.280 seconds
[2024-12-13T04:00:11.775-0800] {processor.py:186} INFO - Started process (PID=92678) to work on /Users/machine/Velocity_railway/airflow_env/lib/python3.10/site-packages/airflow/example_dags/example_dataset_alias.py
[2024-12-13T04:00:11.777-0800] {processor.py:914} INFO - Processing file /Users/machine/Velocity_railway/airflow_env/lib/python3.10/site-packages/airflow/example_dags/example_dataset_alias.py for tasks to queue
[2024-12-13T04:00:11.778-0800] {logging_mixin.py:190} INFO - [2024-12-13T04:00:11.778-0800] {dagbag.py:588} INFO - Filling up the DagBag from /Users/machine/Velocity_railway/airflow_env/lib/python3.10/site-packages/airflow/example_dags/example_dataset_alias.py
[2024-12-13T04:00:12.020-0800] {processor.py:925} INFO - DAG(s) 'dataset_alias_example_alias_producer', 'dataset_s3_bucket_producer', 'dataset_alias_example_alias_consumer', 'dataset_s3_bucket_consumer' retrieved from /Users/machine/Velocity_railway/airflow_env/lib/python3.10/site-packages/airflow/example_dags/example_dataset_alias.py
[2024-12-13T04:00:12.047-0800] {logging_mixin.py:190} INFO - [2024-12-13T04:00:12.046-0800] {dag.py:3239} INFO - Sync 4 DAGs
[2024-12-13T04:00:12.066-0800] {logging_mixin.py:190} INFO - [2024-12-13T04:00:12.066-0800] {dag.py:4180} INFO - Setting next_dagrun for dataset_alias_example_alias_consumer to None, run_after=None
[2024-12-13T04:00:12.069-0800] {logging_mixin.py:190} INFO - [2024-12-13T04:00:12.068-0800] {dag.py:4180} INFO - Setting next_dagrun for dataset_alias_example_alias_producer to None, run_after=None
[2024-12-13T04:00:12.070-0800] {logging_mixin.py:190} INFO - [2024-12-13T04:00:12.070-0800] {dag.py:4180} INFO - Setting next_dagrun for dataset_s3_bucket_consumer to None, run_after=None
[2024-12-13T04:00:12.071-0800] {logging_mixin.py:190} INFO - [2024-12-13T04:00:12.071-0800] {dag.py:4180} INFO - Setting next_dagrun for dataset_s3_bucket_producer to None, run_after=None
[2024-12-13T04:00:12.094-0800] {processor.py:208} INFO - Processing /Users/machine/Velocity_railway/airflow_env/lib/python3.10/site-packages/airflow/example_dags/example_dataset_alias.py took 0.325 seconds
