[2024-12-13T03:09:17.204-0800] {processor.py:186} INFO - Started process (PID=81895) to work on /Users/machine/Velocity_railway/airflow_env/lib/python3.10/site-packages/airflow/example_dags/example_short_circuit_decorator.py
[2024-12-13T03:09:17.205-0800] {processor.py:914} INFO - Processing file /Users/machine/Velocity_railway/airflow_env/lib/python3.10/site-packages/airflow/example_dags/example_short_circuit_decorator.py for tasks to queue
[2024-12-13T03:09:17.206-0800] {logging_mixin.py:190} INFO - [2024-12-13T03:09:17.206-0800] {dagbag.py:588} INFO - Filling up the DagBag from /Users/machine/Velocity_railway/airflow_env/lib/python3.10/site-packages/airflow/example_dags/example_short_circuit_decorator.py
[2024-12-13T03:09:17.296-0800] {processor.py:925} INFO - DAG(s) 'example_short_circuit_decorator' retrieved from /Users/machine/Velocity_railway/airflow_env/lib/python3.10/site-packages/airflow/example_dags/example_short_circuit_decorator.py
[2024-12-13T03:09:17.489-0800] {logging_mixin.py:190} INFO - [2024-12-13T03:09:17.488-0800] {override.py:1911} INFO - Created Permission View: can read on DAG:example_short_circuit_decorator
[2024-12-13T03:09:17.497-0800] {logging_mixin.py:190} INFO - [2024-12-13T03:09:17.497-0800] {override.py:1911} INFO - Created Permission View: can delete on DAG:example_short_circuit_decorator
[2024-12-13T03:09:17.503-0800] {logging_mixin.py:190} INFO - [2024-12-13T03:09:17.502-0800] {override.py:1911} INFO - Created Permission View: can edit on DAG:example_short_circuit_decorator
[2024-12-13T03:09:17.512-0800] {logging_mixin.py:190} INFO - [2024-12-13T03:09:17.512-0800] {override.py:1911} INFO - Created Permission View: can read on DAG Run:example_short_circuit_decorator
[2024-12-13T03:09:17.518-0800] {logging_mixin.py:190} INFO - [2024-12-13T03:09:17.518-0800] {override.py:1911} INFO - Created Permission View: menu access on DAG Run:example_short_circuit_decorator
[2024-12-13T03:09:17.523-0800] {logging_mixin.py:190} INFO - [2024-12-13T03:09:17.523-0800] {override.py:1911} INFO - Created Permission View: can create on DAG Run:example_short_circuit_decorator
[2024-12-13T03:09:17.529-0800] {logging_mixin.py:190} INFO - [2024-12-13T03:09:17.529-0800] {override.py:1911} INFO - Created Permission View: can delete on DAG Run:example_short_circuit_decorator
[2024-12-13T03:09:17.530-0800] {logging_mixin.py:190} INFO - [2024-12-13T03:09:17.530-0800] {dag.py:3239} INFO - Sync 1 DAGs
[2024-12-13T03:09:17.541-0800] {logging_mixin.py:190} INFO - [2024-12-13T03:09:17.541-0800] {dag.py:3262} INFO - Creating ORM DAG for example_short_circuit_decorator
[2024-12-13T03:09:17.542-0800] {logging_mixin.py:190} INFO - [2024-12-13T03:09:17.541-0800] {dag.py:4180} INFO - Setting next_dagrun for example_short_circuit_decorator to None, run_after=None
[2024-12-13T03:09:17.557-0800] {processor.py:208} INFO - Processing /Users/machine/Velocity_railway/airflow_env/lib/python3.10/site-packages/airflow/example_dags/example_short_circuit_decorator.py took 0.359 seconds
[2024-12-13T03:12:19.060-0800] {processor.py:186} INFO - Started process (PID=82498) to work on /Users/machine/Velocity_railway/airflow_env/lib/python3.10/site-packages/airflow/example_dags/example_short_circuit_decorator.py
[2024-12-13T03:12:19.061-0800] {processor.py:914} INFO - Processing file /Users/machine/Velocity_railway/airflow_env/lib/python3.10/site-packages/airflow/example_dags/example_short_circuit_decorator.py for tasks to queue
[2024-12-13T03:12:19.062-0800] {logging_mixin.py:190} INFO - [2024-12-13T03:12:19.062-0800] {dagbag.py:588} INFO - Filling up the DagBag from /Users/machine/Velocity_railway/airflow_env/lib/python3.10/site-packages/airflow/example_dags/example_short_circuit_decorator.py
[2024-12-13T03:12:19.149-0800] {processor.py:925} INFO - DAG(s) 'example_short_circuit_decorator' retrieved from /Users/machine/Velocity_railway/airflow_env/lib/python3.10/site-packages/airflow/example_dags/example_short_circuit_decorator.py
[2024-12-13T03:12:19.255-0800] {logging_mixin.py:190} INFO - [2024-12-13T03:12:19.254-0800] {dag.py:3239} INFO - Sync 1 DAGs
[2024-12-13T03:12:19.264-0800] {logging_mixin.py:190} INFO - [2024-12-13T03:12:19.264-0800] {dag.py:4180} INFO - Setting next_dagrun for example_short_circuit_decorator to None, run_after=None
[2024-12-13T03:12:19.282-0800] {processor.py:208} INFO - Processing /Users/machine/Velocity_railway/airflow_env/lib/python3.10/site-packages/airflow/example_dags/example_short_circuit_decorator.py took 0.228 seconds
[2024-12-13T03:14:54.275-0800] {processor.py:186} INFO - Started process (PID=83009) to work on /Users/machine/Velocity_railway/airflow_env/lib/python3.10/site-packages/airflow/example_dags/example_short_circuit_decorator.py
[2024-12-13T03:14:54.277-0800] {processor.py:914} INFO - Processing file /Users/machine/Velocity_railway/airflow_env/lib/python3.10/site-packages/airflow/example_dags/example_short_circuit_decorator.py for tasks to queue
[2024-12-13T03:14:54.279-0800] {logging_mixin.py:190} INFO - [2024-12-13T03:14:54.278-0800] {dagbag.py:588} INFO - Filling up the DagBag from /Users/machine/Velocity_railway/airflow_env/lib/python3.10/site-packages/airflow/example_dags/example_short_circuit_decorator.py
[2024-12-13T03:14:54.375-0800] {processor.py:925} INFO - DAG(s) 'example_short_circuit_decorator' retrieved from /Users/machine/Velocity_railway/airflow_env/lib/python3.10/site-packages/airflow/example_dags/example_short_circuit_decorator.py
[2024-12-13T03:14:54.487-0800] {logging_mixin.py:190} INFO - [2024-12-13T03:14:54.486-0800] {dag.py:3239} INFO - Sync 1 DAGs
[2024-12-13T03:14:54.497-0800] {logging_mixin.py:190} INFO - [2024-12-13T03:14:54.497-0800] {dag.py:4180} INFO - Setting next_dagrun for example_short_circuit_decorator to None, run_after=None
[2024-12-13T03:14:54.516-0800] {processor.py:208} INFO - Processing /Users/machine/Velocity_railway/airflow_env/lib/python3.10/site-packages/airflow/example_dags/example_short_circuit_decorator.py took 0.248 seconds
[2024-12-13T03:17:15.627-0800] {processor.py:186} INFO - Started process (PID=83470) to work on /Users/machine/Velocity_railway/airflow_env/lib/python3.10/site-packages/airflow/example_dags/example_short_circuit_decorator.py
[2024-12-13T03:17:15.629-0800] {processor.py:914} INFO - Processing file /Users/machine/Velocity_railway/airflow_env/lib/python3.10/site-packages/airflow/example_dags/example_short_circuit_decorator.py for tasks to queue
[2024-12-13T03:17:15.630-0800] {logging_mixin.py:190} INFO - [2024-12-13T03:17:15.630-0800] {dagbag.py:588} INFO - Filling up the DagBag from /Users/machine/Velocity_railway/airflow_env/lib/python3.10/site-packages/airflow/example_dags/example_short_circuit_decorator.py
[2024-12-13T03:17:15.715-0800] {processor.py:925} INFO - DAG(s) 'example_short_circuit_decorator' retrieved from /Users/machine/Velocity_railway/airflow_env/lib/python3.10/site-packages/airflow/example_dags/example_short_circuit_decorator.py
[2024-12-13T03:17:15.819-0800] {logging_mixin.py:190} INFO - [2024-12-13T03:17:15.818-0800] {dag.py:3239} INFO - Sync 1 DAGs
[2024-12-13T03:17:15.828-0800] {logging_mixin.py:190} INFO - [2024-12-13T03:17:15.828-0800] {dag.py:4180} INFO - Setting next_dagrun for example_short_circuit_decorator to None, run_after=None
[2024-12-13T03:17:15.845-0800] {processor.py:208} INFO - Processing /Users/machine/Velocity_railway/airflow_env/lib/python3.10/site-packages/airflow/example_dags/example_short_circuit_decorator.py took 0.224 seconds
[2024-12-13T03:19:31.302-0800] {processor.py:186} INFO - Started process (PID=83964) to work on /Users/machine/Velocity_railway/airflow_env/lib/python3.10/site-packages/airflow/example_dags/example_short_circuit_decorator.py
[2024-12-13T03:19:31.304-0800] {processor.py:914} INFO - Processing file /Users/machine/Velocity_railway/airflow_env/lib/python3.10/site-packages/airflow/example_dags/example_short_circuit_decorator.py for tasks to queue
[2024-12-13T03:19:31.305-0800] {logging_mixin.py:190} INFO - [2024-12-13T03:19:31.305-0800] {dagbag.py:588} INFO - Filling up the DagBag from /Users/machine/Velocity_railway/airflow_env/lib/python3.10/site-packages/airflow/example_dags/example_short_circuit_decorator.py
[2024-12-13T03:19:31.394-0800] {processor.py:925} INFO - DAG(s) 'example_short_circuit_decorator' retrieved from /Users/machine/Velocity_railway/airflow_env/lib/python3.10/site-packages/airflow/example_dags/example_short_circuit_decorator.py
[2024-12-13T03:19:31.502-0800] {logging_mixin.py:190} INFO - [2024-12-13T03:19:31.501-0800] {dag.py:3239} INFO - Sync 1 DAGs
[2024-12-13T03:19:31.512-0800] {logging_mixin.py:190} INFO - [2024-12-13T03:19:31.512-0800] {dag.py:4180} INFO - Setting next_dagrun for example_short_circuit_decorator to None, run_after=None
[2024-12-13T03:19:31.529-0800] {processor.py:208} INFO - Processing /Users/machine/Velocity_railway/airflow_env/lib/python3.10/site-packages/airflow/example_dags/example_short_circuit_decorator.py took 0.232 seconds
[2024-12-13T03:21:40.712-0800] {processor.py:186} INFO - Started process (PID=84400) to work on /Users/machine/Velocity_railway/airflow_env/lib/python3.10/site-packages/airflow/example_dags/example_short_circuit_decorator.py
[2024-12-13T03:21:40.714-0800] {processor.py:914} INFO - Processing file /Users/machine/Velocity_railway/airflow_env/lib/python3.10/site-packages/airflow/example_dags/example_short_circuit_decorator.py for tasks to queue
[2024-12-13T03:21:40.715-0800] {logging_mixin.py:190} INFO - [2024-12-13T03:21:40.715-0800] {dagbag.py:588} INFO - Filling up the DagBag from /Users/machine/Velocity_railway/airflow_env/lib/python3.10/site-packages/airflow/example_dags/example_short_circuit_decorator.py
[2024-12-13T03:21:40.798-0800] {processor.py:925} INFO - DAG(s) 'example_short_circuit_decorator' retrieved from /Users/machine/Velocity_railway/airflow_env/lib/python3.10/site-packages/airflow/example_dags/example_short_circuit_decorator.py
[2024-12-13T03:21:40.898-0800] {logging_mixin.py:190} INFO - [2024-12-13T03:21:40.898-0800] {dag.py:3239} INFO - Sync 1 DAGs
[2024-12-13T03:21:40.908-0800] {logging_mixin.py:190} INFO - [2024-12-13T03:21:40.908-0800] {dag.py:4180} INFO - Setting next_dagrun for example_short_circuit_decorator to None, run_after=None
[2024-12-13T03:21:40.924-0800] {processor.py:208} INFO - Processing /Users/machine/Velocity_railway/airflow_env/lib/python3.10/site-packages/airflow/example_dags/example_short_circuit_decorator.py took 0.218 seconds
[2024-12-13T03:24:03.359-0800] {processor.py:186} INFO - Started process (PID=84872) to work on /Users/machine/Velocity_railway/airflow_env/lib/python3.10/site-packages/airflow/example_dags/example_short_circuit_decorator.py
[2024-12-13T03:24:03.361-0800] {processor.py:914} INFO - Processing file /Users/machine/Velocity_railway/airflow_env/lib/python3.10/site-packages/airflow/example_dags/example_short_circuit_decorator.py for tasks to queue
[2024-12-13T03:24:03.363-0800] {logging_mixin.py:190} INFO - [2024-12-13T03:24:03.362-0800] {dagbag.py:588} INFO - Filling up the DagBag from /Users/machine/Velocity_railway/airflow_env/lib/python3.10/site-packages/airflow/example_dags/example_short_circuit_decorator.py
[2024-12-13T03:24:03.448-0800] {processor.py:925} INFO - DAG(s) 'example_short_circuit_decorator' retrieved from /Users/machine/Velocity_railway/airflow_env/lib/python3.10/site-packages/airflow/example_dags/example_short_circuit_decorator.py
[2024-12-13T03:24:03.549-0800] {logging_mixin.py:190} INFO - [2024-12-13T03:24:03.548-0800] {dag.py:3239} INFO - Sync 1 DAGs
[2024-12-13T03:24:03.558-0800] {logging_mixin.py:190} INFO - [2024-12-13T03:24:03.558-0800] {dag.py:4180} INFO - Setting next_dagrun for example_short_circuit_decorator to None, run_after=None
[2024-12-13T03:24:03.575-0800] {processor.py:208} INFO - Processing /Users/machine/Velocity_railway/airflow_env/lib/python3.10/site-packages/airflow/example_dags/example_short_circuit_decorator.py took 0.221 seconds
[2024-12-13T03:26:20.250-0800] {processor.py:186} INFO - Started process (PID=85357) to work on /Users/machine/Velocity_railway/airflow_env/lib/python3.10/site-packages/airflow/example_dags/example_short_circuit_decorator.py
[2024-12-13T03:26:20.253-0800] {processor.py:914} INFO - Processing file /Users/machine/Velocity_railway/airflow_env/lib/python3.10/site-packages/airflow/example_dags/example_short_circuit_decorator.py for tasks to queue
[2024-12-13T03:26:20.255-0800] {logging_mixin.py:190} INFO - [2024-12-13T03:26:20.254-0800] {dagbag.py:588} INFO - Filling up the DagBag from /Users/machine/Velocity_railway/airflow_env/lib/python3.10/site-packages/airflow/example_dags/example_short_circuit_decorator.py
[2024-12-13T03:26:20.351-0800] {processor.py:925} INFO - DAG(s) 'example_short_circuit_decorator' retrieved from /Users/machine/Velocity_railway/airflow_env/lib/python3.10/site-packages/airflow/example_dags/example_short_circuit_decorator.py
[2024-12-13T03:26:20.518-0800] {logging_mixin.py:190} INFO - [2024-12-13T03:26:20.518-0800] {dag.py:3239} INFO - Sync 1 DAGs
[2024-12-13T03:26:20.530-0800] {logging_mixin.py:190} INFO - [2024-12-13T03:26:20.530-0800] {dag.py:4180} INFO - Setting next_dagrun for example_short_circuit_decorator to None, run_after=None
[2024-12-13T03:26:20.549-0800] {processor.py:208} INFO - Processing /Users/machine/Velocity_railway/airflow_env/lib/python3.10/site-packages/airflow/example_dags/example_short_circuit_decorator.py took 0.306 seconds
[2024-12-13T03:28:36.992-0800] {processor.py:186} INFO - Started process (PID=85816) to work on /Users/machine/Velocity_railway/airflow_env/lib/python3.10/site-packages/airflow/example_dags/example_short_circuit_decorator.py
[2024-12-13T03:28:36.994-0800] {processor.py:914} INFO - Processing file /Users/machine/Velocity_railway/airflow_env/lib/python3.10/site-packages/airflow/example_dags/example_short_circuit_decorator.py for tasks to queue
[2024-12-13T03:28:36.995-0800] {logging_mixin.py:190} INFO - [2024-12-13T03:28:36.995-0800] {dagbag.py:588} INFO - Filling up the DagBag from /Users/machine/Velocity_railway/airflow_env/lib/python3.10/site-packages/airflow/example_dags/example_short_circuit_decorator.py
[2024-12-13T03:28:37.087-0800] {processor.py:925} INFO - DAG(s) 'example_short_circuit_decorator' retrieved from /Users/machine/Velocity_railway/airflow_env/lib/python3.10/site-packages/airflow/example_dags/example_short_circuit_decorator.py
[2024-12-13T03:28:37.209-0800] {logging_mixin.py:190} INFO - [2024-12-13T03:28:37.209-0800] {dag.py:3239} INFO - Sync 1 DAGs
[2024-12-13T03:28:37.221-0800] {logging_mixin.py:190} INFO - [2024-12-13T03:28:37.221-0800] {dag.py:4180} INFO - Setting next_dagrun for example_short_circuit_decorator to None, run_after=None
[2024-12-13T03:28:37.242-0800] {processor.py:208} INFO - Processing /Users/machine/Velocity_railway/airflow_env/lib/python3.10/site-packages/airflow/example_dags/example_short_circuit_decorator.py took 0.255 seconds
[2024-12-13T03:30:56.700-0800] {processor.py:186} INFO - Started process (PID=86276) to work on /Users/machine/Velocity_railway/airflow_env/lib/python3.10/site-packages/airflow/example_dags/example_short_circuit_decorator.py
[2024-12-13T03:30:56.702-0800] {processor.py:914} INFO - Processing file /Users/machine/Velocity_railway/airflow_env/lib/python3.10/site-packages/airflow/example_dags/example_short_circuit_decorator.py for tasks to queue
[2024-12-13T03:30:56.703-0800] {logging_mixin.py:190} INFO - [2024-12-13T03:30:56.703-0800] {dagbag.py:588} INFO - Filling up the DagBag from /Users/machine/Velocity_railway/airflow_env/lib/python3.10/site-packages/airflow/example_dags/example_short_circuit_decorator.py
[2024-12-13T03:30:56.795-0800] {processor.py:925} INFO - DAG(s) 'example_short_circuit_decorator' retrieved from /Users/machine/Velocity_railway/airflow_env/lib/python3.10/site-packages/airflow/example_dags/example_short_circuit_decorator.py
[2024-12-13T03:30:56.914-0800] {logging_mixin.py:190} INFO - [2024-12-13T03:30:56.913-0800] {dag.py:3239} INFO - Sync 1 DAGs
[2024-12-13T03:30:56.925-0800] {logging_mixin.py:190} INFO - [2024-12-13T03:30:56.924-0800] {dag.py:4180} INFO - Setting next_dagrun for example_short_circuit_decorator to None, run_after=None
[2024-12-13T03:30:56.944-0800] {processor.py:208} INFO - Processing /Users/machine/Velocity_railway/airflow_env/lib/python3.10/site-packages/airflow/example_dags/example_short_circuit_decorator.py took 0.250 seconds
[2024-12-13T03:33:18.083-0800] {processor.py:186} INFO - Started process (PID=86794) to work on /Users/machine/Velocity_railway/airflow_env/lib/python3.10/site-packages/airflow/example_dags/example_short_circuit_decorator.py
[2024-12-13T03:33:18.085-0800] {processor.py:914} INFO - Processing file /Users/machine/Velocity_railway/airflow_env/lib/python3.10/site-packages/airflow/example_dags/example_short_circuit_decorator.py for tasks to queue
[2024-12-13T03:33:18.086-0800] {logging_mixin.py:190} INFO - [2024-12-13T03:33:18.086-0800] {dagbag.py:588} INFO - Filling up the DagBag from /Users/machine/Velocity_railway/airflow_env/lib/python3.10/site-packages/airflow/example_dags/example_short_circuit_decorator.py
[2024-12-13T03:33:18.174-0800] {processor.py:925} INFO - DAG(s) 'example_short_circuit_decorator' retrieved from /Users/machine/Velocity_railway/airflow_env/lib/python3.10/site-packages/airflow/example_dags/example_short_circuit_decorator.py
[2024-12-13T03:33:18.283-0800] {logging_mixin.py:190} INFO - [2024-12-13T03:33:18.283-0800] {dag.py:3239} INFO - Sync 1 DAGs
[2024-12-13T03:33:18.294-0800] {logging_mixin.py:190} INFO - [2024-12-13T03:33:18.293-0800] {dag.py:4180} INFO - Setting next_dagrun for example_short_circuit_decorator to None, run_after=None
[2024-12-13T03:33:18.312-0800] {processor.py:208} INFO - Processing /Users/machine/Velocity_railway/airflow_env/lib/python3.10/site-packages/airflow/example_dags/example_short_circuit_decorator.py took 0.235 seconds
[2024-12-13T03:35:45.935-0800] {processor.py:186} INFO - Started process (PID=87372) to work on /Users/machine/Velocity_railway/airflow_env/lib/python3.10/site-packages/airflow/example_dags/example_short_circuit_decorator.py
[2024-12-13T03:35:45.937-0800] {processor.py:914} INFO - Processing file /Users/machine/Velocity_railway/airflow_env/lib/python3.10/site-packages/airflow/example_dags/example_short_circuit_decorator.py for tasks to queue
[2024-12-13T03:35:45.939-0800] {logging_mixin.py:190} INFO - [2024-12-13T03:35:45.939-0800] {dagbag.py:588} INFO - Filling up the DagBag from /Users/machine/Velocity_railway/airflow_env/lib/python3.10/site-packages/airflow/example_dags/example_short_circuit_decorator.py
[2024-12-13T03:35:46.042-0800] {processor.py:925} INFO - DAG(s) 'example_short_circuit_decorator' retrieved from /Users/machine/Velocity_railway/airflow_env/lib/python3.10/site-packages/airflow/example_dags/example_short_circuit_decorator.py
[2024-12-13T03:35:46.163-0800] {logging_mixin.py:190} INFO - [2024-12-13T03:35:46.163-0800] {dag.py:3239} INFO - Sync 1 DAGs
[2024-12-13T03:35:46.175-0800] {logging_mixin.py:190} INFO - [2024-12-13T03:35:46.175-0800] {dag.py:4180} INFO - Setting next_dagrun for example_short_circuit_decorator to None, run_after=None
[2024-12-13T03:35:46.194-0800] {processor.py:208} INFO - Processing /Users/machine/Velocity_railway/airflow_env/lib/python3.10/site-packages/airflow/example_dags/example_short_circuit_decorator.py took 0.265 seconds
[2024-12-13T03:38:17.031-0800] {processor.py:186} INFO - Started process (PID=87869) to work on /Users/machine/Velocity_railway/airflow_env/lib/python3.10/site-packages/airflow/example_dags/example_short_circuit_decorator.py
[2024-12-13T03:38:17.033-0800] {processor.py:914} INFO - Processing file /Users/machine/Velocity_railway/airflow_env/lib/python3.10/site-packages/airflow/example_dags/example_short_circuit_decorator.py for tasks to queue
[2024-12-13T03:38:17.034-0800] {logging_mixin.py:190} INFO - [2024-12-13T03:38:17.034-0800] {dagbag.py:588} INFO - Filling up the DagBag from /Users/machine/Velocity_railway/airflow_env/lib/python3.10/site-packages/airflow/example_dags/example_short_circuit_decorator.py
[2024-12-13T03:38:17.132-0800] {processor.py:925} INFO - DAG(s) 'example_short_circuit_decorator' retrieved from /Users/machine/Velocity_railway/airflow_env/lib/python3.10/site-packages/airflow/example_dags/example_short_circuit_decorator.py
[2024-12-13T03:38:17.252-0800] {logging_mixin.py:190} INFO - [2024-12-13T03:38:17.252-0800] {dag.py:3239} INFO - Sync 1 DAGs
[2024-12-13T03:38:17.266-0800] {logging_mixin.py:190} INFO - [2024-12-13T03:38:17.265-0800] {dag.py:4180} INFO - Setting next_dagrun for example_short_circuit_decorator to None, run_after=None
[2024-12-13T03:38:17.284-0800] {processor.py:208} INFO - Processing /Users/machine/Velocity_railway/airflow_env/lib/python3.10/site-packages/airflow/example_dags/example_short_circuit_decorator.py took 0.259 seconds
[2024-12-13T03:40:35.141-0800] {processor.py:186} INFO - Started process (PID=88334) to work on /Users/machine/Velocity_railway/airflow_env/lib/python3.10/site-packages/airflow/example_dags/example_short_circuit_decorator.py
[2024-12-13T03:40:35.142-0800] {processor.py:914} INFO - Processing file /Users/machine/Velocity_railway/airflow_env/lib/python3.10/site-packages/airflow/example_dags/example_short_circuit_decorator.py for tasks to queue
[2024-12-13T03:40:35.143-0800] {logging_mixin.py:190} INFO - [2024-12-13T03:40:35.143-0800] {dagbag.py:588} INFO - Filling up the DagBag from /Users/machine/Velocity_railway/airflow_env/lib/python3.10/site-packages/airflow/example_dags/example_short_circuit_decorator.py
[2024-12-13T03:40:35.231-0800] {processor.py:925} INFO - DAG(s) 'example_short_circuit_decorator' retrieved from /Users/machine/Velocity_railway/airflow_env/lib/python3.10/site-packages/airflow/example_dags/example_short_circuit_decorator.py
[2024-12-13T03:40:35.341-0800] {logging_mixin.py:190} INFO - [2024-12-13T03:40:35.341-0800] {dag.py:3239} INFO - Sync 1 DAGs
[2024-12-13T03:40:35.352-0800] {logging_mixin.py:190} INFO - [2024-12-13T03:40:35.351-0800] {dag.py:4180} INFO - Setting next_dagrun for example_short_circuit_decorator to None, run_after=None
[2024-12-13T03:40:35.371-0800] {processor.py:208} INFO - Processing /Users/machine/Velocity_railway/airflow_env/lib/python3.10/site-packages/airflow/example_dags/example_short_circuit_decorator.py took 0.235 seconds
[2024-12-13T03:42:48.958-0800] {processor.py:186} INFO - Started process (PID=88799) to work on /Users/machine/Velocity_railway/airflow_env/lib/python3.10/site-packages/airflow/example_dags/example_short_circuit_decorator.py
[2024-12-13T03:42:48.960-0800] {processor.py:914} INFO - Processing file /Users/machine/Velocity_railway/airflow_env/lib/python3.10/site-packages/airflow/example_dags/example_short_circuit_decorator.py for tasks to queue
[2024-12-13T03:42:48.962-0800] {logging_mixin.py:190} INFO - [2024-12-13T03:42:48.962-0800] {dagbag.py:588} INFO - Filling up the DagBag from /Users/machine/Velocity_railway/airflow_env/lib/python3.10/site-packages/airflow/example_dags/example_short_circuit_decorator.py
[2024-12-13T03:42:49.052-0800] {processor.py:925} INFO - DAG(s) 'example_short_circuit_decorator' retrieved from /Users/machine/Velocity_railway/airflow_env/lib/python3.10/site-packages/airflow/example_dags/example_short_circuit_decorator.py
[2024-12-13T03:42:49.166-0800] {logging_mixin.py:190} INFO - [2024-12-13T03:42:49.166-0800] {dag.py:3239} INFO - Sync 1 DAGs
[2024-12-13T03:42:49.178-0800] {logging_mixin.py:190} INFO - [2024-12-13T03:42:49.177-0800] {dag.py:4180} INFO - Setting next_dagrun for example_short_circuit_decorator to None, run_after=None
[2024-12-13T03:42:49.196-0800] {processor.py:208} INFO - Processing /Users/machine/Velocity_railway/airflow_env/lib/python3.10/site-packages/airflow/example_dags/example_short_circuit_decorator.py took 0.244 seconds
[2024-12-13T03:45:02.593-0800] {processor.py:186} INFO - Started process (PID=89258) to work on /Users/machine/Velocity_railway/airflow_env/lib/python3.10/site-packages/airflow/example_dags/example_short_circuit_decorator.py
[2024-12-13T03:45:02.594-0800] {processor.py:914} INFO - Processing file /Users/machine/Velocity_railway/airflow_env/lib/python3.10/site-packages/airflow/example_dags/example_short_circuit_decorator.py for tasks to queue
[2024-12-13T03:45:02.595-0800] {logging_mixin.py:190} INFO - [2024-12-13T03:45:02.595-0800] {dagbag.py:588} INFO - Filling up the DagBag from /Users/machine/Velocity_railway/airflow_env/lib/python3.10/site-packages/airflow/example_dags/example_short_circuit_decorator.py
[2024-12-13T03:45:02.689-0800] {processor.py:925} INFO - DAG(s) 'example_short_circuit_decorator' retrieved from /Users/machine/Velocity_railway/airflow_env/lib/python3.10/site-packages/airflow/example_dags/example_short_circuit_decorator.py
[2024-12-13T03:45:02.792-0800] {logging_mixin.py:190} INFO - [2024-12-13T03:45:02.792-0800] {dag.py:3239} INFO - Sync 1 DAGs
[2024-12-13T03:45:02.802-0800] {logging_mixin.py:190} INFO - [2024-12-13T03:45:02.801-0800] {dag.py:4180} INFO - Setting next_dagrun for example_short_circuit_decorator to None, run_after=None
[2024-12-13T03:45:02.826-0800] {processor.py:208} INFO - Processing /Users/machine/Velocity_railway/airflow_env/lib/python3.10/site-packages/airflow/example_dags/example_short_circuit_decorator.py took 0.239 seconds
[2024-12-13T03:47:15.030-0800] {processor.py:186} INFO - Started process (PID=89697) to work on /Users/machine/Velocity_railway/airflow_env/lib/python3.10/site-packages/airflow/example_dags/example_short_circuit_decorator.py
[2024-12-13T03:47:15.032-0800] {processor.py:914} INFO - Processing file /Users/machine/Velocity_railway/airflow_env/lib/python3.10/site-packages/airflow/example_dags/example_short_circuit_decorator.py for tasks to queue
[2024-12-13T03:47:15.033-0800] {logging_mixin.py:190} INFO - [2024-12-13T03:47:15.033-0800] {dagbag.py:588} INFO - Filling up the DagBag from /Users/machine/Velocity_railway/airflow_env/lib/python3.10/site-packages/airflow/example_dags/example_short_circuit_decorator.py
[2024-12-13T03:47:15.128-0800] {processor.py:925} INFO - DAG(s) 'example_short_circuit_decorator' retrieved from /Users/machine/Velocity_railway/airflow_env/lib/python3.10/site-packages/airflow/example_dags/example_short_circuit_decorator.py
[2024-12-13T03:47:15.248-0800] {logging_mixin.py:190} INFO - [2024-12-13T03:47:15.247-0800] {dag.py:3239} INFO - Sync 1 DAGs
[2024-12-13T03:47:15.258-0800] {logging_mixin.py:190} INFO - [2024-12-13T03:47:15.258-0800] {dag.py:4180} INFO - Setting next_dagrun for example_short_circuit_decorator to None, run_after=None
[2024-12-13T03:47:15.277-0800] {processor.py:208} INFO - Processing /Users/machine/Velocity_railway/airflow_env/lib/python3.10/site-packages/airflow/example_dags/example_short_circuit_decorator.py took 0.253 seconds
[2024-12-13T03:49:31.136-0800] {processor.py:186} INFO - Started process (PID=90175) to work on /Users/machine/Velocity_railway/airflow_env/lib/python3.10/site-packages/airflow/example_dags/example_short_circuit_decorator.py
[2024-12-13T03:49:31.138-0800] {processor.py:914} INFO - Processing file /Users/machine/Velocity_railway/airflow_env/lib/python3.10/site-packages/airflow/example_dags/example_short_circuit_decorator.py for tasks to queue
[2024-12-13T03:49:31.139-0800] {logging_mixin.py:190} INFO - [2024-12-13T03:49:31.139-0800] {dagbag.py:588} INFO - Filling up the DagBag from /Users/machine/Velocity_railway/airflow_env/lib/python3.10/site-packages/airflow/example_dags/example_short_circuit_decorator.py
[2024-12-13T03:49:31.225-0800] {processor.py:925} INFO - DAG(s) 'example_short_circuit_decorator' retrieved from /Users/machine/Velocity_railway/airflow_env/lib/python3.10/site-packages/airflow/example_dags/example_short_circuit_decorator.py
[2024-12-13T03:49:31.331-0800] {logging_mixin.py:190} INFO - [2024-12-13T03:49:31.330-0800] {dag.py:3239} INFO - Sync 1 DAGs
[2024-12-13T03:49:31.341-0800] {logging_mixin.py:190} INFO - [2024-12-13T03:49:31.340-0800] {dag.py:4180} INFO - Setting next_dagrun for example_short_circuit_decorator to None, run_after=None
[2024-12-13T03:49:31.358-0800] {processor.py:208} INFO - Processing /Users/machine/Velocity_railway/airflow_env/lib/python3.10/site-packages/airflow/example_dags/example_short_circuit_decorator.py took 0.227 seconds
[2024-12-13T03:51:49.118-0800] {processor.py:186} INFO - Started process (PID=90655) to work on /Users/machine/Velocity_railway/airflow_env/lib/python3.10/site-packages/airflow/example_dags/example_short_circuit_decorator.py
[2024-12-13T03:51:49.119-0800] {processor.py:914} INFO - Processing file /Users/machine/Velocity_railway/airflow_env/lib/python3.10/site-packages/airflow/example_dags/example_short_circuit_decorator.py for tasks to queue
[2024-12-13T03:51:49.120-0800] {logging_mixin.py:190} INFO - [2024-12-13T03:51:49.120-0800] {dagbag.py:588} INFO - Filling up the DagBag from /Users/machine/Velocity_railway/airflow_env/lib/python3.10/site-packages/airflow/example_dags/example_short_circuit_decorator.py
[2024-12-13T03:51:49.206-0800] {processor.py:925} INFO - DAG(s) 'example_short_circuit_decorator' retrieved from /Users/machine/Velocity_railway/airflow_env/lib/python3.10/site-packages/airflow/example_dags/example_short_circuit_decorator.py
[2024-12-13T03:51:49.309-0800] {logging_mixin.py:190} INFO - [2024-12-13T03:51:49.308-0800] {dag.py:3239} INFO - Sync 1 DAGs
[2024-12-13T03:51:49.318-0800] {logging_mixin.py:190} INFO - [2024-12-13T03:51:49.318-0800] {dag.py:4180} INFO - Setting next_dagrun for example_short_circuit_decorator to None, run_after=None
[2024-12-13T03:51:49.335-0800] {processor.py:208} INFO - Processing /Users/machine/Velocity_railway/airflow_env/lib/python3.10/site-packages/airflow/example_dags/example_short_circuit_decorator.py took 0.223 seconds
[2024-12-13T03:54:11.669-0800] {processor.py:186} INFO - Started process (PID=91158) to work on /Users/machine/Velocity_railway/airflow_env/lib/python3.10/site-packages/airflow/example_dags/example_short_circuit_decorator.py
[2024-12-13T03:54:11.670-0800] {processor.py:914} INFO - Processing file /Users/machine/Velocity_railway/airflow_env/lib/python3.10/site-packages/airflow/example_dags/example_short_circuit_decorator.py for tasks to queue
[2024-12-13T03:54:11.671-0800] {logging_mixin.py:190} INFO - [2024-12-13T03:54:11.671-0800] {dagbag.py:588} INFO - Filling up the DagBag from /Users/machine/Velocity_railway/airflow_env/lib/python3.10/site-packages/airflow/example_dags/example_short_circuit_decorator.py
[2024-12-13T03:54:11.758-0800] {processor.py:925} INFO - DAG(s) 'example_short_circuit_decorator' retrieved from /Users/machine/Velocity_railway/airflow_env/lib/python3.10/site-packages/airflow/example_dags/example_short_circuit_decorator.py
[2024-12-13T03:54:11.882-0800] {logging_mixin.py:190} INFO - [2024-12-13T03:54:11.882-0800] {dag.py:3239} INFO - Sync 1 DAGs
[2024-12-13T03:54:11.894-0800] {logging_mixin.py:190} INFO - [2024-12-13T03:54:11.893-0800] {dag.py:4180} INFO - Setting next_dagrun for example_short_circuit_decorator to None, run_after=None
[2024-12-13T03:54:11.914-0800] {processor.py:208} INFO - Processing /Users/machine/Velocity_railway/airflow_env/lib/python3.10/site-packages/airflow/example_dags/example_short_circuit_decorator.py took 0.251 seconds
[2024-12-13T03:56:36.192-0800] {processor.py:186} INFO - Started process (PID=91759) to work on /Users/machine/Velocity_railway/airflow_env/lib/python3.10/site-packages/airflow/example_dags/example_short_circuit_decorator.py
[2024-12-13T03:56:36.194-0800] {processor.py:914} INFO - Processing file /Users/machine/Velocity_railway/airflow_env/lib/python3.10/site-packages/airflow/example_dags/example_short_circuit_decorator.py for tasks to queue
[2024-12-13T03:56:36.196-0800] {logging_mixin.py:190} INFO - [2024-12-13T03:56:36.195-0800] {dagbag.py:588} INFO - Filling up the DagBag from /Users/machine/Velocity_railway/airflow_env/lib/python3.10/site-packages/airflow/example_dags/example_short_circuit_decorator.py
[2024-12-13T03:56:36.284-0800] {processor.py:925} INFO - DAG(s) 'example_short_circuit_decorator' retrieved from /Users/machine/Velocity_railway/airflow_env/lib/python3.10/site-packages/airflow/example_dags/example_short_circuit_decorator.py
[2024-12-13T03:56:36.401-0800] {logging_mixin.py:190} INFO - [2024-12-13T03:56:36.401-0800] {dag.py:3239} INFO - Sync 1 DAGs
[2024-12-13T03:56:36.413-0800] {logging_mixin.py:190} INFO - [2024-12-13T03:56:36.412-0800] {dag.py:4180} INFO - Setting next_dagrun for example_short_circuit_decorator to None, run_after=None
[2024-12-13T03:56:36.432-0800] {processor.py:208} INFO - Processing /Users/machine/Velocity_railway/airflow_env/lib/python3.10/site-packages/airflow/example_dags/example_short_circuit_decorator.py took 0.245 seconds
[2024-12-13T03:59:02.887-0800] {processor.py:186} INFO - Started process (PID=92381) to work on /Users/machine/Velocity_railway/airflow_env/lib/python3.10/site-packages/airflow/example_dags/example_short_circuit_decorator.py
[2024-12-13T03:59:02.889-0800] {processor.py:914} INFO - Processing file /Users/machine/Velocity_railway/airflow_env/lib/python3.10/site-packages/airflow/example_dags/example_short_circuit_decorator.py for tasks to queue
[2024-12-13T03:59:02.891-0800] {logging_mixin.py:190} INFO - [2024-12-13T03:59:02.890-0800] {dagbag.py:588} INFO - Filling up the DagBag from /Users/machine/Velocity_railway/airflow_env/lib/python3.10/site-packages/airflow/example_dags/example_short_circuit_decorator.py
[2024-12-13T03:59:02.980-0800] {processor.py:925} INFO - DAG(s) 'example_short_circuit_decorator' retrieved from /Users/machine/Velocity_railway/airflow_env/lib/python3.10/site-packages/airflow/example_dags/example_short_circuit_decorator.py
[2024-12-13T03:59:03.098-0800] {logging_mixin.py:190} INFO - [2024-12-13T03:59:03.098-0800] {dag.py:3239} INFO - Sync 1 DAGs
[2024-12-13T03:59:03.111-0800] {logging_mixin.py:190} INFO - [2024-12-13T03:59:03.110-0800] {dag.py:4180} INFO - Setting next_dagrun for example_short_circuit_decorator to None, run_after=None
[2024-12-13T03:59:03.130-0800] {processor.py:208} INFO - Processing /Users/machine/Velocity_railway/airflow_env/lib/python3.10/site-packages/airflow/example_dags/example_short_circuit_decorator.py took 0.248 seconds
[2024-12-13T05:50:08.460-0800] {processor.py:186} INFO - Started process (PID=93206) to work on /Users/machine/Velocity_railway/airflow_env/lib/python3.10/site-packages/airflow/example_dags/example_short_circuit_decorator.py
[2024-12-13T05:50:08.462-0800] {processor.py:914} INFO - Processing file /Users/machine/Velocity_railway/airflow_env/lib/python3.10/site-packages/airflow/example_dags/example_short_circuit_decorator.py for tasks to queue
[2024-12-13T05:50:08.463-0800] {logging_mixin.py:190} INFO - [2024-12-13T05:50:08.463-0800] {dagbag.py:588} INFO - Filling up the DagBag from /Users/machine/Velocity_railway/airflow_env/lib/python3.10/site-packages/airflow/example_dags/example_short_circuit_decorator.py
[2024-12-13T05:50:08.547-0800] {processor.py:925} INFO - DAG(s) 'example_short_circuit_decorator' retrieved from /Users/machine/Velocity_railway/airflow_env/lib/python3.10/site-packages/airflow/example_dags/example_short_circuit_decorator.py
[2024-12-13T05:50:08.666-0800] {logging_mixin.py:190} INFO - [2024-12-13T05:50:08.665-0800] {dag.py:3239} INFO - Sync 1 DAGs
[2024-12-13T05:50:08.677-0800] {logging_mixin.py:190} INFO - [2024-12-13T05:50:08.677-0800] {dag.py:4180} INFO - Setting next_dagrun for example_short_circuit_decorator to None, run_after=None
[2024-12-13T05:50:08.696-0800] {processor.py:208} INFO - Processing /Users/machine/Velocity_railway/airflow_env/lib/python3.10/site-packages/airflow/example_dags/example_short_circuit_decorator.py took 0.243 seconds
