[2024-12-13T03:10:16.913-0800] {processor.py:186} INFO - Started process (PID=82089) to work on /Users/machine/Velocity_railway/airflow_env/lib/python3.10/site-packages/airflow/example_dags/example_dynamic_task_mapping_with_no_taskflow_operators.py
[2024-12-13T03:10:16.914-0800] {processor.py:914} INFO - Processing file /Users/machine/Velocity_railway/airflow_env/lib/python3.10/site-packages/airflow/example_dags/example_dynamic_task_mapping_with_no_taskflow_operators.py for tasks to queue
[2024-12-13T03:10:16.916-0800] {logging_mixin.py:190} INFO - [2024-12-13T03:10:16.916-0800] {dagbag.py:588} INFO - Filling up the DagBag from /Users/machine/Velocity_railway/airflow_env/lib/python3.10/site-packages/airflow/example_dags/example_dynamic_task_mapping_with_no_taskflow_operators.py
[2024-12-13T03:10:16.925-0800] {processor.py:925} INFO - DAG(s) 'example_dynamic_task_mapping_with_no_taskflow_operators' retrieved from /Users/machine/Velocity_railway/airflow_env/lib/python3.10/site-packages/airflow/example_dags/example_dynamic_task_mapping_with_no_taskflow_operators.py
[2024-12-13T03:10:17.197-0800] {logging_mixin.py:190} INFO - [2024-12-13T03:10:17.196-0800] {override.py:1911} INFO - Created Permission View: can delete on DAG:example_dynamic_task_mapping_with_no_taskflow_operators
[2024-12-13T03:10:17.206-0800] {logging_mixin.py:190} INFO - [2024-12-13T03:10:17.206-0800] {override.py:1911} INFO - Created Permission View: can read on DAG:example_dynamic_task_mapping_with_no_taskflow_operators
[2024-12-13T03:10:17.213-0800] {logging_mixin.py:190} INFO - [2024-12-13T03:10:17.213-0800] {override.py:1911} INFO - Created Permission View: can edit on DAG:example_dynamic_task_mapping_with_no_taskflow_operators
[2024-12-13T03:10:17.222-0800] {logging_mixin.py:190} INFO - [2024-12-13T03:10:17.221-0800] {override.py:1911} INFO - Created Permission View: menu access on DAG Run:example_dynamic_task_mapping_with_no_taskflow_operators
[2024-12-13T03:10:17.230-0800] {logging_mixin.py:190} INFO - [2024-12-13T03:10:17.229-0800] {override.py:1911} INFO - Created Permission View: can delete on DAG Run:example_dynamic_task_mapping_with_no_taskflow_operators
[2024-12-13T03:10:17.236-0800] {logging_mixin.py:190} INFO - [2024-12-13T03:10:17.235-0800] {override.py:1911} INFO - Created Permission View: can read on DAG Run:example_dynamic_task_mapping_with_no_taskflow_operators
[2024-12-13T03:10:17.243-0800] {logging_mixin.py:190} INFO - [2024-12-13T03:10:17.242-0800] {override.py:1911} INFO - Created Permission View: can create on DAG Run:example_dynamic_task_mapping_with_no_taskflow_operators
[2024-12-13T03:10:17.243-0800] {logging_mixin.py:190} INFO - [2024-12-13T03:10:17.243-0800] {dag.py:3239} INFO - Sync 1 DAGs
[2024-12-13T03:10:17.257-0800] {logging_mixin.py:190} INFO - [2024-12-13T03:10:17.256-0800] {dag.py:3262} INFO - Creating ORM DAG for example_dynamic_task_mapping_with_no_taskflow_operators
[2024-12-13T03:10:17.257-0800] {logging_mixin.py:190} INFO - [2024-12-13T03:10:17.257-0800] {dag.py:4180} INFO - Setting next_dagrun for example_dynamic_task_mapping_with_no_taskflow_operators to None, run_after=None
[2024-12-13T03:10:17.275-0800] {processor.py:208} INFO - Processing /Users/machine/Velocity_railway/airflow_env/lib/python3.10/site-packages/airflow/example_dags/example_dynamic_task_mapping_with_no_taskflow_operators.py took 0.370 seconds
[2024-12-13T03:13:21.857-0800] {processor.py:186} INFO - Started process (PID=82693) to work on /Users/machine/Velocity_railway/airflow_env/lib/python3.10/site-packages/airflow/example_dags/example_dynamic_task_mapping_with_no_taskflow_operators.py
[2024-12-13T03:13:21.859-0800] {processor.py:914} INFO - Processing file /Users/machine/Velocity_railway/airflow_env/lib/python3.10/site-packages/airflow/example_dags/example_dynamic_task_mapping_with_no_taskflow_operators.py for tasks to queue
[2024-12-13T03:13:21.860-0800] {logging_mixin.py:190} INFO - [2024-12-13T03:13:21.860-0800] {dagbag.py:588} INFO - Filling up the DagBag from /Users/machine/Velocity_railway/airflow_env/lib/python3.10/site-packages/airflow/example_dags/example_dynamic_task_mapping_with_no_taskflow_operators.py
[2024-12-13T03:13:21.871-0800] {processor.py:925} INFO - DAG(s) 'example_dynamic_task_mapping_with_no_taskflow_operators' retrieved from /Users/machine/Velocity_railway/airflow_env/lib/python3.10/site-packages/airflow/example_dags/example_dynamic_task_mapping_with_no_taskflow_operators.py
[2024-12-13T03:13:22.052-0800] {logging_mixin.py:190} INFO - [2024-12-13T03:13:22.052-0800] {dag.py:3239} INFO - Sync 1 DAGs
[2024-12-13T03:13:22.065-0800] {logging_mixin.py:190} INFO - [2024-12-13T03:13:22.065-0800] {dag.py:4180} INFO - Setting next_dagrun for example_dynamic_task_mapping_with_no_taskflow_operators to None, run_after=None
[2024-12-13T03:13:22.084-0800] {processor.py:208} INFO - Processing /Users/machine/Velocity_railway/airflow_env/lib/python3.10/site-packages/airflow/example_dags/example_dynamic_task_mapping_with_no_taskflow_operators.py took 0.234 seconds
[2024-12-13T03:18:04.807-0800] {processor.py:186} INFO - Started process (PID=83654) to work on /Users/machine/Velocity_railway/airflow_env/lib/python3.10/site-packages/airflow/example_dags/example_dynamic_task_mapping_with_no_taskflow_operators.py
[2024-12-13T03:18:04.808-0800] {processor.py:914} INFO - Processing file /Users/machine/Velocity_railway/airflow_env/lib/python3.10/site-packages/airflow/example_dags/example_dynamic_task_mapping_with_no_taskflow_operators.py for tasks to queue
[2024-12-13T03:18:04.810-0800] {logging_mixin.py:190} INFO - [2024-12-13T03:18:04.809-0800] {dagbag.py:588} INFO - Filling up the DagBag from /Users/machine/Velocity_railway/airflow_env/lib/python3.10/site-packages/airflow/example_dags/example_dynamic_task_mapping_with_no_taskflow_operators.py
[2024-12-13T03:18:04.821-0800] {processor.py:925} INFO - DAG(s) 'example_dynamic_task_mapping_with_no_taskflow_operators' retrieved from /Users/machine/Velocity_railway/airflow_env/lib/python3.10/site-packages/airflow/example_dags/example_dynamic_task_mapping_with_no_taskflow_operators.py
[2024-12-13T03:18:04.976-0800] {logging_mixin.py:190} INFO - [2024-12-13T03:18:04.975-0800] {dag.py:3239} INFO - Sync 1 DAGs
[2024-12-13T03:18:04.987-0800] {logging_mixin.py:190} INFO - [2024-12-13T03:18:04.987-0800] {dag.py:4180} INFO - Setting next_dagrun for example_dynamic_task_mapping_with_no_taskflow_operators to None, run_after=None
[2024-12-13T03:18:05.004-0800] {processor.py:208} INFO - Processing /Users/machine/Velocity_railway/airflow_env/lib/python3.10/site-packages/airflow/example_dags/example_dynamic_task_mapping_with_no_taskflow_operators.py took 0.202 seconds
[2024-12-13T03:22:29.205-0800] {processor.py:186} INFO - Started process (PID=84568) to work on /Users/machine/Velocity_railway/airflow_env/lib/python3.10/site-packages/airflow/example_dags/example_dynamic_task_mapping_with_no_taskflow_operators.py
[2024-12-13T03:22:29.207-0800] {processor.py:914} INFO - Processing file /Users/machine/Velocity_railway/airflow_env/lib/python3.10/site-packages/airflow/example_dags/example_dynamic_task_mapping_with_no_taskflow_operators.py for tasks to queue
[2024-12-13T03:22:29.208-0800] {logging_mixin.py:190} INFO - [2024-12-13T03:22:29.208-0800] {dagbag.py:588} INFO - Filling up the DagBag from /Users/machine/Velocity_railway/airflow_env/lib/python3.10/site-packages/airflow/example_dags/example_dynamic_task_mapping_with_no_taskflow_operators.py
[2024-12-13T03:22:29.218-0800] {processor.py:925} INFO - DAG(s) 'example_dynamic_task_mapping_with_no_taskflow_operators' retrieved from /Users/machine/Velocity_railway/airflow_env/lib/python3.10/site-packages/airflow/example_dags/example_dynamic_task_mapping_with_no_taskflow_operators.py
[2024-12-13T03:22:29.373-0800] {logging_mixin.py:190} INFO - [2024-12-13T03:22:29.372-0800] {dag.py:3239} INFO - Sync 1 DAGs
[2024-12-13T03:22:29.384-0800] {logging_mixin.py:190} INFO - [2024-12-13T03:22:29.384-0800] {dag.py:4180} INFO - Setting next_dagrun for example_dynamic_task_mapping_with_no_taskflow_operators to None, run_after=None
[2024-12-13T03:22:29.400-0800] {processor.py:208} INFO - Processing /Users/machine/Velocity_railway/airflow_env/lib/python3.10/site-packages/airflow/example_dags/example_dynamic_task_mapping_with_no_taskflow_operators.py took 0.202 seconds
[2024-12-13T03:27:08.059-0800] {processor.py:186} INFO - Started process (PID=85509) to work on /Users/machine/Velocity_railway/airflow_env/lib/python3.10/site-packages/airflow/example_dags/example_dynamic_task_mapping_with_no_taskflow_operators.py
[2024-12-13T03:27:08.061-0800] {processor.py:914} INFO - Processing file /Users/machine/Velocity_railway/airflow_env/lib/python3.10/site-packages/airflow/example_dags/example_dynamic_task_mapping_with_no_taskflow_operators.py for tasks to queue
[2024-12-13T03:27:08.062-0800] {logging_mixin.py:190} INFO - [2024-12-13T03:27:08.062-0800] {dagbag.py:588} INFO - Filling up the DagBag from /Users/machine/Velocity_railway/airflow_env/lib/python3.10/site-packages/airflow/example_dags/example_dynamic_task_mapping_with_no_taskflow_operators.py
[2024-12-13T03:27:08.070-0800] {processor.py:925} INFO - DAG(s) 'example_dynamic_task_mapping_with_no_taskflow_operators' retrieved from /Users/machine/Velocity_railway/airflow_env/lib/python3.10/site-packages/airflow/example_dags/example_dynamic_task_mapping_with_no_taskflow_operators.py
[2024-12-13T03:27:08.227-0800] {logging_mixin.py:190} INFO - [2024-12-13T03:27:08.227-0800] {dag.py:3239} INFO - Sync 1 DAGs
[2024-12-13T03:27:08.240-0800] {logging_mixin.py:190} INFO - [2024-12-13T03:27:08.240-0800] {dag.py:4180} INFO - Setting next_dagrun for example_dynamic_task_mapping_with_no_taskflow_operators to None, run_after=None
[2024-12-13T03:27:08.257-0800] {processor.py:208} INFO - Processing /Users/machine/Velocity_railway/airflow_env/lib/python3.10/site-packages/airflow/example_dags/example_dynamic_task_mapping_with_no_taskflow_operators.py took 0.203 seconds
[2024-12-13T03:31:50.539-0800] {processor.py:186} INFO - Started process (PID=86476) to work on /Users/machine/Velocity_railway/airflow_env/lib/python3.10/site-packages/airflow/example_dags/example_dynamic_task_mapping_with_no_taskflow_operators.py
[2024-12-13T03:31:50.540-0800] {processor.py:914} INFO - Processing file /Users/machine/Velocity_railway/airflow_env/lib/python3.10/site-packages/airflow/example_dags/example_dynamic_task_mapping_with_no_taskflow_operators.py for tasks to queue
[2024-12-13T03:31:50.541-0800] {logging_mixin.py:190} INFO - [2024-12-13T03:31:50.541-0800] {dagbag.py:588} INFO - Filling up the DagBag from /Users/machine/Velocity_railway/airflow_env/lib/python3.10/site-packages/airflow/example_dags/example_dynamic_task_mapping_with_no_taskflow_operators.py
[2024-12-13T03:31:50.550-0800] {processor.py:925} INFO - DAG(s) 'example_dynamic_task_mapping_with_no_taskflow_operators' retrieved from /Users/machine/Velocity_railway/airflow_env/lib/python3.10/site-packages/airflow/example_dags/example_dynamic_task_mapping_with_no_taskflow_operators.py
[2024-12-13T03:31:50.713-0800] {logging_mixin.py:190} INFO - [2024-12-13T03:31:50.712-0800] {dag.py:3239} INFO - Sync 1 DAGs
[2024-12-13T03:31:50.723-0800] {logging_mixin.py:190} INFO - [2024-12-13T03:31:50.723-0800] {dag.py:4180} INFO - Setting next_dagrun for example_dynamic_task_mapping_with_no_taskflow_operators to None, run_after=None
[2024-12-13T03:31:50.739-0800] {processor.py:208} INFO - Processing /Users/machine/Velocity_railway/airflow_env/lib/python3.10/site-packages/airflow/example_dags/example_dynamic_task_mapping_with_no_taskflow_operators.py took 0.207 seconds
[2024-12-13T03:36:37.810-0800] {processor.py:186} INFO - Started process (PID=87552) to work on /Users/machine/Velocity_railway/airflow_env/lib/python3.10/site-packages/airflow/example_dags/example_dynamic_task_mapping_with_no_taskflow_operators.py
[2024-12-13T03:36:37.813-0800] {processor.py:914} INFO - Processing file /Users/machine/Velocity_railway/airflow_env/lib/python3.10/site-packages/airflow/example_dags/example_dynamic_task_mapping_with_no_taskflow_operators.py for tasks to queue
[2024-12-13T03:36:37.815-0800] {logging_mixin.py:190} INFO - [2024-12-13T03:36:37.814-0800] {dagbag.py:588} INFO - Filling up the DagBag from /Users/machine/Velocity_railway/airflow_env/lib/python3.10/site-packages/airflow/example_dags/example_dynamic_task_mapping_with_no_taskflow_operators.py
[2024-12-13T03:36:37.826-0800] {processor.py:925} INFO - DAG(s) 'example_dynamic_task_mapping_with_no_taskflow_operators' retrieved from /Users/machine/Velocity_railway/airflow_env/lib/python3.10/site-packages/airflow/example_dags/example_dynamic_task_mapping_with_no_taskflow_operators.py
[2024-12-13T03:36:37.999-0800] {logging_mixin.py:190} INFO - [2024-12-13T03:36:37.999-0800] {dag.py:3239} INFO - Sync 1 DAGs
[2024-12-13T03:36:38.013-0800] {logging_mixin.py:190} INFO - [2024-12-13T03:36:38.012-0800] {dag.py:4180} INFO - Setting next_dagrun for example_dynamic_task_mapping_with_no_taskflow_operators to None, run_after=None
[2024-12-13T03:36:38.030-0800] {processor.py:208} INFO - Processing /Users/machine/Velocity_railway/airflow_env/lib/python3.10/site-packages/airflow/example_dags/example_dynamic_task_mapping_with_no_taskflow_operators.py took 0.226 seconds
[2024-12-13T03:41:23.012-0800] {processor.py:186} INFO - Started process (PID=88507) to work on /Users/machine/Velocity_railway/airflow_env/lib/python3.10/site-packages/airflow/example_dags/example_dynamic_task_mapping_with_no_taskflow_operators.py
[2024-12-13T03:41:23.014-0800] {processor.py:914} INFO - Processing file /Users/machine/Velocity_railway/airflow_env/lib/python3.10/site-packages/airflow/example_dags/example_dynamic_task_mapping_with_no_taskflow_operators.py for tasks to queue
[2024-12-13T03:41:23.015-0800] {logging_mixin.py:190} INFO - [2024-12-13T03:41:23.015-0800] {dagbag.py:588} INFO - Filling up the DagBag from /Users/machine/Velocity_railway/airflow_env/lib/python3.10/site-packages/airflow/example_dags/example_dynamic_task_mapping_with_no_taskflow_operators.py
[2024-12-13T03:41:23.023-0800] {processor.py:925} INFO - DAG(s) 'example_dynamic_task_mapping_with_no_taskflow_operators' retrieved from /Users/machine/Velocity_railway/airflow_env/lib/python3.10/site-packages/airflow/example_dags/example_dynamic_task_mapping_with_no_taskflow_operators.py
[2024-12-13T03:41:23.164-0800] {logging_mixin.py:190} INFO - [2024-12-13T03:41:23.164-0800] {dag.py:3239} INFO - Sync 1 DAGs
[2024-12-13T03:41:23.175-0800] {logging_mixin.py:190} INFO - [2024-12-13T03:41:23.174-0800] {dag.py:4180} INFO - Setting next_dagrun for example_dynamic_task_mapping_with_no_taskflow_operators to None, run_after=None
[2024-12-13T03:41:23.190-0800] {processor.py:208} INFO - Processing /Users/machine/Velocity_railway/airflow_env/lib/python3.10/site-packages/airflow/example_dags/example_dynamic_task_mapping_with_no_taskflow_operators.py took 0.184 seconds
[2024-12-13T03:45:51.578-0800] {processor.py:186} INFO - Started process (PID=89419) to work on /Users/machine/Velocity_railway/airflow_env/lib/python3.10/site-packages/airflow/example_dags/example_dynamic_task_mapping_with_no_taskflow_operators.py
[2024-12-13T03:45:51.579-0800] {processor.py:914} INFO - Processing file /Users/machine/Velocity_railway/airflow_env/lib/python3.10/site-packages/airflow/example_dags/example_dynamic_task_mapping_with_no_taskflow_operators.py for tasks to queue
[2024-12-13T03:45:51.581-0800] {logging_mixin.py:190} INFO - [2024-12-13T03:45:51.580-0800] {dagbag.py:588} INFO - Filling up the DagBag from /Users/machine/Velocity_railway/airflow_env/lib/python3.10/site-packages/airflow/example_dags/example_dynamic_task_mapping_with_no_taskflow_operators.py
[2024-12-13T03:45:51.588-0800] {processor.py:925} INFO - DAG(s) 'example_dynamic_task_mapping_with_no_taskflow_operators' retrieved from /Users/machine/Velocity_railway/airflow_env/lib/python3.10/site-packages/airflow/example_dags/example_dynamic_task_mapping_with_no_taskflow_operators.py
[2024-12-13T03:45:51.738-0800] {logging_mixin.py:190} INFO - [2024-12-13T03:45:51.738-0800] {dag.py:3239} INFO - Sync 1 DAGs
[2024-12-13T03:45:51.748-0800] {logging_mixin.py:190} INFO - [2024-12-13T03:45:51.748-0800] {dag.py:4180} INFO - Setting next_dagrun for example_dynamic_task_mapping_with_no_taskflow_operators to None, run_after=None
[2024-12-13T03:45:51.766-0800] {processor.py:208} INFO - Processing /Users/machine/Velocity_railway/airflow_env/lib/python3.10/site-packages/airflow/example_dags/example_dynamic_task_mapping_with_no_taskflow_operators.py took 0.194 seconds
[2024-12-13T03:50:21.923-0800] {processor.py:186} INFO - Started process (PID=90371) to work on /Users/machine/Velocity_railway/airflow_env/lib/python3.10/site-packages/airflow/example_dags/example_dynamic_task_mapping_with_no_taskflow_operators.py
[2024-12-13T03:50:21.925-0800] {processor.py:914} INFO - Processing file /Users/machine/Velocity_railway/airflow_env/lib/python3.10/site-packages/airflow/example_dags/example_dynamic_task_mapping_with_no_taskflow_operators.py for tasks to queue
[2024-12-13T03:50:21.927-0800] {logging_mixin.py:190} INFO - [2024-12-13T03:50:21.926-0800] {dagbag.py:588} INFO - Filling up the DagBag from /Users/machine/Velocity_railway/airflow_env/lib/python3.10/site-packages/airflow/example_dags/example_dynamic_task_mapping_with_no_taskflow_operators.py
[2024-12-13T03:50:21.934-0800] {processor.py:925} INFO - DAG(s) 'example_dynamic_task_mapping_with_no_taskflow_operators' retrieved from /Users/machine/Velocity_railway/airflow_env/lib/python3.10/site-packages/airflow/example_dags/example_dynamic_task_mapping_with_no_taskflow_operators.py
[2024-12-13T03:50:22.089-0800] {logging_mixin.py:190} INFO - [2024-12-13T03:50:22.089-0800] {dag.py:3239} INFO - Sync 1 DAGs
[2024-12-13T03:50:22.101-0800] {logging_mixin.py:190} INFO - [2024-12-13T03:50:22.101-0800] {dag.py:4180} INFO - Setting next_dagrun for example_dynamic_task_mapping_with_no_taskflow_operators to None, run_after=None
[2024-12-13T03:50:22.119-0800] {processor.py:208} INFO - Processing /Users/machine/Velocity_railway/airflow_env/lib/python3.10/site-packages/airflow/example_dags/example_dynamic_task_mapping_with_no_taskflow_operators.py took 0.202 seconds
[2024-12-13T03:55:01.708-0800] {processor.py:186} INFO - Started process (PID=91349) to work on /Users/machine/Velocity_railway/airflow_env/lib/python3.10/site-packages/airflow/example_dags/example_dynamic_task_mapping_with_no_taskflow_operators.py
[2024-12-13T03:55:01.710-0800] {processor.py:914} INFO - Processing file /Users/machine/Velocity_railway/airflow_env/lib/python3.10/site-packages/airflow/example_dags/example_dynamic_task_mapping_with_no_taskflow_operators.py for tasks to queue
[2024-12-13T03:55:01.711-0800] {logging_mixin.py:190} INFO - [2024-12-13T03:55:01.711-0800] {dagbag.py:588} INFO - Filling up the DagBag from /Users/machine/Velocity_railway/airflow_env/lib/python3.10/site-packages/airflow/example_dags/example_dynamic_task_mapping_with_no_taskflow_operators.py
[2024-12-13T03:55:01.719-0800] {processor.py:925} INFO - DAG(s) 'example_dynamic_task_mapping_with_no_taskflow_operators' retrieved from /Users/machine/Velocity_railway/airflow_env/lib/python3.10/site-packages/airflow/example_dags/example_dynamic_task_mapping_with_no_taskflow_operators.py
[2024-12-13T03:55:01.867-0800] {logging_mixin.py:190} INFO - [2024-12-13T03:55:01.867-0800] {dag.py:3239} INFO - Sync 1 DAGs
[2024-12-13T03:55:01.878-0800] {logging_mixin.py:190} INFO - [2024-12-13T03:55:01.877-0800] {dag.py:4180} INFO - Setting next_dagrun for example_dynamic_task_mapping_with_no_taskflow_operators to None, run_after=None
[2024-12-13T03:55:01.896-0800] {processor.py:208} INFO - Processing /Users/machine/Velocity_railway/airflow_env/lib/python3.10/site-packages/airflow/example_dags/example_dynamic_task_mapping_with_no_taskflow_operators.py took 0.194 seconds
[2024-12-13T03:59:55.949-0800] {processor.py:186} INFO - Started process (PID=92610) to work on /Users/machine/Velocity_railway/airflow_env/lib/python3.10/site-packages/airflow/example_dags/example_dynamic_task_mapping_with_no_taskflow_operators.py
[2024-12-13T03:59:55.950-0800] {processor.py:914} INFO - Processing file /Users/machine/Velocity_railway/airflow_env/lib/python3.10/site-packages/airflow/example_dags/example_dynamic_task_mapping_with_no_taskflow_operators.py for tasks to queue
[2024-12-13T03:59:55.952-0800] {logging_mixin.py:190} INFO - [2024-12-13T03:59:55.952-0800] {dagbag.py:588} INFO - Filling up the DagBag from /Users/machine/Velocity_railway/airflow_env/lib/python3.10/site-packages/airflow/example_dags/example_dynamic_task_mapping_with_no_taskflow_operators.py
[2024-12-13T03:59:55.964-0800] {processor.py:925} INFO - DAG(s) 'example_dynamic_task_mapping_with_no_taskflow_operators' retrieved from /Users/machine/Velocity_railway/airflow_env/lib/python3.10/site-packages/airflow/example_dags/example_dynamic_task_mapping_with_no_taskflow_operators.py
[2024-12-13T03:59:56.134-0800] {logging_mixin.py:190} INFO - [2024-12-13T03:59:56.133-0800] {dag.py:3239} INFO - Sync 1 DAGs
[2024-12-13T03:59:56.146-0800] {logging_mixin.py:190} INFO - [2024-12-13T03:59:56.146-0800] {dag.py:4180} INFO - Setting next_dagrun for example_dynamic_task_mapping_with_no_taskflow_operators to None, run_after=None
[2024-12-13T03:59:56.166-0800] {processor.py:208} INFO - Processing /Users/machine/Velocity_railway/airflow_env/lib/python3.10/site-packages/airflow/example_dags/example_dynamic_task_mapping_with_no_taskflow_operators.py took 0.223 seconds
