[2024-12-13T03:09:14.491-0800] {processor.py:186} INFO - Started process (PID=81889) to work on /Users/machine/Velocity_railway/airflow_env/lib/python3.10/site-packages/airflow/example_dags/example_short_circuit_operator.py
[2024-12-13T03:09:14.492-0800] {processor.py:914} INFO - Processing file /Users/machine/Velocity_railway/airflow_env/lib/python3.10/site-packages/airflow/example_dags/example_short_circuit_operator.py for tasks to queue
[2024-12-13T03:09:14.493-0800] {logging_mixin.py:190} INFO - [2024-12-13T03:09:14.493-0800] {dagbag.py:588} INFO - Filling up the DagBag from /Users/machine/Velocity_railway/airflow_env/lib/python3.10/site-packages/airflow/example_dags/example_short_circuit_operator.py
[2024-12-13T03:09:14.572-0800] {processor.py:925} INFO - DAG(s) 'example_short_circuit_operator' retrieved from /Users/machine/Velocity_railway/airflow_env/lib/python3.10/site-packages/airflow/example_dags/example_short_circuit_operator.py
[2024-12-13T03:09:14.774-0800] {logging_mixin.py:190} INFO - [2024-12-13T03:09:14.773-0800] {override.py:1911} INFO - Created Permission View: can edit on DAG:example_short_circuit_operator
[2024-12-13T03:09:14.784-0800] {logging_mixin.py:190} INFO - [2024-12-13T03:09:14.784-0800] {override.py:1911} INFO - Created Permission View: can read on DAG:example_short_circuit_operator
[2024-12-13T03:09:14.789-0800] {logging_mixin.py:190} INFO - [2024-12-13T03:09:14.789-0800] {override.py:1911} INFO - Created Permission View: can delete on DAG:example_short_circuit_operator
[2024-12-13T03:09:14.796-0800] {logging_mixin.py:190} INFO - [2024-12-13T03:09:14.796-0800] {override.py:1911} INFO - Created Permission View: can create on DAG Run:example_short_circuit_operator
[2024-12-13T03:09:14.802-0800] {logging_mixin.py:190} INFO - [2024-12-13T03:09:14.802-0800] {override.py:1911} INFO - Created Permission View: can read on DAG Run:example_short_circuit_operator
[2024-12-13T03:09:14.807-0800] {logging_mixin.py:190} INFO - [2024-12-13T03:09:14.807-0800] {override.py:1911} INFO - Created Permission View: can delete on DAG Run:example_short_circuit_operator
[2024-12-13T03:09:14.814-0800] {logging_mixin.py:190} INFO - [2024-12-13T03:09:14.814-0800] {override.py:1911} INFO - Created Permission View: menu access on DAG Run:example_short_circuit_operator
[2024-12-13T03:09:14.815-0800] {logging_mixin.py:190} INFO - [2024-12-13T03:09:14.814-0800] {dag.py:3239} INFO - Sync 1 DAGs
[2024-12-13T03:09:14.826-0800] {logging_mixin.py:190} INFO - [2024-12-13T03:09:14.826-0800] {dag.py:3262} INFO - Creating ORM DAG for example_short_circuit_operator
[2024-12-13T03:09:14.827-0800] {logging_mixin.py:190} INFO - [2024-12-13T03:09:14.826-0800] {dag.py:4180} INFO - Setting next_dagrun for example_short_circuit_operator to None, run_after=None
[2024-12-13T03:09:14.842-0800] {processor.py:208} INFO - Processing /Users/machine/Velocity_railway/airflow_env/lib/python3.10/site-packages/airflow/example_dags/example_short_circuit_operator.py took 0.356 seconds
[2024-12-13T03:12:16.040-0800] {processor.py:186} INFO - Started process (PID=82490) to work on /Users/machine/Velocity_railway/airflow_env/lib/python3.10/site-packages/airflow/example_dags/example_short_circuit_operator.py
[2024-12-13T03:12:16.042-0800] {processor.py:914} INFO - Processing file /Users/machine/Velocity_railway/airflow_env/lib/python3.10/site-packages/airflow/example_dags/example_short_circuit_operator.py for tasks to queue
[2024-12-13T03:12:16.044-0800] {logging_mixin.py:190} INFO - [2024-12-13T03:12:16.043-0800] {dagbag.py:588} INFO - Filling up the DagBag from /Users/machine/Velocity_railway/airflow_env/lib/python3.10/site-packages/airflow/example_dags/example_short_circuit_operator.py
[2024-12-13T03:12:16.122-0800] {processor.py:925} INFO - DAG(s) 'example_short_circuit_operator' retrieved from /Users/machine/Velocity_railway/airflow_env/lib/python3.10/site-packages/airflow/example_dags/example_short_circuit_operator.py
[2024-12-13T03:12:16.245-0800] {logging_mixin.py:190} INFO - [2024-12-13T03:12:16.245-0800] {dag.py:3239} INFO - Sync 1 DAGs
[2024-12-13T03:12:16.257-0800] {logging_mixin.py:190} INFO - [2024-12-13T03:12:16.256-0800] {dag.py:4180} INFO - Setting next_dagrun for example_short_circuit_operator to None, run_after=None
[2024-12-13T03:12:16.276-0800] {processor.py:208} INFO - Processing /Users/machine/Velocity_railway/airflow_env/lib/python3.10/site-packages/airflow/example_dags/example_short_circuit_operator.py took 0.242 seconds
[2024-12-13T03:14:51.781-0800] {processor.py:186} INFO - Started process (PID=83003) to work on /Users/machine/Velocity_railway/airflow_env/lib/python3.10/site-packages/airflow/example_dags/example_short_circuit_operator.py
[2024-12-13T03:14:51.783-0800] {processor.py:914} INFO - Processing file /Users/machine/Velocity_railway/airflow_env/lib/python3.10/site-packages/airflow/example_dags/example_short_circuit_operator.py for tasks to queue
[2024-12-13T03:14:51.784-0800] {logging_mixin.py:190} INFO - [2024-12-13T03:14:51.784-0800] {dagbag.py:588} INFO - Filling up the DagBag from /Users/machine/Velocity_railway/airflow_env/lib/python3.10/site-packages/airflow/example_dags/example_short_circuit_operator.py
[2024-12-13T03:14:51.862-0800] {processor.py:925} INFO - DAG(s) 'example_short_circuit_operator' retrieved from /Users/machine/Velocity_railway/airflow_env/lib/python3.10/site-packages/airflow/example_dags/example_short_circuit_operator.py
[2024-12-13T03:14:51.974-0800] {logging_mixin.py:190} INFO - [2024-12-13T03:14:51.974-0800] {dag.py:3239} INFO - Sync 1 DAGs
[2024-12-13T03:14:51.985-0800] {logging_mixin.py:190} INFO - [2024-12-13T03:14:51.985-0800] {dag.py:4180} INFO - Setting next_dagrun for example_short_circuit_operator to None, run_after=None
[2024-12-13T03:14:52.003-0800] {processor.py:208} INFO - Processing /Users/machine/Velocity_railway/airflow_env/lib/python3.10/site-packages/airflow/example_dags/example_short_circuit_operator.py took 0.227 seconds
[2024-12-13T03:17:12.687-0800] {processor.py:186} INFO - Started process (PID=83460) to work on /Users/machine/Velocity_railway/airflow_env/lib/python3.10/site-packages/airflow/example_dags/example_short_circuit_operator.py
[2024-12-13T03:17:12.689-0800] {processor.py:914} INFO - Processing file /Users/machine/Velocity_railway/airflow_env/lib/python3.10/site-packages/airflow/example_dags/example_short_circuit_operator.py for tasks to queue
[2024-12-13T03:17:12.690-0800] {logging_mixin.py:190} INFO - [2024-12-13T03:17:12.690-0800] {dagbag.py:588} INFO - Filling up the DagBag from /Users/machine/Velocity_railway/airflow_env/lib/python3.10/site-packages/airflow/example_dags/example_short_circuit_operator.py
[2024-12-13T03:17:12.761-0800] {processor.py:925} INFO - DAG(s) 'example_short_circuit_operator' retrieved from /Users/machine/Velocity_railway/airflow_env/lib/python3.10/site-packages/airflow/example_dags/example_short_circuit_operator.py
[2024-12-13T03:17:12.874-0800] {logging_mixin.py:190} INFO - [2024-12-13T03:17:12.873-0800] {dag.py:3239} INFO - Sync 1 DAGs
[2024-12-13T03:17:12.886-0800] {logging_mixin.py:190} INFO - [2024-12-13T03:17:12.885-0800] {dag.py:4180} INFO - Setting next_dagrun for example_short_circuit_operator to None, run_after=None
[2024-12-13T03:17:12.905-0800] {processor.py:208} INFO - Processing /Users/machine/Velocity_railway/airflow_env/lib/python3.10/site-packages/airflow/example_dags/example_short_circuit_operator.py took 0.223 seconds
[2024-12-13T03:19:28.226-0800] {processor.py:186} INFO - Started process (PID=83926) to work on /Users/machine/Velocity_railway/airflow_env/lib/python3.10/site-packages/airflow/example_dags/example_short_circuit_operator.py
[2024-12-13T03:19:28.228-0800] {processor.py:914} INFO - Processing file /Users/machine/Velocity_railway/airflow_env/lib/python3.10/site-packages/airflow/example_dags/example_short_circuit_operator.py for tasks to queue
[2024-12-13T03:19:28.229-0800] {logging_mixin.py:190} INFO - [2024-12-13T03:19:28.229-0800] {dagbag.py:588} INFO - Filling up the DagBag from /Users/machine/Velocity_railway/airflow_env/lib/python3.10/site-packages/airflow/example_dags/example_short_circuit_operator.py
[2024-12-13T03:19:28.305-0800] {processor.py:925} INFO - DAG(s) 'example_short_circuit_operator' retrieved from /Users/machine/Velocity_railway/airflow_env/lib/python3.10/site-packages/airflow/example_dags/example_short_circuit_operator.py
[2024-12-13T03:19:28.415-0800] {logging_mixin.py:190} INFO - [2024-12-13T03:19:28.414-0800] {dag.py:3239} INFO - Sync 1 DAGs
[2024-12-13T03:19:28.426-0800] {logging_mixin.py:190} INFO - [2024-12-13T03:19:28.426-0800] {dag.py:4180} INFO - Setting next_dagrun for example_short_circuit_operator to None, run_after=None
[2024-12-13T03:19:28.444-0800] {processor.py:208} INFO - Processing /Users/machine/Velocity_railway/airflow_env/lib/python3.10/site-packages/airflow/example_dags/example_short_circuit_operator.py took 0.224 seconds
[2024-12-13T03:21:37.771-0800] {processor.py:186} INFO - Started process (PID=84390) to work on /Users/machine/Velocity_railway/airflow_env/lib/python3.10/site-packages/airflow/example_dags/example_short_circuit_operator.py
[2024-12-13T03:21:37.773-0800] {processor.py:914} INFO - Processing file /Users/machine/Velocity_railway/airflow_env/lib/python3.10/site-packages/airflow/example_dags/example_short_circuit_operator.py for tasks to queue
[2024-12-13T03:21:37.774-0800] {logging_mixin.py:190} INFO - [2024-12-13T03:21:37.774-0800] {dagbag.py:588} INFO - Filling up the DagBag from /Users/machine/Velocity_railway/airflow_env/lib/python3.10/site-packages/airflow/example_dags/example_short_circuit_operator.py
[2024-12-13T03:21:37.853-0800] {processor.py:925} INFO - DAG(s) 'example_short_circuit_operator' retrieved from /Users/machine/Velocity_railway/airflow_env/lib/python3.10/site-packages/airflow/example_dags/example_short_circuit_operator.py
[2024-12-13T03:21:37.972-0800] {logging_mixin.py:190} INFO - [2024-12-13T03:21:37.971-0800] {dag.py:3239} INFO - Sync 1 DAGs
[2024-12-13T03:21:37.985-0800] {logging_mixin.py:190} INFO - [2024-12-13T03:21:37.984-0800] {dag.py:4180} INFO - Setting next_dagrun for example_short_circuit_operator to None, run_after=None
[2024-12-13T03:21:38.002-0800] {processor.py:208} INFO - Processing /Users/machine/Velocity_railway/airflow_env/lib/python3.10/site-packages/airflow/example_dags/example_short_circuit_operator.py took 0.237 seconds
[2024-12-13T03:24:00.495-0800] {processor.py:186} INFO - Started process (PID=84866) to work on /Users/machine/Velocity_railway/airflow_env/lib/python3.10/site-packages/airflow/example_dags/example_short_circuit_operator.py
[2024-12-13T03:24:00.497-0800] {processor.py:914} INFO - Processing file /Users/machine/Velocity_railway/airflow_env/lib/python3.10/site-packages/airflow/example_dags/example_short_circuit_operator.py for tasks to queue
[2024-12-13T03:24:00.498-0800] {logging_mixin.py:190} INFO - [2024-12-13T03:24:00.498-0800] {dagbag.py:588} INFO - Filling up the DagBag from /Users/machine/Velocity_railway/airflow_env/lib/python3.10/site-packages/airflow/example_dags/example_short_circuit_operator.py
[2024-12-13T03:24:00.570-0800] {processor.py:925} INFO - DAG(s) 'example_short_circuit_operator' retrieved from /Users/machine/Velocity_railway/airflow_env/lib/python3.10/site-packages/airflow/example_dags/example_short_circuit_operator.py
[2024-12-13T03:24:00.674-0800] {logging_mixin.py:190} INFO - [2024-12-13T03:24:00.673-0800] {dag.py:3239} INFO - Sync 1 DAGs
[2024-12-13T03:24:00.684-0800] {logging_mixin.py:190} INFO - [2024-12-13T03:24:00.684-0800] {dag.py:4180} INFO - Setting next_dagrun for example_short_circuit_operator to None, run_after=None
[2024-12-13T03:24:00.700-0800] {processor.py:208} INFO - Processing /Users/machine/Velocity_railway/airflow_env/lib/python3.10/site-packages/airflow/example_dags/example_short_circuit_operator.py took 0.211 seconds
[2024-12-13T03:26:17.083-0800] {processor.py:186} INFO - Started process (PID=85339) to work on /Users/machine/Velocity_railway/airflow_env/lib/python3.10/site-packages/airflow/example_dags/example_short_circuit_operator.py
[2024-12-13T03:26:17.088-0800] {processor.py:914} INFO - Processing file /Users/machine/Velocity_railway/airflow_env/lib/python3.10/site-packages/airflow/example_dags/example_short_circuit_operator.py for tasks to queue
[2024-12-13T03:26:17.089-0800] {logging_mixin.py:190} INFO - [2024-12-13T03:26:17.089-0800] {dagbag.py:588} INFO - Filling up the DagBag from /Users/machine/Velocity_railway/airflow_env/lib/python3.10/site-packages/airflow/example_dags/example_short_circuit_operator.py
[2024-12-13T03:26:17.166-0800] {processor.py:925} INFO - DAG(s) 'example_short_circuit_operator' retrieved from /Users/machine/Velocity_railway/airflow_env/lib/python3.10/site-packages/airflow/example_dags/example_short_circuit_operator.py
[2024-12-13T03:26:17.297-0800] {logging_mixin.py:190} INFO - [2024-12-13T03:26:17.296-0800] {dag.py:3239} INFO - Sync 1 DAGs
[2024-12-13T03:26:17.307-0800] {logging_mixin.py:190} INFO - [2024-12-13T03:26:17.307-0800] {dag.py:4180} INFO - Setting next_dagrun for example_short_circuit_operator to None, run_after=None
[2024-12-13T03:26:17.327-0800] {processor.py:208} INFO - Processing /Users/machine/Velocity_railway/airflow_env/lib/python3.10/site-packages/airflow/example_dags/example_short_circuit_operator.py took 0.250 seconds
[2024-12-13T03:28:34.547-0800] {processor.py:186} INFO - Started process (PID=85807) to work on /Users/machine/Velocity_railway/airflow_env/lib/python3.10/site-packages/airflow/example_dags/example_short_circuit_operator.py
[2024-12-13T03:28:34.549-0800] {processor.py:914} INFO - Processing file /Users/machine/Velocity_railway/airflow_env/lib/python3.10/site-packages/airflow/example_dags/example_short_circuit_operator.py for tasks to queue
[2024-12-13T03:28:34.550-0800] {logging_mixin.py:190} INFO - [2024-12-13T03:28:34.550-0800] {dagbag.py:588} INFO - Filling up the DagBag from /Users/machine/Velocity_railway/airflow_env/lib/python3.10/site-packages/airflow/example_dags/example_short_circuit_operator.py
[2024-12-13T03:28:34.631-0800] {processor.py:925} INFO - DAG(s) 'example_short_circuit_operator' retrieved from /Users/machine/Velocity_railway/airflow_env/lib/python3.10/site-packages/airflow/example_dags/example_short_circuit_operator.py
[2024-12-13T03:28:34.745-0800] {logging_mixin.py:190} INFO - [2024-12-13T03:28:34.745-0800] {dag.py:3239} INFO - Sync 1 DAGs
[2024-12-13T03:28:34.756-0800] {logging_mixin.py:190} INFO - [2024-12-13T03:28:34.756-0800] {dag.py:4180} INFO - Setting next_dagrun for example_short_circuit_operator to None, run_after=None
[2024-12-13T03:28:34.774-0800] {processor.py:208} INFO - Processing /Users/machine/Velocity_railway/airflow_env/lib/python3.10/site-packages/airflow/example_dags/example_short_circuit_operator.py took 0.234 seconds
[2024-12-13T03:30:53.481-0800] {processor.py:186} INFO - Started process (PID=86265) to work on /Users/machine/Velocity_railway/airflow_env/lib/python3.10/site-packages/airflow/example_dags/example_short_circuit_operator.py
[2024-12-13T03:30:53.483-0800] {processor.py:914} INFO - Processing file /Users/machine/Velocity_railway/airflow_env/lib/python3.10/site-packages/airflow/example_dags/example_short_circuit_operator.py for tasks to queue
[2024-12-13T03:30:53.484-0800] {logging_mixin.py:190} INFO - [2024-12-13T03:30:53.484-0800] {dagbag.py:588} INFO - Filling up the DagBag from /Users/machine/Velocity_railway/airflow_env/lib/python3.10/site-packages/airflow/example_dags/example_short_circuit_operator.py
[2024-12-13T03:30:53.562-0800] {processor.py:925} INFO - DAG(s) 'example_short_circuit_operator' retrieved from /Users/machine/Velocity_railway/airflow_env/lib/python3.10/site-packages/airflow/example_dags/example_short_circuit_operator.py
[2024-12-13T03:30:53.694-0800] {logging_mixin.py:190} INFO - [2024-12-13T03:30:53.694-0800] {dag.py:3239} INFO - Sync 1 DAGs
[2024-12-13T03:30:53.709-0800] {logging_mixin.py:190} INFO - [2024-12-13T03:30:53.709-0800] {dag.py:4180} INFO - Setting next_dagrun for example_short_circuit_operator to None, run_after=None
[2024-12-13T03:30:53.730-0800] {processor.py:208} INFO - Processing /Users/machine/Velocity_railway/airflow_env/lib/python3.10/site-packages/airflow/example_dags/example_short_circuit_operator.py took 0.255 seconds
[2024-12-13T03:33:15.084-0800] {processor.py:186} INFO - Started process (PID=86787) to work on /Users/machine/Velocity_railway/airflow_env/lib/python3.10/site-packages/airflow/example_dags/example_short_circuit_operator.py
[2024-12-13T03:33:15.086-0800] {processor.py:914} INFO - Processing file /Users/machine/Velocity_railway/airflow_env/lib/python3.10/site-packages/airflow/example_dags/example_short_circuit_operator.py for tasks to queue
[2024-12-13T03:33:15.087-0800] {logging_mixin.py:190} INFO - [2024-12-13T03:33:15.087-0800] {dagbag.py:588} INFO - Filling up the DagBag from /Users/machine/Velocity_railway/airflow_env/lib/python3.10/site-packages/airflow/example_dags/example_short_circuit_operator.py
[2024-12-13T03:33:15.162-0800] {processor.py:925} INFO - DAG(s) 'example_short_circuit_operator' retrieved from /Users/machine/Velocity_railway/airflow_env/lib/python3.10/site-packages/airflow/example_dags/example_short_circuit_operator.py
[2024-12-13T03:33:15.272-0800] {logging_mixin.py:190} INFO - [2024-12-13T03:33:15.272-0800] {dag.py:3239} INFO - Sync 1 DAGs
[2024-12-13T03:33:15.283-0800] {logging_mixin.py:190} INFO - [2024-12-13T03:33:15.283-0800] {dag.py:4180} INFO - Setting next_dagrun for example_short_circuit_operator to None, run_after=None
[2024-12-13T03:33:15.300-0800] {processor.py:208} INFO - Processing /Users/machine/Velocity_railway/airflow_env/lib/python3.10/site-packages/airflow/example_dags/example_short_circuit_operator.py took 0.222 seconds
[2024-12-13T03:35:42.628-0800] {processor.py:186} INFO - Started process (PID=87355) to work on /Users/machine/Velocity_railway/airflow_env/lib/python3.10/site-packages/airflow/example_dags/example_short_circuit_operator.py
[2024-12-13T03:35:42.632-0800] {processor.py:914} INFO - Processing file /Users/machine/Velocity_railway/airflow_env/lib/python3.10/site-packages/airflow/example_dags/example_short_circuit_operator.py for tasks to queue
[2024-12-13T03:35:42.633-0800] {logging_mixin.py:190} INFO - [2024-12-13T03:35:42.633-0800] {dagbag.py:588} INFO - Filling up the DagBag from /Users/machine/Velocity_railway/airflow_env/lib/python3.10/site-packages/airflow/example_dags/example_short_circuit_operator.py
[2024-12-13T03:35:42.717-0800] {processor.py:925} INFO - DAG(s) 'example_short_circuit_operator' retrieved from /Users/machine/Velocity_railway/airflow_env/lib/python3.10/site-packages/airflow/example_dags/example_short_circuit_operator.py
[2024-12-13T03:35:42.847-0800] {logging_mixin.py:190} INFO - [2024-12-13T03:35:42.847-0800] {dag.py:3239} INFO - Sync 1 DAGs
[2024-12-13T03:35:42.859-0800] {logging_mixin.py:190} INFO - [2024-12-13T03:35:42.859-0800] {dag.py:4180} INFO - Setting next_dagrun for example_short_circuit_operator to None, run_after=None
[2024-12-13T03:35:42.878-0800] {processor.py:208} INFO - Processing /Users/machine/Velocity_railway/airflow_env/lib/python3.10/site-packages/airflow/example_dags/example_short_circuit_operator.py took 0.256 seconds
[2024-12-13T03:38:13.675-0800] {processor.py:186} INFO - Started process (PID=87859) to work on /Users/machine/Velocity_railway/airflow_env/lib/python3.10/site-packages/airflow/example_dags/example_short_circuit_operator.py
[2024-12-13T03:38:13.677-0800] {processor.py:914} INFO - Processing file /Users/machine/Velocity_railway/airflow_env/lib/python3.10/site-packages/airflow/example_dags/example_short_circuit_operator.py for tasks to queue
[2024-12-13T03:38:13.678-0800] {logging_mixin.py:190} INFO - [2024-12-13T03:38:13.678-0800] {dagbag.py:588} INFO - Filling up the DagBag from /Users/machine/Velocity_railway/airflow_env/lib/python3.10/site-packages/airflow/example_dags/example_short_circuit_operator.py
[2024-12-13T03:38:13.768-0800] {processor.py:925} INFO - DAG(s) 'example_short_circuit_operator' retrieved from /Users/machine/Velocity_railway/airflow_env/lib/python3.10/site-packages/airflow/example_dags/example_short_circuit_operator.py
[2024-12-13T03:38:13.896-0800] {logging_mixin.py:190} INFO - [2024-12-13T03:38:13.896-0800] {dag.py:3239} INFO - Sync 1 DAGs
[2024-12-13T03:38:13.907-0800] {logging_mixin.py:190} INFO - [2024-12-13T03:38:13.907-0800] {dag.py:4180} INFO - Setting next_dagrun for example_short_circuit_operator to None, run_after=None
[2024-12-13T03:38:13.926-0800] {processor.py:208} INFO - Processing /Users/machine/Velocity_railway/airflow_env/lib/python3.10/site-packages/airflow/example_dags/example_short_circuit_operator.py took 0.258 seconds
[2024-12-13T03:40:33.108-0800] {processor.py:186} INFO - Started process (PID=88324) to work on /Users/machine/Velocity_railway/airflow_env/lib/python3.10/site-packages/airflow/example_dags/example_short_circuit_operator.py
[2024-12-13T03:40:33.111-0800] {processor.py:914} INFO - Processing file /Users/machine/Velocity_railway/airflow_env/lib/python3.10/site-packages/airflow/example_dags/example_short_circuit_operator.py for tasks to queue
[2024-12-13T03:40:33.112-0800] {logging_mixin.py:190} INFO - [2024-12-13T03:40:33.112-0800] {dagbag.py:588} INFO - Filling up the DagBag from /Users/machine/Velocity_railway/airflow_env/lib/python3.10/site-packages/airflow/example_dags/example_short_circuit_operator.py
[2024-12-13T03:40:33.184-0800] {processor.py:925} INFO - DAG(s) 'example_short_circuit_operator' retrieved from /Users/machine/Velocity_railway/airflow_env/lib/python3.10/site-packages/airflow/example_dags/example_short_circuit_operator.py
[2024-12-13T03:40:33.287-0800] {logging_mixin.py:190} INFO - [2024-12-13T03:40:33.286-0800] {dag.py:3239} INFO - Sync 1 DAGs
[2024-12-13T03:40:33.297-0800] {logging_mixin.py:190} INFO - [2024-12-13T03:40:33.296-0800] {dag.py:4180} INFO - Setting next_dagrun for example_short_circuit_operator to None, run_after=None
[2024-12-13T03:40:33.314-0800] {processor.py:208} INFO - Processing /Users/machine/Velocity_railway/airflow_env/lib/python3.10/site-packages/airflow/example_dags/example_short_circuit_operator.py took 0.211 seconds
[2024-12-13T03:42:45.985-0800] {processor.py:186} INFO - Started process (PID=88794) to work on /Users/machine/Velocity_railway/airflow_env/lib/python3.10/site-packages/airflow/example_dags/example_short_circuit_operator.py
[2024-12-13T03:42:45.986-0800] {processor.py:914} INFO - Processing file /Users/machine/Velocity_railway/airflow_env/lib/python3.10/site-packages/airflow/example_dags/example_short_circuit_operator.py for tasks to queue
[2024-12-13T03:42:45.987-0800] {logging_mixin.py:190} INFO - [2024-12-13T03:42:45.987-0800] {dagbag.py:588} INFO - Filling up the DagBag from /Users/machine/Velocity_railway/airflow_env/lib/python3.10/site-packages/airflow/example_dags/example_short_circuit_operator.py
[2024-12-13T03:42:46.060-0800] {processor.py:925} INFO - DAG(s) 'example_short_circuit_operator' retrieved from /Users/machine/Velocity_railway/airflow_env/lib/python3.10/site-packages/airflow/example_dags/example_short_circuit_operator.py
[2024-12-13T03:42:46.166-0800] {logging_mixin.py:190} INFO - [2024-12-13T03:42:46.165-0800] {dag.py:3239} INFO - Sync 1 DAGs
[2024-12-13T03:42:46.175-0800] {logging_mixin.py:190} INFO - [2024-12-13T03:42:46.175-0800] {dag.py:4180} INFO - Setting next_dagrun for example_short_circuit_operator to None, run_after=None
[2024-12-13T03:42:46.191-0800] {processor.py:208} INFO - Processing /Users/machine/Velocity_railway/airflow_env/lib/python3.10/site-packages/airflow/example_dags/example_short_circuit_operator.py took 0.213 seconds
[2024-12-13T03:44:59.530-0800] {processor.py:186} INFO - Started process (PID=89246) to work on /Users/machine/Velocity_railway/airflow_env/lib/python3.10/site-packages/airflow/example_dags/example_short_circuit_operator.py
[2024-12-13T03:44:59.532-0800] {processor.py:914} INFO - Processing file /Users/machine/Velocity_railway/airflow_env/lib/python3.10/site-packages/airflow/example_dags/example_short_circuit_operator.py for tasks to queue
[2024-12-13T03:44:59.533-0800] {logging_mixin.py:190} INFO - [2024-12-13T03:44:59.533-0800] {dagbag.py:588} INFO - Filling up the DagBag from /Users/machine/Velocity_railway/airflow_env/lib/python3.10/site-packages/airflow/example_dags/example_short_circuit_operator.py
[2024-12-13T03:44:59.608-0800] {processor.py:925} INFO - DAG(s) 'example_short_circuit_operator' retrieved from /Users/machine/Velocity_railway/airflow_env/lib/python3.10/site-packages/airflow/example_dags/example_short_circuit_operator.py
[2024-12-13T03:44:59.714-0800] {logging_mixin.py:190} INFO - [2024-12-13T03:44:59.714-0800] {dag.py:3239} INFO - Sync 1 DAGs
[2024-12-13T03:44:59.724-0800] {logging_mixin.py:190} INFO - [2024-12-13T03:44:59.724-0800] {dag.py:4180} INFO - Setting next_dagrun for example_short_circuit_operator to None, run_after=None
[2024-12-13T03:44:59.743-0800] {processor.py:208} INFO - Processing /Users/machine/Velocity_railway/airflow_env/lib/python3.10/site-packages/airflow/example_dags/example_short_circuit_operator.py took 0.219 seconds
[2024-12-13T03:47:11.921-0800] {processor.py:186} INFO - Started process (PID=89691) to work on /Users/machine/Velocity_railway/airflow_env/lib/python3.10/site-packages/airflow/example_dags/example_short_circuit_operator.py
[2024-12-13T03:47:11.923-0800] {processor.py:914} INFO - Processing file /Users/machine/Velocity_railway/airflow_env/lib/python3.10/site-packages/airflow/example_dags/example_short_circuit_operator.py for tasks to queue
[2024-12-13T03:47:11.925-0800] {logging_mixin.py:190} INFO - [2024-12-13T03:47:11.924-0800] {dagbag.py:588} INFO - Filling up the DagBag from /Users/machine/Velocity_railway/airflow_env/lib/python3.10/site-packages/airflow/example_dags/example_short_circuit_operator.py
[2024-12-13T03:47:12.003-0800] {processor.py:925} INFO - DAG(s) 'example_short_circuit_operator' retrieved from /Users/machine/Velocity_railway/airflow_env/lib/python3.10/site-packages/airflow/example_dags/example_short_circuit_operator.py
[2024-12-13T03:47:12.119-0800] {logging_mixin.py:190} INFO - [2024-12-13T03:47:12.118-0800] {dag.py:3239} INFO - Sync 1 DAGs
[2024-12-13T03:47:12.130-0800] {logging_mixin.py:190} INFO - [2024-12-13T03:47:12.130-0800] {dag.py:4180} INFO - Setting next_dagrun for example_short_circuit_operator to None, run_after=None
[2024-12-13T03:47:12.148-0800] {processor.py:208} INFO - Processing /Users/machine/Velocity_railway/airflow_env/lib/python3.10/site-packages/airflow/example_dags/example_short_circuit_operator.py took 0.234 seconds
[2024-12-13T03:49:28.488-0800] {processor.py:186} INFO - Started process (PID=90160) to work on /Users/machine/Velocity_railway/airflow_env/lib/python3.10/site-packages/airflow/example_dags/example_short_circuit_operator.py
[2024-12-13T03:49:28.490-0800] {processor.py:914} INFO - Processing file /Users/machine/Velocity_railway/airflow_env/lib/python3.10/site-packages/airflow/example_dags/example_short_circuit_operator.py for tasks to queue
[2024-12-13T03:49:28.492-0800] {logging_mixin.py:190} INFO - [2024-12-13T03:49:28.491-0800] {dagbag.py:588} INFO - Filling up the DagBag from /Users/machine/Velocity_railway/airflow_env/lib/python3.10/site-packages/airflow/example_dags/example_short_circuit_operator.py
[2024-12-13T03:49:28.570-0800] {processor.py:925} INFO - DAG(s) 'example_short_circuit_operator' retrieved from /Users/machine/Velocity_railway/airflow_env/lib/python3.10/site-packages/airflow/example_dags/example_short_circuit_operator.py
[2024-12-13T03:49:28.694-0800] {logging_mixin.py:190} INFO - [2024-12-13T03:49:28.693-0800] {dag.py:3239} INFO - Sync 1 DAGs
[2024-12-13T03:49:28.706-0800] {logging_mixin.py:190} INFO - [2024-12-13T03:49:28.706-0800] {dag.py:4180} INFO - Setting next_dagrun for example_short_circuit_operator to None, run_after=None
[2024-12-13T03:49:28.724-0800] {processor.py:208} INFO - Processing /Users/machine/Velocity_railway/airflow_env/lib/python3.10/site-packages/airflow/example_dags/example_short_circuit_operator.py took 0.242 seconds
[2024-12-13T03:51:46.076-0800] {processor.py:186} INFO - Started process (PID=90650) to work on /Users/machine/Velocity_railway/airflow_env/lib/python3.10/site-packages/airflow/example_dags/example_short_circuit_operator.py
[2024-12-13T03:51:46.078-0800] {processor.py:914} INFO - Processing file /Users/machine/Velocity_railway/airflow_env/lib/python3.10/site-packages/airflow/example_dags/example_short_circuit_operator.py for tasks to queue
[2024-12-13T03:51:46.079-0800] {logging_mixin.py:190} INFO - [2024-12-13T03:51:46.079-0800] {dagbag.py:588} INFO - Filling up the DagBag from /Users/machine/Velocity_railway/airflow_env/lib/python3.10/site-packages/airflow/example_dags/example_short_circuit_operator.py
[2024-12-13T03:51:46.164-0800] {processor.py:925} INFO - DAG(s) 'example_short_circuit_operator' retrieved from /Users/machine/Velocity_railway/airflow_env/lib/python3.10/site-packages/airflow/example_dags/example_short_circuit_operator.py
[2024-12-13T03:51:46.272-0800] {logging_mixin.py:190} INFO - [2024-12-13T03:51:46.272-0800] {dag.py:3239} INFO - Sync 1 DAGs
[2024-12-13T03:51:46.284-0800] {logging_mixin.py:190} INFO - [2024-12-13T03:51:46.284-0800] {dag.py:4180} INFO - Setting next_dagrun for example_short_circuit_operator to None, run_after=None
[2024-12-13T03:51:46.301-0800] {processor.py:208} INFO - Processing /Users/machine/Velocity_railway/airflow_env/lib/python3.10/site-packages/airflow/example_dags/example_short_circuit_operator.py took 0.231 seconds
[2024-12-13T03:54:08.988-0800] {processor.py:186} INFO - Started process (PID=91147) to work on /Users/machine/Velocity_railway/airflow_env/lib/python3.10/site-packages/airflow/example_dags/example_short_circuit_operator.py
[2024-12-13T03:54:08.990-0800] {processor.py:914} INFO - Processing file /Users/machine/Velocity_railway/airflow_env/lib/python3.10/site-packages/airflow/example_dags/example_short_circuit_operator.py for tasks to queue
[2024-12-13T03:54:08.991-0800] {logging_mixin.py:190} INFO - [2024-12-13T03:54:08.991-0800] {dagbag.py:588} INFO - Filling up the DagBag from /Users/machine/Velocity_railway/airflow_env/lib/python3.10/site-packages/airflow/example_dags/example_short_circuit_operator.py
[2024-12-13T03:54:09.072-0800] {processor.py:925} INFO - DAG(s) 'example_short_circuit_operator' retrieved from /Users/machine/Velocity_railway/airflow_env/lib/python3.10/site-packages/airflow/example_dags/example_short_circuit_operator.py
[2024-12-13T03:54:09.180-0800] {logging_mixin.py:190} INFO - [2024-12-13T03:54:09.179-0800] {dag.py:3239} INFO - Sync 1 DAGs
[2024-12-13T03:54:09.191-0800] {logging_mixin.py:190} INFO - [2024-12-13T03:54:09.191-0800] {dag.py:4180} INFO - Setting next_dagrun for example_short_circuit_operator to None, run_after=None
[2024-12-13T03:54:09.208-0800] {processor.py:208} INFO - Processing /Users/machine/Velocity_railway/airflow_env/lib/python3.10/site-packages/airflow/example_dags/example_short_circuit_operator.py took 0.226 seconds
[2024-12-13T03:56:32.949-0800] {processor.py:186} INFO - Started process (PID=91745) to work on /Users/machine/Velocity_railway/airflow_env/lib/python3.10/site-packages/airflow/example_dags/example_short_circuit_operator.py
[2024-12-13T03:56:32.951-0800] {processor.py:914} INFO - Processing file /Users/machine/Velocity_railway/airflow_env/lib/python3.10/site-packages/airflow/example_dags/example_short_circuit_operator.py for tasks to queue
[2024-12-13T03:56:32.953-0800] {logging_mixin.py:190} INFO - [2024-12-13T03:56:32.953-0800] {dagbag.py:588} INFO - Filling up the DagBag from /Users/machine/Velocity_railway/airflow_env/lib/python3.10/site-packages/airflow/example_dags/example_short_circuit_operator.py
[2024-12-13T03:56:33.037-0800] {processor.py:925} INFO - DAG(s) 'example_short_circuit_operator' retrieved from /Users/machine/Velocity_railway/airflow_env/lib/python3.10/site-packages/airflow/example_dags/example_short_circuit_operator.py
[2024-12-13T03:56:33.162-0800] {logging_mixin.py:190} INFO - [2024-12-13T03:56:33.162-0800] {dag.py:3239} INFO - Sync 1 DAGs
[2024-12-13T03:56:33.175-0800] {logging_mixin.py:190} INFO - [2024-12-13T03:56:33.174-0800] {dag.py:4180} INFO - Setting next_dagrun for example_short_circuit_operator to None, run_after=None
[2024-12-13T03:56:33.194-0800] {processor.py:208} INFO - Processing /Users/machine/Velocity_railway/airflow_env/lib/python3.10/site-packages/airflow/example_dags/example_short_circuit_operator.py took 0.252 seconds
[2024-12-13T03:59:00.345-0800] {processor.py:186} INFO - Started process (PID=92369) to work on /Users/machine/Velocity_railway/airflow_env/lib/python3.10/site-packages/airflow/example_dags/example_short_circuit_operator.py
[2024-12-13T03:59:00.348-0800] {processor.py:914} INFO - Processing file /Users/machine/Velocity_railway/airflow_env/lib/python3.10/site-packages/airflow/example_dags/example_short_circuit_operator.py for tasks to queue
[2024-12-13T03:59:00.349-0800] {logging_mixin.py:190} INFO - [2024-12-13T03:59:00.349-0800] {dagbag.py:588} INFO - Filling up the DagBag from /Users/machine/Velocity_railway/airflow_env/lib/python3.10/site-packages/airflow/example_dags/example_short_circuit_operator.py
[2024-12-13T03:59:00.424-0800] {processor.py:925} INFO - DAG(s) 'example_short_circuit_operator' retrieved from /Users/machine/Velocity_railway/airflow_env/lib/python3.10/site-packages/airflow/example_dags/example_short_circuit_operator.py
[2024-12-13T03:59:00.540-0800] {logging_mixin.py:190} INFO - [2024-12-13T03:59:00.539-0800] {dag.py:3239} INFO - Sync 1 DAGs
[2024-12-13T03:59:00.551-0800] {logging_mixin.py:190} INFO - [2024-12-13T03:59:00.550-0800] {dag.py:4180} INFO - Setting next_dagrun for example_short_circuit_operator to None, run_after=None
[2024-12-13T03:59:00.570-0800] {processor.py:208} INFO - Processing /Users/machine/Velocity_railway/airflow_env/lib/python3.10/site-packages/airflow/example_dags/example_short_circuit_operator.py took 0.230 seconds
[2024-12-13T05:50:05.253-0800] {processor.py:186} INFO - Started process (PID=93198) to work on /Users/machine/Velocity_railway/airflow_env/lib/python3.10/site-packages/airflow/example_dags/example_short_circuit_operator.py
[2024-12-13T05:50:05.255-0800] {processor.py:914} INFO - Processing file /Users/machine/Velocity_railway/airflow_env/lib/python3.10/site-packages/airflow/example_dags/example_short_circuit_operator.py for tasks to queue
[2024-12-13T05:50:05.256-0800] {logging_mixin.py:190} INFO - [2024-12-13T05:50:05.255-0800] {dagbag.py:588} INFO - Filling up the DagBag from /Users/machine/Velocity_railway/airflow_env/lib/python3.10/site-packages/airflow/example_dags/example_short_circuit_operator.py
[2024-12-13T05:50:05.337-0800] {processor.py:925} INFO - DAG(s) 'example_short_circuit_operator' retrieved from /Users/machine/Velocity_railway/airflow_env/lib/python3.10/site-packages/airflow/example_dags/example_short_circuit_operator.py
[2024-12-13T05:50:05.450-0800] {logging_mixin.py:190} INFO - [2024-12-13T05:50:05.449-0800] {dag.py:3239} INFO - Sync 1 DAGs
[2024-12-13T05:50:05.460-0800] {logging_mixin.py:190} INFO - [2024-12-13T05:50:05.460-0800] {dag.py:4180} INFO - Setting next_dagrun for example_short_circuit_operator to None, run_after=None
[2024-12-13T05:50:05.476-0800] {processor.py:208} INFO - Processing /Users/machine/Velocity_railway/airflow_env/lib/python3.10/site-packages/airflow/example_dags/example_short_circuit_operator.py took 0.230 seconds
