[2024-12-13T03:10:55.079-0800] {processor.py:186} INFO - Started process (PID=82226) to work on /Users/machine/Velocity_railway/airflow_env/lib/python3.10/site-packages/airflow/example_dags/example_branch_day_of_week_operator.py
[2024-12-13T03:10:55.081-0800] {processor.py:914} INFO - Processing file /Users/machine/Velocity_railway/airflow_env/lib/python3.10/site-packages/airflow/example_dags/example_branch_day_of_week_operator.py for tasks to queue
[2024-12-13T03:10:55.082-0800] {logging_mixin.py:190} INFO - [2024-12-13T03:10:55.081-0800] {dagbag.py:588} INFO - Filling up the DagBag from /Users/machine/Velocity_railway/airflow_env/lib/python3.10/site-packages/airflow/example_dags/example_branch_day_of_week_operator.py
[2024-12-13T03:10:55.094-0800] {processor.py:925} INFO - DAG(s) 'example_weekday_branch_operator' retrieved from /Users/machine/Velocity_railway/airflow_env/lib/python3.10/site-packages/airflow/example_dags/example_branch_day_of_week_operator.py
[2024-12-13T03:10:55.353-0800] {logging_mixin.py:190} INFO - [2024-12-13T03:10:55.352-0800] {override.py:1911} INFO - Created Permission View: can delete on DAG:example_weekday_branch_operator
[2024-12-13T03:10:55.365-0800] {logging_mixin.py:190} INFO - [2024-12-13T03:10:55.365-0800] {override.py:1911} INFO - Created Permission View: can read on DAG:example_weekday_branch_operator
[2024-12-13T03:10:55.374-0800] {logging_mixin.py:190} INFO - [2024-12-13T03:10:55.373-0800] {override.py:1911} INFO - Created Permission View: can edit on DAG:example_weekday_branch_operator
[2024-12-13T03:10:55.389-0800] {logging_mixin.py:190} INFO - [2024-12-13T03:10:55.388-0800] {override.py:1911} INFO - Created Permission View: can delete on DAG Run:example_weekday_branch_operator
[2024-12-13T03:10:55.397-0800] {logging_mixin.py:190} INFO - [2024-12-13T03:10:55.396-0800] {override.py:1911} INFO - Created Permission View: can read on DAG Run:example_weekday_branch_operator
[2024-12-13T03:10:55.405-0800] {logging_mixin.py:190} INFO - [2024-12-13T03:10:55.405-0800] {override.py:1911} INFO - Created Permission View: can create on DAG Run:example_weekday_branch_operator
[2024-12-13T03:10:55.414-0800] {logging_mixin.py:190} INFO - [2024-12-13T03:10:55.414-0800] {override.py:1911} INFO - Created Permission View: menu access on DAG Run:example_weekday_branch_operator
[2024-12-13T03:10:55.415-0800] {logging_mixin.py:190} INFO - [2024-12-13T03:10:55.414-0800] {dag.py:3239} INFO - Sync 1 DAGs
[2024-12-13T03:10:55.432-0800] {logging_mixin.py:190} INFO - [2024-12-13T03:10:55.431-0800] {dag.py:3262} INFO - Creating ORM DAG for example_weekday_branch_operator
[2024-12-13T03:10:55.461-0800] {logging_mixin.py:190} INFO - [2024-12-13T03:10:55.460-0800] {dag.py:4180} INFO - Setting next_dagrun for example_weekday_branch_operator to 2024-12-12 00:00:00+00:00, run_after=2024-12-13 00:00:00+00:00
[2024-12-13T03:10:55.493-0800] {processor.py:208} INFO - Processing /Users/machine/Velocity_railway/airflow_env/lib/python3.10/site-packages/airflow/example_dags/example_branch_day_of_week_operator.py took 0.421 seconds
[2024-12-13T03:15:56.412-0800] {processor.py:186} INFO - Started process (PID=83207) to work on /Users/machine/Velocity_railway/airflow_env/lib/python3.10/site-packages/airflow/example_dags/example_branch_day_of_week_operator.py
[2024-12-13T03:15:56.415-0800] {processor.py:914} INFO - Processing file /Users/machine/Velocity_railway/airflow_env/lib/python3.10/site-packages/airflow/example_dags/example_branch_day_of_week_operator.py for tasks to queue
[2024-12-13T03:15:56.416-0800] {logging_mixin.py:190} INFO - [2024-12-13T03:15:56.416-0800] {dagbag.py:588} INFO - Filling up the DagBag from /Users/machine/Velocity_railway/airflow_env/lib/python3.10/site-packages/airflow/example_dags/example_branch_day_of_week_operator.py
[2024-12-13T03:15:56.430-0800] {processor.py:925} INFO - DAG(s) 'example_weekday_branch_operator' retrieved from /Users/machine/Velocity_railway/airflow_env/lib/python3.10/site-packages/airflow/example_dags/example_branch_day_of_week_operator.py
[2024-12-13T03:15:56.605-0800] {logging_mixin.py:190} INFO - [2024-12-13T03:15:56.604-0800] {dag.py:3239} INFO - Sync 1 DAGs
[2024-12-13T03:15:56.625-0800] {logging_mixin.py:190} INFO - [2024-12-13T03:15:56.625-0800] {dag.py:4180} INFO - Setting next_dagrun for example_weekday_branch_operator to 2024-12-12 00:00:00+00:00, run_after=2024-12-13 00:00:00+00:00
[2024-12-13T03:15:56.642-0800] {processor.py:208} INFO - Processing /Users/machine/Velocity_railway/airflow_env/lib/python3.10/site-packages/airflow/example_dags/example_branch_day_of_week_operator.py took 0.236 seconds
[2024-12-13T03:20:24.653-0800] {processor.py:186} INFO - Started process (PID=84146) to work on /Users/machine/Velocity_railway/airflow_env/lib/python3.10/site-packages/airflow/example_dags/example_branch_day_of_week_operator.py
[2024-12-13T03:20:24.655-0800] {processor.py:914} INFO - Processing file /Users/machine/Velocity_railway/airflow_env/lib/python3.10/site-packages/airflow/example_dags/example_branch_day_of_week_operator.py for tasks to queue
[2024-12-13T03:20:24.656-0800] {logging_mixin.py:190} INFO - [2024-12-13T03:20:24.656-0800] {dagbag.py:588} INFO - Filling up the DagBag from /Users/machine/Velocity_railway/airflow_env/lib/python3.10/site-packages/airflow/example_dags/example_branch_day_of_week_operator.py
[2024-12-13T03:20:24.669-0800] {processor.py:925} INFO - DAG(s) 'example_weekday_branch_operator' retrieved from /Users/machine/Velocity_railway/airflow_env/lib/python3.10/site-packages/airflow/example_dags/example_branch_day_of_week_operator.py
[2024-12-13T03:20:24.821-0800] {logging_mixin.py:190} INFO - [2024-12-13T03:20:24.820-0800] {dag.py:3239} INFO - Sync 1 DAGs
[2024-12-13T03:20:24.837-0800] {logging_mixin.py:190} INFO - [2024-12-13T03:20:24.837-0800] {dag.py:4180} INFO - Setting next_dagrun for example_weekday_branch_operator to 2024-12-12 00:00:00+00:00, run_after=2024-12-13 00:00:00+00:00
[2024-12-13T03:20:24.853-0800] {processor.py:208} INFO - Processing /Users/machine/Velocity_railway/airflow_env/lib/python3.10/site-packages/airflow/example_dags/example_branch_day_of_week_operator.py took 0.205 seconds
[2024-12-13T03:25:01.780-0800] {processor.py:186} INFO - Started process (PID=85070) to work on /Users/machine/Velocity_railway/airflow_env/lib/python3.10/site-packages/airflow/example_dags/example_branch_day_of_week_operator.py
[2024-12-13T03:25:01.781-0800] {processor.py:914} INFO - Processing file /Users/machine/Velocity_railway/airflow_env/lib/python3.10/site-packages/airflow/example_dags/example_branch_day_of_week_operator.py for tasks to queue
[2024-12-13T03:25:01.782-0800] {logging_mixin.py:190} INFO - [2024-12-13T03:25:01.782-0800] {dagbag.py:588} INFO - Filling up the DagBag from /Users/machine/Velocity_railway/airflow_env/lib/python3.10/site-packages/airflow/example_dags/example_branch_day_of_week_operator.py
[2024-12-13T03:25:01.794-0800] {processor.py:925} INFO - DAG(s) 'example_weekday_branch_operator' retrieved from /Users/machine/Velocity_railway/airflow_env/lib/python3.10/site-packages/airflow/example_dags/example_branch_day_of_week_operator.py
[2024-12-13T03:25:01.944-0800] {logging_mixin.py:190} INFO - [2024-12-13T03:25:01.944-0800] {dag.py:3239} INFO - Sync 1 DAGs
[2024-12-13T03:25:01.962-0800] {logging_mixin.py:190} INFO - [2024-12-13T03:25:01.962-0800] {dag.py:4180} INFO - Setting next_dagrun for example_weekday_branch_operator to 2024-12-12 00:00:00+00:00, run_after=2024-12-13 00:00:00+00:00
[2024-12-13T03:25:01.979-0800] {processor.py:208} INFO - Processing /Users/machine/Velocity_railway/airflow_env/lib/python3.10/site-packages/airflow/example_dags/example_branch_day_of_week_operator.py took 0.204 seconds
[2024-12-13T03:29:35.088-0800] {processor.py:186} INFO - Started process (PID=86008) to work on /Users/machine/Velocity_railway/airflow_env/lib/python3.10/site-packages/airflow/example_dags/example_branch_day_of_week_operator.py
[2024-12-13T03:29:35.089-0800] {processor.py:914} INFO - Processing file /Users/machine/Velocity_railway/airflow_env/lib/python3.10/site-packages/airflow/example_dags/example_branch_day_of_week_operator.py for tasks to queue
[2024-12-13T03:29:35.091-0800] {logging_mixin.py:190} INFO - [2024-12-13T03:29:35.090-0800] {dagbag.py:588} INFO - Filling up the DagBag from /Users/machine/Velocity_railway/airflow_env/lib/python3.10/site-packages/airflow/example_dags/example_branch_day_of_week_operator.py
[2024-12-13T03:29:35.104-0800] {processor.py:925} INFO - DAG(s) 'example_weekday_branch_operator' retrieved from /Users/machine/Velocity_railway/airflow_env/lib/python3.10/site-packages/airflow/example_dags/example_branch_day_of_week_operator.py
[2024-12-13T03:29:35.265-0800] {logging_mixin.py:190} INFO - [2024-12-13T03:29:35.265-0800] {dag.py:3239} INFO - Sync 1 DAGs
[2024-12-13T03:29:35.283-0800] {logging_mixin.py:190} INFO - [2024-12-13T03:29:35.283-0800] {dag.py:4180} INFO - Setting next_dagrun for example_weekday_branch_operator to 2024-12-12 00:00:00+00:00, run_after=2024-12-13 00:00:00+00:00
[2024-12-13T03:29:35.299-0800] {processor.py:208} INFO - Processing /Users/machine/Velocity_railway/airflow_env/lib/python3.10/site-packages/airflow/example_dags/example_branch_day_of_week_operator.py took 0.217 seconds
[2024-12-13T03:34:20.145-0800] {processor.py:186} INFO - Started process (PID=87020) to work on /Users/machine/Velocity_railway/airflow_env/lib/python3.10/site-packages/airflow/example_dags/example_branch_day_of_week_operator.py
[2024-12-13T03:34:20.146-0800] {processor.py:914} INFO - Processing file /Users/machine/Velocity_railway/airflow_env/lib/python3.10/site-packages/airflow/example_dags/example_branch_day_of_week_operator.py for tasks to queue
[2024-12-13T03:34:20.148-0800] {logging_mixin.py:190} INFO - [2024-12-13T03:34:20.147-0800] {dagbag.py:588} INFO - Filling up the DagBag from /Users/machine/Velocity_railway/airflow_env/lib/python3.10/site-packages/airflow/example_dags/example_branch_day_of_week_operator.py
[2024-12-13T03:34:20.163-0800] {processor.py:925} INFO - DAG(s) 'example_weekday_branch_operator' retrieved from /Users/machine/Velocity_railway/airflow_env/lib/python3.10/site-packages/airflow/example_dags/example_branch_day_of_week_operator.py
[2024-12-13T03:34:20.347-0800] {logging_mixin.py:190} INFO - [2024-12-13T03:34:20.346-0800] {dag.py:3239} INFO - Sync 1 DAGs
[2024-12-13T03:34:20.367-0800] {logging_mixin.py:190} INFO - [2024-12-13T03:34:20.367-0800] {dag.py:4180} INFO - Setting next_dagrun for example_weekday_branch_operator to 2024-12-12 00:00:00+00:00, run_after=2024-12-13 00:00:00+00:00
[2024-12-13T03:34:20.386-0800] {processor.py:208} INFO - Processing /Users/machine/Velocity_railway/airflow_env/lib/python3.10/site-packages/airflow/example_dags/example_branch_day_of_week_operator.py took 0.249 seconds
[2024-12-13T03:39:18.303-0800] {processor.py:186} INFO - Started process (PID=88070) to work on /Users/machine/Velocity_railway/airflow_env/lib/python3.10/site-packages/airflow/example_dags/example_branch_day_of_week_operator.py
[2024-12-13T03:39:18.305-0800] {processor.py:914} INFO - Processing file /Users/machine/Velocity_railway/airflow_env/lib/python3.10/site-packages/airflow/example_dags/example_branch_day_of_week_operator.py for tasks to queue
[2024-12-13T03:39:18.306-0800] {logging_mixin.py:190} INFO - [2024-12-13T03:39:18.306-0800] {dagbag.py:588} INFO - Filling up the DagBag from /Users/machine/Velocity_railway/airflow_env/lib/python3.10/site-packages/airflow/example_dags/example_branch_day_of_week_operator.py
[2024-12-13T03:39:18.320-0800] {processor.py:925} INFO - DAG(s) 'example_weekday_branch_operator' retrieved from /Users/machine/Velocity_railway/airflow_env/lib/python3.10/site-packages/airflow/example_dags/example_branch_day_of_week_operator.py
[2024-12-13T03:39:18.472-0800] {logging_mixin.py:190} INFO - [2024-12-13T03:39:18.471-0800] {dag.py:3239} INFO - Sync 1 DAGs
[2024-12-13T03:39:18.489-0800] {logging_mixin.py:190} INFO - [2024-12-13T03:39:18.488-0800] {dag.py:4180} INFO - Setting next_dagrun for example_weekday_branch_operator to 2024-12-12 00:00:00+00:00, run_after=2024-12-13 00:00:00+00:00
[2024-12-13T03:39:18.505-0800] {processor.py:208} INFO - Processing /Users/machine/Velocity_railway/airflow_env/lib/python3.10/site-packages/airflow/example_dags/example_branch_day_of_week_operator.py took 0.207 seconds
[2024-12-13T03:43:43.624-0800] {processor.py:186} INFO - Started process (PID=88990) to work on /Users/machine/Velocity_railway/airflow_env/lib/python3.10/site-packages/airflow/example_dags/example_branch_day_of_week_operator.py
[2024-12-13T03:43:43.625-0800] {processor.py:914} INFO - Processing file /Users/machine/Velocity_railway/airflow_env/lib/python3.10/site-packages/airflow/example_dags/example_branch_day_of_week_operator.py for tasks to queue
[2024-12-13T03:43:43.627-0800] {logging_mixin.py:190} INFO - [2024-12-13T03:43:43.626-0800] {dagbag.py:588} INFO - Filling up the DagBag from /Users/machine/Velocity_railway/airflow_env/lib/python3.10/site-packages/airflow/example_dags/example_branch_day_of_week_operator.py
[2024-12-13T03:43:43.639-0800] {processor.py:925} INFO - DAG(s) 'example_weekday_branch_operator' retrieved from /Users/machine/Velocity_railway/airflow_env/lib/python3.10/site-packages/airflow/example_dags/example_branch_day_of_week_operator.py
[2024-12-13T03:43:43.806-0800] {logging_mixin.py:190} INFO - [2024-12-13T03:43:43.806-0800] {dag.py:3239} INFO - Sync 1 DAGs
[2024-12-13T03:43:43.827-0800] {logging_mixin.py:190} INFO - [2024-12-13T03:43:43.826-0800] {dag.py:4180} INFO - Setting next_dagrun for example_weekday_branch_operator to 2024-12-12 00:00:00+00:00, run_after=2024-12-13 00:00:00+00:00
[2024-12-13T03:43:43.844-0800] {processor.py:208} INFO - Processing /Users/machine/Velocity_railway/airflow_env/lib/python3.10/site-packages/airflow/example_dags/example_branch_day_of_week_operator.py took 0.225 seconds
[2024-12-13T03:48:11.352-0800] {processor.py:186} INFO - Started process (PID=89889) to work on /Users/machine/Velocity_railway/airflow_env/lib/python3.10/site-packages/airflow/example_dags/example_branch_day_of_week_operator.py
[2024-12-13T03:48:11.354-0800] {processor.py:914} INFO - Processing file /Users/machine/Velocity_railway/airflow_env/lib/python3.10/site-packages/airflow/example_dags/example_branch_day_of_week_operator.py for tasks to queue
[2024-12-13T03:48:11.355-0800] {logging_mixin.py:190} INFO - [2024-12-13T03:48:11.355-0800] {dagbag.py:588} INFO - Filling up the DagBag from /Users/machine/Velocity_railway/airflow_env/lib/python3.10/site-packages/airflow/example_dags/example_branch_day_of_week_operator.py
[2024-12-13T03:48:11.369-0800] {processor.py:925} INFO - DAG(s) 'example_weekday_branch_operator' retrieved from /Users/machine/Velocity_railway/airflow_env/lib/python3.10/site-packages/airflow/example_dags/example_branch_day_of_week_operator.py
[2024-12-13T03:48:11.521-0800] {logging_mixin.py:190} INFO - [2024-12-13T03:48:11.521-0800] {dag.py:3239} INFO - Sync 1 DAGs
[2024-12-13T03:48:11.556-0800] {logging_mixin.py:190} INFO - [2024-12-13T03:48:11.556-0800] {dag.py:4180} INFO - Setting next_dagrun for example_weekday_branch_operator to 2024-12-12 00:00:00+00:00, run_after=2024-12-13 00:00:00+00:00
[2024-12-13T03:48:11.572-0800] {processor.py:208} INFO - Processing /Users/machine/Velocity_railway/airflow_env/lib/python3.10/site-packages/airflow/example_dags/example_branch_day_of_week_operator.py took 0.226 seconds
[2024-12-13T03:52:47.713-0800] {processor.py:186} INFO - Started process (PID=90856) to work on /Users/machine/Velocity_railway/airflow_env/lib/python3.10/site-packages/airflow/example_dags/example_branch_day_of_week_operator.py
[2024-12-13T03:52:47.715-0800] {processor.py:914} INFO - Processing file /Users/machine/Velocity_railway/airflow_env/lib/python3.10/site-packages/airflow/example_dags/example_branch_day_of_week_operator.py for tasks to queue
[2024-12-13T03:52:47.717-0800] {logging_mixin.py:190} INFO - [2024-12-13T03:52:47.716-0800] {dagbag.py:588} INFO - Filling up the DagBag from /Users/machine/Velocity_railway/airflow_env/lib/python3.10/site-packages/airflow/example_dags/example_branch_day_of_week_operator.py
[2024-12-13T03:52:47.731-0800] {processor.py:925} INFO - DAG(s) 'example_weekday_branch_operator' retrieved from /Users/machine/Velocity_railway/airflow_env/lib/python3.10/site-packages/airflow/example_dags/example_branch_day_of_week_operator.py
[2024-12-13T03:52:47.906-0800] {logging_mixin.py:190} INFO - [2024-12-13T03:52:47.906-0800] {dag.py:3239} INFO - Sync 1 DAGs
[2024-12-13T03:52:47.928-0800] {logging_mixin.py:190} INFO - [2024-12-13T03:52:47.928-0800] {dag.py:4180} INFO - Setting next_dagrun for example_weekday_branch_operator to 2024-12-12 00:00:00+00:00, run_after=2024-12-13 00:00:00+00:00
[2024-12-13T03:52:47.947-0800] {processor.py:208} INFO - Processing /Users/machine/Velocity_railway/airflow_env/lib/python3.10/site-packages/airflow/example_dags/example_branch_day_of_week_operator.py took 0.240 seconds
[2024-12-13T03:57:39.850-0800] {processor.py:186} INFO - Started process (PID=92027) to work on /Users/machine/Velocity_railway/airflow_env/lib/python3.10/site-packages/airflow/example_dags/example_branch_day_of_week_operator.py
[2024-12-13T03:57:39.852-0800] {processor.py:914} INFO - Processing file /Users/machine/Velocity_railway/airflow_env/lib/python3.10/site-packages/airflow/example_dags/example_branch_day_of_week_operator.py for tasks to queue
[2024-12-13T03:57:39.854-0800] {logging_mixin.py:190} INFO - [2024-12-13T03:57:39.853-0800] {dagbag.py:588} INFO - Filling up the DagBag from /Users/machine/Velocity_railway/airflow_env/lib/python3.10/site-packages/airflow/example_dags/example_branch_day_of_week_operator.py
[2024-12-13T03:57:39.870-0800] {processor.py:925} INFO - DAG(s) 'example_weekday_branch_operator' retrieved from /Users/machine/Velocity_railway/airflow_env/lib/python3.10/site-packages/airflow/example_dags/example_branch_day_of_week_operator.py
[2024-12-13T03:57:40.053-0800] {logging_mixin.py:190} INFO - [2024-12-13T03:57:40.053-0800] {dag.py:3239} INFO - Sync 1 DAGs
[2024-12-13T03:57:40.075-0800] {logging_mixin.py:190} INFO - [2024-12-13T03:57:40.075-0800] {dag.py:4180} INFO - Setting next_dagrun for example_weekday_branch_operator to 2024-12-12 00:00:00+00:00, run_after=2024-12-13 00:00:00+00:00
[2024-12-13T03:57:40.094-0800] {processor.py:208} INFO - Processing /Users/machine/Velocity_railway/airflow_env/lib/python3.10/site-packages/airflow/example_dags/example_branch_day_of_week_operator.py took 0.251 seconds
[2024-12-13T05:51:15.065-0800] {processor.py:186} INFO - Started process (PID=93508) to work on /Users/machine/Velocity_railway/airflow_env/lib/python3.10/site-packages/airflow/example_dags/example_branch_day_of_week_operator.py
[2024-12-13T05:51:15.066-0800] {processor.py:914} INFO - Processing file /Users/machine/Velocity_railway/airflow_env/lib/python3.10/site-packages/airflow/example_dags/example_branch_day_of_week_operator.py for tasks to queue
[2024-12-13T05:51:15.067-0800] {logging_mixin.py:190} INFO - [2024-12-13T05:51:15.067-0800] {dagbag.py:588} INFO - Filling up the DagBag from /Users/machine/Velocity_railway/airflow_env/lib/python3.10/site-packages/airflow/example_dags/example_branch_day_of_week_operator.py
[2024-12-13T05:51:15.082-0800] {processor.py:925} INFO - DAG(s) 'example_weekday_branch_operator' retrieved from /Users/machine/Velocity_railway/airflow_env/lib/python3.10/site-packages/airflow/example_dags/example_branch_day_of_week_operator.py
[2024-12-13T05:51:15.237-0800] {logging_mixin.py:190} INFO - [2024-12-13T05:51:15.237-0800] {dag.py:3239} INFO - Sync 1 DAGs
[2024-12-13T05:51:15.256-0800] {logging_mixin.py:190} INFO - [2024-12-13T05:51:15.256-0800] {dag.py:4180} INFO - Setting next_dagrun for example_weekday_branch_operator to 2024-12-12 00:00:00+00:00, run_after=2024-12-13 00:00:00+00:00
[2024-12-13T05:51:15.272-0800] {processor.py:208} INFO - Processing /Users/machine/Velocity_railway/airflow_env/lib/python3.10/site-packages/airflow/example_dags/example_branch_day_of_week_operator.py took 0.213 seconds
