[2024-12-13T03:09:20.586-0800] {processor.py:186} INFO - Started process (PID=81914) to work on /Users/machine/Velocity_railway/airflow_env/lib/python3.10/site-packages/airflow/example_dags/example_setup_teardown_taskflow.py
[2024-12-13T03:09:20.588-0800] {processor.py:914} INFO - Processing file /Users/machine/Velocity_railway/airflow_env/lib/python3.10/site-packages/airflow/example_dags/example_setup_teardown_taskflow.py for tasks to queue
[2024-12-13T03:09:20.589-0800] {logging_mixin.py:190} INFO - [2024-12-13T03:09:20.589-0800] {dagbag.py:588} INFO - Filling up the DagBag from /Users/machine/Velocity_railway/airflow_env/lib/python3.10/site-packages/airflow/example_dags/example_setup_teardown_taskflow.py
[2024-12-13T03:09:20.682-0800] {processor.py:925} INFO - DAG(s) 'example_setup_teardown_taskflow' retrieved from /Users/machine/Velocity_railway/airflow_env/lib/python3.10/site-packages/airflow/example_dags/example_setup_teardown_taskflow.py
[2024-12-13T03:09:20.888-0800] {logging_mixin.py:190} INFO - [2024-12-13T03:09:20.888-0800] {override.py:1911} INFO - Created Permission View: can delete on DAG:example_setup_teardown_taskflow
[2024-12-13T03:09:20.897-0800] {logging_mixin.py:190} INFO - [2024-12-13T03:09:20.897-0800] {override.py:1911} INFO - Created Permission View: can edit on DAG:example_setup_teardown_taskflow
[2024-12-13T03:09:20.903-0800] {logging_mixin.py:190} INFO - [2024-12-13T03:09:20.903-0800] {override.py:1911} INFO - Created Permission View: can read on DAG:example_setup_teardown_taskflow
[2024-12-13T03:09:20.913-0800] {logging_mixin.py:190} INFO - [2024-12-13T03:09:20.912-0800] {override.py:1911} INFO - Created Permission View: menu access on DAG Run:example_setup_teardown_taskflow
[2024-12-13T03:09:20.919-0800] {logging_mixin.py:190} INFO - [2024-12-13T03:09:20.918-0800] {override.py:1911} INFO - Created Permission View: can delete on DAG Run:example_setup_teardown_taskflow
[2024-12-13T03:09:20.924-0800] {logging_mixin.py:190} INFO - [2024-12-13T03:09:20.924-0800] {override.py:1911} INFO - Created Permission View: can create on DAG Run:example_setup_teardown_taskflow
[2024-12-13T03:09:20.930-0800] {logging_mixin.py:190} INFO - [2024-12-13T03:09:20.930-0800] {override.py:1911} INFO - Created Permission View: can read on DAG Run:example_setup_teardown_taskflow
[2024-12-13T03:09:20.931-0800] {logging_mixin.py:190} INFO - [2024-12-13T03:09:20.931-0800] {dag.py:3239} INFO - Sync 1 DAGs
[2024-12-13T03:09:20.942-0800] {logging_mixin.py:190} INFO - [2024-12-13T03:09:20.942-0800] {dag.py:3262} INFO - Creating ORM DAG for example_setup_teardown_taskflow
[2024-12-13T03:09:20.943-0800] {logging_mixin.py:190} INFO - [2024-12-13T03:09:20.943-0800] {dag.py:4180} INFO - Setting next_dagrun for example_setup_teardown_taskflow to None, run_after=None
[2024-12-13T03:09:20.959-0800] {processor.py:208} INFO - Processing /Users/machine/Velocity_railway/airflow_env/lib/python3.10/site-packages/airflow/example_dags/example_setup_teardown_taskflow.py took 0.378 seconds
[2024-12-13T03:12:21.986-0800] {processor.py:186} INFO - Started process (PID=82506) to work on /Users/machine/Velocity_railway/airflow_env/lib/python3.10/site-packages/airflow/example_dags/example_setup_teardown_taskflow.py
[2024-12-13T03:12:21.987-0800] {processor.py:914} INFO - Processing file /Users/machine/Velocity_railway/airflow_env/lib/python3.10/site-packages/airflow/example_dags/example_setup_teardown_taskflow.py for tasks to queue
[2024-12-13T03:12:21.988-0800] {logging_mixin.py:190} INFO - [2024-12-13T03:12:21.988-0800] {dagbag.py:588} INFO - Filling up the DagBag from /Users/machine/Velocity_railway/airflow_env/lib/python3.10/site-packages/airflow/example_dags/example_setup_teardown_taskflow.py
[2024-12-13T03:12:22.077-0800] {processor.py:925} INFO - DAG(s) 'example_setup_teardown_taskflow' retrieved from /Users/machine/Velocity_railway/airflow_env/lib/python3.10/site-packages/airflow/example_dags/example_setup_teardown_taskflow.py
[2024-12-13T03:12:22.188-0800] {logging_mixin.py:190} INFO - [2024-12-13T03:12:22.188-0800] {dag.py:3239} INFO - Sync 1 DAGs
[2024-12-13T03:12:22.199-0800] {logging_mixin.py:190} INFO - [2024-12-13T03:12:22.198-0800] {dag.py:4180} INFO - Setting next_dagrun for example_setup_teardown_taskflow to None, run_after=None
[2024-12-13T03:12:22.217-0800] {processor.py:208} INFO - Processing /Users/machine/Velocity_railway/airflow_env/lib/python3.10/site-packages/airflow/example_dags/example_setup_teardown_taskflow.py took 0.237 seconds
[2024-12-13T03:14:57.287-0800] {processor.py:186} INFO - Started process (PID=83017) to work on /Users/machine/Velocity_railway/airflow_env/lib/python3.10/site-packages/airflow/example_dags/example_setup_teardown_taskflow.py
[2024-12-13T03:14:57.289-0800] {processor.py:914} INFO - Processing file /Users/machine/Velocity_railway/airflow_env/lib/python3.10/site-packages/airflow/example_dags/example_setup_teardown_taskflow.py for tasks to queue
[2024-12-13T03:14:57.290-0800] {logging_mixin.py:190} INFO - [2024-12-13T03:14:57.290-0800] {dagbag.py:588} INFO - Filling up the DagBag from /Users/machine/Velocity_railway/airflow_env/lib/python3.10/site-packages/airflow/example_dags/example_setup_teardown_taskflow.py
[2024-12-13T03:14:57.380-0800] {processor.py:925} INFO - DAG(s) 'example_setup_teardown_taskflow' retrieved from /Users/machine/Velocity_railway/airflow_env/lib/python3.10/site-packages/airflow/example_dags/example_setup_teardown_taskflow.py
[2024-12-13T03:14:57.490-0800] {logging_mixin.py:190} INFO - [2024-12-13T03:14:57.489-0800] {dag.py:3239} INFO - Sync 1 DAGs
[2024-12-13T03:14:57.499-0800] {logging_mixin.py:190} INFO - [2024-12-13T03:14:57.499-0800] {dag.py:4180} INFO - Setting next_dagrun for example_setup_teardown_taskflow to None, run_after=None
[2024-12-13T03:14:57.517-0800] {processor.py:208} INFO - Processing /Users/machine/Velocity_railway/airflow_env/lib/python3.10/site-packages/airflow/example_dags/example_setup_teardown_taskflow.py took 0.236 seconds
[2024-12-13T03:17:17.801-0800] {processor.py:186} INFO - Started process (PID=83474) to work on /Users/machine/Velocity_railway/airflow_env/lib/python3.10/site-packages/airflow/example_dags/example_setup_teardown_taskflow.py
[2024-12-13T03:17:17.802-0800] {processor.py:914} INFO - Processing file /Users/machine/Velocity_railway/airflow_env/lib/python3.10/site-packages/airflow/example_dags/example_setup_teardown_taskflow.py for tasks to queue
[2024-12-13T03:17:17.804-0800] {logging_mixin.py:190} INFO - [2024-12-13T03:17:17.803-0800] {dagbag.py:588} INFO - Filling up the DagBag from /Users/machine/Velocity_railway/airflow_env/lib/python3.10/site-packages/airflow/example_dags/example_setup_teardown_taskflow.py
[2024-12-13T03:17:17.901-0800] {processor.py:925} INFO - DAG(s) 'example_setup_teardown_taskflow' retrieved from /Users/machine/Velocity_railway/airflow_env/lib/python3.10/site-packages/airflow/example_dags/example_setup_teardown_taskflow.py
[2024-12-13T03:17:18.018-0800] {logging_mixin.py:190} INFO - [2024-12-13T03:17:18.018-0800] {dag.py:3239} INFO - Sync 1 DAGs
[2024-12-13T03:17:18.028-0800] {logging_mixin.py:190} INFO - [2024-12-13T03:17:18.028-0800] {dag.py:4180} INFO - Setting next_dagrun for example_setup_teardown_taskflow to None, run_after=None
[2024-12-13T03:17:18.046-0800] {processor.py:208} INFO - Processing /Users/machine/Velocity_railway/airflow_env/lib/python3.10/site-packages/airflow/example_dags/example_setup_teardown_taskflow.py took 0.252 seconds
[2024-12-13T03:19:34.375-0800] {processor.py:186} INFO - Started process (PID=83976) to work on /Users/machine/Velocity_railway/airflow_env/lib/python3.10/site-packages/airflow/example_dags/example_setup_teardown_taskflow.py
[2024-12-13T03:19:34.377-0800] {processor.py:914} INFO - Processing file /Users/machine/Velocity_railway/airflow_env/lib/python3.10/site-packages/airflow/example_dags/example_setup_teardown_taskflow.py for tasks to queue
[2024-12-13T03:19:34.378-0800] {logging_mixin.py:190} INFO - [2024-12-13T03:19:34.378-0800] {dagbag.py:588} INFO - Filling up the DagBag from /Users/machine/Velocity_railway/airflow_env/lib/python3.10/site-packages/airflow/example_dags/example_setup_teardown_taskflow.py
[2024-12-13T03:19:34.466-0800] {processor.py:925} INFO - DAG(s) 'example_setup_teardown_taskflow' retrieved from /Users/machine/Velocity_railway/airflow_env/lib/python3.10/site-packages/airflow/example_dags/example_setup_teardown_taskflow.py
[2024-12-13T03:19:34.571-0800] {logging_mixin.py:190} INFO - [2024-12-13T03:19:34.571-0800] {dag.py:3239} INFO - Sync 1 DAGs
[2024-12-13T03:19:34.582-0800] {logging_mixin.py:190} INFO - [2024-12-13T03:19:34.582-0800] {dag.py:4180} INFO - Setting next_dagrun for example_setup_teardown_taskflow to None, run_after=None
[2024-12-13T03:19:34.600-0800] {processor.py:208} INFO - Processing /Users/machine/Velocity_railway/airflow_env/lib/python3.10/site-packages/airflow/example_dags/example_setup_teardown_taskflow.py took 0.231 seconds
[2024-12-13T03:21:43.738-0800] {processor.py:186} INFO - Started process (PID=84407) to work on /Users/machine/Velocity_railway/airflow_env/lib/python3.10/site-packages/airflow/example_dags/example_setup_teardown_taskflow.py
[2024-12-13T03:21:43.740-0800] {processor.py:914} INFO - Processing file /Users/machine/Velocity_railway/airflow_env/lib/python3.10/site-packages/airflow/example_dags/example_setup_teardown_taskflow.py for tasks to queue
[2024-12-13T03:21:43.742-0800] {logging_mixin.py:190} INFO - [2024-12-13T03:21:43.742-0800] {dagbag.py:588} INFO - Filling up the DagBag from /Users/machine/Velocity_railway/airflow_env/lib/python3.10/site-packages/airflow/example_dags/example_setup_teardown_taskflow.py
[2024-12-13T03:21:43.828-0800] {processor.py:925} INFO - DAG(s) 'example_setup_teardown_taskflow' retrieved from /Users/machine/Velocity_railway/airflow_env/lib/python3.10/site-packages/airflow/example_dags/example_setup_teardown_taskflow.py
[2024-12-13T03:21:43.934-0800] {logging_mixin.py:190} INFO - [2024-12-13T03:21:43.933-0800] {dag.py:3239} INFO - Sync 1 DAGs
[2024-12-13T03:21:43.944-0800] {logging_mixin.py:190} INFO - [2024-12-13T03:21:43.944-0800] {dag.py:4180} INFO - Setting next_dagrun for example_setup_teardown_taskflow to None, run_after=None
[2024-12-13T03:21:43.961-0800] {processor.py:208} INFO - Processing /Users/machine/Velocity_railway/airflow_env/lib/python3.10/site-packages/airflow/example_dags/example_setup_teardown_taskflow.py took 0.229 seconds
[2024-12-13T03:24:05.473-0800] {processor.py:186} INFO - Started process (PID=84882) to work on /Users/machine/Velocity_railway/airflow_env/lib/python3.10/site-packages/airflow/example_dags/example_setup_teardown_taskflow.py
[2024-12-13T03:24:05.475-0800] {processor.py:914} INFO - Processing file /Users/machine/Velocity_railway/airflow_env/lib/python3.10/site-packages/airflow/example_dags/example_setup_teardown_taskflow.py for tasks to queue
[2024-12-13T03:24:05.476-0800] {logging_mixin.py:190} INFO - [2024-12-13T03:24:05.476-0800] {dagbag.py:588} INFO - Filling up the DagBag from /Users/machine/Velocity_railway/airflow_env/lib/python3.10/site-packages/airflow/example_dags/example_setup_teardown_taskflow.py
[2024-12-13T03:24:05.557-0800] {processor.py:925} INFO - DAG(s) 'example_setup_teardown_taskflow' retrieved from /Users/machine/Velocity_railway/airflow_env/lib/python3.10/site-packages/airflow/example_dags/example_setup_teardown_taskflow.py
[2024-12-13T03:24:05.656-0800] {logging_mixin.py:190} INFO - [2024-12-13T03:24:05.655-0800] {dag.py:3239} INFO - Sync 1 DAGs
[2024-12-13T03:24:05.665-0800] {logging_mixin.py:190} INFO - [2024-12-13T03:24:05.665-0800] {dag.py:4180} INFO - Setting next_dagrun for example_setup_teardown_taskflow to None, run_after=None
[2024-12-13T03:24:05.681-0800] {processor.py:208} INFO - Processing /Users/machine/Velocity_railway/airflow_env/lib/python3.10/site-packages/airflow/example_dags/example_setup_teardown_taskflow.py took 0.215 seconds
[2024-12-13T03:26:23.319-0800] {processor.py:186} INFO - Started process (PID=85362) to work on /Users/machine/Velocity_railway/airflow_env/lib/python3.10/site-packages/airflow/example_dags/example_setup_teardown_taskflow.py
[2024-12-13T03:26:23.321-0800] {processor.py:914} INFO - Processing file /Users/machine/Velocity_railway/airflow_env/lib/python3.10/site-packages/airflow/example_dags/example_setup_teardown_taskflow.py for tasks to queue
[2024-12-13T03:26:23.322-0800] {logging_mixin.py:190} INFO - [2024-12-13T03:26:23.322-0800] {dagbag.py:588} INFO - Filling up the DagBag from /Users/machine/Velocity_railway/airflow_env/lib/python3.10/site-packages/airflow/example_dags/example_setup_teardown_taskflow.py
[2024-12-13T03:26:23.409-0800] {processor.py:925} INFO - DAG(s) 'example_setup_teardown_taskflow' retrieved from /Users/machine/Velocity_railway/airflow_env/lib/python3.10/site-packages/airflow/example_dags/example_setup_teardown_taskflow.py
[2024-12-13T03:26:23.523-0800] {logging_mixin.py:190} INFO - [2024-12-13T03:26:23.522-0800] {dag.py:3239} INFO - Sync 1 DAGs
[2024-12-13T03:26:23.534-0800] {logging_mixin.py:190} INFO - [2024-12-13T03:26:23.533-0800] {dag.py:4180} INFO - Setting next_dagrun for example_setup_teardown_taskflow to None, run_after=None
[2024-12-13T03:26:23.553-0800] {processor.py:208} INFO - Processing /Users/machine/Velocity_railway/airflow_env/lib/python3.10/site-packages/airflow/example_dags/example_setup_teardown_taskflow.py took 0.240 seconds
[2024-12-13T03:28:40.112-0800] {processor.py:186} INFO - Started process (PID=85827) to work on /Users/machine/Velocity_railway/airflow_env/lib/python3.10/site-packages/airflow/example_dags/example_setup_teardown_taskflow.py
[2024-12-13T03:28:40.114-0800] {processor.py:914} INFO - Processing file /Users/machine/Velocity_railway/airflow_env/lib/python3.10/site-packages/airflow/example_dags/example_setup_teardown_taskflow.py for tasks to queue
[2024-12-13T03:28:40.116-0800] {logging_mixin.py:190} INFO - [2024-12-13T03:28:40.115-0800] {dagbag.py:588} INFO - Filling up the DagBag from /Users/machine/Velocity_railway/airflow_env/lib/python3.10/site-packages/airflow/example_dags/example_setup_teardown_taskflow.py
[2024-12-13T03:28:40.206-0800] {processor.py:925} INFO - DAG(s) 'example_setup_teardown_taskflow' retrieved from /Users/machine/Velocity_railway/airflow_env/lib/python3.10/site-packages/airflow/example_dags/example_setup_teardown_taskflow.py
[2024-12-13T03:28:40.322-0800] {logging_mixin.py:190} INFO - [2024-12-13T03:28:40.321-0800] {dag.py:3239} INFO - Sync 1 DAGs
[2024-12-13T03:28:40.334-0800] {logging_mixin.py:190} INFO - [2024-12-13T03:28:40.334-0800] {dag.py:4180} INFO - Setting next_dagrun for example_setup_teardown_taskflow to None, run_after=None
[2024-12-13T03:28:40.353-0800] {processor.py:208} INFO - Processing /Users/machine/Velocity_railway/airflow_env/lib/python3.10/site-packages/airflow/example_dags/example_setup_teardown_taskflow.py took 0.247 seconds
[2024-12-13T03:30:59.899-0800] {processor.py:186} INFO - Started process (PID=86282) to work on /Users/machine/Velocity_railway/airflow_env/lib/python3.10/site-packages/airflow/example_dags/example_setup_teardown_taskflow.py
[2024-12-13T03:30:59.901-0800] {processor.py:914} INFO - Processing file /Users/machine/Velocity_railway/airflow_env/lib/python3.10/site-packages/airflow/example_dags/example_setup_teardown_taskflow.py for tasks to queue
[2024-12-13T03:30:59.902-0800] {logging_mixin.py:190} INFO - [2024-12-13T03:30:59.902-0800] {dagbag.py:588} INFO - Filling up the DagBag from /Users/machine/Velocity_railway/airflow_env/lib/python3.10/site-packages/airflow/example_dags/example_setup_teardown_taskflow.py
[2024-12-13T03:30:59.992-0800] {processor.py:925} INFO - DAG(s) 'example_setup_teardown_taskflow' retrieved from /Users/machine/Velocity_railway/airflow_env/lib/python3.10/site-packages/airflow/example_dags/example_setup_teardown_taskflow.py
[2024-12-13T03:31:00.108-0800] {logging_mixin.py:190} INFO - [2024-12-13T03:31:00.107-0800] {dag.py:3239} INFO - Sync 1 DAGs
[2024-12-13T03:31:00.119-0800] {logging_mixin.py:190} INFO - [2024-12-13T03:31:00.119-0800] {dag.py:4180} INFO - Setting next_dagrun for example_setup_teardown_taskflow to None, run_after=None
[2024-12-13T03:31:00.137-0800] {processor.py:208} INFO - Processing /Users/machine/Velocity_railway/airflow_env/lib/python3.10/site-packages/airflow/example_dags/example_setup_teardown_taskflow.py took 0.244 seconds
[2024-12-13T03:33:21.151-0800] {processor.py:186} INFO - Started process (PID=86806) to work on /Users/machine/Velocity_railway/airflow_env/lib/python3.10/site-packages/airflow/example_dags/example_setup_teardown_taskflow.py
[2024-12-13T03:33:21.153-0800] {processor.py:914} INFO - Processing file /Users/machine/Velocity_railway/airflow_env/lib/python3.10/site-packages/airflow/example_dags/example_setup_teardown_taskflow.py for tasks to queue
[2024-12-13T03:33:21.154-0800] {logging_mixin.py:190} INFO - [2024-12-13T03:33:21.154-0800] {dagbag.py:588} INFO - Filling up the DagBag from /Users/machine/Velocity_railway/airflow_env/lib/python3.10/site-packages/airflow/example_dags/example_setup_teardown_taskflow.py
[2024-12-13T03:33:21.244-0800] {processor.py:925} INFO - DAG(s) 'example_setup_teardown_taskflow' retrieved from /Users/machine/Velocity_railway/airflow_env/lib/python3.10/site-packages/airflow/example_dags/example_setup_teardown_taskflow.py
[2024-12-13T03:33:21.355-0800] {logging_mixin.py:190} INFO - [2024-12-13T03:33:21.354-0800] {dag.py:3239} INFO - Sync 1 DAGs
[2024-12-13T03:33:21.365-0800] {logging_mixin.py:190} INFO - [2024-12-13T03:33:21.365-0800] {dag.py:4180} INFO - Setting next_dagrun for example_setup_teardown_taskflow to None, run_after=None
[2024-12-13T03:33:21.384-0800] {processor.py:208} INFO - Processing /Users/machine/Velocity_railway/airflow_env/lib/python3.10/site-packages/airflow/example_dags/example_setup_teardown_taskflow.py took 0.238 seconds
[2024-12-13T03:35:49.149-0800] {processor.py:186} INFO - Started process (PID=87379) to work on /Users/machine/Velocity_railway/airflow_env/lib/python3.10/site-packages/airflow/example_dags/example_setup_teardown_taskflow.py
[2024-12-13T03:35:49.151-0800] {processor.py:914} INFO - Processing file /Users/machine/Velocity_railway/airflow_env/lib/python3.10/site-packages/airflow/example_dags/example_setup_teardown_taskflow.py for tasks to queue
[2024-12-13T03:35:49.152-0800] {logging_mixin.py:190} INFO - [2024-12-13T03:35:49.152-0800] {dagbag.py:588} INFO - Filling up the DagBag from /Users/machine/Velocity_railway/airflow_env/lib/python3.10/site-packages/airflow/example_dags/example_setup_teardown_taskflow.py
[2024-12-13T03:35:49.247-0800] {processor.py:925} INFO - DAG(s) 'example_setup_teardown_taskflow' retrieved from /Users/machine/Velocity_railway/airflow_env/lib/python3.10/site-packages/airflow/example_dags/example_setup_teardown_taskflow.py
[2024-12-13T03:35:49.373-0800] {logging_mixin.py:190} INFO - [2024-12-13T03:35:49.373-0800] {dag.py:3239} INFO - Sync 1 DAGs
[2024-12-13T03:35:49.385-0800] {logging_mixin.py:190} INFO - [2024-12-13T03:35:49.385-0800] {dag.py:4180} INFO - Setting next_dagrun for example_setup_teardown_taskflow to None, run_after=None
[2024-12-13T03:35:49.404-0800] {processor.py:208} INFO - Processing /Users/machine/Velocity_railway/airflow_env/lib/python3.10/site-packages/airflow/example_dags/example_setup_teardown_taskflow.py took 0.262 seconds
[2024-12-13T03:38:19.594-0800] {processor.py:186} INFO - Started process (PID=87875) to work on /Users/machine/Velocity_railway/airflow_env/lib/python3.10/site-packages/airflow/example_dags/example_setup_teardown_taskflow.py
[2024-12-13T03:38:19.595-0800] {processor.py:914} INFO - Processing file /Users/machine/Velocity_railway/airflow_env/lib/python3.10/site-packages/airflow/example_dags/example_setup_teardown_taskflow.py for tasks to queue
[2024-12-13T03:38:19.597-0800] {logging_mixin.py:190} INFO - [2024-12-13T03:38:19.596-0800] {dagbag.py:588} INFO - Filling up the DagBag from /Users/machine/Velocity_railway/airflow_env/lib/python3.10/site-packages/airflow/example_dags/example_setup_teardown_taskflow.py
[2024-12-13T03:38:19.691-0800] {processor.py:925} INFO - DAG(s) 'example_setup_teardown_taskflow' retrieved from /Users/machine/Velocity_railway/airflow_env/lib/python3.10/site-packages/airflow/example_dags/example_setup_teardown_taskflow.py
[2024-12-13T03:38:19.823-0800] {logging_mixin.py:190} INFO - [2024-12-13T03:38:19.823-0800] {dag.py:3239} INFO - Sync 1 DAGs
[2024-12-13T03:38:19.836-0800] {logging_mixin.py:190} INFO - [2024-12-13T03:38:19.836-0800] {dag.py:4180} INFO - Setting next_dagrun for example_setup_teardown_taskflow to None, run_after=None
[2024-12-13T03:38:19.858-0800] {processor.py:208} INFO - Processing /Users/machine/Velocity_railway/airflow_env/lib/python3.10/site-packages/airflow/example_dags/example_setup_teardown_taskflow.py took 0.271 seconds
[2024-12-13T03:40:38.205-0800] {processor.py:186} INFO - Started process (PID=88338) to work on /Users/machine/Velocity_railway/airflow_env/lib/python3.10/site-packages/airflow/example_dags/example_setup_teardown_taskflow.py
[2024-12-13T03:40:38.207-0800] {processor.py:914} INFO - Processing file /Users/machine/Velocity_railway/airflow_env/lib/python3.10/site-packages/airflow/example_dags/example_setup_teardown_taskflow.py for tasks to queue
[2024-12-13T03:40:38.209-0800] {logging_mixin.py:190} INFO - [2024-12-13T03:40:38.209-0800] {dagbag.py:588} INFO - Filling up the DagBag from /Users/machine/Velocity_railway/airflow_env/lib/python3.10/site-packages/airflow/example_dags/example_setup_teardown_taskflow.py
[2024-12-13T03:40:38.295-0800] {processor.py:925} INFO - DAG(s) 'example_setup_teardown_taskflow' retrieved from /Users/machine/Velocity_railway/airflow_env/lib/python3.10/site-packages/airflow/example_dags/example_setup_teardown_taskflow.py
[2024-12-13T03:40:38.424-0800] {logging_mixin.py:190} INFO - [2024-12-13T03:40:38.423-0800] {dag.py:3239} INFO - Sync 1 DAGs
[2024-12-13T03:40:38.434-0800] {logging_mixin.py:190} INFO - [2024-12-13T03:40:38.434-0800] {dag.py:4180} INFO - Setting next_dagrun for example_setup_teardown_taskflow to None, run_after=None
[2024-12-13T03:40:38.452-0800] {processor.py:208} INFO - Processing /Users/machine/Velocity_railway/airflow_env/lib/python3.10/site-packages/airflow/example_dags/example_setup_teardown_taskflow.py took 0.253 seconds
[2024-12-13T03:42:52.034-0800] {processor.py:186} INFO - Started process (PID=88822) to work on /Users/machine/Velocity_railway/airflow_env/lib/python3.10/site-packages/airflow/example_dags/example_setup_teardown_taskflow.py
[2024-12-13T03:42:52.035-0800] {processor.py:914} INFO - Processing file /Users/machine/Velocity_railway/airflow_env/lib/python3.10/site-packages/airflow/example_dags/example_setup_teardown_taskflow.py for tasks to queue
[2024-12-13T03:42:52.036-0800] {logging_mixin.py:190} INFO - [2024-12-13T03:42:52.036-0800] {dagbag.py:588} INFO - Filling up the DagBag from /Users/machine/Velocity_railway/airflow_env/lib/python3.10/site-packages/airflow/example_dags/example_setup_teardown_taskflow.py
[2024-12-13T03:42:52.122-0800] {processor.py:925} INFO - DAG(s) 'example_setup_teardown_taskflow' retrieved from /Users/machine/Velocity_railway/airflow_env/lib/python3.10/site-packages/airflow/example_dags/example_setup_teardown_taskflow.py
[2024-12-13T03:42:52.230-0800] {logging_mixin.py:190} INFO - [2024-12-13T03:42:52.230-0800] {dag.py:3239} INFO - Sync 1 DAGs
[2024-12-13T03:42:52.240-0800] {logging_mixin.py:190} INFO - [2024-12-13T03:42:52.240-0800] {dag.py:4180} INFO - Setting next_dagrun for example_setup_teardown_taskflow to None, run_after=None
[2024-12-13T03:42:52.259-0800] {processor.py:208} INFO - Processing /Users/machine/Velocity_railway/airflow_env/lib/python3.10/site-packages/airflow/example_dags/example_setup_teardown_taskflow.py took 0.230 seconds
[2024-12-13T03:45:05.619-0800] {processor.py:186} INFO - Started process (PID=89270) to work on /Users/machine/Velocity_railway/airflow_env/lib/python3.10/site-packages/airflow/example_dags/example_setup_teardown_taskflow.py
[2024-12-13T03:45:05.621-0800] {processor.py:914} INFO - Processing file /Users/machine/Velocity_railway/airflow_env/lib/python3.10/site-packages/airflow/example_dags/example_setup_teardown_taskflow.py for tasks to queue
[2024-12-13T03:45:05.622-0800] {logging_mixin.py:190} INFO - [2024-12-13T03:45:05.622-0800] {dagbag.py:588} INFO - Filling up the DagBag from /Users/machine/Velocity_railway/airflow_env/lib/python3.10/site-packages/airflow/example_dags/example_setup_teardown_taskflow.py
[2024-12-13T03:45:05.712-0800] {processor.py:925} INFO - DAG(s) 'example_setup_teardown_taskflow' retrieved from /Users/machine/Velocity_railway/airflow_env/lib/python3.10/site-packages/airflow/example_dags/example_setup_teardown_taskflow.py
[2024-12-13T03:45:05.822-0800] {logging_mixin.py:190} INFO - [2024-12-13T03:45:05.822-0800] {dag.py:3239} INFO - Sync 1 DAGs
[2024-12-13T03:45:05.833-0800] {logging_mixin.py:190} INFO - [2024-12-13T03:45:05.833-0800] {dag.py:4180} INFO - Setting next_dagrun for example_setup_teardown_taskflow to None, run_after=None
[2024-12-13T03:45:05.850-0800] {processor.py:208} INFO - Processing /Users/machine/Velocity_railway/airflow_env/lib/python3.10/site-packages/airflow/example_dags/example_setup_teardown_taskflow.py took 0.237 seconds
[2024-12-13T03:47:18.120-0800] {processor.py:186} INFO - Started process (PID=89707) to work on /Users/machine/Velocity_railway/airflow_env/lib/python3.10/site-packages/airflow/example_dags/example_setup_teardown_taskflow.py
[2024-12-13T03:47:18.122-0800] {processor.py:914} INFO - Processing file /Users/machine/Velocity_railway/airflow_env/lib/python3.10/site-packages/airflow/example_dags/example_setup_teardown_taskflow.py for tasks to queue
[2024-12-13T03:47:18.124-0800] {logging_mixin.py:190} INFO - [2024-12-13T03:47:18.123-0800] {dagbag.py:588} INFO - Filling up the DagBag from /Users/machine/Velocity_railway/airflow_env/lib/python3.10/site-packages/airflow/example_dags/example_setup_teardown_taskflow.py
[2024-12-13T03:47:18.209-0800] {processor.py:925} INFO - DAG(s) 'example_setup_teardown_taskflow' retrieved from /Users/machine/Velocity_railway/airflow_env/lib/python3.10/site-packages/airflow/example_dags/example_setup_teardown_taskflow.py
[2024-12-13T03:47:18.319-0800] {logging_mixin.py:190} INFO - [2024-12-13T03:47:18.319-0800] {dag.py:3239} INFO - Sync 1 DAGs
[2024-12-13T03:47:18.329-0800] {logging_mixin.py:190} INFO - [2024-12-13T03:47:18.329-0800] {dag.py:4180} INFO - Setting next_dagrun for example_setup_teardown_taskflow to None, run_after=None
[2024-12-13T03:47:18.347-0800] {processor.py:208} INFO - Processing /Users/machine/Velocity_railway/airflow_env/lib/python3.10/site-packages/airflow/example_dags/example_setup_teardown_taskflow.py took 0.234 seconds
[2024-12-13T03:49:34.270-0800] {processor.py:186} INFO - Started process (PID=90181) to work on /Users/machine/Velocity_railway/airflow_env/lib/python3.10/site-packages/airflow/example_dags/example_setup_teardown_taskflow.py
[2024-12-13T03:49:34.272-0800] {processor.py:914} INFO - Processing file /Users/machine/Velocity_railway/airflow_env/lib/python3.10/site-packages/airflow/example_dags/example_setup_teardown_taskflow.py for tasks to queue
[2024-12-13T03:49:34.273-0800] {logging_mixin.py:190} INFO - [2024-12-13T03:49:34.273-0800] {dagbag.py:588} INFO - Filling up the DagBag from /Users/machine/Velocity_railway/airflow_env/lib/python3.10/site-packages/airflow/example_dags/example_setup_teardown_taskflow.py
[2024-12-13T03:49:34.365-0800] {processor.py:925} INFO - DAG(s) 'example_setup_teardown_taskflow' retrieved from /Users/machine/Velocity_railway/airflow_env/lib/python3.10/site-packages/airflow/example_dags/example_setup_teardown_taskflow.py
[2024-12-13T03:49:34.476-0800] {logging_mixin.py:190} INFO - [2024-12-13T03:49:34.476-0800] {dag.py:3239} INFO - Sync 1 DAGs
[2024-12-13T03:49:34.487-0800] {logging_mixin.py:190} INFO - [2024-12-13T03:49:34.487-0800] {dag.py:4180} INFO - Setting next_dagrun for example_setup_teardown_taskflow to None, run_after=None
[2024-12-13T03:49:34.506-0800] {processor.py:208} INFO - Processing /Users/machine/Velocity_railway/airflow_env/lib/python3.10/site-packages/airflow/example_dags/example_setup_teardown_taskflow.py took 0.242 seconds
[2024-12-13T03:51:52.077-0800] {processor.py:186} INFO - Started process (PID=90665) to work on /Users/machine/Velocity_railway/airflow_env/lib/python3.10/site-packages/airflow/example_dags/example_setup_teardown_taskflow.py
[2024-12-13T03:51:52.079-0800] {processor.py:914} INFO - Processing file /Users/machine/Velocity_railway/airflow_env/lib/python3.10/site-packages/airflow/example_dags/example_setup_teardown_taskflow.py for tasks to queue
[2024-12-13T03:51:52.080-0800] {logging_mixin.py:190} INFO - [2024-12-13T03:51:52.080-0800] {dagbag.py:588} INFO - Filling up the DagBag from /Users/machine/Velocity_railway/airflow_env/lib/python3.10/site-packages/airflow/example_dags/example_setup_teardown_taskflow.py
[2024-12-13T03:51:52.171-0800] {processor.py:925} INFO - DAG(s) 'example_setup_teardown_taskflow' retrieved from /Users/machine/Velocity_railway/airflow_env/lib/python3.10/site-packages/airflow/example_dags/example_setup_teardown_taskflow.py
[2024-12-13T03:51:52.275-0800] {logging_mixin.py:190} INFO - [2024-12-13T03:51:52.275-0800] {dag.py:3239} INFO - Sync 1 DAGs
[2024-12-13T03:51:52.285-0800] {logging_mixin.py:190} INFO - [2024-12-13T03:51:52.285-0800] {dag.py:4180} INFO - Setting next_dagrun for example_setup_teardown_taskflow to None, run_after=None
[2024-12-13T03:51:52.302-0800] {processor.py:208} INFO - Processing /Users/machine/Velocity_railway/airflow_env/lib/python3.10/site-packages/airflow/example_dags/example_setup_teardown_taskflow.py took 0.230 seconds
[2024-12-13T03:54:14.680-0800] {processor.py:186} INFO - Started process (PID=91162) to work on /Users/machine/Velocity_railway/airflow_env/lib/python3.10/site-packages/airflow/example_dags/example_setup_teardown_taskflow.py
[2024-12-13T03:54:14.681-0800] {processor.py:914} INFO - Processing file /Users/machine/Velocity_railway/airflow_env/lib/python3.10/site-packages/airflow/example_dags/example_setup_teardown_taskflow.py for tasks to queue
[2024-12-13T03:54:14.682-0800] {logging_mixin.py:190} INFO - [2024-12-13T03:54:14.682-0800] {dagbag.py:588} INFO - Filling up the DagBag from /Users/machine/Velocity_railway/airflow_env/lib/python3.10/site-packages/airflow/example_dags/example_setup_teardown_taskflow.py
[2024-12-13T03:54:14.779-0800] {processor.py:925} INFO - DAG(s) 'example_setup_teardown_taskflow' retrieved from /Users/machine/Velocity_railway/airflow_env/lib/python3.10/site-packages/airflow/example_dags/example_setup_teardown_taskflow.py
[2024-12-13T03:54:14.901-0800] {logging_mixin.py:190} INFO - [2024-12-13T03:54:14.901-0800] {dag.py:3239} INFO - Sync 1 DAGs
[2024-12-13T03:54:14.913-0800] {logging_mixin.py:190} INFO - [2024-12-13T03:54:14.913-0800] {dag.py:4180} INFO - Setting next_dagrun for example_setup_teardown_taskflow to None, run_after=None
[2024-12-13T03:54:14.934-0800] {processor.py:208} INFO - Processing /Users/machine/Velocity_railway/airflow_env/lib/python3.10/site-packages/airflow/example_dags/example_setup_teardown_taskflow.py took 0.260 seconds
[2024-12-13T03:56:39.393-0800] {processor.py:186} INFO - Started process (PID=91768) to work on /Users/machine/Velocity_railway/airflow_env/lib/python3.10/site-packages/airflow/example_dags/example_setup_teardown_taskflow.py
[2024-12-13T03:56:39.395-0800] {processor.py:914} INFO - Processing file /Users/machine/Velocity_railway/airflow_env/lib/python3.10/site-packages/airflow/example_dags/example_setup_teardown_taskflow.py for tasks to queue
[2024-12-13T03:56:39.396-0800] {logging_mixin.py:190} INFO - [2024-12-13T03:56:39.396-0800] {dagbag.py:588} INFO - Filling up the DagBag from /Users/machine/Velocity_railway/airflow_env/lib/python3.10/site-packages/airflow/example_dags/example_setup_teardown_taskflow.py
[2024-12-13T03:56:39.485-0800] {processor.py:925} INFO - DAG(s) 'example_setup_teardown_taskflow' retrieved from /Users/machine/Velocity_railway/airflow_env/lib/python3.10/site-packages/airflow/example_dags/example_setup_teardown_taskflow.py
[2024-12-13T03:56:39.599-0800] {logging_mixin.py:190} INFO - [2024-12-13T03:56:39.599-0800] {dag.py:3239} INFO - Sync 1 DAGs
[2024-12-13T03:56:39.610-0800] {logging_mixin.py:190} INFO - [2024-12-13T03:56:39.610-0800] {dag.py:4180} INFO - Setting next_dagrun for example_setup_teardown_taskflow to None, run_after=None
[2024-12-13T03:56:39.629-0800] {processor.py:208} INFO - Processing /Users/machine/Velocity_railway/airflow_env/lib/python3.10/site-packages/airflow/example_dags/example_setup_teardown_taskflow.py took 0.242 seconds
[2024-12-13T03:59:06.076-0800] {processor.py:186} INFO - Started process (PID=92397) to work on /Users/machine/Velocity_railway/airflow_env/lib/python3.10/site-packages/airflow/example_dags/example_setup_teardown_taskflow.py
[2024-12-13T03:59:06.078-0800] {processor.py:914} INFO - Processing file /Users/machine/Velocity_railway/airflow_env/lib/python3.10/site-packages/airflow/example_dags/example_setup_teardown_taskflow.py for tasks to queue
[2024-12-13T03:59:06.079-0800] {logging_mixin.py:190} INFO - [2024-12-13T03:59:06.079-0800] {dagbag.py:588} INFO - Filling up the DagBag from /Users/machine/Velocity_railway/airflow_env/lib/python3.10/site-packages/airflow/example_dags/example_setup_teardown_taskflow.py
[2024-12-13T03:59:06.172-0800] {processor.py:925} INFO - DAG(s) 'example_setup_teardown_taskflow' retrieved from /Users/machine/Velocity_railway/airflow_env/lib/python3.10/site-packages/airflow/example_dags/example_setup_teardown_taskflow.py
[2024-12-13T03:59:06.292-0800] {logging_mixin.py:190} INFO - [2024-12-13T03:59:06.292-0800] {dag.py:3239} INFO - Sync 1 DAGs
[2024-12-13T03:59:06.304-0800] {logging_mixin.py:190} INFO - [2024-12-13T03:59:06.304-0800] {dag.py:4180} INFO - Setting next_dagrun for example_setup_teardown_taskflow to None, run_after=None
[2024-12-13T03:59:06.325-0800] {processor.py:208} INFO - Processing /Users/machine/Velocity_railway/airflow_env/lib/python3.10/site-packages/airflow/example_dags/example_setup_teardown_taskflow.py took 0.255 seconds
[2024-12-13T05:50:13.667-0800] {processor.py:186} INFO - Started process (PID=93222) to work on /Users/machine/Velocity_railway/airflow_env/lib/python3.10/site-packages/airflow/example_dags/example_setup_teardown_taskflow.py
[2024-12-13T05:50:13.670-0800] {processor.py:914} INFO - Processing file /Users/machine/Velocity_railway/airflow_env/lib/python3.10/site-packages/airflow/example_dags/example_setup_teardown_taskflow.py for tasks to queue
[2024-12-13T05:50:13.672-0800] {logging_mixin.py:190} INFO - [2024-12-13T05:50:13.671-0800] {dagbag.py:588} INFO - Filling up the DagBag from /Users/machine/Velocity_railway/airflow_env/lib/python3.10/site-packages/airflow/example_dags/example_setup_teardown_taskflow.py
[2024-12-13T05:50:13.819-0800] {processor.py:925} INFO - DAG(s) 'example_setup_teardown_taskflow' retrieved from /Users/machine/Velocity_railway/airflow_env/lib/python3.10/site-packages/airflow/example_dags/example_setup_teardown_taskflow.py
[2024-12-13T05:50:14.032-0800] {logging_mixin.py:190} INFO - [2024-12-13T05:50:14.031-0800] {dag.py:3239} INFO - Sync 1 DAGs
[2024-12-13T05:50:14.052-0800] {logging_mixin.py:190} INFO - [2024-12-13T05:50:14.052-0800] {dag.py:4180} INFO - Setting next_dagrun for example_setup_teardown_taskflow to None, run_after=None
[2024-12-13T05:50:14.082-0800] {processor.py:208} INFO - Processing /Users/machine/Velocity_railway/airflow_env/lib/python3.10/site-packages/airflow/example_dags/example_setup_teardown_taskflow.py took 0.422 seconds
