[2024-12-13T03:10:02.626-0800] {processor.py:186} INFO - Started process (PID=82049) to work on /Users/machine/Velocity_railway/airflow_env/lib/python3.10/site-packages/airflow/example_dags/example_latest_only.py
[2024-12-13T03:10:02.628-0800] {processor.py:914} INFO - Processing file /Users/machine/Velocity_railway/airflow_env/lib/python3.10/site-packages/airflow/example_dags/example_latest_only.py for tasks to queue
[2024-12-13T03:10:02.629-0800] {logging_mixin.py:190} INFO - [2024-12-13T03:10:02.629-0800] {dagbag.py:588} INFO - Filling up the DagBag from /Users/machine/Velocity_railway/airflow_env/lib/python3.10/site-packages/airflow/example_dags/example_latest_only.py
[2024-12-13T03:10:02.637-0800] {processor.py:925} INFO - DAG(s) 'latest_only' retrieved from /Users/machine/Velocity_railway/airflow_env/lib/python3.10/site-packages/airflow/example_dags/example_latest_only.py
[2024-12-13T03:10:02.912-0800] {logging_mixin.py:190} INFO - [2024-12-13T03:10:02.911-0800] {override.py:1911} INFO - Created Permission View: can edit on DAG:latest_only
[2024-12-13T03:10:02.921-0800] {logging_mixin.py:190} INFO - [2024-12-13T03:10:02.920-0800] {override.py:1911} INFO - Created Permission View: can delete on DAG:latest_only
[2024-12-13T03:10:02.927-0800] {logging_mixin.py:190} INFO - [2024-12-13T03:10:02.927-0800] {override.py:1911} INFO - Created Permission View: can read on DAG:latest_only
[2024-12-13T03:10:02.935-0800] {logging_mixin.py:190} INFO - [2024-12-13T03:10:02.935-0800] {override.py:1911} INFO - Created Permission View: can create on DAG Run:latest_only
[2024-12-13T03:10:02.941-0800] {logging_mixin.py:190} INFO - [2024-12-13T03:10:02.941-0800] {override.py:1911} INFO - Created Permission View: menu access on DAG Run:latest_only
[2024-12-13T03:10:02.949-0800] {logging_mixin.py:190} INFO - [2024-12-13T03:10:02.948-0800] {override.py:1911} INFO - Created Permission View: can delete on DAG Run:latest_only
[2024-12-13T03:10:02.955-0800] {logging_mixin.py:190} INFO - [2024-12-13T03:10:02.955-0800] {override.py:1911} INFO - Created Permission View: can read on DAG Run:latest_only
[2024-12-13T03:10:02.956-0800] {logging_mixin.py:190} INFO - [2024-12-13T03:10:02.956-0800] {dag.py:3239} INFO - Sync 1 DAGs
[2024-12-13T03:10:02.969-0800] {logging_mixin.py:190} INFO - [2024-12-13T03:10:02.969-0800] {dag.py:3262} INFO - Creating ORM DAG for latest_only
[2024-12-13T03:10:02.977-0800] {logging_mixin.py:190} INFO - [2024-12-13T03:10:02.977-0800] {dag.py:4180} INFO - Setting next_dagrun for latest_only to 2024-12-13 04:00:00+00:00, run_after=2024-12-13 08:00:00+00:00
[2024-12-13T03:10:02.993-0800] {processor.py:208} INFO - Processing /Users/machine/Velocity_railway/airflow_env/lib/python3.10/site-packages/airflow/example_dags/example_latest_only.py took 0.374 seconds
[2024-12-13T03:13:06.100-0800] {processor.py:186} INFO - Started process (PID=82647) to work on /Users/machine/Velocity_railway/airflow_env/lib/python3.10/site-packages/airflow/example_dags/example_latest_only.py
[2024-12-13T03:13:06.103-0800] {processor.py:914} INFO - Processing file /Users/machine/Velocity_railway/airflow_env/lib/python3.10/site-packages/airflow/example_dags/example_latest_only.py for tasks to queue
[2024-12-13T03:13:06.104-0800] {logging_mixin.py:190} INFO - [2024-12-13T03:13:06.104-0800] {dagbag.py:588} INFO - Filling up the DagBag from /Users/machine/Velocity_railway/airflow_env/lib/python3.10/site-packages/airflow/example_dags/example_latest_only.py
[2024-12-13T03:13:06.116-0800] {processor.py:925} INFO - DAG(s) 'latest_only' retrieved from /Users/machine/Velocity_railway/airflow_env/lib/python3.10/site-packages/airflow/example_dags/example_latest_only.py
[2024-12-13T03:13:06.358-0800] {logging_mixin.py:190} INFO - [2024-12-13T03:13:06.358-0800] {dag.py:3239} INFO - Sync 1 DAGs
[2024-12-13T03:13:06.387-0800] {logging_mixin.py:190} INFO - [2024-12-13T03:13:06.387-0800] {dag.py:4180} INFO - Setting next_dagrun for latest_only to 2024-12-13 04:00:00+00:00, run_after=2024-12-13 08:00:00+00:00
[2024-12-13T03:13:06.410-0800] {processor.py:208} INFO - Processing /Users/machine/Velocity_railway/airflow_env/lib/python3.10/site-packages/airflow/example_dags/example_latest_only.py took 0.317 seconds
[2024-12-13T03:15:35.207-0800] {processor.py:186} INFO - Started process (PID=83143) to work on /Users/machine/Velocity_railway/airflow_env/lib/python3.10/site-packages/airflow/example_dags/example_latest_only.py
[2024-12-13T03:15:35.209-0800] {processor.py:914} INFO - Processing file /Users/machine/Velocity_railway/airflow_env/lib/python3.10/site-packages/airflow/example_dags/example_latest_only.py for tasks to queue
[2024-12-13T03:15:35.210-0800] {logging_mixin.py:190} INFO - [2024-12-13T03:15:35.210-0800] {dagbag.py:588} INFO - Filling up the DagBag from /Users/machine/Velocity_railway/airflow_env/lib/python3.10/site-packages/airflow/example_dags/example_latest_only.py
[2024-12-13T03:15:35.219-0800] {processor.py:925} INFO - DAG(s) 'latest_only' retrieved from /Users/machine/Velocity_railway/airflow_env/lib/python3.10/site-packages/airflow/example_dags/example_latest_only.py
[2024-12-13T03:15:35.378-0800] {logging_mixin.py:190} INFO - [2024-12-13T03:15:35.378-0800] {dag.py:3239} INFO - Sync 1 DAGs
[2024-12-13T03:15:35.396-0800] {logging_mixin.py:190} INFO - [2024-12-13T03:15:35.396-0800] {dag.py:4180} INFO - Setting next_dagrun for latest_only to 2024-12-13 04:00:00+00:00, run_after=2024-12-13 08:00:00+00:00
[2024-12-13T03:15:35.414-0800] {processor.py:208} INFO - Processing /Users/machine/Velocity_railway/airflow_env/lib/python3.10/site-packages/airflow/example_dags/example_latest_only.py took 0.213 seconds
[2024-12-13T03:17:55.758-0800] {processor.py:186} INFO - Started process (PID=83619) to work on /Users/machine/Velocity_railway/airflow_env/lib/python3.10/site-packages/airflow/example_dags/example_latest_only.py
[2024-12-13T03:17:55.760-0800] {processor.py:914} INFO - Processing file /Users/machine/Velocity_railway/airflow_env/lib/python3.10/site-packages/airflow/example_dags/example_latest_only.py for tasks to queue
[2024-12-13T03:17:55.761-0800] {logging_mixin.py:190} INFO - [2024-12-13T03:17:55.761-0800] {dagbag.py:588} INFO - Filling up the DagBag from /Users/machine/Velocity_railway/airflow_env/lib/python3.10/site-packages/airflow/example_dags/example_latest_only.py
[2024-12-13T03:17:55.771-0800] {processor.py:925} INFO - DAG(s) 'latest_only' retrieved from /Users/machine/Velocity_railway/airflow_env/lib/python3.10/site-packages/airflow/example_dags/example_latest_only.py
[2024-12-13T03:17:55.953-0800] {logging_mixin.py:190} INFO - [2024-12-13T03:17:55.952-0800] {dag.py:3239} INFO - Sync 1 DAGs
[2024-12-13T03:17:55.972-0800] {logging_mixin.py:190} INFO - [2024-12-13T03:17:55.972-0800] {dag.py:4180} INFO - Setting next_dagrun for latest_only to 2024-12-13 04:00:00+00:00, run_after=2024-12-13 08:00:00+00:00
[2024-12-13T03:17:55.990-0800] {processor.py:208} INFO - Processing /Users/machine/Velocity_railway/airflow_env/lib/python3.10/site-packages/airflow/example_dags/example_latest_only.py took 0.237 seconds
[2024-12-13T03:22:19.799-0800] {processor.py:186} INFO - Started process (PID=84537) to work on /Users/machine/Velocity_railway/airflow_env/lib/python3.10/site-packages/airflow/example_dags/example_latest_only.py
[2024-12-13T03:22:19.801-0800] {processor.py:914} INFO - Processing file /Users/machine/Velocity_railway/airflow_env/lib/python3.10/site-packages/airflow/example_dags/example_latest_only.py for tasks to queue
[2024-12-13T03:22:19.802-0800] {logging_mixin.py:190} INFO - [2024-12-13T03:22:19.801-0800] {dagbag.py:588} INFO - Filling up the DagBag from /Users/machine/Velocity_railway/airflow_env/lib/python3.10/site-packages/airflow/example_dags/example_latest_only.py
[2024-12-13T03:22:19.810-0800] {processor.py:925} INFO - DAG(s) 'latest_only' retrieved from /Users/machine/Velocity_railway/airflow_env/lib/python3.10/site-packages/airflow/example_dags/example_latest_only.py
[2024-12-13T03:22:19.965-0800] {logging_mixin.py:190} INFO - [2024-12-13T03:22:19.965-0800] {dag.py:3239} INFO - Sync 1 DAGs
[2024-12-13T03:22:19.983-0800] {logging_mixin.py:190} INFO - [2024-12-13T03:22:19.982-0800] {dag.py:4180} INFO - Setting next_dagrun for latest_only to 2024-12-13 04:00:00+00:00, run_after=2024-12-13 08:00:00+00:00
[2024-12-13T03:22:19.998-0800] {processor.py:208} INFO - Processing /Users/machine/Velocity_railway/airflow_env/lib/python3.10/site-packages/airflow/example_dags/example_latest_only.py took 0.205 seconds
[2024-12-13T03:24:41.622-0800] {processor.py:186} INFO - Started process (PID=85004) to work on /Users/machine/Velocity_railway/airflow_env/lib/python3.10/site-packages/airflow/example_dags/example_latest_only.py
[2024-12-13T03:24:41.624-0800] {processor.py:914} INFO - Processing file /Users/machine/Velocity_railway/airflow_env/lib/python3.10/site-packages/airflow/example_dags/example_latest_only.py for tasks to queue
[2024-12-13T03:24:41.626-0800] {logging_mixin.py:190} INFO - [2024-12-13T03:24:41.625-0800] {dagbag.py:588} INFO - Filling up the DagBag from /Users/machine/Velocity_railway/airflow_env/lib/python3.10/site-packages/airflow/example_dags/example_latest_only.py
[2024-12-13T03:24:41.635-0800] {processor.py:925} INFO - DAG(s) 'latest_only' retrieved from /Users/machine/Velocity_railway/airflow_env/lib/python3.10/site-packages/airflow/example_dags/example_latest_only.py
[2024-12-13T03:24:41.791-0800] {logging_mixin.py:190} INFO - [2024-12-13T03:24:41.790-0800] {dag.py:3239} INFO - Sync 1 DAGs
[2024-12-13T03:24:41.810-0800] {logging_mixin.py:190} INFO - [2024-12-13T03:24:41.810-0800] {dag.py:4180} INFO - Setting next_dagrun for latest_only to 2024-12-13 04:00:00+00:00, run_after=2024-12-13 08:00:00+00:00
[2024-12-13T03:24:41.831-0800] {processor.py:208} INFO - Processing /Users/machine/Velocity_railway/airflow_env/lib/python3.10/site-packages/airflow/example_dags/example_latest_only.py took 0.216 seconds
[2024-12-13T03:26:59.814-0800] {processor.py:186} INFO - Started process (PID=85490) to work on /Users/machine/Velocity_railway/airflow_env/lib/python3.10/site-packages/airflow/example_dags/example_latest_only.py
[2024-12-13T03:26:59.816-0800] {processor.py:914} INFO - Processing file /Users/machine/Velocity_railway/airflow_env/lib/python3.10/site-packages/airflow/example_dags/example_latest_only.py for tasks to queue
[2024-12-13T03:26:59.818-0800] {logging_mixin.py:190} INFO - [2024-12-13T03:26:59.817-0800] {dagbag.py:588} INFO - Filling up the DagBag from /Users/machine/Velocity_railway/airflow_env/lib/python3.10/site-packages/airflow/example_dags/example_latest_only.py
[2024-12-13T03:26:59.826-0800] {processor.py:925} INFO - DAG(s) 'latest_only' retrieved from /Users/machine/Velocity_railway/airflow_env/lib/python3.10/site-packages/airflow/example_dags/example_latest_only.py
[2024-12-13T03:26:59.974-0800] {logging_mixin.py:190} INFO - [2024-12-13T03:26:59.974-0800] {dag.py:3239} INFO - Sync 1 DAGs
[2024-12-13T03:26:59.992-0800] {logging_mixin.py:190} INFO - [2024-12-13T03:26:59.991-0800] {dag.py:4180} INFO - Setting next_dagrun for latest_only to 2024-12-13 04:00:00+00:00, run_after=2024-12-13 08:00:00+00:00
[2024-12-13T03:27:00.008-0800] {processor.py:208} INFO - Processing /Users/machine/Velocity_railway/airflow_env/lib/python3.10/site-packages/airflow/example_dags/example_latest_only.py took 0.203 seconds
[2024-12-13T03:31:41.921-0800] {processor.py:186} INFO - Started process (PID=86448) to work on /Users/machine/Velocity_railway/airflow_env/lib/python3.10/site-packages/airflow/example_dags/example_latest_only.py
[2024-12-13T03:31:41.923-0800] {processor.py:914} INFO - Processing file /Users/machine/Velocity_railway/airflow_env/lib/python3.10/site-packages/airflow/example_dags/example_latest_only.py for tasks to queue
[2024-12-13T03:31:41.925-0800] {logging_mixin.py:190} INFO - [2024-12-13T03:31:41.924-0800] {dagbag.py:588} INFO - Filling up the DagBag from /Users/machine/Velocity_railway/airflow_env/lib/python3.10/site-packages/airflow/example_dags/example_latest_only.py
[2024-12-13T03:31:41.934-0800] {processor.py:925} INFO - DAG(s) 'latest_only' retrieved from /Users/machine/Velocity_railway/airflow_env/lib/python3.10/site-packages/airflow/example_dags/example_latest_only.py
[2024-12-13T03:31:42.110-0800] {logging_mixin.py:190} INFO - [2024-12-13T03:31:42.109-0800] {dag.py:3239} INFO - Sync 1 DAGs
[2024-12-13T03:31:42.129-0800] {logging_mixin.py:190} INFO - [2024-12-13T03:31:42.129-0800] {dag.py:4180} INFO - Setting next_dagrun for latest_only to 2024-12-13 04:00:00+00:00, run_after=2024-12-13 08:00:00+00:00
[2024-12-13T03:31:42.148-0800] {processor.py:208} INFO - Processing /Users/machine/Velocity_railway/airflow_env/lib/python3.10/site-packages/airflow/example_dags/example_latest_only.py took 0.235 seconds
[2024-12-13T03:36:28.602-0800] {processor.py:186} INFO - Started process (PID=87519) to work on /Users/machine/Velocity_railway/airflow_env/lib/python3.10/site-packages/airflow/example_dags/example_latest_only.py
[2024-12-13T03:36:28.604-0800] {processor.py:914} INFO - Processing file /Users/machine/Velocity_railway/airflow_env/lib/python3.10/site-packages/airflow/example_dags/example_latest_only.py for tasks to queue
[2024-12-13T03:36:28.605-0800] {logging_mixin.py:190} INFO - [2024-12-13T03:36:28.605-0800] {dagbag.py:588} INFO - Filling up the DagBag from /Users/machine/Velocity_railway/airflow_env/lib/python3.10/site-packages/airflow/example_dags/example_latest_only.py
[2024-12-13T03:36:28.614-0800] {processor.py:925} INFO - DAG(s) 'latest_only' retrieved from /Users/machine/Velocity_railway/airflow_env/lib/python3.10/site-packages/airflow/example_dags/example_latest_only.py
[2024-12-13T03:36:28.772-0800] {logging_mixin.py:190} INFO - [2024-12-13T03:36:28.772-0800] {dag.py:3239} INFO - Sync 1 DAGs
[2024-12-13T03:36:28.790-0800] {logging_mixin.py:190} INFO - [2024-12-13T03:36:28.790-0800] {dag.py:4180} INFO - Setting next_dagrun for latest_only to 2024-12-13 04:00:00+00:00, run_after=2024-12-13 08:00:00+00:00
[2024-12-13T03:36:28.808-0800] {processor.py:208} INFO - Processing /Users/machine/Velocity_railway/airflow_env/lib/python3.10/site-packages/airflow/example_dags/example_latest_only.py took 0.212 seconds
[2024-12-13T03:41:14.740-0800] {processor.py:186} INFO - Started process (PID=88483) to work on /Users/machine/Velocity_railway/airflow_env/lib/python3.10/site-packages/airflow/example_dags/example_latest_only.py
[2024-12-13T03:41:14.742-0800] {processor.py:914} INFO - Processing file /Users/machine/Velocity_railway/airflow_env/lib/python3.10/site-packages/airflow/example_dags/example_latest_only.py for tasks to queue
[2024-12-13T03:41:14.743-0800] {logging_mixin.py:190} INFO - [2024-12-13T03:41:14.743-0800] {dagbag.py:588} INFO - Filling up the DagBag from /Users/machine/Velocity_railway/airflow_env/lib/python3.10/site-packages/airflow/example_dags/example_latest_only.py
[2024-12-13T03:41:14.751-0800] {processor.py:925} INFO - DAG(s) 'latest_only' retrieved from /Users/machine/Velocity_railway/airflow_env/lib/python3.10/site-packages/airflow/example_dags/example_latest_only.py
[2024-12-13T03:41:14.896-0800] {logging_mixin.py:190} INFO - [2024-12-13T03:41:14.896-0800] {dag.py:3239} INFO - Sync 1 DAGs
[2024-12-13T03:41:14.914-0800] {logging_mixin.py:190} INFO - [2024-12-13T03:41:14.914-0800] {dag.py:4180} INFO - Setting next_dagrun for latest_only to 2024-12-13 04:00:00+00:00, run_after=2024-12-13 08:00:00+00:00
[2024-12-13T03:41:14.930-0800] {processor.py:208} INFO - Processing /Users/machine/Velocity_railway/airflow_env/lib/python3.10/site-packages/airflow/example_dags/example_latest_only.py took 0.195 seconds
[2024-12-13T03:45:43.580-0800] {processor.py:186} INFO - Started process (PID=89387) to work on /Users/machine/Velocity_railway/airflow_env/lib/python3.10/site-packages/airflow/example_dags/example_latest_only.py
[2024-12-13T03:45:43.582-0800] {processor.py:914} INFO - Processing file /Users/machine/Velocity_railway/airflow_env/lib/python3.10/site-packages/airflow/example_dags/example_latest_only.py for tasks to queue
[2024-12-13T03:45:43.583-0800] {logging_mixin.py:190} INFO - [2024-12-13T03:45:43.583-0800] {dagbag.py:588} INFO - Filling up the DagBag from /Users/machine/Velocity_railway/airflow_env/lib/python3.10/site-packages/airflow/example_dags/example_latest_only.py
[2024-12-13T03:45:43.591-0800] {processor.py:925} INFO - DAG(s) 'latest_only' retrieved from /Users/machine/Velocity_railway/airflow_env/lib/python3.10/site-packages/airflow/example_dags/example_latest_only.py
[2024-12-13T03:45:43.749-0800] {logging_mixin.py:190} INFO - [2024-12-13T03:45:43.749-0800] {dag.py:3239} INFO - Sync 1 DAGs
[2024-12-13T03:45:43.786-0800] {logging_mixin.py:190} INFO - [2024-12-13T03:45:43.786-0800] {dag.py:4180} INFO - Setting next_dagrun for latest_only to 2024-12-13 04:00:00+00:00, run_after=2024-12-13 08:00:00+00:00
[2024-12-13T03:45:43.808-0800] {processor.py:208} INFO - Processing /Users/machine/Velocity_railway/airflow_env/lib/python3.10/site-packages/airflow/example_dags/example_latest_only.py took 0.233 seconds
[2024-12-13T03:50:12.641-0800] {processor.py:186} INFO - Started process (PID=90337) to work on /Users/machine/Velocity_railway/airflow_env/lib/python3.10/site-packages/airflow/example_dags/example_latest_only.py
[2024-12-13T03:50:12.644-0800] {processor.py:914} INFO - Processing file /Users/machine/Velocity_railway/airflow_env/lib/python3.10/site-packages/airflow/example_dags/example_latest_only.py for tasks to queue
[2024-12-13T03:50:12.645-0800] {logging_mixin.py:190} INFO - [2024-12-13T03:50:12.644-0800] {dagbag.py:588} INFO - Filling up the DagBag from /Users/machine/Velocity_railway/airflow_env/lib/python3.10/site-packages/airflow/example_dags/example_latest_only.py
[2024-12-13T03:50:12.653-0800] {processor.py:925} INFO - DAG(s) 'latest_only' retrieved from /Users/machine/Velocity_railway/airflow_env/lib/python3.10/site-packages/airflow/example_dags/example_latest_only.py
[2024-12-13T03:50:12.810-0800] {logging_mixin.py:190} INFO - [2024-12-13T03:50:12.809-0800] {dag.py:3239} INFO - Sync 1 DAGs
[2024-12-13T03:50:12.832-0800] {logging_mixin.py:190} INFO - [2024-12-13T03:50:12.831-0800] {dag.py:4180} INFO - Setting next_dagrun for latest_only to 2024-12-13 04:00:00+00:00, run_after=2024-12-13 08:00:00+00:00
[2024-12-13T03:50:12.848-0800] {processor.py:208} INFO - Processing /Users/machine/Velocity_railway/airflow_env/lib/python3.10/site-packages/airflow/example_dags/example_latest_only.py took 0.212 seconds
[2024-12-13T03:54:52.388-0800] {processor.py:186} INFO - Started process (PID=91302) to work on /Users/machine/Velocity_railway/airflow_env/lib/python3.10/site-packages/airflow/example_dags/example_latest_only.py
[2024-12-13T03:54:52.390-0800] {processor.py:914} INFO - Processing file /Users/machine/Velocity_railway/airflow_env/lib/python3.10/site-packages/airflow/example_dags/example_latest_only.py for tasks to queue
[2024-12-13T03:54:52.392-0800] {logging_mixin.py:190} INFO - [2024-12-13T03:54:52.391-0800] {dagbag.py:588} INFO - Filling up the DagBag from /Users/machine/Velocity_railway/airflow_env/lib/python3.10/site-packages/airflow/example_dags/example_latest_only.py
[2024-12-13T03:54:52.401-0800] {processor.py:925} INFO - DAG(s) 'latest_only' retrieved from /Users/machine/Velocity_railway/airflow_env/lib/python3.10/site-packages/airflow/example_dags/example_latest_only.py
[2024-12-13T03:54:52.574-0800] {logging_mixin.py:190} INFO - [2024-12-13T03:54:52.573-0800] {dag.py:3239} INFO - Sync 1 DAGs
[2024-12-13T03:54:52.594-0800] {logging_mixin.py:190} INFO - [2024-12-13T03:54:52.594-0800] {dag.py:4180} INFO - Setting next_dagrun for latest_only to 2024-12-13 04:00:00+00:00, run_after=2024-12-13 08:00:00+00:00
[2024-12-13T03:54:52.615-0800] {processor.py:208} INFO - Processing /Users/machine/Velocity_railway/airflow_env/lib/python3.10/site-packages/airflow/example_dags/example_latest_only.py took 0.234 seconds
[2024-12-13T03:59:47.003-0800] {processor.py:186} INFO - Started process (PID=92573) to work on /Users/machine/Velocity_railway/airflow_env/lib/python3.10/site-packages/airflow/example_dags/example_latest_only.py
[2024-12-13T03:59:47.005-0800] {processor.py:914} INFO - Processing file /Users/machine/Velocity_railway/airflow_env/lib/python3.10/site-packages/airflow/example_dags/example_latest_only.py for tasks to queue
[2024-12-13T03:59:47.006-0800] {logging_mixin.py:190} INFO - [2024-12-13T03:59:47.006-0800] {dagbag.py:588} INFO - Filling up the DagBag from /Users/machine/Velocity_railway/airflow_env/lib/python3.10/site-packages/airflow/example_dags/example_latest_only.py
[2024-12-13T03:59:47.017-0800] {processor.py:925} INFO - DAG(s) 'latest_only' retrieved from /Users/machine/Velocity_railway/airflow_env/lib/python3.10/site-packages/airflow/example_dags/example_latest_only.py
[2024-12-13T03:59:47.189-0800] {logging_mixin.py:190} INFO - [2024-12-13T03:59:47.188-0800] {dag.py:3239} INFO - Sync 1 DAGs
[2024-12-13T03:59:47.214-0800] {logging_mixin.py:190} INFO - [2024-12-13T03:59:47.214-0800] {dag.py:4180} INFO - Setting next_dagrun for latest_only to 2024-12-13 04:00:00+00:00, run_after=2024-12-13 08:00:00+00:00
[2024-12-13T03:59:47.234-0800] {processor.py:208} INFO - Processing /Users/machine/Velocity_railway/airflow_env/lib/python3.10/site-packages/airflow/example_dags/example_latest_only.py took 0.238 seconds
