[2024-12-13T03:09:29.599-0800] {processor.py:186} INFO - Started process (PID=81943) to work on /Users/machine/Velocity_railway/airflow_env/lib/python3.10/site-packages/airflow/example_dags/example_sensor_decorator.py
[2024-12-13T03:09:29.600-0800] {processor.py:914} INFO - Processing file /Users/machine/Velocity_railway/airflow_env/lib/python3.10/site-packages/airflow/example_dags/example_sensor_decorator.py for tasks to queue
[2024-12-13T03:09:29.602-0800] {logging_mixin.py:190} INFO - [2024-12-13T03:09:29.601-0800] {dagbag.py:588} INFO - Filling up the DagBag from /Users/machine/Velocity_railway/airflow_env/lib/python3.10/site-packages/airflow/example_dags/example_sensor_decorator.py
[2024-12-13T03:09:29.696-0800] {processor.py:925} INFO - DAG(s) 'example_sensor_decorator' retrieved from /Users/machine/Velocity_railway/airflow_env/lib/python3.10/site-packages/airflow/example_dags/example_sensor_decorator.py
[2024-12-13T03:09:29.805-0800] {logging_mixin.py:190} INFO - [2024-12-13T03:09:29.805-0800] {workday.py:41} WARNING - Could not import pandas. Holidays will not be considered.
[2024-12-13T03:09:29.931-0800] {logging_mixin.py:190} INFO - [2024-12-13T03:09:29.930-0800] {override.py:1911} INFO - Created Permission View: can delete on DAG:example_sensor_decorator
[2024-12-13T03:09:29.941-0800] {logging_mixin.py:190} INFO - [2024-12-13T03:09:29.940-0800] {override.py:1911} INFO - Created Permission View: can read on DAG:example_sensor_decorator
[2024-12-13T03:09:29.949-0800] {logging_mixin.py:190} INFO - [2024-12-13T03:09:29.948-0800] {override.py:1911} INFO - Created Permission View: can edit on DAG:example_sensor_decorator
[2024-12-13T03:09:29.958-0800] {logging_mixin.py:190} INFO - [2024-12-13T03:09:29.958-0800] {override.py:1911} INFO - Created Permission View: can delete on DAG Run:example_sensor_decorator
[2024-12-13T03:09:29.966-0800] {logging_mixin.py:190} INFO - [2024-12-13T03:09:29.966-0800] {override.py:1911} INFO - Created Permission View: menu access on DAG Run:example_sensor_decorator
[2024-12-13T03:09:29.973-0800] {logging_mixin.py:190} INFO - [2024-12-13T03:09:29.972-0800] {override.py:1911} INFO - Created Permission View: can read on DAG Run:example_sensor_decorator
[2024-12-13T03:09:29.981-0800] {logging_mixin.py:190} INFO - [2024-12-13T03:09:29.981-0800] {override.py:1911} INFO - Created Permission View: can create on DAG Run:example_sensor_decorator
[2024-12-13T03:09:29.981-0800] {logging_mixin.py:190} INFO - [2024-12-13T03:09:29.981-0800] {dag.py:3239} INFO - Sync 1 DAGs
[2024-12-13T03:09:29.994-0800] {logging_mixin.py:190} INFO - [2024-12-13T03:09:29.994-0800] {dag.py:3262} INFO - Creating ORM DAG for example_sensor_decorator
[2024-12-13T03:09:29.995-0800] {logging_mixin.py:190} INFO - [2024-12-13T03:09:29.995-0800] {dag.py:4180} INFO - Setting next_dagrun for example_sensor_decorator to None, run_after=None
[2024-12-13T03:09:30.013-0800] {processor.py:208} INFO - Processing /Users/machine/Velocity_railway/airflow_env/lib/python3.10/site-packages/airflow/example_dags/example_sensor_decorator.py took 0.420 seconds
[2024-12-13T03:12:31.167-0800] {processor.py:186} INFO - Started process (PID=82541) to work on /Users/machine/Velocity_railway/airflow_env/lib/python3.10/site-packages/airflow/example_dags/example_sensor_decorator.py
[2024-12-13T03:12:31.169-0800] {processor.py:914} INFO - Processing file /Users/machine/Velocity_railway/airflow_env/lib/python3.10/site-packages/airflow/example_dags/example_sensor_decorator.py for tasks to queue
[2024-12-13T03:12:31.171-0800] {logging_mixin.py:190} INFO - [2024-12-13T03:12:31.170-0800] {dagbag.py:588} INFO - Filling up the DagBag from /Users/machine/Velocity_railway/airflow_env/lib/python3.10/site-packages/airflow/example_dags/example_sensor_decorator.py
[2024-12-13T03:12:31.264-0800] {processor.py:925} INFO - DAG(s) 'example_sensor_decorator' retrieved from /Users/machine/Velocity_railway/airflow_env/lib/python3.10/site-packages/airflow/example_dags/example_sensor_decorator.py
[2024-12-13T03:12:31.366-0800] {logging_mixin.py:190} INFO - [2024-12-13T03:12:31.366-0800] {workday.py:41} WARNING - Could not import pandas. Holidays will not be considered.
[2024-12-13T03:12:31.385-0800] {logging_mixin.py:190} INFO - [2024-12-13T03:12:31.384-0800] {dag.py:3239} INFO - Sync 1 DAGs
[2024-12-13T03:12:31.395-0800] {logging_mixin.py:190} INFO - [2024-12-13T03:12:31.395-0800] {dag.py:4180} INFO - Setting next_dagrun for example_sensor_decorator to None, run_after=None
[2024-12-13T03:12:31.415-0800] {processor.py:208} INFO - Processing /Users/machine/Velocity_railway/airflow_env/lib/python3.10/site-packages/airflow/example_dags/example_sensor_decorator.py took 0.254 seconds
[2024-12-13T03:15:06.311-0800] {processor.py:186} INFO - Started process (PID=83052) to work on /Users/machine/Velocity_railway/airflow_env/lib/python3.10/site-packages/airflow/example_dags/example_sensor_decorator.py
[2024-12-13T03:15:06.313-0800] {processor.py:914} INFO - Processing file /Users/machine/Velocity_railway/airflow_env/lib/python3.10/site-packages/airflow/example_dags/example_sensor_decorator.py for tasks to queue
[2024-12-13T03:15:06.315-0800] {logging_mixin.py:190} INFO - [2024-12-13T03:15:06.314-0800] {dagbag.py:588} INFO - Filling up the DagBag from /Users/machine/Velocity_railway/airflow_env/lib/python3.10/site-packages/airflow/example_dags/example_sensor_decorator.py
[2024-12-13T03:15:06.399-0800] {processor.py:925} INFO - DAG(s) 'example_sensor_decorator' retrieved from /Users/machine/Velocity_railway/airflow_env/lib/python3.10/site-packages/airflow/example_dags/example_sensor_decorator.py
[2024-12-13T03:15:06.495-0800] {logging_mixin.py:190} INFO - [2024-12-13T03:15:06.494-0800] {workday.py:41} WARNING - Could not import pandas. Holidays will not be considered.
[2024-12-13T03:15:06.512-0800] {logging_mixin.py:190} INFO - [2024-12-13T03:15:06.512-0800] {dag.py:3239} INFO - Sync 1 DAGs
[2024-12-13T03:15:06.522-0800] {logging_mixin.py:190} INFO - [2024-12-13T03:15:06.522-0800] {dag.py:4180} INFO - Setting next_dagrun for example_sensor_decorator to None, run_after=None
[2024-12-13T03:15:06.566-0800] {processor.py:208} INFO - Processing /Users/machine/Velocity_railway/airflow_env/lib/python3.10/site-packages/airflow/example_dags/example_sensor_decorator.py took 0.260 seconds
[2024-12-13T03:17:26.769-0800] {processor.py:186} INFO - Started process (PID=83512) to work on /Users/machine/Velocity_railway/airflow_env/lib/python3.10/site-packages/airflow/example_dags/example_sensor_decorator.py
[2024-12-13T03:17:26.771-0800] {processor.py:914} INFO - Processing file /Users/machine/Velocity_railway/airflow_env/lib/python3.10/site-packages/airflow/example_dags/example_sensor_decorator.py for tasks to queue
[2024-12-13T03:17:26.773-0800] {logging_mixin.py:190} INFO - [2024-12-13T03:17:26.772-0800] {dagbag.py:588} INFO - Filling up the DagBag from /Users/machine/Velocity_railway/airflow_env/lib/python3.10/site-packages/airflow/example_dags/example_sensor_decorator.py
[2024-12-13T03:17:26.852-0800] {processor.py:925} INFO - DAG(s) 'example_sensor_decorator' retrieved from /Users/machine/Velocity_railway/airflow_env/lib/python3.10/site-packages/airflow/example_dags/example_sensor_decorator.py
[2024-12-13T03:17:26.944-0800] {logging_mixin.py:190} INFO - [2024-12-13T03:17:26.944-0800] {workday.py:41} WARNING - Could not import pandas. Holidays will not be considered.
[2024-12-13T03:17:26.960-0800] {logging_mixin.py:190} INFO - [2024-12-13T03:17:26.960-0800] {dag.py:3239} INFO - Sync 1 DAGs
[2024-12-13T03:17:26.970-0800] {logging_mixin.py:190} INFO - [2024-12-13T03:17:26.970-0800] {dag.py:4180} INFO - Setting next_dagrun for example_sensor_decorator to None, run_after=None
[2024-12-13T03:17:26.987-0800] {processor.py:208} INFO - Processing /Users/machine/Velocity_railway/airflow_env/lib/python3.10/site-packages/airflow/example_dags/example_sensor_decorator.py took 0.224 seconds
[2024-12-13T03:19:43.150-0800] {processor.py:186} INFO - Started process (PID=84003) to work on /Users/machine/Velocity_railway/airflow_env/lib/python3.10/site-packages/airflow/example_dags/example_sensor_decorator.py
[2024-12-13T03:19:43.151-0800] {processor.py:914} INFO - Processing file /Users/machine/Velocity_railway/airflow_env/lib/python3.10/site-packages/airflow/example_dags/example_sensor_decorator.py for tasks to queue
[2024-12-13T03:19:43.153-0800] {logging_mixin.py:190} INFO - [2024-12-13T03:19:43.152-0800] {dagbag.py:588} INFO - Filling up the DagBag from /Users/machine/Velocity_railway/airflow_env/lib/python3.10/site-packages/airflow/example_dags/example_sensor_decorator.py
[2024-12-13T03:19:43.238-0800] {processor.py:925} INFO - DAG(s) 'example_sensor_decorator' retrieved from /Users/machine/Velocity_railway/airflow_env/lib/python3.10/site-packages/airflow/example_dags/example_sensor_decorator.py
[2024-12-13T03:19:43.326-0800] {logging_mixin.py:190} INFO - [2024-12-13T03:19:43.326-0800] {workday.py:41} WARNING - Could not import pandas. Holidays will not be considered.
[2024-12-13T03:19:43.342-0800] {logging_mixin.py:190} INFO - [2024-12-13T03:19:43.342-0800] {dag.py:3239} INFO - Sync 1 DAGs
[2024-12-13T03:19:43.352-0800] {logging_mixin.py:190} INFO - [2024-12-13T03:19:43.351-0800] {dag.py:4180} INFO - Setting next_dagrun for example_sensor_decorator to None, run_after=None
[2024-12-13T03:19:43.369-0800] {processor.py:208} INFO - Processing /Users/machine/Velocity_railway/airflow_env/lib/python3.10/site-packages/airflow/example_dags/example_sensor_decorator.py took 0.224 seconds
[2024-12-13T03:21:52.865-0800] {processor.py:186} INFO - Started process (PID=84448) to work on /Users/machine/Velocity_railway/airflow_env/lib/python3.10/site-packages/airflow/example_dags/example_sensor_decorator.py
[2024-12-13T03:21:52.867-0800] {processor.py:914} INFO - Processing file /Users/machine/Velocity_railway/airflow_env/lib/python3.10/site-packages/airflow/example_dags/example_sensor_decorator.py for tasks to queue
[2024-12-13T03:21:52.869-0800] {logging_mixin.py:190} INFO - [2024-12-13T03:21:52.868-0800] {dagbag.py:588} INFO - Filling up the DagBag from /Users/machine/Velocity_railway/airflow_env/lib/python3.10/site-packages/airflow/example_dags/example_sensor_decorator.py
[2024-12-13T03:21:52.952-0800] {processor.py:925} INFO - DAG(s) 'example_sensor_decorator' retrieved from /Users/machine/Velocity_railway/airflow_env/lib/python3.10/site-packages/airflow/example_dags/example_sensor_decorator.py
[2024-12-13T03:21:53.080-0800] {logging_mixin.py:190} INFO - [2024-12-13T03:21:53.080-0800] {workday.py:41} WARNING - Could not import pandas. Holidays will not be considered.
[2024-12-13T03:21:53.104-0800] {logging_mixin.py:190} INFO - [2024-12-13T03:21:53.104-0800] {dag.py:3239} INFO - Sync 1 DAGs
[2024-12-13T03:21:53.115-0800] {logging_mixin.py:190} INFO - [2024-12-13T03:21:53.115-0800] {dag.py:4180} INFO - Setting next_dagrun for example_sensor_decorator to None, run_after=None
[2024-12-13T03:21:53.136-0800] {processor.py:208} INFO - Processing /Users/machine/Velocity_railway/airflow_env/lib/python3.10/site-packages/airflow/example_dags/example_sensor_decorator.py took 0.277 seconds
[2024-12-13T03:24:13.484-0800] {processor.py:186} INFO - Started process (PID=84910) to work on /Users/machine/Velocity_railway/airflow_env/lib/python3.10/site-packages/airflow/example_dags/example_sensor_decorator.py
[2024-12-13T03:24:13.486-0800] {processor.py:914} INFO - Processing file /Users/machine/Velocity_railway/airflow_env/lib/python3.10/site-packages/airflow/example_dags/example_sensor_decorator.py for tasks to queue
[2024-12-13T03:24:13.487-0800] {logging_mixin.py:190} INFO - [2024-12-13T03:24:13.487-0800] {dagbag.py:588} INFO - Filling up the DagBag from /Users/machine/Velocity_railway/airflow_env/lib/python3.10/site-packages/airflow/example_dags/example_sensor_decorator.py
[2024-12-13T03:24:13.578-0800] {processor.py:925} INFO - DAG(s) 'example_sensor_decorator' retrieved from /Users/machine/Velocity_railway/airflow_env/lib/python3.10/site-packages/airflow/example_dags/example_sensor_decorator.py
[2024-12-13T03:24:13.671-0800] {logging_mixin.py:190} INFO - [2024-12-13T03:24:13.671-0800] {workday.py:41} WARNING - Could not import pandas. Holidays will not be considered.
[2024-12-13T03:24:13.688-0800] {logging_mixin.py:190} INFO - [2024-12-13T03:24:13.687-0800] {dag.py:3239} INFO - Sync 1 DAGs
[2024-12-13T03:24:13.701-0800] {logging_mixin.py:190} INFO - [2024-12-13T03:24:13.700-0800] {dag.py:4180} INFO - Setting next_dagrun for example_sensor_decorator to None, run_after=None
[2024-12-13T03:24:13.719-0800] {processor.py:208} INFO - Processing /Users/machine/Velocity_railway/airflow_env/lib/python3.10/site-packages/airflow/example_dags/example_sensor_decorator.py took 0.241 seconds
[2024-12-13T03:26:31.973-0800] {processor.py:186} INFO - Started process (PID=85388) to work on /Users/machine/Velocity_railway/airflow_env/lib/python3.10/site-packages/airflow/example_dags/example_sensor_decorator.py
[2024-12-13T03:26:31.974-0800] {processor.py:914} INFO - Processing file /Users/machine/Velocity_railway/airflow_env/lib/python3.10/site-packages/airflow/example_dags/example_sensor_decorator.py for tasks to queue
[2024-12-13T03:26:31.976-0800] {logging_mixin.py:190} INFO - [2024-12-13T03:26:31.976-0800] {dagbag.py:588} INFO - Filling up the DagBag from /Users/machine/Velocity_railway/airflow_env/lib/python3.10/site-packages/airflow/example_dags/example_sensor_decorator.py
[2024-12-13T03:26:32.055-0800] {processor.py:925} INFO - DAG(s) 'example_sensor_decorator' retrieved from /Users/machine/Velocity_railway/airflow_env/lib/python3.10/site-packages/airflow/example_dags/example_sensor_decorator.py
[2024-12-13T03:26:32.147-0800] {logging_mixin.py:190} INFO - [2024-12-13T03:26:32.147-0800] {workday.py:41} WARNING - Could not import pandas. Holidays will not be considered.
[2024-12-13T03:26:32.164-0800] {logging_mixin.py:190} INFO - [2024-12-13T03:26:32.164-0800] {dag.py:3239} INFO - Sync 1 DAGs
[2024-12-13T03:26:32.174-0800] {logging_mixin.py:190} INFO - [2024-12-13T03:26:32.174-0800] {dag.py:4180} INFO - Setting next_dagrun for example_sensor_decorator to None, run_after=None
[2024-12-13T03:26:32.191-0800] {processor.py:208} INFO - Processing /Users/machine/Velocity_railway/airflow_env/lib/python3.10/site-packages/airflow/example_dags/example_sensor_decorator.py took 0.224 seconds
[2024-12-13T03:28:49.200-0800] {processor.py:186} INFO - Started process (PID=85854) to work on /Users/machine/Velocity_railway/airflow_env/lib/python3.10/site-packages/airflow/example_dags/example_sensor_decorator.py
[2024-12-13T03:28:49.201-0800] {processor.py:914} INFO - Processing file /Users/machine/Velocity_railway/airflow_env/lib/python3.10/site-packages/airflow/example_dags/example_sensor_decorator.py for tasks to queue
[2024-12-13T03:28:49.203-0800] {logging_mixin.py:190} INFO - [2024-12-13T03:28:49.202-0800] {dagbag.py:588} INFO - Filling up the DagBag from /Users/machine/Velocity_railway/airflow_env/lib/python3.10/site-packages/airflow/example_dags/example_sensor_decorator.py
[2024-12-13T03:28:49.292-0800] {processor.py:925} INFO - DAG(s) 'example_sensor_decorator' retrieved from /Users/machine/Velocity_railway/airflow_env/lib/python3.10/site-packages/airflow/example_dags/example_sensor_decorator.py
[2024-12-13T03:28:49.394-0800] {logging_mixin.py:190} INFO - [2024-12-13T03:28:49.394-0800] {workday.py:41} WARNING - Could not import pandas. Holidays will not be considered.
[2024-12-13T03:28:49.412-0800] {logging_mixin.py:190} INFO - [2024-12-13T03:28:49.411-0800] {dag.py:3239} INFO - Sync 1 DAGs
[2024-12-13T03:28:49.424-0800] {logging_mixin.py:190} INFO - [2024-12-13T03:28:49.424-0800] {dag.py:4180} INFO - Setting next_dagrun for example_sensor_decorator to None, run_after=None
[2024-12-13T03:28:49.443-0800] {processor.py:208} INFO - Processing /Users/machine/Velocity_railway/airflow_env/lib/python3.10/site-packages/airflow/example_dags/example_sensor_decorator.py took 0.249 seconds
[2024-12-13T03:31:08.976-0800] {processor.py:186} INFO - Started process (PID=86307) to work on /Users/machine/Velocity_railway/airflow_env/lib/python3.10/site-packages/airflow/example_dags/example_sensor_decorator.py
[2024-12-13T03:31:08.978-0800] {processor.py:914} INFO - Processing file /Users/machine/Velocity_railway/airflow_env/lib/python3.10/site-packages/airflow/example_dags/example_sensor_decorator.py for tasks to queue
[2024-12-13T03:31:08.980-0800] {logging_mixin.py:190} INFO - [2024-12-13T03:31:08.980-0800] {dagbag.py:588} INFO - Filling up the DagBag from /Users/machine/Velocity_railway/airflow_env/lib/python3.10/site-packages/airflow/example_dags/example_sensor_decorator.py
[2024-12-13T03:31:09.074-0800] {processor.py:925} INFO - DAG(s) 'example_sensor_decorator' retrieved from /Users/machine/Velocity_railway/airflow_env/lib/python3.10/site-packages/airflow/example_dags/example_sensor_decorator.py
[2024-12-13T03:31:09.189-0800] {logging_mixin.py:190} INFO - [2024-12-13T03:31:09.188-0800] {workday.py:41} WARNING - Could not import pandas. Holidays will not be considered.
[2024-12-13T03:31:09.208-0800] {logging_mixin.py:190} INFO - [2024-12-13T03:31:09.207-0800] {dag.py:3239} INFO - Sync 1 DAGs
[2024-12-13T03:31:09.220-0800] {logging_mixin.py:190} INFO - [2024-12-13T03:31:09.220-0800] {dag.py:4180} INFO - Setting next_dagrun for example_sensor_decorator to None, run_after=None
[2024-12-13T03:31:09.239-0800] {processor.py:208} INFO - Processing /Users/machine/Velocity_railway/airflow_env/lib/python3.10/site-packages/airflow/example_dags/example_sensor_decorator.py took 0.269 seconds
[2024-12-13T03:33:30.735-0800] {processor.py:186} INFO - Started process (PID=86844) to work on /Users/machine/Velocity_railway/airflow_env/lib/python3.10/site-packages/airflow/example_dags/example_sensor_decorator.py
[2024-12-13T03:33:30.736-0800] {processor.py:914} INFO - Processing file /Users/machine/Velocity_railway/airflow_env/lib/python3.10/site-packages/airflow/example_dags/example_sensor_decorator.py for tasks to queue
[2024-12-13T03:33:30.738-0800] {logging_mixin.py:190} INFO - [2024-12-13T03:33:30.737-0800] {dagbag.py:588} INFO - Filling up the DagBag from /Users/machine/Velocity_railway/airflow_env/lib/python3.10/site-packages/airflow/example_dags/example_sensor_decorator.py
[2024-12-13T03:33:30.834-0800] {processor.py:925} INFO - DAG(s) 'example_sensor_decorator' retrieved from /Users/machine/Velocity_railway/airflow_env/lib/python3.10/site-packages/airflow/example_dags/example_sensor_decorator.py
[2024-12-13T03:33:30.950-0800] {logging_mixin.py:190} INFO - [2024-12-13T03:33:30.950-0800] {workday.py:41} WARNING - Could not import pandas. Holidays will not be considered.
[2024-12-13T03:33:30.970-0800] {logging_mixin.py:190} INFO - [2024-12-13T03:33:30.970-0800] {dag.py:3239} INFO - Sync 1 DAGs
[2024-12-13T03:33:30.984-0800] {logging_mixin.py:190} INFO - [2024-12-13T03:33:30.983-0800] {dag.py:4180} INFO - Setting next_dagrun for example_sensor_decorator to None, run_after=None
[2024-12-13T03:33:31.006-0800] {processor.py:208} INFO - Processing /Users/machine/Velocity_railway/airflow_env/lib/python3.10/site-packages/airflow/example_dags/example_sensor_decorator.py took 0.277 seconds
[2024-12-13T03:35:57.795-0800] {processor.py:186} INFO - Started process (PID=87414) to work on /Users/machine/Velocity_railway/airflow_env/lib/python3.10/site-packages/airflow/example_dags/example_sensor_decorator.py
[2024-12-13T03:35:57.797-0800] {processor.py:914} INFO - Processing file /Users/machine/Velocity_railway/airflow_env/lib/python3.10/site-packages/airflow/example_dags/example_sensor_decorator.py for tasks to queue
[2024-12-13T03:35:57.798-0800] {logging_mixin.py:190} INFO - [2024-12-13T03:35:57.798-0800] {dagbag.py:588} INFO - Filling up the DagBag from /Users/machine/Velocity_railway/airflow_env/lib/python3.10/site-packages/airflow/example_dags/example_sensor_decorator.py
[2024-12-13T03:35:57.885-0800] {processor.py:925} INFO - DAG(s) 'example_sensor_decorator' retrieved from /Users/machine/Velocity_railway/airflow_env/lib/python3.10/site-packages/airflow/example_dags/example_sensor_decorator.py
[2024-12-13T03:35:57.989-0800] {logging_mixin.py:190} INFO - [2024-12-13T03:35:57.989-0800] {workday.py:41} WARNING - Could not import pandas. Holidays will not be considered.
[2024-12-13T03:35:58.012-0800] {logging_mixin.py:190} INFO - [2024-12-13T03:35:58.011-0800] {dag.py:3239} INFO - Sync 1 DAGs
[2024-12-13T03:35:58.023-0800] {logging_mixin.py:190} INFO - [2024-12-13T03:35:58.023-0800] {dag.py:4180} INFO - Setting next_dagrun for example_sensor_decorator to None, run_after=None
[2024-12-13T03:35:58.042-0800] {processor.py:208} INFO - Processing /Users/machine/Velocity_railway/airflow_env/lib/python3.10/site-packages/airflow/example_dags/example_sensor_decorator.py took 0.253 seconds
[2024-12-13T03:38:30.250-0800] {processor.py:186} INFO - Started process (PID=87914) to work on /Users/machine/Velocity_railway/airflow_env/lib/python3.10/site-packages/airflow/example_dags/example_sensor_decorator.py
[2024-12-13T03:38:30.253-0800] {processor.py:914} INFO - Processing file /Users/machine/Velocity_railway/airflow_env/lib/python3.10/site-packages/airflow/example_dags/example_sensor_decorator.py for tasks to queue
[2024-12-13T03:38:30.254-0800] {logging_mixin.py:190} INFO - [2024-12-13T03:38:30.254-0800] {dagbag.py:588} INFO - Filling up the DagBag from /Users/machine/Velocity_railway/airflow_env/lib/python3.10/site-packages/airflow/example_dags/example_sensor_decorator.py
[2024-12-13T03:38:30.349-0800] {processor.py:925} INFO - DAG(s) 'example_sensor_decorator' retrieved from /Users/machine/Velocity_railway/airflow_env/lib/python3.10/site-packages/airflow/example_dags/example_sensor_decorator.py
[2024-12-13T03:38:30.462-0800] {logging_mixin.py:190} INFO - [2024-12-13T03:38:30.461-0800] {workday.py:41} WARNING - Could not import pandas. Holidays will not be considered.
[2024-12-13T03:38:30.483-0800] {logging_mixin.py:190} INFO - [2024-12-13T03:38:30.482-0800] {dag.py:3239} INFO - Sync 1 DAGs
[2024-12-13T03:38:30.494-0800] {logging_mixin.py:190} INFO - [2024-12-13T03:38:30.494-0800] {dag.py:4180} INFO - Setting next_dagrun for example_sensor_decorator to None, run_after=None
[2024-12-13T03:38:30.513-0800] {processor.py:208} INFO - Processing /Users/machine/Velocity_railway/airflow_env/lib/python3.10/site-packages/airflow/example_dags/example_sensor_decorator.py took 0.269 seconds
[2024-12-13T03:40:47.401-0800] {processor.py:186} INFO - Started process (PID=88382) to work on /Users/machine/Velocity_railway/airflow_env/lib/python3.10/site-packages/airflow/example_dags/example_sensor_decorator.py
[2024-12-13T03:40:47.407-0800] {processor.py:914} INFO - Processing file /Users/machine/Velocity_railway/airflow_env/lib/python3.10/site-packages/airflow/example_dags/example_sensor_decorator.py for tasks to queue
[2024-12-13T03:40:47.408-0800] {logging_mixin.py:190} INFO - [2024-12-13T03:40:47.408-0800] {dagbag.py:588} INFO - Filling up the DagBag from /Users/machine/Velocity_railway/airflow_env/lib/python3.10/site-packages/airflow/example_dags/example_sensor_decorator.py
[2024-12-13T03:40:47.497-0800] {processor.py:925} INFO - DAG(s) 'example_sensor_decorator' retrieved from /Users/machine/Velocity_railway/airflow_env/lib/python3.10/site-packages/airflow/example_dags/example_sensor_decorator.py
[2024-12-13T03:40:47.597-0800] {logging_mixin.py:190} INFO - [2024-12-13T03:40:47.597-0800] {workday.py:41} WARNING - Could not import pandas. Holidays will not be considered.
[2024-12-13T03:40:47.614-0800] {logging_mixin.py:190} INFO - [2024-12-13T03:40:47.613-0800] {dag.py:3239} INFO - Sync 1 DAGs
[2024-12-13T03:40:47.625-0800] {logging_mixin.py:190} INFO - [2024-12-13T03:40:47.625-0800] {dag.py:4180} INFO - Setting next_dagrun for example_sensor_decorator to None, run_after=None
[2024-12-13T03:40:47.644-0800] {processor.py:208} INFO - Processing /Users/machine/Velocity_railway/airflow_env/lib/python3.10/site-packages/airflow/example_dags/example_sensor_decorator.py took 0.249 seconds
[2024-12-13T03:43:00.957-0800] {processor.py:186} INFO - Started process (PID=88846) to work on /Users/machine/Velocity_railway/airflow_env/lib/python3.10/site-packages/airflow/example_dags/example_sensor_decorator.py
[2024-12-13T03:43:00.959-0800] {processor.py:914} INFO - Processing file /Users/machine/Velocity_railway/airflow_env/lib/python3.10/site-packages/airflow/example_dags/example_sensor_decorator.py for tasks to queue
[2024-12-13T03:43:00.961-0800] {logging_mixin.py:190} INFO - [2024-12-13T03:43:00.960-0800] {dagbag.py:588} INFO - Filling up the DagBag from /Users/machine/Velocity_railway/airflow_env/lib/python3.10/site-packages/airflow/example_dags/example_sensor_decorator.py
[2024-12-13T03:43:01.046-0800] {processor.py:925} INFO - DAG(s) 'example_sensor_decorator' retrieved from /Users/machine/Velocity_railway/airflow_env/lib/python3.10/site-packages/airflow/example_dags/example_sensor_decorator.py
[2024-12-13T03:43:01.141-0800] {logging_mixin.py:190} INFO - [2024-12-13T03:43:01.140-0800] {workday.py:41} WARNING - Could not import pandas. Holidays will not be considered.
[2024-12-13T03:43:01.157-0800] {logging_mixin.py:190} INFO - [2024-12-13T03:43:01.157-0800] {dag.py:3239} INFO - Sync 1 DAGs
[2024-12-13T03:43:01.168-0800] {logging_mixin.py:190} INFO - [2024-12-13T03:43:01.168-0800] {dag.py:4180} INFO - Setting next_dagrun for example_sensor_decorator to None, run_after=None
[2024-12-13T03:43:01.185-0800] {processor.py:208} INFO - Processing /Users/machine/Velocity_railway/airflow_env/lib/python3.10/site-packages/airflow/example_dags/example_sensor_decorator.py took 0.233 seconds
[2024-12-13T03:45:14.659-0800] {processor.py:186} INFO - Started process (PID=89299) to work on /Users/machine/Velocity_railway/airflow_env/lib/python3.10/site-packages/airflow/example_dags/example_sensor_decorator.py
[2024-12-13T03:45:14.661-0800] {processor.py:914} INFO - Processing file /Users/machine/Velocity_railway/airflow_env/lib/python3.10/site-packages/airflow/example_dags/example_sensor_decorator.py for tasks to queue
[2024-12-13T03:45:14.663-0800] {logging_mixin.py:190} INFO - [2024-12-13T03:45:14.662-0800] {dagbag.py:588} INFO - Filling up the DagBag from /Users/machine/Velocity_railway/airflow_env/lib/python3.10/site-packages/airflow/example_dags/example_sensor_decorator.py
[2024-12-13T03:45:14.744-0800] {processor.py:925} INFO - DAG(s) 'example_sensor_decorator' retrieved from /Users/machine/Velocity_railway/airflow_env/lib/python3.10/site-packages/airflow/example_dags/example_sensor_decorator.py
[2024-12-13T03:45:14.839-0800] {logging_mixin.py:190} INFO - [2024-12-13T03:45:14.839-0800] {workday.py:41} WARNING - Could not import pandas. Holidays will not be considered.
[2024-12-13T03:45:14.856-0800] {logging_mixin.py:190} INFO - [2024-12-13T03:45:14.855-0800] {dag.py:3239} INFO - Sync 1 DAGs
[2024-12-13T03:45:14.866-0800] {logging_mixin.py:190} INFO - [2024-12-13T03:45:14.866-0800] {dag.py:4180} INFO - Setting next_dagrun for example_sensor_decorator to None, run_after=None
[2024-12-13T03:45:14.884-0800] {processor.py:208} INFO - Processing /Users/machine/Velocity_railway/airflow_env/lib/python3.10/site-packages/airflow/example_dags/example_sensor_decorator.py took 0.231 seconds
[2024-12-13T03:47:27.175-0800] {processor.py:186} INFO - Started process (PID=89740) to work on /Users/machine/Velocity_railway/airflow_env/lib/python3.10/site-packages/airflow/example_dags/example_sensor_decorator.py
[2024-12-13T03:47:27.177-0800] {processor.py:914} INFO - Processing file /Users/machine/Velocity_railway/airflow_env/lib/python3.10/site-packages/airflow/example_dags/example_sensor_decorator.py for tasks to queue
[2024-12-13T03:47:27.178-0800] {logging_mixin.py:190} INFO - [2024-12-13T03:47:27.178-0800] {dagbag.py:588} INFO - Filling up the DagBag from /Users/machine/Velocity_railway/airflow_env/lib/python3.10/site-packages/airflow/example_dags/example_sensor_decorator.py
[2024-12-13T03:47:27.258-0800] {processor.py:925} INFO - DAG(s) 'example_sensor_decorator' retrieved from /Users/machine/Velocity_railway/airflow_env/lib/python3.10/site-packages/airflow/example_dags/example_sensor_decorator.py
[2024-12-13T03:47:27.350-0800] {logging_mixin.py:190} INFO - [2024-12-13T03:47:27.350-0800] {workday.py:41} WARNING - Could not import pandas. Holidays will not be considered.
[2024-12-13T03:47:27.366-0800] {logging_mixin.py:190} INFO - [2024-12-13T03:47:27.366-0800] {dag.py:3239} INFO - Sync 1 DAGs
[2024-12-13T03:47:27.376-0800] {logging_mixin.py:190} INFO - [2024-12-13T03:47:27.376-0800] {dag.py:4180} INFO - Setting next_dagrun for example_sensor_decorator to None, run_after=None
[2024-12-13T03:47:27.395-0800] {processor.py:208} INFO - Processing /Users/machine/Velocity_railway/airflow_env/lib/python3.10/site-packages/airflow/example_dags/example_sensor_decorator.py took 0.226 seconds
[2024-12-13T03:49:43.245-0800] {processor.py:186} INFO - Started process (PID=90208) to work on /Users/machine/Velocity_railway/airflow_env/lib/python3.10/site-packages/airflow/example_dags/example_sensor_decorator.py
[2024-12-13T03:49:43.247-0800] {processor.py:914} INFO - Processing file /Users/machine/Velocity_railway/airflow_env/lib/python3.10/site-packages/airflow/example_dags/example_sensor_decorator.py for tasks to queue
[2024-12-13T03:49:43.248-0800] {logging_mixin.py:190} INFO - [2024-12-13T03:49:43.248-0800] {dagbag.py:588} INFO - Filling up the DagBag from /Users/machine/Velocity_railway/airflow_env/lib/python3.10/site-packages/airflow/example_dags/example_sensor_decorator.py
[2024-12-13T03:49:43.335-0800] {processor.py:925} INFO - DAG(s) 'example_sensor_decorator' retrieved from /Users/machine/Velocity_railway/airflow_env/lib/python3.10/site-packages/airflow/example_dags/example_sensor_decorator.py
[2024-12-13T03:49:43.441-0800] {logging_mixin.py:190} INFO - [2024-12-13T03:49:43.440-0800] {workday.py:41} WARNING - Could not import pandas. Holidays will not be considered.
[2024-12-13T03:49:43.458-0800] {logging_mixin.py:190} INFO - [2024-12-13T03:49:43.458-0800] {dag.py:3239} INFO - Sync 1 DAGs
[2024-12-13T03:49:43.471-0800] {logging_mixin.py:190} INFO - [2024-12-13T03:49:43.471-0800] {dag.py:4180} INFO - Setting next_dagrun for example_sensor_decorator to None, run_after=None
[2024-12-13T03:49:43.491-0800] {processor.py:208} INFO - Processing /Users/machine/Velocity_railway/airflow_env/lib/python3.10/site-packages/airflow/example_dags/example_sensor_decorator.py took 0.252 seconds
[2024-12-13T03:52:01.198-0800] {processor.py:186} INFO - Started process (PID=90700) to work on /Users/machine/Velocity_railway/airflow_env/lib/python3.10/site-packages/airflow/example_dags/example_sensor_decorator.py
[2024-12-13T03:52:01.200-0800] {processor.py:914} INFO - Processing file /Users/machine/Velocity_railway/airflow_env/lib/python3.10/site-packages/airflow/example_dags/example_sensor_decorator.py for tasks to queue
[2024-12-13T03:52:01.201-0800] {logging_mixin.py:190} INFO - [2024-12-13T03:52:01.201-0800] {dagbag.py:588} INFO - Filling up the DagBag from /Users/machine/Velocity_railway/airflow_env/lib/python3.10/site-packages/airflow/example_dags/example_sensor_decorator.py
[2024-12-13T03:52:01.287-0800] {processor.py:925} INFO - DAG(s) 'example_sensor_decorator' retrieved from /Users/machine/Velocity_railway/airflow_env/lib/python3.10/site-packages/airflow/example_dags/example_sensor_decorator.py
[2024-12-13T03:52:01.388-0800] {logging_mixin.py:190} INFO - [2024-12-13T03:52:01.388-0800] {workday.py:41} WARNING - Could not import pandas. Holidays will not be considered.
[2024-12-13T03:52:01.405-0800] {logging_mixin.py:190} INFO - [2024-12-13T03:52:01.405-0800] {dag.py:3239} INFO - Sync 1 DAGs
[2024-12-13T03:52:01.417-0800] {logging_mixin.py:190} INFO - [2024-12-13T03:52:01.416-0800] {dag.py:4180} INFO - Setting next_dagrun for example_sensor_decorator to None, run_after=None
[2024-12-13T03:52:01.434-0800] {processor.py:208} INFO - Processing /Users/machine/Velocity_railway/airflow_env/lib/python3.10/site-packages/airflow/example_dags/example_sensor_decorator.py took 0.242 seconds
[2024-12-13T03:54:23.018-0800] {processor.py:186} INFO - Started process (PID=91195) to work on /Users/machine/Velocity_railway/airflow_env/lib/python3.10/site-packages/airflow/example_dags/example_sensor_decorator.py
[2024-12-13T03:54:23.019-0800] {processor.py:914} INFO - Processing file /Users/machine/Velocity_railway/airflow_env/lib/python3.10/site-packages/airflow/example_dags/example_sensor_decorator.py for tasks to queue
[2024-12-13T03:54:23.021-0800] {logging_mixin.py:190} INFO - [2024-12-13T03:54:23.020-0800] {dagbag.py:588} INFO - Filling up the DagBag from /Users/machine/Velocity_railway/airflow_env/lib/python3.10/site-packages/airflow/example_dags/example_sensor_decorator.py
[2024-12-13T03:54:23.114-0800] {processor.py:925} INFO - DAG(s) 'example_sensor_decorator' retrieved from /Users/machine/Velocity_railway/airflow_env/lib/python3.10/site-packages/airflow/example_dags/example_sensor_decorator.py
[2024-12-13T03:54:23.214-0800] {logging_mixin.py:190} INFO - [2024-12-13T03:54:23.214-0800] {workday.py:41} WARNING - Could not import pandas. Holidays will not be considered.
[2024-12-13T03:54:23.231-0800] {logging_mixin.py:190} INFO - [2024-12-13T03:54:23.230-0800] {dag.py:3239} INFO - Sync 1 DAGs
[2024-12-13T03:54:23.242-0800] {logging_mixin.py:190} INFO - [2024-12-13T03:54:23.241-0800] {dag.py:4180} INFO - Setting next_dagrun for example_sensor_decorator to None, run_after=None
[2024-12-13T03:54:23.259-0800] {processor.py:208} INFO - Processing /Users/machine/Velocity_railway/airflow_env/lib/python3.10/site-packages/airflow/example_dags/example_sensor_decorator.py took 0.247 seconds
[2024-12-13T03:56:48.222-0800] {processor.py:186} INFO - Started process (PID=91802) to work on /Users/machine/Velocity_railway/airflow_env/lib/python3.10/site-packages/airflow/example_dags/example_sensor_decorator.py
[2024-12-13T03:56:48.223-0800] {processor.py:914} INFO - Processing file /Users/machine/Velocity_railway/airflow_env/lib/python3.10/site-packages/airflow/example_dags/example_sensor_decorator.py for tasks to queue
[2024-12-13T03:56:48.224-0800] {logging_mixin.py:190} INFO - [2024-12-13T03:56:48.224-0800] {dagbag.py:588} INFO - Filling up the DagBag from /Users/machine/Velocity_railway/airflow_env/lib/python3.10/site-packages/airflow/example_dags/example_sensor_decorator.py
[2024-12-13T03:56:48.326-0800] {processor.py:925} INFO - DAG(s) 'example_sensor_decorator' retrieved from /Users/machine/Velocity_railway/airflow_env/lib/python3.10/site-packages/airflow/example_dags/example_sensor_decorator.py
[2024-12-13T03:56:48.445-0800] {logging_mixin.py:190} INFO - [2024-12-13T03:56:48.445-0800] {workday.py:41} WARNING - Could not import pandas. Holidays will not be considered.
[2024-12-13T03:56:48.464-0800] {logging_mixin.py:190} INFO - [2024-12-13T03:56:48.464-0800] {dag.py:3239} INFO - Sync 1 DAGs
[2024-12-13T03:56:48.475-0800] {logging_mixin.py:190} INFO - [2024-12-13T03:56:48.475-0800] {dag.py:4180} INFO - Setting next_dagrun for example_sensor_decorator to None, run_after=None
[2024-12-13T03:56:48.495-0800] {processor.py:208} INFO - Processing /Users/machine/Velocity_railway/airflow_env/lib/python3.10/site-packages/airflow/example_dags/example_sensor_decorator.py took 0.280 seconds
[2024-12-13T03:59:15.164-0800] {processor.py:186} INFO - Started process (PID=92435) to work on /Users/machine/Velocity_railway/airflow_env/lib/python3.10/site-packages/airflow/example_dags/example_sensor_decorator.py
[2024-12-13T03:59:15.167-0800] {processor.py:914} INFO - Processing file /Users/machine/Velocity_railway/airflow_env/lib/python3.10/site-packages/airflow/example_dags/example_sensor_decorator.py for tasks to queue
[2024-12-13T03:59:15.168-0800] {logging_mixin.py:190} INFO - [2024-12-13T03:59:15.168-0800] {dagbag.py:588} INFO - Filling up the DagBag from /Users/machine/Velocity_railway/airflow_env/lib/python3.10/site-packages/airflow/example_dags/example_sensor_decorator.py
[2024-12-13T03:59:15.262-0800] {processor.py:925} INFO - DAG(s) 'example_sensor_decorator' retrieved from /Users/machine/Velocity_railway/airflow_env/lib/python3.10/site-packages/airflow/example_dags/example_sensor_decorator.py
[2024-12-13T03:59:15.372-0800] {logging_mixin.py:190} INFO - [2024-12-13T03:59:15.371-0800] {workday.py:41} WARNING - Could not import pandas. Holidays will not be considered.
[2024-12-13T03:59:15.391-0800] {logging_mixin.py:190} INFO - [2024-12-13T03:59:15.390-0800] {dag.py:3239} INFO - Sync 1 DAGs
[2024-12-13T03:59:15.403-0800] {logging_mixin.py:190} INFO - [2024-12-13T03:59:15.402-0800] {dag.py:4180} INFO - Setting next_dagrun for example_sensor_decorator to None, run_after=None
[2024-12-13T03:59:15.422-0800] {processor.py:208} INFO - Processing /Users/machine/Velocity_railway/airflow_env/lib/python3.10/site-packages/airflow/example_dags/example_sensor_decorator.py took 0.264 seconds
[2024-12-13T05:50:23.159-0800] {processor.py:186} INFO - Started process (PID=93277) to work on /Users/machine/Velocity_railway/airflow_env/lib/python3.10/site-packages/airflow/example_dags/example_sensor_decorator.py
[2024-12-13T05:50:23.162-0800] {processor.py:914} INFO - Processing file /Users/machine/Velocity_railway/airflow_env/lib/python3.10/site-packages/airflow/example_dags/example_sensor_decorator.py for tasks to queue
[2024-12-13T05:50:23.164-0800] {logging_mixin.py:190} INFO - [2024-12-13T05:50:23.163-0800] {dagbag.py:588} INFO - Filling up the DagBag from /Users/machine/Velocity_railway/airflow_env/lib/python3.10/site-packages/airflow/example_dags/example_sensor_decorator.py
[2024-12-13T05:50:23.249-0800] {processor.py:925} INFO - DAG(s) 'example_sensor_decorator' retrieved from /Users/machine/Velocity_railway/airflow_env/lib/python3.10/site-packages/airflow/example_dags/example_sensor_decorator.py
[2024-12-13T05:50:23.346-0800] {logging_mixin.py:190} INFO - [2024-12-13T05:50:23.346-0800] {workday.py:41} WARNING - Could not import pandas. Holidays will not be considered.
[2024-12-13T05:50:23.364-0800] {logging_mixin.py:190} INFO - [2024-12-13T05:50:23.363-0800] {dag.py:3239} INFO - Sync 1 DAGs
[2024-12-13T05:50:23.375-0800] {logging_mixin.py:190} INFO - [2024-12-13T05:50:23.375-0800] {dag.py:4180} INFO - Setting next_dagrun for example_sensor_decorator to None, run_after=None
[2024-12-13T05:50:23.393-0800] {processor.py:208} INFO - Processing /Users/machine/Velocity_railway/airflow_env/lib/python3.10/site-packages/airflow/example_dags/example_sensor_decorator.py took 0.240 seconds
