[2024-12-13T03:09:36.691-0800] {processor.py:186} INFO - Started process (PID=81964) to work on /Users/machine/Velocity_railway/airflow_env/lib/python3.10/site-packages/airflow/example_dags/example_python_decorator.py
[2024-12-13T03:09:36.693-0800] {processor.py:914} INFO - Processing file /Users/machine/Velocity_railway/airflow_env/lib/python3.10/site-packages/airflow/example_dags/example_python_decorator.py for tasks to queue
[2024-12-13T03:09:36.694-0800] {logging_mixin.py:190} INFO - [2024-12-13T03:09:36.694-0800] {dagbag.py:588} INFO - Filling up the DagBag from /Users/machine/Velocity_railway/airflow_env/lib/python3.10/site-packages/airflow/example_dags/example_python_decorator.py
[2024-12-13T03:09:36.781-0800] {logging_mixin.py:190} INFO - [2024-12-13T03:09:36.781-0800] {example_python_decorator.py:80} WARNING - The virtalenv_python example task requires virtualenv, please install it.
[2024-12-13T03:09:36.783-0800] {processor.py:925} INFO - DAG(s) 'example_python_decorator' retrieved from /Users/machine/Velocity_railway/airflow_env/lib/python3.10/site-packages/airflow/example_dags/example_python_decorator.py
[2024-12-13T03:09:36.993-0800] {logging_mixin.py:190} INFO - [2024-12-13T03:09:36.992-0800] {override.py:1911} INFO - Created Permission View: can delete on DAG:example_python_decorator
[2024-12-13T03:09:37.001-0800] {logging_mixin.py:190} INFO - [2024-12-13T03:09:37.001-0800] {override.py:1911} INFO - Created Permission View: can read on DAG:example_python_decorator
[2024-12-13T03:09:37.008-0800] {logging_mixin.py:190} INFO - [2024-12-13T03:09:37.008-0800] {override.py:1911} INFO - Created Permission View: can edit on DAG:example_python_decorator
[2024-12-13T03:09:37.017-0800] {logging_mixin.py:190} INFO - [2024-12-13T03:09:37.016-0800] {override.py:1911} INFO - Created Permission View: can delete on DAG Run:example_python_decorator
[2024-12-13T03:09:37.023-0800] {logging_mixin.py:190} INFO - [2024-12-13T03:09:37.023-0800] {override.py:1911} INFO - Created Permission View: can read on DAG Run:example_python_decorator
[2024-12-13T03:09:37.029-0800] {logging_mixin.py:190} INFO - [2024-12-13T03:09:37.029-0800] {override.py:1911} INFO - Created Permission View: can create on DAG Run:example_python_decorator
[2024-12-13T03:09:37.036-0800] {logging_mixin.py:190} INFO - [2024-12-13T03:09:37.035-0800] {override.py:1911} INFO - Created Permission View: menu access on DAG Run:example_python_decorator
[2024-12-13T03:09:37.036-0800] {logging_mixin.py:190} INFO - [2024-12-13T03:09:37.036-0800] {dag.py:3239} INFO - Sync 1 DAGs
[2024-12-13T03:09:37.049-0800] {logging_mixin.py:190} INFO - [2024-12-13T03:09:37.049-0800] {dag.py:3262} INFO - Creating ORM DAG for example_python_decorator
[2024-12-13T03:09:37.050-0800] {logging_mixin.py:190} INFO - [2024-12-13T03:09:37.050-0800] {dag.py:4180} INFO - Setting next_dagrun for example_python_decorator to None, run_after=None
[2024-12-13T03:09:37.067-0800] {processor.py:208} INFO - Processing /Users/machine/Velocity_railway/airflow_env/lib/python3.10/site-packages/airflow/example_dags/example_python_decorator.py took 0.383 seconds
[2024-12-13T03:12:38.277-0800] {processor.py:186} INFO - Started process (PID=82556) to work on /Users/machine/Velocity_railway/airflow_env/lib/python3.10/site-packages/airflow/example_dags/example_python_decorator.py
[2024-12-13T03:12:38.279-0800] {processor.py:914} INFO - Processing file /Users/machine/Velocity_railway/airflow_env/lib/python3.10/site-packages/airflow/example_dags/example_python_decorator.py for tasks to queue
[2024-12-13T03:12:38.280-0800] {logging_mixin.py:190} INFO - [2024-12-13T03:12:38.280-0800] {dagbag.py:588} INFO - Filling up the DagBag from /Users/machine/Velocity_railway/airflow_env/lib/python3.10/site-packages/airflow/example_dags/example_python_decorator.py
[2024-12-13T03:12:38.378-0800] {logging_mixin.py:190} INFO - [2024-12-13T03:12:38.378-0800] {example_python_decorator.py:80} WARNING - The virtalenv_python example task requires virtualenv, please install it.
[2024-12-13T03:12:38.381-0800] {processor.py:925} INFO - DAG(s) 'example_python_decorator' retrieved from /Users/machine/Velocity_railway/airflow_env/lib/python3.10/site-packages/airflow/example_dags/example_python_decorator.py
[2024-12-13T03:12:38.511-0800] {logging_mixin.py:190} INFO - [2024-12-13T03:12:38.511-0800] {dag.py:3239} INFO - Sync 1 DAGs
[2024-12-13T03:12:38.528-0800] {logging_mixin.py:190} INFO - [2024-12-13T03:12:38.528-0800] {dag.py:4180} INFO - Setting next_dagrun for example_python_decorator to None, run_after=None
[2024-12-13T03:12:38.550-0800] {processor.py:208} INFO - Processing /Users/machine/Velocity_railway/airflow_env/lib/python3.10/site-packages/airflow/example_dags/example_python_decorator.py took 0.280 seconds
[2024-12-13T03:15:11.775-0800] {processor.py:186} INFO - Started process (PID=83067) to work on /Users/machine/Velocity_railway/airflow_env/lib/python3.10/site-packages/airflow/example_dags/example_python_decorator.py
[2024-12-13T03:15:11.777-0800] {processor.py:914} INFO - Processing file /Users/machine/Velocity_railway/airflow_env/lib/python3.10/site-packages/airflow/example_dags/example_python_decorator.py for tasks to queue
[2024-12-13T03:15:11.778-0800] {logging_mixin.py:190} INFO - [2024-12-13T03:15:11.777-0800] {dagbag.py:588} INFO - Filling up the DagBag from /Users/machine/Velocity_railway/airflow_env/lib/python3.10/site-packages/airflow/example_dags/example_python_decorator.py
[2024-12-13T03:15:11.858-0800] {logging_mixin.py:190} INFO - [2024-12-13T03:15:11.858-0800] {example_python_decorator.py:80} WARNING - The virtalenv_python example task requires virtualenv, please install it.
[2024-12-13T03:15:11.860-0800] {processor.py:925} INFO - DAG(s) 'example_python_decorator' retrieved from /Users/machine/Velocity_railway/airflow_env/lib/python3.10/site-packages/airflow/example_dags/example_python_decorator.py
[2024-12-13T03:15:11.965-0800] {logging_mixin.py:190} INFO - [2024-12-13T03:15:11.965-0800] {dag.py:3239} INFO - Sync 1 DAGs
[2024-12-13T03:15:11.975-0800] {logging_mixin.py:190} INFO - [2024-12-13T03:15:11.975-0800] {dag.py:4180} INFO - Setting next_dagrun for example_python_decorator to None, run_after=None
[2024-12-13T03:15:11.994-0800] {processor.py:208} INFO - Processing /Users/machine/Velocity_railway/airflow_env/lib/python3.10/site-packages/airflow/example_dags/example_python_decorator.py took 0.225 seconds
[2024-12-13T03:17:32.710-0800] {processor.py:186} INFO - Started process (PID=83540) to work on /Users/machine/Velocity_railway/airflow_env/lib/python3.10/site-packages/airflow/example_dags/example_python_decorator.py
[2024-12-13T03:17:32.711-0800] {processor.py:914} INFO - Processing file /Users/machine/Velocity_railway/airflow_env/lib/python3.10/site-packages/airflow/example_dags/example_python_decorator.py for tasks to queue
[2024-12-13T03:17:32.713-0800] {logging_mixin.py:190} INFO - [2024-12-13T03:17:32.712-0800] {dagbag.py:588} INFO - Filling up the DagBag from /Users/machine/Velocity_railway/airflow_env/lib/python3.10/site-packages/airflow/example_dags/example_python_decorator.py
[2024-12-13T03:17:32.796-0800] {logging_mixin.py:190} INFO - [2024-12-13T03:17:32.796-0800] {example_python_decorator.py:80} WARNING - The virtalenv_python example task requires virtualenv, please install it.
[2024-12-13T03:17:32.798-0800] {processor.py:925} INFO - DAG(s) 'example_python_decorator' retrieved from /Users/machine/Velocity_railway/airflow_env/lib/python3.10/site-packages/airflow/example_dags/example_python_decorator.py
[2024-12-13T03:17:32.916-0800] {logging_mixin.py:190} INFO - [2024-12-13T03:17:32.915-0800] {dag.py:3239} INFO - Sync 1 DAGs
[2024-12-13T03:17:32.927-0800] {logging_mixin.py:190} INFO - [2024-12-13T03:17:32.927-0800] {dag.py:4180} INFO - Setting next_dagrun for example_python_decorator to None, run_after=None
[2024-12-13T03:17:32.945-0800] {processor.py:208} INFO - Processing /Users/machine/Velocity_railway/airflow_env/lib/python3.10/site-packages/airflow/example_dags/example_python_decorator.py took 0.241 seconds
[2024-12-13T03:19:47.107-0800] {processor.py:186} INFO - Started process (PID=84017) to work on /Users/machine/Velocity_railway/airflow_env/lib/python3.10/site-packages/airflow/example_dags/example_python_decorator.py
[2024-12-13T03:19:47.109-0800] {processor.py:914} INFO - Processing file /Users/machine/Velocity_railway/airflow_env/lib/python3.10/site-packages/airflow/example_dags/example_python_decorator.py for tasks to queue
[2024-12-13T03:19:47.110-0800] {logging_mixin.py:190} INFO - [2024-12-13T03:19:47.109-0800] {dagbag.py:588} INFO - Filling up the DagBag from /Users/machine/Velocity_railway/airflow_env/lib/python3.10/site-packages/airflow/example_dags/example_python_decorator.py
[2024-12-13T03:19:47.193-0800] {logging_mixin.py:190} INFO - [2024-12-13T03:19:47.193-0800] {example_python_decorator.py:80} WARNING - The virtalenv_python example task requires virtualenv, please install it.
[2024-12-13T03:19:47.195-0800] {processor.py:925} INFO - DAG(s) 'example_python_decorator' retrieved from /Users/machine/Velocity_railway/airflow_env/lib/python3.10/site-packages/airflow/example_dags/example_python_decorator.py
[2024-12-13T03:19:47.297-0800] {logging_mixin.py:190} INFO - [2024-12-13T03:19:47.297-0800] {dag.py:3239} INFO - Sync 1 DAGs
[2024-12-13T03:19:47.307-0800] {logging_mixin.py:190} INFO - [2024-12-13T03:19:47.307-0800] {dag.py:4180} INFO - Setting next_dagrun for example_python_decorator to None, run_after=None
[2024-12-13T03:19:47.326-0800] {processor.py:208} INFO - Processing /Users/machine/Velocity_railway/airflow_env/lib/python3.10/site-packages/airflow/example_dags/example_python_decorator.py took 0.224 seconds
[2024-12-13T03:21:58.796-0800] {processor.py:186} INFO - Started process (PID=84463) to work on /Users/machine/Velocity_railway/airflow_env/lib/python3.10/site-packages/airflow/example_dags/example_python_decorator.py
[2024-12-13T03:21:58.798-0800] {processor.py:914} INFO - Processing file /Users/machine/Velocity_railway/airflow_env/lib/python3.10/site-packages/airflow/example_dags/example_python_decorator.py for tasks to queue
[2024-12-13T03:21:58.799-0800] {logging_mixin.py:190} INFO - [2024-12-13T03:21:58.798-0800] {dagbag.py:588} INFO - Filling up the DagBag from /Users/machine/Velocity_railway/airflow_env/lib/python3.10/site-packages/airflow/example_dags/example_python_decorator.py
[2024-12-13T03:21:58.879-0800] {logging_mixin.py:190} INFO - [2024-12-13T03:21:58.878-0800] {example_python_decorator.py:80} WARNING - The virtalenv_python example task requires virtualenv, please install it.
[2024-12-13T03:21:58.881-0800] {processor.py:925} INFO - DAG(s) 'example_python_decorator' retrieved from /Users/machine/Velocity_railway/airflow_env/lib/python3.10/site-packages/airflow/example_dags/example_python_decorator.py
[2024-12-13T03:21:58.979-0800] {logging_mixin.py:190} INFO - [2024-12-13T03:21:58.979-0800] {dag.py:3239} INFO - Sync 1 DAGs
[2024-12-13T03:21:58.989-0800] {logging_mixin.py:190} INFO - [2024-12-13T03:21:58.989-0800] {dag.py:4180} INFO - Setting next_dagrun for example_python_decorator to None, run_after=None
[2024-12-13T03:21:59.006-0800] {processor.py:208} INFO - Processing /Users/machine/Velocity_railway/airflow_env/lib/python3.10/site-packages/airflow/example_dags/example_python_decorator.py took 0.215 seconds
[2024-12-13T03:24:18.781-0800] {processor.py:186} INFO - Started process (PID=84925) to work on /Users/machine/Velocity_railway/airflow_env/lib/python3.10/site-packages/airflow/example_dags/example_python_decorator.py
[2024-12-13T03:24:18.783-0800] {processor.py:914} INFO - Processing file /Users/machine/Velocity_railway/airflow_env/lib/python3.10/site-packages/airflow/example_dags/example_python_decorator.py for tasks to queue
[2024-12-13T03:24:18.784-0800] {logging_mixin.py:190} INFO - [2024-12-13T03:24:18.784-0800] {dagbag.py:588} INFO - Filling up the DagBag from /Users/machine/Velocity_railway/airflow_env/lib/python3.10/site-packages/airflow/example_dags/example_python_decorator.py
[2024-12-13T03:24:18.862-0800] {logging_mixin.py:190} INFO - [2024-12-13T03:24:18.862-0800] {example_python_decorator.py:80} WARNING - The virtalenv_python example task requires virtualenv, please install it.
[2024-12-13T03:24:18.864-0800] {processor.py:925} INFO - DAG(s) 'example_python_decorator' retrieved from /Users/machine/Velocity_railway/airflow_env/lib/python3.10/site-packages/airflow/example_dags/example_python_decorator.py
[2024-12-13T03:24:18.974-0800] {logging_mixin.py:190} INFO - [2024-12-13T03:24:18.974-0800] {dag.py:3239} INFO - Sync 1 DAGs
[2024-12-13T03:24:18.984-0800] {logging_mixin.py:190} INFO - [2024-12-13T03:24:18.984-0800] {dag.py:4180} INFO - Setting next_dagrun for example_python_decorator to None, run_after=None
[2024-12-13T03:24:19.001-0800] {processor.py:208} INFO - Processing /Users/machine/Velocity_railway/airflow_env/lib/python3.10/site-packages/airflow/example_dags/example_python_decorator.py took 0.225 seconds
[2024-12-13T03:26:37.128-0800] {processor.py:186} INFO - Started process (PID=85402) to work on /Users/machine/Velocity_railway/airflow_env/lib/python3.10/site-packages/airflow/example_dags/example_python_decorator.py
[2024-12-13T03:26:37.130-0800] {processor.py:914} INFO - Processing file /Users/machine/Velocity_railway/airflow_env/lib/python3.10/site-packages/airflow/example_dags/example_python_decorator.py for tasks to queue
[2024-12-13T03:26:37.131-0800] {logging_mixin.py:190} INFO - [2024-12-13T03:26:37.131-0800] {dagbag.py:588} INFO - Filling up the DagBag from /Users/machine/Velocity_railway/airflow_env/lib/python3.10/site-packages/airflow/example_dags/example_python_decorator.py
[2024-12-13T03:26:37.210-0800] {logging_mixin.py:190} INFO - [2024-12-13T03:26:37.209-0800] {example_python_decorator.py:80} WARNING - The virtalenv_python example task requires virtualenv, please install it.
[2024-12-13T03:26:37.212-0800] {processor.py:925} INFO - DAG(s) 'example_python_decorator' retrieved from /Users/machine/Velocity_railway/airflow_env/lib/python3.10/site-packages/airflow/example_dags/example_python_decorator.py
[2024-12-13T03:26:37.310-0800] {logging_mixin.py:190} INFO - [2024-12-13T03:26:37.310-0800] {dag.py:3239} INFO - Sync 1 DAGs
[2024-12-13T03:26:37.320-0800] {logging_mixin.py:190} INFO - [2024-12-13T03:26:37.320-0800] {dag.py:4180} INFO - Setting next_dagrun for example_python_decorator to None, run_after=None
[2024-12-13T03:26:37.336-0800] {processor.py:208} INFO - Processing /Users/machine/Velocity_railway/airflow_env/lib/python3.10/site-packages/airflow/example_dags/example_python_decorator.py took 0.214 seconds
[2024-12-13T03:28:55.623-0800] {processor.py:186} INFO - Started process (PID=85876) to work on /Users/machine/Velocity_railway/airflow_env/lib/python3.10/site-packages/airflow/example_dags/example_python_decorator.py
[2024-12-13T03:28:55.626-0800] {processor.py:914} INFO - Processing file /Users/machine/Velocity_railway/airflow_env/lib/python3.10/site-packages/airflow/example_dags/example_python_decorator.py for tasks to queue
[2024-12-13T03:28:55.627-0800] {logging_mixin.py:190} INFO - [2024-12-13T03:28:55.627-0800] {dagbag.py:588} INFO - Filling up the DagBag from /Users/machine/Velocity_railway/airflow_env/lib/python3.10/site-packages/airflow/example_dags/example_python_decorator.py
[2024-12-13T03:28:55.728-0800] {logging_mixin.py:190} INFO - [2024-12-13T03:28:55.728-0800] {example_python_decorator.py:80} WARNING - The virtalenv_python example task requires virtualenv, please install it.
[2024-12-13T03:28:55.732-0800] {processor.py:925} INFO - DAG(s) 'example_python_decorator' retrieved from /Users/machine/Velocity_railway/airflow_env/lib/python3.10/site-packages/airflow/example_dags/example_python_decorator.py
[2024-12-13T03:28:55.857-0800] {logging_mixin.py:190} INFO - [2024-12-13T03:28:55.857-0800] {dag.py:3239} INFO - Sync 1 DAGs
[2024-12-13T03:28:55.869-0800] {logging_mixin.py:190} INFO - [2024-12-13T03:28:55.869-0800] {dag.py:4180} INFO - Setting next_dagrun for example_python_decorator to None, run_after=None
[2024-12-13T03:28:55.889-0800] {processor.py:208} INFO - Processing /Users/machine/Velocity_railway/airflow_env/lib/python3.10/site-packages/airflow/example_dags/example_python_decorator.py took 0.273 seconds
[2024-12-13T03:31:15.622-0800] {processor.py:186} INFO - Started process (PID=86336) to work on /Users/machine/Velocity_railway/airflow_env/lib/python3.10/site-packages/airflow/example_dags/example_python_decorator.py
[2024-12-13T03:31:15.624-0800] {processor.py:914} INFO - Processing file /Users/machine/Velocity_railway/airflow_env/lib/python3.10/site-packages/airflow/example_dags/example_python_decorator.py for tasks to queue
[2024-12-13T03:31:15.625-0800] {logging_mixin.py:190} INFO - [2024-12-13T03:31:15.625-0800] {dagbag.py:588} INFO - Filling up the DagBag from /Users/machine/Velocity_railway/airflow_env/lib/python3.10/site-packages/airflow/example_dags/example_python_decorator.py
[2024-12-13T03:31:15.721-0800] {logging_mixin.py:190} INFO - [2024-12-13T03:31:15.721-0800] {example_python_decorator.py:80} WARNING - The virtalenv_python example task requires virtualenv, please install it.
[2024-12-13T03:31:15.725-0800] {processor.py:925} INFO - DAG(s) 'example_python_decorator' retrieved from /Users/machine/Velocity_railway/airflow_env/lib/python3.10/site-packages/airflow/example_dags/example_python_decorator.py
[2024-12-13T03:31:15.851-0800] {logging_mixin.py:190} INFO - [2024-12-13T03:31:15.850-0800] {dag.py:3239} INFO - Sync 1 DAGs
[2024-12-13T03:31:15.862-0800] {logging_mixin.py:190} INFO - [2024-12-13T03:31:15.862-0800] {dag.py:4180} INFO - Setting next_dagrun for example_python_decorator to None, run_after=None
[2024-12-13T03:31:15.883-0800] {processor.py:208} INFO - Processing /Users/machine/Velocity_railway/airflow_env/lib/python3.10/site-packages/airflow/example_dags/example_python_decorator.py took 0.268 seconds
[2024-12-13T03:33:36.863-0800] {processor.py:186} INFO - Started process (PID=86867) to work on /Users/machine/Velocity_railway/airflow_env/lib/python3.10/site-packages/airflow/example_dags/example_python_decorator.py
[2024-12-13T03:33:36.866-0800] {processor.py:914} INFO - Processing file /Users/machine/Velocity_railway/airflow_env/lib/python3.10/site-packages/airflow/example_dags/example_python_decorator.py for tasks to queue
[2024-12-13T03:33:36.868-0800] {logging_mixin.py:190} INFO - [2024-12-13T03:33:36.868-0800] {dagbag.py:588} INFO - Filling up the DagBag from /Users/machine/Velocity_railway/airflow_env/lib/python3.10/site-packages/airflow/example_dags/example_python_decorator.py
[2024-12-13T03:33:37.026-0800] {logging_mixin.py:190} INFO - [2024-12-13T03:33:37.026-0800] {example_python_decorator.py:80} WARNING - The virtalenv_python example task requires virtualenv, please install it.
[2024-12-13T03:33:37.031-0800] {processor.py:925} INFO - DAG(s) 'example_python_decorator' retrieved from /Users/machine/Velocity_railway/airflow_env/lib/python3.10/site-packages/airflow/example_dags/example_python_decorator.py
[2024-12-13T03:33:37.173-0800] {logging_mixin.py:190} INFO - [2024-12-13T03:33:37.173-0800] {dag.py:3239} INFO - Sync 1 DAGs
[2024-12-13T03:33:37.185-0800] {logging_mixin.py:190} INFO - [2024-12-13T03:33:37.185-0800] {dag.py:4180} INFO - Setting next_dagrun for example_python_decorator to None, run_after=None
[2024-12-13T03:33:37.205-0800] {processor.py:208} INFO - Processing /Users/machine/Velocity_railway/airflow_env/lib/python3.10/site-packages/airflow/example_dags/example_python_decorator.py took 0.348 seconds
[2024-12-13T03:36:03.607-0800] {processor.py:186} INFO - Started process (PID=87442) to work on /Users/machine/Velocity_railway/airflow_env/lib/python3.10/site-packages/airflow/example_dags/example_python_decorator.py
[2024-12-13T03:36:03.608-0800] {processor.py:914} INFO - Processing file /Users/machine/Velocity_railway/airflow_env/lib/python3.10/site-packages/airflow/example_dags/example_python_decorator.py for tasks to queue
[2024-12-13T03:36:03.610-0800] {logging_mixin.py:190} INFO - [2024-12-13T03:36:03.610-0800] {dagbag.py:588} INFO - Filling up the DagBag from /Users/machine/Velocity_railway/airflow_env/lib/python3.10/site-packages/airflow/example_dags/example_python_decorator.py
[2024-12-13T03:36:03.698-0800] {logging_mixin.py:190} INFO - [2024-12-13T03:36:03.698-0800] {example_python_decorator.py:80} WARNING - The virtalenv_python example task requires virtualenv, please install it.
[2024-12-13T03:36:03.701-0800] {processor.py:925} INFO - DAG(s) 'example_python_decorator' retrieved from /Users/machine/Velocity_railway/airflow_env/lib/python3.10/site-packages/airflow/example_dags/example_python_decorator.py
[2024-12-13T03:36:03.818-0800] {logging_mixin.py:190} INFO - [2024-12-13T03:36:03.818-0800] {dag.py:3239} INFO - Sync 1 DAGs
[2024-12-13T03:36:03.829-0800] {logging_mixin.py:190} INFO - [2024-12-13T03:36:03.828-0800] {dag.py:4180} INFO - Setting next_dagrun for example_python_decorator to None, run_after=None
[2024-12-13T03:36:03.847-0800] {processor.py:208} INFO - Processing /Users/machine/Velocity_railway/airflow_env/lib/python3.10/site-packages/airflow/example_dags/example_python_decorator.py took 0.246 seconds
[2024-12-13T03:38:36.551-0800] {processor.py:186} INFO - Started process (PID=87933) to work on /Users/machine/Velocity_railway/airflow_env/lib/python3.10/site-packages/airflow/example_dags/example_python_decorator.py
[2024-12-13T03:38:36.553-0800] {processor.py:914} INFO - Processing file /Users/machine/Velocity_railway/airflow_env/lib/python3.10/site-packages/airflow/example_dags/example_python_decorator.py for tasks to queue
[2024-12-13T03:38:36.554-0800] {logging_mixin.py:190} INFO - [2024-12-13T03:38:36.554-0800] {dagbag.py:588} INFO - Filling up the DagBag from /Users/machine/Velocity_railway/airflow_env/lib/python3.10/site-packages/airflow/example_dags/example_python_decorator.py
[2024-12-13T03:38:36.642-0800] {logging_mixin.py:190} INFO - [2024-12-13T03:38:36.642-0800] {example_python_decorator.py:80} WARNING - The virtalenv_python example task requires virtualenv, please install it.
[2024-12-13T03:38:36.644-0800] {processor.py:925} INFO - DAG(s) 'example_python_decorator' retrieved from /Users/machine/Velocity_railway/airflow_env/lib/python3.10/site-packages/airflow/example_dags/example_python_decorator.py
[2024-12-13T03:38:36.759-0800] {logging_mixin.py:190} INFO - [2024-12-13T03:38:36.758-0800] {dag.py:3239} INFO - Sync 1 DAGs
[2024-12-13T03:38:36.771-0800] {logging_mixin.py:190} INFO - [2024-12-13T03:38:36.770-0800] {dag.py:4180} INFO - Setting next_dagrun for example_python_decorator to None, run_after=None
[2024-12-13T03:38:36.791-0800] {processor.py:208} INFO - Processing /Users/machine/Velocity_railway/airflow_env/lib/python3.10/site-packages/airflow/example_dags/example_python_decorator.py took 0.246 seconds
[2024-12-13T03:40:53.080-0800] {processor.py:186} INFO - Started process (PID=88408) to work on /Users/machine/Velocity_railway/airflow_env/lib/python3.10/site-packages/airflow/example_dags/example_python_decorator.py
[2024-12-13T03:40:53.082-0800] {processor.py:914} INFO - Processing file /Users/machine/Velocity_railway/airflow_env/lib/python3.10/site-packages/airflow/example_dags/example_python_decorator.py for tasks to queue
[2024-12-13T03:40:53.083-0800] {logging_mixin.py:190} INFO - [2024-12-13T03:40:53.083-0800] {dagbag.py:588} INFO - Filling up the DagBag from /Users/machine/Velocity_railway/airflow_env/lib/python3.10/site-packages/airflow/example_dags/example_python_decorator.py
[2024-12-13T03:40:53.165-0800] {logging_mixin.py:190} INFO - [2024-12-13T03:40:53.164-0800] {example_python_decorator.py:80} WARNING - The virtalenv_python example task requires virtualenv, please install it.
[2024-12-13T03:40:53.167-0800] {processor.py:925} INFO - DAG(s) 'example_python_decorator' retrieved from /Users/machine/Velocity_railway/airflow_env/lib/python3.10/site-packages/airflow/example_dags/example_python_decorator.py
[2024-12-13T03:40:53.268-0800] {logging_mixin.py:190} INFO - [2024-12-13T03:40:53.267-0800] {dag.py:3239} INFO - Sync 1 DAGs
[2024-12-13T03:40:53.277-0800] {logging_mixin.py:190} INFO - [2024-12-13T03:40:53.277-0800] {dag.py:4180} INFO - Setting next_dagrun for example_python_decorator to None, run_after=None
[2024-12-13T03:40:53.294-0800] {processor.py:208} INFO - Processing /Users/machine/Velocity_railway/airflow_env/lib/python3.10/site-packages/airflow/example_dags/example_python_decorator.py took 0.219 seconds
[2024-12-13T03:43:06.844-0800] {processor.py:186} INFO - Started process (PID=88871) to work on /Users/machine/Velocity_railway/airflow_env/lib/python3.10/site-packages/airflow/example_dags/example_python_decorator.py
[2024-12-13T03:43:06.845-0800] {processor.py:914} INFO - Processing file /Users/machine/Velocity_railway/airflow_env/lib/python3.10/site-packages/airflow/example_dags/example_python_decorator.py for tasks to queue
[2024-12-13T03:43:06.846-0800] {logging_mixin.py:190} INFO - [2024-12-13T03:43:06.846-0800] {dagbag.py:588} INFO - Filling up the DagBag from /Users/machine/Velocity_railway/airflow_env/lib/python3.10/site-packages/airflow/example_dags/example_python_decorator.py
[2024-12-13T03:43:06.927-0800] {logging_mixin.py:190} INFO - [2024-12-13T03:43:06.927-0800] {example_python_decorator.py:80} WARNING - The virtalenv_python example task requires virtualenv, please install it.
[2024-12-13T03:43:06.929-0800] {processor.py:925} INFO - DAG(s) 'example_python_decorator' retrieved from /Users/machine/Velocity_railway/airflow_env/lib/python3.10/site-packages/airflow/example_dags/example_python_decorator.py
[2024-12-13T03:43:07.030-0800] {logging_mixin.py:190} INFO - [2024-12-13T03:43:07.030-0800] {dag.py:3239} INFO - Sync 1 DAGs
[2024-12-13T03:43:07.041-0800] {logging_mixin.py:190} INFO - [2024-12-13T03:43:07.041-0800] {dag.py:4180} INFO - Setting next_dagrun for example_python_decorator to None, run_after=None
[2024-12-13T03:43:07.057-0800] {processor.py:208} INFO - Processing /Users/machine/Velocity_railway/airflow_env/lib/python3.10/site-packages/airflow/example_dags/example_python_decorator.py took 0.219 seconds
[2024-12-13T03:45:21.436-0800] {processor.py:186} INFO - Started process (PID=89321) to work on /Users/machine/Velocity_railway/airflow_env/lib/python3.10/site-packages/airflow/example_dags/example_python_decorator.py
[2024-12-13T03:45:21.442-0800] {processor.py:914} INFO - Processing file /Users/machine/Velocity_railway/airflow_env/lib/python3.10/site-packages/airflow/example_dags/example_python_decorator.py for tasks to queue
[2024-12-13T03:45:21.443-0800] {logging_mixin.py:190} INFO - [2024-12-13T03:45:21.443-0800] {dagbag.py:588} INFO - Filling up the DagBag from /Users/machine/Velocity_railway/airflow_env/lib/python3.10/site-packages/airflow/example_dags/example_python_decorator.py
[2024-12-13T03:45:21.557-0800] {logging_mixin.py:190} INFO - [2024-12-13T03:45:21.556-0800] {example_python_decorator.py:80} WARNING - The virtalenv_python example task requires virtualenv, please install it.
[2024-12-13T03:45:21.597-0800] {processor.py:925} INFO - DAG(s) 'example_python_decorator' retrieved from /Users/machine/Velocity_railway/airflow_env/lib/python3.10/site-packages/airflow/example_dags/example_python_decorator.py
[2024-12-13T03:45:21.743-0800] {logging_mixin.py:190} INFO - [2024-12-13T03:45:21.743-0800] {dag.py:3239} INFO - Sync 1 DAGs
[2024-12-13T03:45:21.755-0800] {logging_mixin.py:190} INFO - [2024-12-13T03:45:21.754-0800] {dag.py:4180} INFO - Setting next_dagrun for example_python_decorator to None, run_after=None
[2024-12-13T03:45:21.777-0800] {processor.py:208} INFO - Processing /Users/machine/Velocity_railway/airflow_env/lib/python3.10/site-packages/airflow/example_dags/example_python_decorator.py took 0.347 seconds
[2024-12-13T03:47:33.015-0800] {processor.py:186} INFO - Started process (PID=89755) to work on /Users/machine/Velocity_railway/airflow_env/lib/python3.10/site-packages/airflow/example_dags/example_python_decorator.py
[2024-12-13T03:47:33.018-0800] {processor.py:914} INFO - Processing file /Users/machine/Velocity_railway/airflow_env/lib/python3.10/site-packages/airflow/example_dags/example_python_decorator.py for tasks to queue
[2024-12-13T03:47:33.019-0800] {logging_mixin.py:190} INFO - [2024-12-13T03:47:33.019-0800] {dagbag.py:588} INFO - Filling up the DagBag from /Users/machine/Velocity_railway/airflow_env/lib/python3.10/site-packages/airflow/example_dags/example_python_decorator.py
[2024-12-13T03:47:33.104-0800] {logging_mixin.py:190} INFO - [2024-12-13T03:47:33.104-0800] {example_python_decorator.py:80} WARNING - The virtalenv_python example task requires virtualenv, please install it.
[2024-12-13T03:47:33.107-0800] {processor.py:925} INFO - DAG(s) 'example_python_decorator' retrieved from /Users/machine/Velocity_railway/airflow_env/lib/python3.10/site-packages/airflow/example_dags/example_python_decorator.py
[2024-12-13T03:47:33.214-0800] {logging_mixin.py:190} INFO - [2024-12-13T03:47:33.213-0800] {dag.py:3239} INFO - Sync 1 DAGs
[2024-12-13T03:47:33.224-0800] {logging_mixin.py:190} INFO - [2024-12-13T03:47:33.223-0800] {dag.py:4180} INFO - Setting next_dagrun for example_python_decorator to None, run_after=None
[2024-12-13T03:47:33.241-0800] {processor.py:208} INFO - Processing /Users/machine/Velocity_railway/airflow_env/lib/python3.10/site-packages/airflow/example_dags/example_python_decorator.py took 0.232 seconds
[2024-12-13T03:49:49.874-0800] {processor.py:186} INFO - Started process (PID=90247) to work on /Users/machine/Velocity_railway/airflow_env/lib/python3.10/site-packages/airflow/example_dags/example_python_decorator.py
[2024-12-13T03:49:49.876-0800] {processor.py:914} INFO - Processing file /Users/machine/Velocity_railway/airflow_env/lib/python3.10/site-packages/airflow/example_dags/example_python_decorator.py for tasks to queue
[2024-12-13T03:49:49.878-0800] {logging_mixin.py:190} INFO - [2024-12-13T03:49:49.877-0800] {dagbag.py:588} INFO - Filling up the DagBag from /Users/machine/Velocity_railway/airflow_env/lib/python3.10/site-packages/airflow/example_dags/example_python_decorator.py
[2024-12-13T03:49:49.997-0800] {logging_mixin.py:190} INFO - [2024-12-13T03:49:49.997-0800] {example_python_decorator.py:80} WARNING - The virtalenv_python example task requires virtualenv, please install it.
[2024-12-13T03:49:50.002-0800] {processor.py:925} INFO - DAG(s) 'example_python_decorator' retrieved from /Users/machine/Velocity_railway/airflow_env/lib/python3.10/site-packages/airflow/example_dags/example_python_decorator.py
[2024-12-13T03:49:50.132-0800] {logging_mixin.py:190} INFO - [2024-12-13T03:49:50.132-0800] {dag.py:3239} INFO - Sync 1 DAGs
[2024-12-13T03:49:50.143-0800] {logging_mixin.py:190} INFO - [2024-12-13T03:49:50.143-0800] {dag.py:4180} INFO - Setting next_dagrun for example_python_decorator to None, run_after=None
[2024-12-13T03:49:50.162-0800] {processor.py:208} INFO - Processing /Users/machine/Velocity_railway/airflow_env/lib/python3.10/site-packages/airflow/example_dags/example_python_decorator.py took 0.295 seconds
[2024-12-13T03:52:07.023-0800] {processor.py:186} INFO - Started process (PID=90720) to work on /Users/machine/Velocity_railway/airflow_env/lib/python3.10/site-packages/airflow/example_dags/example_python_decorator.py
[2024-12-13T03:52:07.025-0800] {processor.py:914} INFO - Processing file /Users/machine/Velocity_railway/airflow_env/lib/python3.10/site-packages/airflow/example_dags/example_python_decorator.py for tasks to queue
[2024-12-13T03:52:07.026-0800] {logging_mixin.py:190} INFO - [2024-12-13T03:52:07.026-0800] {dagbag.py:588} INFO - Filling up the DagBag from /Users/machine/Velocity_railway/airflow_env/lib/python3.10/site-packages/airflow/example_dags/example_python_decorator.py
[2024-12-13T03:52:07.109-0800] {logging_mixin.py:190} INFO - [2024-12-13T03:52:07.109-0800] {example_python_decorator.py:80} WARNING - The virtalenv_python example task requires virtualenv, please install it.
[2024-12-13T03:52:07.112-0800] {processor.py:925} INFO - DAG(s) 'example_python_decorator' retrieved from /Users/machine/Velocity_railway/airflow_env/lib/python3.10/site-packages/airflow/example_dags/example_python_decorator.py
[2024-12-13T03:52:07.220-0800] {logging_mixin.py:190} INFO - [2024-12-13T03:52:07.220-0800] {dag.py:3239} INFO - Sync 1 DAGs
[2024-12-13T03:52:07.230-0800] {logging_mixin.py:190} INFO - [2024-12-13T03:52:07.230-0800] {dag.py:4180} INFO - Setting next_dagrun for example_python_decorator to None, run_after=None
[2024-12-13T03:52:07.249-0800] {processor.py:208} INFO - Processing /Users/machine/Velocity_railway/airflow_env/lib/python3.10/site-packages/airflow/example_dags/example_python_decorator.py took 0.232 seconds
[2024-12-13T03:54:29.346-0800] {processor.py:186} INFO - Started process (PID=91212) to work on /Users/machine/Velocity_railway/airflow_env/lib/python3.10/site-packages/airflow/example_dags/example_python_decorator.py
[2024-12-13T03:54:29.348-0800] {processor.py:914} INFO - Processing file /Users/machine/Velocity_railway/airflow_env/lib/python3.10/site-packages/airflow/example_dags/example_python_decorator.py for tasks to queue
[2024-12-13T03:54:29.349-0800] {logging_mixin.py:190} INFO - [2024-12-13T03:54:29.349-0800] {dagbag.py:588} INFO - Filling up the DagBag from /Users/machine/Velocity_railway/airflow_env/lib/python3.10/site-packages/airflow/example_dags/example_python_decorator.py
[2024-12-13T03:54:29.434-0800] {logging_mixin.py:190} INFO - [2024-12-13T03:54:29.434-0800] {example_python_decorator.py:80} WARNING - The virtalenv_python example task requires virtualenv, please install it.
[2024-12-13T03:54:29.436-0800] {processor.py:925} INFO - DAG(s) 'example_python_decorator' retrieved from /Users/machine/Velocity_railway/airflow_env/lib/python3.10/site-packages/airflow/example_dags/example_python_decorator.py
[2024-12-13T03:54:29.542-0800] {logging_mixin.py:190} INFO - [2024-12-13T03:54:29.541-0800] {dag.py:3239} INFO - Sync 1 DAGs
[2024-12-13T03:54:29.552-0800] {logging_mixin.py:190} INFO - [2024-12-13T03:54:29.551-0800] {dag.py:4180} INFO - Setting next_dagrun for example_python_decorator to None, run_after=None
[2024-12-13T03:54:29.569-0800] {processor.py:208} INFO - Processing /Users/machine/Velocity_railway/airflow_env/lib/python3.10/site-packages/airflow/example_dags/example_python_decorator.py took 0.228 seconds
[2024-12-13T03:56:53.945-0800] {processor.py:186} INFO - Started process (PID=91832) to work on /Users/machine/Velocity_railway/airflow_env/lib/python3.10/site-packages/airflow/example_dags/example_python_decorator.py
[2024-12-13T03:56:53.947-0800] {processor.py:914} INFO - Processing file /Users/machine/Velocity_railway/airflow_env/lib/python3.10/site-packages/airflow/example_dags/example_python_decorator.py for tasks to queue
[2024-12-13T03:56:53.949-0800] {logging_mixin.py:190} INFO - [2024-12-13T03:56:53.948-0800] {dagbag.py:588} INFO - Filling up the DagBag from /Users/machine/Velocity_railway/airflow_env/lib/python3.10/site-packages/airflow/example_dags/example_python_decorator.py
[2024-12-13T03:56:54.046-0800] {logging_mixin.py:190} INFO - [2024-12-13T03:56:54.046-0800] {example_python_decorator.py:80} WARNING - The virtalenv_python example task requires virtualenv, please install it.
[2024-12-13T03:56:54.048-0800] {processor.py:925} INFO - DAG(s) 'example_python_decorator' retrieved from /Users/machine/Velocity_railway/airflow_env/lib/python3.10/site-packages/airflow/example_dags/example_python_decorator.py
[2024-12-13T03:56:54.159-0800] {logging_mixin.py:190} INFO - [2024-12-13T03:56:54.159-0800] {dag.py:3239} INFO - Sync 1 DAGs
[2024-12-13T03:56:54.172-0800] {logging_mixin.py:190} INFO - [2024-12-13T03:56:54.172-0800] {dag.py:4180} INFO - Setting next_dagrun for example_python_decorator to None, run_after=None
[2024-12-13T03:56:54.191-0800] {processor.py:208} INFO - Processing /Users/machine/Velocity_railway/airflow_env/lib/python3.10/site-packages/airflow/example_dags/example_python_decorator.py took 0.252 seconds
[2024-12-13T03:59:20.846-0800] {processor.py:186} INFO - Started process (PID=92457) to work on /Users/machine/Velocity_railway/airflow_env/lib/python3.10/site-packages/airflow/example_dags/example_python_decorator.py
[2024-12-13T03:59:20.848-0800] {processor.py:914} INFO - Processing file /Users/machine/Velocity_railway/airflow_env/lib/python3.10/site-packages/airflow/example_dags/example_python_decorator.py for tasks to queue
[2024-12-13T03:59:20.849-0800] {logging_mixin.py:190} INFO - [2024-12-13T03:59:20.849-0800] {dagbag.py:588} INFO - Filling up the DagBag from /Users/machine/Velocity_railway/airflow_env/lib/python3.10/site-packages/airflow/example_dags/example_python_decorator.py
[2024-12-13T03:59:20.947-0800] {logging_mixin.py:190} INFO - [2024-12-13T03:59:20.946-0800] {example_python_decorator.py:80} WARNING - The virtalenv_python example task requires virtualenv, please install it.
[2024-12-13T03:59:20.949-0800] {processor.py:925} INFO - DAG(s) 'example_python_decorator' retrieved from /Users/machine/Velocity_railway/airflow_env/lib/python3.10/site-packages/airflow/example_dags/example_python_decorator.py
[2024-12-13T03:59:21.073-0800] {logging_mixin.py:190} INFO - [2024-12-13T03:59:21.073-0800] {dag.py:3239} INFO - Sync 1 DAGs
[2024-12-13T03:59:21.084-0800] {logging_mixin.py:190} INFO - [2024-12-13T03:59:21.084-0800] {dag.py:4180} INFO - Setting next_dagrun for example_python_decorator to None, run_after=None
[2024-12-13T03:59:21.104-0800] {processor.py:208} INFO - Processing /Users/machine/Velocity_railway/airflow_env/lib/python3.10/site-packages/airflow/example_dags/example_python_decorator.py took 0.264 seconds
[2024-12-13T05:50:30.515-0800] {processor.py:186} INFO - Started process (PID=93316) to work on /Users/machine/Velocity_railway/airflow_env/lib/python3.10/site-packages/airflow/example_dags/example_python_decorator.py
[2024-12-13T05:50:30.517-0800] {processor.py:914} INFO - Processing file /Users/machine/Velocity_railway/airflow_env/lib/python3.10/site-packages/airflow/example_dags/example_python_decorator.py for tasks to queue
[2024-12-13T05:50:30.519-0800] {logging_mixin.py:190} INFO - [2024-12-13T05:50:30.518-0800] {dagbag.py:588} INFO - Filling up the DagBag from /Users/machine/Velocity_railway/airflow_env/lib/python3.10/site-packages/airflow/example_dags/example_python_decorator.py
[2024-12-13T05:50:30.611-0800] {logging_mixin.py:190} INFO - [2024-12-13T05:50:30.611-0800] {example_python_decorator.py:80} WARNING - The virtalenv_python example task requires virtualenv, please install it.
[2024-12-13T05:50:30.615-0800] {processor.py:925} INFO - DAG(s) 'example_python_decorator' retrieved from /Users/machine/Velocity_railway/airflow_env/lib/python3.10/site-packages/airflow/example_dags/example_python_decorator.py
[2024-12-13T05:50:30.737-0800] {logging_mixin.py:190} INFO - [2024-12-13T05:50:30.737-0800] {dag.py:3239} INFO - Sync 1 DAGs
[2024-12-13T05:50:30.748-0800] {logging_mixin.py:190} INFO - [2024-12-13T05:50:30.748-0800] {dag.py:4180} INFO - Setting next_dagrun for example_python_decorator to None, run_after=None
[2024-12-13T05:50:30.768-0800] {processor.py:208} INFO - Processing /Users/machine/Velocity_railway/airflow_env/lib/python3.10/site-packages/airflow/example_dags/example_python_decorator.py took 0.259 seconds
