[2024-12-13T03:09:04.807-0800] {processor.py:186} INFO - Started process (PID=81862) to work on /Users/machine/Velocity_railway/airflow_env/lib/python3.10/site-packages/airflow/example_dags/example_subdag_operator.py
[2024-12-13T03:09:04.809-0800] {processor.py:914} INFO - Processing file /Users/machine/Velocity_railway/airflow_env/lib/python3.10/site-packages/airflow/example_dags/example_subdag_operator.py for tasks to queue
[2024-12-13T03:09:04.810-0800] {logging_mixin.py:190} INFO - [2024-12-13T03:09:04.810-0800] {dagbag.py:588} INFO - Filling up the DagBag from /Users/machine/Velocity_railway/airflow_env/lib/python3.10/site-packages/airflow/example_dags/example_subdag_operator.py
[2024-12-13T03:09:04.964-0800] {processor.py:925} INFO - DAG(s) 'example_subdag_operator.section-1', 'example_subdag_operator.section-2', 'example_subdag_operator' retrieved from /Users/machine/Velocity_railway/airflow_env/lib/python3.10/site-packages/airflow/example_dags/example_subdag_operator.py
[2024-12-13T03:09:04.978-0800] {logging_mixin.py:190} INFO - [2024-12-13T03:09:04.978-0800] {workday.py:41} WARNING - Could not import pandas. Holidays will not be considered.
[2024-12-13T03:09:05.072-0800] {logging_mixin.py:190} INFO - [2024-12-13T03:09:05.071-0800] {override.py:1911} INFO - Created Permission View: can edit on DAG:example_subdag_operator
[2024-12-13T03:09:05.081-0800] {logging_mixin.py:190} INFO - [2024-12-13T03:09:05.081-0800] {override.py:1911} INFO - Created Permission View: can delete on DAG:example_subdag_operator
[2024-12-13T03:09:05.086-0800] {logging_mixin.py:190} INFO - [2024-12-13T03:09:05.086-0800] {override.py:1911} INFO - Created Permission View: can read on DAG:example_subdag_operator
[2024-12-13T03:09:05.094-0800] {logging_mixin.py:190} INFO - [2024-12-13T03:09:05.094-0800] {override.py:1911} INFO - Created Permission View: can create on DAG Run:example_subdag_operator
[2024-12-13T03:09:05.099-0800] {logging_mixin.py:190} INFO - [2024-12-13T03:09:05.099-0800] {override.py:1911} INFO - Created Permission View: can delete on DAG Run:example_subdag_operator
[2024-12-13T03:09:05.105-0800] {logging_mixin.py:190} INFO - [2024-12-13T03:09:05.105-0800] {override.py:1911} INFO - Created Permission View: menu access on DAG Run:example_subdag_operator
[2024-12-13T03:09:05.112-0800] {logging_mixin.py:190} INFO - [2024-12-13T03:09:05.111-0800] {override.py:1911} INFO - Created Permission View: can read on DAG Run:example_subdag_operator
[2024-12-13T03:09:05.112-0800] {logging_mixin.py:190} INFO - [2024-12-13T03:09:05.112-0800] {dag.py:3239} INFO - Sync 3 DAGs
[2024-12-13T03:09:05.124-0800] {logging_mixin.py:190} INFO - [2024-12-13T03:09:05.124-0800] {dag.py:3262} INFO - Creating ORM DAG for example_subdag_operator.section-2
[2024-12-13T03:09:05.124-0800] {logging_mixin.py:190} INFO - [2024-12-13T03:09:05.124-0800] {dag.py:3262} INFO - Creating ORM DAG for example_subdag_operator
[2024-12-13T03:09:05.125-0800] {logging_mixin.py:190} INFO - [2024-12-13T03:09:05.125-0800] {dag.py:3262} INFO - Creating ORM DAG for example_subdag_operator.section-1
[2024-12-13T03:09:05.131-0800] {logging_mixin.py:190} INFO - [2024-12-13T03:09:05.131-0800] {dag.py:4180} INFO - Setting next_dagrun for example_subdag_operator to 2022-01-01 00:00:00+00:00, run_after=2022-01-01 00:00:00+00:00
[2024-12-13T03:09:05.132-0800] {logging_mixin.py:190} INFO - [2024-12-13T03:09:05.132-0800] {dag.py:4180} INFO - Setting next_dagrun for example_subdag_operator.section-1 to None, run_after=None
[2024-12-13T03:09:05.132-0800] {logging_mixin.py:190} INFO - [2024-12-13T03:09:05.132-0800] {dag.py:4180} INFO - Setting next_dagrun for example_subdag_operator.section-2 to None, run_after=None
[2024-12-13T03:09:05.138-0800] {logging_mixin.py:190} INFO - [2024-12-13T03:09:05.138-0800] {dag.py:3239} INFO - Sync 2 DAGs
[2024-12-13T03:09:05.144-0800] {logging_mixin.py:190} INFO - [2024-12-13T03:09:05.144-0800] {dag.py:4180} INFO - Setting next_dagrun for example_subdag_operator.section-1 to None, run_after=None
[2024-12-13T03:09:05.147-0800] {logging_mixin.py:190} INFO - [2024-12-13T03:09:05.147-0800] {dag.py:4180} INFO - Setting next_dagrun for example_subdag_operator.section-2 to None, run_after=None
[2024-12-13T03:09:05.158-0800] {processor.py:208} INFO - Processing /Users/machine/Velocity_railway/airflow_env/lib/python3.10/site-packages/airflow/example_dags/example_subdag_operator.py took 0.357 seconds
[2024-12-13T03:12:07.561-0800] {processor.py:186} INFO - Started process (PID=82456) to work on /Users/machine/Velocity_railway/airflow_env/lib/python3.10/site-packages/airflow/example_dags/example_subdag_operator.py
[2024-12-13T03:12:07.564-0800] {processor.py:914} INFO - Processing file /Users/machine/Velocity_railway/airflow_env/lib/python3.10/site-packages/airflow/example_dags/example_subdag_operator.py for tasks to queue
[2024-12-13T03:12:07.565-0800] {logging_mixin.py:190} INFO - [2024-12-13T03:12:07.565-0800] {dagbag.py:588} INFO - Filling up the DagBag from /Users/machine/Velocity_railway/airflow_env/lib/python3.10/site-packages/airflow/example_dags/example_subdag_operator.py
[2024-12-13T03:12:07.728-0800] {processor.py:925} INFO - DAG(s) 'example_subdag_operator.section-1', 'example_subdag_operator.section-2', 'example_subdag_operator' retrieved from /Users/machine/Velocity_railway/airflow_env/lib/python3.10/site-packages/airflow/example_dags/example_subdag_operator.py
[2024-12-13T03:12:07.745-0800] {logging_mixin.py:190} INFO - [2024-12-13T03:12:07.745-0800] {workday.py:41} WARNING - Could not import pandas. Holidays will not be considered.
[2024-12-13T03:12:07.760-0800] {logging_mixin.py:190} INFO - [2024-12-13T03:12:07.759-0800] {dag.py:3239} INFO - Sync 3 DAGs
[2024-12-13T03:12:07.776-0800] {logging_mixin.py:190} INFO - [2024-12-13T03:12:07.776-0800] {dag.py:4180} INFO - Setting next_dagrun for example_subdag_operator to 2022-01-01 00:00:00+00:00, run_after=2022-01-01 00:00:00+00:00
[2024-12-13T03:12:07.779-0800] {logging_mixin.py:190} INFO - [2024-12-13T03:12:07.778-0800] {dag.py:4180} INFO - Setting next_dagrun for example_subdag_operator.section-1 to None, run_after=None
[2024-12-13T03:12:07.780-0800] {logging_mixin.py:190} INFO - [2024-12-13T03:12:07.780-0800] {dag.py:4180} INFO - Setting next_dagrun for example_subdag_operator.section-2 to None, run_after=None
[2024-12-13T03:12:07.784-0800] {logging_mixin.py:190} INFO - [2024-12-13T03:12:07.784-0800] {dag.py:3239} INFO - Sync 2 DAGs
[2024-12-13T03:12:07.788-0800] {logging_mixin.py:190} INFO - [2024-12-13T03:12:07.788-0800] {dag.py:4180} INFO - Setting next_dagrun for example_subdag_operator.section-1 to None, run_after=None
[2024-12-13T03:12:07.788-0800] {logging_mixin.py:190} INFO - [2024-12-13T03:12:07.788-0800] {dag.py:4180} INFO - Setting next_dagrun for example_subdag_operator.section-2 to None, run_after=None
[2024-12-13T03:12:07.799-0800] {processor.py:208} INFO - Processing /Users/machine/Velocity_railway/airflow_env/lib/python3.10/site-packages/airflow/example_dags/example_subdag_operator.py took 0.243 seconds
[2024-12-13T03:14:42.113-0800] {processor.py:186} INFO - Started process (PID=82961) to work on /Users/machine/Velocity_railway/airflow_env/lib/python3.10/site-packages/airflow/example_dags/example_subdag_operator.py
[2024-12-13T03:14:42.115-0800] {processor.py:914} INFO - Processing file /Users/machine/Velocity_railway/airflow_env/lib/python3.10/site-packages/airflow/example_dags/example_subdag_operator.py for tasks to queue
[2024-12-13T03:14:42.117-0800] {logging_mixin.py:190} INFO - [2024-12-13T03:14:42.117-0800] {dagbag.py:588} INFO - Filling up the DagBag from /Users/machine/Velocity_railway/airflow_env/lib/python3.10/site-packages/airflow/example_dags/example_subdag_operator.py
[2024-12-13T03:14:42.309-0800] {processor.py:925} INFO - DAG(s) 'example_subdag_operator.section-1', 'example_subdag_operator.section-2', 'example_subdag_operator' retrieved from /Users/machine/Velocity_railway/airflow_env/lib/python3.10/site-packages/airflow/example_dags/example_subdag_operator.py
[2024-12-13T03:14:42.326-0800] {logging_mixin.py:190} INFO - [2024-12-13T03:14:42.326-0800] {workday.py:41} WARNING - Could not import pandas. Holidays will not be considered.
[2024-12-13T03:14:42.345-0800] {logging_mixin.py:190} INFO - [2024-12-13T03:14:42.345-0800] {dag.py:3239} INFO - Sync 3 DAGs
[2024-12-13T03:14:42.365-0800] {logging_mixin.py:190} INFO - [2024-12-13T03:14:42.365-0800] {dag.py:4180} INFO - Setting next_dagrun for example_subdag_operator to 2022-01-01 00:00:00+00:00, run_after=2022-01-01 00:00:00+00:00
[2024-12-13T03:14:42.369-0800] {logging_mixin.py:190} INFO - [2024-12-13T03:14:42.369-0800] {dag.py:4180} INFO - Setting next_dagrun for example_subdag_operator.section-1 to None, run_after=None
[2024-12-13T03:14:42.371-0800] {logging_mixin.py:190} INFO - [2024-12-13T03:14:42.371-0800] {dag.py:4180} INFO - Setting next_dagrun for example_subdag_operator.section-2 to None, run_after=None
[2024-12-13T03:14:42.377-0800] {logging_mixin.py:190} INFO - [2024-12-13T03:14:42.377-0800] {dag.py:3239} INFO - Sync 2 DAGs
[2024-12-13T03:14:42.381-0800] {logging_mixin.py:190} INFO - [2024-12-13T03:14:42.381-0800] {dag.py:4180} INFO - Setting next_dagrun for example_subdag_operator.section-1 to None, run_after=None
[2024-12-13T03:14:42.382-0800] {logging_mixin.py:190} INFO - [2024-12-13T03:14:42.382-0800] {dag.py:4180} INFO - Setting next_dagrun for example_subdag_operator.section-2 to None, run_after=None
[2024-12-13T03:14:42.395-0800] {processor.py:208} INFO - Processing /Users/machine/Velocity_railway/airflow_env/lib/python3.10/site-packages/airflow/example_dags/example_subdag_operator.py took 0.292 seconds
[2024-12-13T03:17:03.809-0800] {processor.py:186} INFO - Started process (PID=83434) to work on /Users/machine/Velocity_railway/airflow_env/lib/python3.10/site-packages/airflow/example_dags/example_subdag_operator.py
[2024-12-13T03:17:03.811-0800] {processor.py:914} INFO - Processing file /Users/machine/Velocity_railway/airflow_env/lib/python3.10/site-packages/airflow/example_dags/example_subdag_operator.py for tasks to queue
[2024-12-13T03:17:03.812-0800] {logging_mixin.py:190} INFO - [2024-12-13T03:17:03.812-0800] {dagbag.py:588} INFO - Filling up the DagBag from /Users/machine/Velocity_railway/airflow_env/lib/python3.10/site-packages/airflow/example_dags/example_subdag_operator.py
[2024-12-13T03:17:03.974-0800] {processor.py:925} INFO - DAG(s) 'example_subdag_operator.section-1', 'example_subdag_operator.section-2', 'example_subdag_operator' retrieved from /Users/machine/Velocity_railway/airflow_env/lib/python3.10/site-packages/airflow/example_dags/example_subdag_operator.py
[2024-12-13T03:17:03.988-0800] {logging_mixin.py:190} INFO - [2024-12-13T03:17:03.988-0800] {workday.py:41} WARNING - Could not import pandas. Holidays will not be considered.
[2024-12-13T03:17:04.004-0800] {logging_mixin.py:190} INFO - [2024-12-13T03:17:04.004-0800] {dag.py:3239} INFO - Sync 3 DAGs
[2024-12-13T03:17:04.021-0800] {logging_mixin.py:190} INFO - [2024-12-13T03:17:04.020-0800] {dag.py:4180} INFO - Setting next_dagrun for example_subdag_operator to 2022-01-01 00:00:00+00:00, run_after=2022-01-01 00:00:00+00:00
[2024-12-13T03:17:04.023-0800] {logging_mixin.py:190} INFO - [2024-12-13T03:17:04.023-0800] {dag.py:4180} INFO - Setting next_dagrun for example_subdag_operator.section-1 to None, run_after=None
[2024-12-13T03:17:04.024-0800] {logging_mixin.py:190} INFO - [2024-12-13T03:17:04.024-0800] {dag.py:4180} INFO - Setting next_dagrun for example_subdag_operator.section-2 to None, run_after=None
[2024-12-13T03:17:04.029-0800] {logging_mixin.py:190} INFO - [2024-12-13T03:17:04.029-0800] {dag.py:3239} INFO - Sync 2 DAGs
[2024-12-13T03:17:04.033-0800] {logging_mixin.py:190} INFO - [2024-12-13T03:17:04.033-0800] {dag.py:4180} INFO - Setting next_dagrun for example_subdag_operator.section-1 to None, run_after=None
[2024-12-13T03:17:04.034-0800] {logging_mixin.py:190} INFO - [2024-12-13T03:17:04.033-0800] {dag.py:4180} INFO - Setting next_dagrun for example_subdag_operator.section-2 to None, run_after=None
[2024-12-13T03:17:04.045-0800] {processor.py:208} INFO - Processing /Users/machine/Velocity_railway/airflow_env/lib/python3.10/site-packages/airflow/example_dags/example_subdag_operator.py took 0.242 seconds
[2024-12-13T03:19:20.185-0800] {processor.py:186} INFO - Started process (PID=83898) to work on /Users/machine/Velocity_railway/airflow_env/lib/python3.10/site-packages/airflow/example_dags/example_subdag_operator.py
[2024-12-13T03:19:20.187-0800] {processor.py:914} INFO - Processing file /Users/machine/Velocity_railway/airflow_env/lib/python3.10/site-packages/airflow/example_dags/example_subdag_operator.py for tasks to queue
[2024-12-13T03:19:20.188-0800] {logging_mixin.py:190} INFO - [2024-12-13T03:19:20.188-0800] {dagbag.py:588} INFO - Filling up the DagBag from /Users/machine/Velocity_railway/airflow_env/lib/python3.10/site-packages/airflow/example_dags/example_subdag_operator.py
[2024-12-13T03:19:20.341-0800] {processor.py:925} INFO - DAG(s) 'example_subdag_operator.section-1', 'example_subdag_operator.section-2', 'example_subdag_operator' retrieved from /Users/machine/Velocity_railway/airflow_env/lib/python3.10/site-packages/airflow/example_dags/example_subdag_operator.py
[2024-12-13T03:19:20.356-0800] {logging_mixin.py:190} INFO - [2024-12-13T03:19:20.355-0800] {workday.py:41} WARNING - Could not import pandas. Holidays will not be considered.
[2024-12-13T03:19:20.370-0800] {logging_mixin.py:190} INFO - [2024-12-13T03:19:20.370-0800] {dag.py:3239} INFO - Sync 3 DAGs
[2024-12-13T03:19:20.385-0800] {logging_mixin.py:190} INFO - [2024-12-13T03:19:20.385-0800] {dag.py:4180} INFO - Setting next_dagrun for example_subdag_operator to 2022-01-01 00:00:00+00:00, run_after=2022-01-01 00:00:00+00:00
[2024-12-13T03:19:20.387-0800] {logging_mixin.py:190} INFO - [2024-12-13T03:19:20.387-0800] {dag.py:4180} INFO - Setting next_dagrun for example_subdag_operator.section-1 to None, run_after=None
[2024-12-13T03:19:20.388-0800] {logging_mixin.py:190} INFO - [2024-12-13T03:19:20.388-0800] {dag.py:4180} INFO - Setting next_dagrun for example_subdag_operator.section-2 to None, run_after=None
[2024-12-13T03:19:20.393-0800] {logging_mixin.py:190} INFO - [2024-12-13T03:19:20.393-0800] {dag.py:3239} INFO - Sync 2 DAGs
[2024-12-13T03:19:20.396-0800] {logging_mixin.py:190} INFO - [2024-12-13T03:19:20.396-0800] {dag.py:4180} INFO - Setting next_dagrun for example_subdag_operator.section-1 to None, run_after=None
[2024-12-13T03:19:20.396-0800] {logging_mixin.py:190} INFO - [2024-12-13T03:19:20.396-0800] {dag.py:4180} INFO - Setting next_dagrun for example_subdag_operator.section-2 to None, run_after=None
[2024-12-13T03:19:20.407-0800] {processor.py:208} INFO - Processing /Users/machine/Velocity_railway/airflow_env/lib/python3.10/site-packages/airflow/example_dags/example_subdag_operator.py took 0.227 seconds
[2024-12-13T03:21:28.543-0800] {processor.py:186} INFO - Started process (PID=84356) to work on /Users/machine/Velocity_railway/airflow_env/lib/python3.10/site-packages/airflow/example_dags/example_subdag_operator.py
[2024-12-13T03:21:28.545-0800] {processor.py:914} INFO - Processing file /Users/machine/Velocity_railway/airflow_env/lib/python3.10/site-packages/airflow/example_dags/example_subdag_operator.py for tasks to queue
[2024-12-13T03:21:28.546-0800] {logging_mixin.py:190} INFO - [2024-12-13T03:21:28.546-0800] {dagbag.py:588} INFO - Filling up the DagBag from /Users/machine/Velocity_railway/airflow_env/lib/python3.10/site-packages/airflow/example_dags/example_subdag_operator.py
[2024-12-13T03:21:28.696-0800] {processor.py:925} INFO - DAG(s) 'example_subdag_operator.section-1', 'example_subdag_operator.section-2', 'example_subdag_operator' retrieved from /Users/machine/Velocity_railway/airflow_env/lib/python3.10/site-packages/airflow/example_dags/example_subdag_operator.py
[2024-12-13T03:21:28.711-0800] {logging_mixin.py:190} INFO - [2024-12-13T03:21:28.710-0800] {workday.py:41} WARNING - Could not import pandas. Holidays will not be considered.
[2024-12-13T03:21:28.725-0800] {logging_mixin.py:190} INFO - [2024-12-13T03:21:28.724-0800] {dag.py:3239} INFO - Sync 3 DAGs
[2024-12-13T03:21:28.741-0800] {logging_mixin.py:190} INFO - [2024-12-13T03:21:28.740-0800] {dag.py:4180} INFO - Setting next_dagrun for example_subdag_operator to 2022-01-01 00:00:00+00:00, run_after=2022-01-01 00:00:00+00:00
[2024-12-13T03:21:28.743-0800] {logging_mixin.py:190} INFO - [2024-12-13T03:21:28.743-0800] {dag.py:4180} INFO - Setting next_dagrun for example_subdag_operator.section-1 to None, run_after=None
[2024-12-13T03:21:28.744-0800] {logging_mixin.py:190} INFO - [2024-12-13T03:21:28.744-0800] {dag.py:4180} INFO - Setting next_dagrun for example_subdag_operator.section-2 to None, run_after=None
[2024-12-13T03:21:28.749-0800] {logging_mixin.py:190} INFO - [2024-12-13T03:21:28.749-0800] {dag.py:3239} INFO - Sync 2 DAGs
[2024-12-13T03:21:28.752-0800] {logging_mixin.py:190} INFO - [2024-12-13T03:21:28.752-0800] {dag.py:4180} INFO - Setting next_dagrun for example_subdag_operator.section-1 to None, run_after=None
[2024-12-13T03:21:28.753-0800] {logging_mixin.py:190} INFO - [2024-12-13T03:21:28.752-0800] {dag.py:4180} INFO - Setting next_dagrun for example_subdag_operator.section-2 to None, run_after=None
[2024-12-13T03:21:28.763-0800] {processor.py:208} INFO - Processing /Users/machine/Velocity_railway/airflow_env/lib/python3.10/site-packages/airflow/example_dags/example_subdag_operator.py took 0.225 seconds
[2024-12-13T03:23:51.336-0800] {processor.py:186} INFO - Started process (PID=84831) to work on /Users/machine/Velocity_railway/airflow_env/lib/python3.10/site-packages/airflow/example_dags/example_subdag_operator.py
[2024-12-13T03:23:51.339-0800] {processor.py:914} INFO - Processing file /Users/machine/Velocity_railway/airflow_env/lib/python3.10/site-packages/airflow/example_dags/example_subdag_operator.py for tasks to queue
[2024-12-13T03:23:51.340-0800] {logging_mixin.py:190} INFO - [2024-12-13T03:23:51.340-0800] {dagbag.py:588} INFO - Filling up the DagBag from /Users/machine/Velocity_railway/airflow_env/lib/python3.10/site-packages/airflow/example_dags/example_subdag_operator.py
[2024-12-13T03:23:51.506-0800] {processor.py:925} INFO - DAG(s) 'example_subdag_operator.section-1', 'example_subdag_operator.section-2', 'example_subdag_operator' retrieved from /Users/machine/Velocity_railway/airflow_env/lib/python3.10/site-packages/airflow/example_dags/example_subdag_operator.py
[2024-12-13T03:23:51.519-0800] {logging_mixin.py:190} INFO - [2024-12-13T03:23:51.519-0800] {workday.py:41} WARNING - Could not import pandas. Holidays will not be considered.
[2024-12-13T03:23:51.535-0800] {logging_mixin.py:190} INFO - [2024-12-13T03:23:51.535-0800] {dag.py:3239} INFO - Sync 3 DAGs
[2024-12-13T03:23:51.560-0800] {logging_mixin.py:190} INFO - [2024-12-13T03:23:51.560-0800] {dag.py:4180} INFO - Setting next_dagrun for example_subdag_operator to 2022-01-01 00:00:00+00:00, run_after=2022-01-01 00:00:00+00:00
[2024-12-13T03:23:51.562-0800] {logging_mixin.py:190} INFO - [2024-12-13T03:23:51.562-0800] {dag.py:4180} INFO - Setting next_dagrun for example_subdag_operator.section-1 to None, run_after=None
[2024-12-13T03:23:51.564-0800] {logging_mixin.py:190} INFO - [2024-12-13T03:23:51.563-0800] {dag.py:4180} INFO - Setting next_dagrun for example_subdag_operator.section-2 to None, run_after=None
[2024-12-13T03:23:51.569-0800] {logging_mixin.py:190} INFO - [2024-12-13T03:23:51.568-0800] {dag.py:3239} INFO - Sync 2 DAGs
[2024-12-13T03:23:51.573-0800] {logging_mixin.py:190} INFO - [2024-12-13T03:23:51.572-0800] {dag.py:4180} INFO - Setting next_dagrun for example_subdag_operator.section-1 to None, run_after=None
[2024-12-13T03:23:51.573-0800] {logging_mixin.py:190} INFO - [2024-12-13T03:23:51.573-0800] {dag.py:4180} INFO - Setting next_dagrun for example_subdag_operator.section-2 to None, run_after=None
[2024-12-13T03:23:51.585-0800] {processor.py:208} INFO - Processing /Users/machine/Velocity_railway/airflow_env/lib/python3.10/site-packages/airflow/example_dags/example_subdag_operator.py took 0.254 seconds
[2024-12-13T03:26:07.945-0800] {processor.py:186} INFO - Started process (PID=85312) to work on /Users/machine/Velocity_railway/airflow_env/lib/python3.10/site-packages/airflow/example_dags/example_subdag_operator.py
[2024-12-13T03:26:07.947-0800] {processor.py:914} INFO - Processing file /Users/machine/Velocity_railway/airflow_env/lib/python3.10/site-packages/airflow/example_dags/example_subdag_operator.py for tasks to queue
[2024-12-13T03:26:07.948-0800] {logging_mixin.py:190} INFO - [2024-12-13T03:26:07.948-0800] {dagbag.py:588} INFO - Filling up the DagBag from /Users/machine/Velocity_railway/airflow_env/lib/python3.10/site-packages/airflow/example_dags/example_subdag_operator.py
[2024-12-13T03:26:08.116-0800] {processor.py:925} INFO - DAG(s) 'example_subdag_operator.section-1', 'example_subdag_operator.section-2', 'example_subdag_operator' retrieved from /Users/machine/Velocity_railway/airflow_env/lib/python3.10/site-packages/airflow/example_dags/example_subdag_operator.py
[2024-12-13T03:26:08.130-0800] {logging_mixin.py:190} INFO - [2024-12-13T03:26:08.130-0800] {workday.py:41} WARNING - Could not import pandas. Holidays will not be considered.
[2024-12-13T03:26:08.155-0800] {logging_mixin.py:190} INFO - [2024-12-13T03:26:08.154-0800] {dag.py:3239} INFO - Sync 3 DAGs
[2024-12-13T03:26:08.182-0800] {logging_mixin.py:190} INFO - [2024-12-13T03:26:08.182-0800] {dag.py:4180} INFO - Setting next_dagrun for example_subdag_operator to 2022-01-01 00:00:00+00:00, run_after=2022-01-01 00:00:00+00:00
[2024-12-13T03:26:08.185-0800] {logging_mixin.py:190} INFO - [2024-12-13T03:26:08.184-0800] {dag.py:4180} INFO - Setting next_dagrun for example_subdag_operator.section-1 to None, run_after=None
[2024-12-13T03:26:08.186-0800] {logging_mixin.py:190} INFO - [2024-12-13T03:26:08.185-0800] {dag.py:4180} INFO - Setting next_dagrun for example_subdag_operator.section-2 to None, run_after=None
[2024-12-13T03:26:08.192-0800] {logging_mixin.py:190} INFO - [2024-12-13T03:26:08.192-0800] {dag.py:3239} INFO - Sync 2 DAGs
[2024-12-13T03:26:08.200-0800] {logging_mixin.py:190} INFO - [2024-12-13T03:26:08.200-0800] {dag.py:4180} INFO - Setting next_dagrun for example_subdag_operator.section-1 to None, run_after=None
[2024-12-13T03:26:08.201-0800] {logging_mixin.py:190} INFO - [2024-12-13T03:26:08.200-0800] {dag.py:4180} INFO - Setting next_dagrun for example_subdag_operator.section-2 to None, run_after=None
[2024-12-13T03:26:08.217-0800] {processor.py:208} INFO - Processing /Users/machine/Velocity_railway/airflow_env/lib/python3.10/site-packages/airflow/example_dags/example_subdag_operator.py took 0.278 seconds
[2024-12-13T03:28:24.807-0800] {processor.py:186} INFO - Started process (PID=85778) to work on /Users/machine/Velocity_railway/airflow_env/lib/python3.10/site-packages/airflow/example_dags/example_subdag_operator.py
[2024-12-13T03:28:24.811-0800] {processor.py:914} INFO - Processing file /Users/machine/Velocity_railway/airflow_env/lib/python3.10/site-packages/airflow/example_dags/example_subdag_operator.py for tasks to queue
[2024-12-13T03:28:24.812-0800] {logging_mixin.py:190} INFO - [2024-12-13T03:28:24.812-0800] {dagbag.py:588} INFO - Filling up the DagBag from /Users/machine/Velocity_railway/airflow_env/lib/python3.10/site-packages/airflow/example_dags/example_subdag_operator.py
[2024-12-13T03:28:24.986-0800] {processor.py:925} INFO - DAG(s) 'example_subdag_operator.section-1', 'example_subdag_operator.section-2', 'example_subdag_operator' retrieved from /Users/machine/Velocity_railway/airflow_env/lib/python3.10/site-packages/airflow/example_dags/example_subdag_operator.py
[2024-12-13T03:28:25.000-0800] {logging_mixin.py:190} INFO - [2024-12-13T03:28:25.000-0800] {workday.py:41} WARNING - Could not import pandas. Holidays will not be considered.
[2024-12-13T03:28:25.018-0800] {logging_mixin.py:190} INFO - [2024-12-13T03:28:25.018-0800] {dag.py:3239} INFO - Sync 3 DAGs
[2024-12-13T03:28:25.035-0800] {logging_mixin.py:190} INFO - [2024-12-13T03:28:25.035-0800] {dag.py:4180} INFO - Setting next_dagrun for example_subdag_operator to 2022-01-01 00:00:00+00:00, run_after=2022-01-01 00:00:00+00:00
[2024-12-13T03:28:25.038-0800] {logging_mixin.py:190} INFO - [2024-12-13T03:28:25.038-0800] {dag.py:4180} INFO - Setting next_dagrun for example_subdag_operator.section-1 to None, run_after=None
[2024-12-13T03:28:25.040-0800] {logging_mixin.py:190} INFO - [2024-12-13T03:28:25.039-0800] {dag.py:4180} INFO - Setting next_dagrun for example_subdag_operator.section-2 to None, run_after=None
[2024-12-13T03:28:25.046-0800] {logging_mixin.py:190} INFO - [2024-12-13T03:28:25.046-0800] {dag.py:3239} INFO - Sync 2 DAGs
[2024-12-13T03:28:25.050-0800] {logging_mixin.py:190} INFO - [2024-12-13T03:28:25.050-0800] {dag.py:4180} INFO - Setting next_dagrun for example_subdag_operator.section-1 to None, run_after=None
[2024-12-13T03:28:25.050-0800] {logging_mixin.py:190} INFO - [2024-12-13T03:28:25.050-0800] {dag.py:4180} INFO - Setting next_dagrun for example_subdag_operator.section-2 to None, run_after=None
[2024-12-13T03:28:25.063-0800] {processor.py:208} INFO - Processing /Users/machine/Velocity_railway/airflow_env/lib/python3.10/site-packages/airflow/example_dags/example_subdag_operator.py took 0.262 seconds
[2024-12-13T03:30:43.386-0800] {processor.py:186} INFO - Started process (PID=86226) to work on /Users/machine/Velocity_railway/airflow_env/lib/python3.10/site-packages/airflow/example_dags/example_subdag_operator.py
[2024-12-13T03:30:43.388-0800] {processor.py:914} INFO - Processing file /Users/machine/Velocity_railway/airflow_env/lib/python3.10/site-packages/airflow/example_dags/example_subdag_operator.py for tasks to queue
[2024-12-13T03:30:43.390-0800] {logging_mixin.py:190} INFO - [2024-12-13T03:30:43.389-0800] {dagbag.py:588} INFO - Filling up the DagBag from /Users/machine/Velocity_railway/airflow_env/lib/python3.10/site-packages/airflow/example_dags/example_subdag_operator.py
[2024-12-13T03:30:43.582-0800] {processor.py:925} INFO - DAG(s) 'example_subdag_operator.section-1', 'example_subdag_operator.section-2', 'example_subdag_operator' retrieved from /Users/machine/Velocity_railway/airflow_env/lib/python3.10/site-packages/airflow/example_dags/example_subdag_operator.py
[2024-12-13T03:30:43.599-0800] {logging_mixin.py:190} INFO - [2024-12-13T03:30:43.598-0800] {workday.py:41} WARNING - Could not import pandas. Holidays will not be considered.
[2024-12-13T03:30:43.617-0800] {logging_mixin.py:190} INFO - [2024-12-13T03:30:43.616-0800] {dag.py:3239} INFO - Sync 3 DAGs
[2024-12-13T03:30:43.637-0800] {logging_mixin.py:190} INFO - [2024-12-13T03:30:43.637-0800] {dag.py:4180} INFO - Setting next_dagrun for example_subdag_operator to 2022-01-01 00:00:00+00:00, run_after=2022-01-01 00:00:00+00:00
[2024-12-13T03:30:43.641-0800] {logging_mixin.py:190} INFO - [2024-12-13T03:30:43.640-0800] {dag.py:4180} INFO - Setting next_dagrun for example_subdag_operator.section-1 to None, run_after=None
[2024-12-13T03:30:43.642-0800] {logging_mixin.py:190} INFO - [2024-12-13T03:30:43.642-0800] {dag.py:4180} INFO - Setting next_dagrun for example_subdag_operator.section-2 to None, run_after=None
[2024-12-13T03:30:43.648-0800] {logging_mixin.py:190} INFO - [2024-12-13T03:30:43.647-0800] {dag.py:3239} INFO - Sync 2 DAGs
[2024-12-13T03:30:43.652-0800] {logging_mixin.py:190} INFO - [2024-12-13T03:30:43.651-0800] {dag.py:4180} INFO - Setting next_dagrun for example_subdag_operator.section-1 to None, run_after=None
[2024-12-13T03:30:43.652-0800] {logging_mixin.py:190} INFO - [2024-12-13T03:30:43.652-0800] {dag.py:4180} INFO - Setting next_dagrun for example_subdag_operator.section-2 to None, run_after=None
[2024-12-13T03:30:43.665-0800] {processor.py:208} INFO - Processing /Users/machine/Velocity_railway/airflow_env/lib/python3.10/site-packages/airflow/example_dags/example_subdag_operator.py took 0.286 seconds
[2024-12-13T03:33:06.999-0800] {processor.py:186} INFO - Started process (PID=86748) to work on /Users/machine/Velocity_railway/airflow_env/lib/python3.10/site-packages/airflow/example_dags/example_subdag_operator.py
[2024-12-13T03:33:07.001-0800] {processor.py:914} INFO - Processing file /Users/machine/Velocity_railway/airflow_env/lib/python3.10/site-packages/airflow/example_dags/example_subdag_operator.py for tasks to queue
[2024-12-13T03:33:07.002-0800] {logging_mixin.py:190} INFO - [2024-12-13T03:33:07.002-0800] {dagbag.py:588} INFO - Filling up the DagBag from /Users/machine/Velocity_railway/airflow_env/lib/python3.10/site-packages/airflow/example_dags/example_subdag_operator.py
[2024-12-13T03:33:07.152-0800] {processor.py:925} INFO - DAG(s) 'example_subdag_operator.section-1', 'example_subdag_operator.section-2', 'example_subdag_operator' retrieved from /Users/machine/Velocity_railway/airflow_env/lib/python3.10/site-packages/airflow/example_dags/example_subdag_operator.py
[2024-12-13T03:33:07.165-0800] {logging_mixin.py:190} INFO - [2024-12-13T03:33:07.164-0800] {workday.py:41} WARNING - Could not import pandas. Holidays will not be considered.
[2024-12-13T03:33:07.179-0800] {logging_mixin.py:190} INFO - [2024-12-13T03:33:07.179-0800] {dag.py:3239} INFO - Sync 3 DAGs
[2024-12-13T03:33:07.195-0800] {logging_mixin.py:190} INFO - [2024-12-13T03:33:07.195-0800] {dag.py:4180} INFO - Setting next_dagrun for example_subdag_operator to 2022-01-01 00:00:00+00:00, run_after=2022-01-01 00:00:00+00:00
[2024-12-13T03:33:07.197-0800] {logging_mixin.py:190} INFO - [2024-12-13T03:33:07.197-0800] {dag.py:4180} INFO - Setting next_dagrun for example_subdag_operator.section-1 to None, run_after=None
[2024-12-13T03:33:07.198-0800] {logging_mixin.py:190} INFO - [2024-12-13T03:33:07.198-0800] {dag.py:4180} INFO - Setting next_dagrun for example_subdag_operator.section-2 to None, run_after=None
[2024-12-13T03:33:07.204-0800] {logging_mixin.py:190} INFO - [2024-12-13T03:33:07.204-0800] {dag.py:3239} INFO - Sync 2 DAGs
[2024-12-13T03:33:07.207-0800] {logging_mixin.py:190} INFO - [2024-12-13T03:33:07.207-0800] {dag.py:4180} INFO - Setting next_dagrun for example_subdag_operator.section-1 to None, run_after=None
[2024-12-13T03:33:07.208-0800] {logging_mixin.py:190} INFO - [2024-12-13T03:33:07.207-0800] {dag.py:4180} INFO - Setting next_dagrun for example_subdag_operator.section-2 to None, run_after=None
[2024-12-13T03:33:07.218-0800] {processor.py:208} INFO - Processing /Users/machine/Velocity_railway/airflow_env/lib/python3.10/site-packages/airflow/example_dags/example_subdag_operator.py took 0.225 seconds
[2024-12-13T03:35:33.144-0800] {processor.py:186} INFO - Started process (PID=87327) to work on /Users/machine/Velocity_railway/airflow_env/lib/python3.10/site-packages/airflow/example_dags/example_subdag_operator.py
[2024-12-13T03:35:33.146-0800] {processor.py:914} INFO - Processing file /Users/machine/Velocity_railway/airflow_env/lib/python3.10/site-packages/airflow/example_dags/example_subdag_operator.py for tasks to queue
[2024-12-13T03:35:33.147-0800] {logging_mixin.py:190} INFO - [2024-12-13T03:35:33.147-0800] {dagbag.py:588} INFO - Filling up the DagBag from /Users/machine/Velocity_railway/airflow_env/lib/python3.10/site-packages/airflow/example_dags/example_subdag_operator.py
[2024-12-13T03:35:33.297-0800] {processor.py:925} INFO - DAG(s) 'example_subdag_operator.section-1', 'example_subdag_operator.section-2', 'example_subdag_operator' retrieved from /Users/machine/Velocity_railway/airflow_env/lib/python3.10/site-packages/airflow/example_dags/example_subdag_operator.py
[2024-12-13T03:35:33.310-0800] {logging_mixin.py:190} INFO - [2024-12-13T03:35:33.309-0800] {workday.py:41} WARNING - Could not import pandas. Holidays will not be considered.
[2024-12-13T03:35:33.324-0800] {logging_mixin.py:190} INFO - [2024-12-13T03:35:33.324-0800] {dag.py:3239} INFO - Sync 3 DAGs
[2024-12-13T03:35:33.340-0800] {logging_mixin.py:190} INFO - [2024-12-13T03:35:33.340-0800] {dag.py:4180} INFO - Setting next_dagrun for example_subdag_operator to 2022-01-01 00:00:00+00:00, run_after=2022-01-01 00:00:00+00:00
[2024-12-13T03:35:33.343-0800] {logging_mixin.py:190} INFO - [2024-12-13T03:35:33.342-0800] {dag.py:4180} INFO - Setting next_dagrun for example_subdag_operator.section-1 to None, run_after=None
[2024-12-13T03:35:33.344-0800] {logging_mixin.py:190} INFO - [2024-12-13T03:35:33.344-0800] {dag.py:4180} INFO - Setting next_dagrun for example_subdag_operator.section-2 to None, run_after=None
[2024-12-13T03:35:33.349-0800] {logging_mixin.py:190} INFO - [2024-12-13T03:35:33.349-0800] {dag.py:3239} INFO - Sync 2 DAGs
[2024-12-13T03:35:33.352-0800] {logging_mixin.py:190} INFO - [2024-12-13T03:35:33.352-0800] {dag.py:4180} INFO - Setting next_dagrun for example_subdag_operator.section-1 to None, run_after=None
[2024-12-13T03:35:33.353-0800] {logging_mixin.py:190} INFO - [2024-12-13T03:35:33.353-0800] {dag.py:4180} INFO - Setting next_dagrun for example_subdag_operator.section-2 to None, run_after=None
[2024-12-13T03:35:33.364-0800] {processor.py:208} INFO - Processing /Users/machine/Velocity_railway/airflow_env/lib/python3.10/site-packages/airflow/example_dags/example_subdag_operator.py took 0.225 seconds
[2024-12-13T03:38:03.660-0800] {processor.py:186} INFO - Started process (PID=87823) to work on /Users/machine/Velocity_railway/airflow_env/lib/python3.10/site-packages/airflow/example_dags/example_subdag_operator.py
[2024-12-13T03:38:03.663-0800] {processor.py:914} INFO - Processing file /Users/machine/Velocity_railway/airflow_env/lib/python3.10/site-packages/airflow/example_dags/example_subdag_operator.py for tasks to queue
[2024-12-13T03:38:03.665-0800] {logging_mixin.py:190} INFO - [2024-12-13T03:38:03.664-0800] {dagbag.py:588} INFO - Filling up the DagBag from /Users/machine/Velocity_railway/airflow_env/lib/python3.10/site-packages/airflow/example_dags/example_subdag_operator.py
[2024-12-13T03:38:03.849-0800] {processor.py:925} INFO - DAG(s) 'example_subdag_operator.section-1', 'example_subdag_operator.section-2', 'example_subdag_operator' retrieved from /Users/machine/Velocity_railway/airflow_env/lib/python3.10/site-packages/airflow/example_dags/example_subdag_operator.py
[2024-12-13T03:38:03.864-0800] {logging_mixin.py:190} INFO - [2024-12-13T03:38:03.864-0800] {workday.py:41} WARNING - Could not import pandas. Holidays will not be considered.
[2024-12-13T03:38:03.882-0800] {logging_mixin.py:190} INFO - [2024-12-13T03:38:03.882-0800] {dag.py:3239} INFO - Sync 3 DAGs
[2024-12-13T03:38:03.902-0800] {logging_mixin.py:190} INFO - [2024-12-13T03:38:03.901-0800] {dag.py:4180} INFO - Setting next_dagrun for example_subdag_operator to 2022-01-01 00:00:00+00:00, run_after=2022-01-01 00:00:00+00:00
[2024-12-13T03:38:03.905-0800] {logging_mixin.py:190} INFO - [2024-12-13T03:38:03.905-0800] {dag.py:4180} INFO - Setting next_dagrun for example_subdag_operator.section-1 to None, run_after=None
[2024-12-13T03:38:03.906-0800] {logging_mixin.py:190} INFO - [2024-12-13T03:38:03.906-0800] {dag.py:4180} INFO - Setting next_dagrun for example_subdag_operator.section-2 to None, run_after=None
[2024-12-13T03:38:03.913-0800] {logging_mixin.py:190} INFO - [2024-12-13T03:38:03.912-0800] {dag.py:3239} INFO - Sync 2 DAGs
[2024-12-13T03:38:03.917-0800] {logging_mixin.py:190} INFO - [2024-12-13T03:38:03.917-0800] {dag.py:4180} INFO - Setting next_dagrun for example_subdag_operator.section-1 to None, run_after=None
[2024-12-13T03:38:03.917-0800] {logging_mixin.py:190} INFO - [2024-12-13T03:38:03.917-0800] {dag.py:4180} INFO - Setting next_dagrun for example_subdag_operator.section-2 to None, run_after=None
[2024-12-13T03:38:03.930-0800] {processor.py:208} INFO - Processing /Users/machine/Velocity_railway/airflow_env/lib/python3.10/site-packages/airflow/example_dags/example_subdag_operator.py took 0.277 seconds
[2024-12-13T03:40:25.191-0800] {processor.py:186} INFO - Started process (PID=88296) to work on /Users/machine/Velocity_railway/airflow_env/lib/python3.10/site-packages/airflow/example_dags/example_subdag_operator.py
[2024-12-13T03:40:25.193-0800] {processor.py:914} INFO - Processing file /Users/machine/Velocity_railway/airflow_env/lib/python3.10/site-packages/airflow/example_dags/example_subdag_operator.py for tasks to queue
[2024-12-13T03:40:25.194-0800] {logging_mixin.py:190} INFO - [2024-12-13T03:40:25.194-0800] {dagbag.py:588} INFO - Filling up the DagBag from /Users/machine/Velocity_railway/airflow_env/lib/python3.10/site-packages/airflow/example_dags/example_subdag_operator.py
[2024-12-13T03:40:25.353-0800] {processor.py:925} INFO - DAG(s) 'example_subdag_operator.section-1', 'example_subdag_operator.section-2', 'example_subdag_operator' retrieved from /Users/machine/Velocity_railway/airflow_env/lib/python3.10/site-packages/airflow/example_dags/example_subdag_operator.py
[2024-12-13T03:40:25.367-0800] {logging_mixin.py:190} INFO - [2024-12-13T03:40:25.367-0800] {workday.py:41} WARNING - Could not import pandas. Holidays will not be considered.
[2024-12-13T03:40:25.381-0800] {logging_mixin.py:190} INFO - [2024-12-13T03:40:25.381-0800] {dag.py:3239} INFO - Sync 3 DAGs
[2024-12-13T03:40:25.398-0800] {logging_mixin.py:190} INFO - [2024-12-13T03:40:25.397-0800] {dag.py:4180} INFO - Setting next_dagrun for example_subdag_operator to 2022-01-01 00:00:00+00:00, run_after=2022-01-01 00:00:00+00:00
[2024-12-13T03:40:25.400-0800] {logging_mixin.py:190} INFO - [2024-12-13T03:40:25.400-0800] {dag.py:4180} INFO - Setting next_dagrun for example_subdag_operator.section-1 to None, run_after=None
[2024-12-13T03:40:25.401-0800] {logging_mixin.py:190} INFO - [2024-12-13T03:40:25.401-0800] {dag.py:4180} INFO - Setting next_dagrun for example_subdag_operator.section-2 to None, run_after=None
[2024-12-13T03:40:25.406-0800] {logging_mixin.py:190} INFO - [2024-12-13T03:40:25.406-0800] {dag.py:3239} INFO - Sync 2 DAGs
[2024-12-13T03:40:25.409-0800] {logging_mixin.py:190} INFO - [2024-12-13T03:40:25.409-0800] {dag.py:4180} INFO - Setting next_dagrun for example_subdag_operator.section-1 to None, run_after=None
[2024-12-13T03:40:25.410-0800] {logging_mixin.py:190} INFO - [2024-12-13T03:40:25.409-0800] {dag.py:4180} INFO - Setting next_dagrun for example_subdag_operator.section-2 to None, run_after=None
[2024-12-13T03:40:25.420-0800] {processor.py:208} INFO - Processing /Users/machine/Velocity_railway/airflow_env/lib/python3.10/site-packages/airflow/example_dags/example_subdag_operator.py took 0.235 seconds
[2024-12-13T03:42:37.626-0800] {processor.py:186} INFO - Started process (PID=88764) to work on /Users/machine/Velocity_railway/airflow_env/lib/python3.10/site-packages/airflow/example_dags/example_subdag_operator.py
[2024-12-13T03:42:37.628-0800] {processor.py:914} INFO - Processing file /Users/machine/Velocity_railway/airflow_env/lib/python3.10/site-packages/airflow/example_dags/example_subdag_operator.py for tasks to queue
[2024-12-13T03:42:37.629-0800] {logging_mixin.py:190} INFO - [2024-12-13T03:42:37.629-0800] {dagbag.py:588} INFO - Filling up the DagBag from /Users/machine/Velocity_railway/airflow_env/lib/python3.10/site-packages/airflow/example_dags/example_subdag_operator.py
[2024-12-13T03:42:37.792-0800] {processor.py:925} INFO - DAG(s) 'example_subdag_operator.section-1', 'example_subdag_operator.section-2', 'example_subdag_operator' retrieved from /Users/machine/Velocity_railway/airflow_env/lib/python3.10/site-packages/airflow/example_dags/example_subdag_operator.py
[2024-12-13T03:42:37.806-0800] {logging_mixin.py:190} INFO - [2024-12-13T03:42:37.806-0800] {workday.py:41} WARNING - Could not import pandas. Holidays will not be considered.
[2024-12-13T03:42:37.821-0800] {logging_mixin.py:190} INFO - [2024-12-13T03:42:37.820-0800] {dag.py:3239} INFO - Sync 3 DAGs
[2024-12-13T03:42:37.838-0800] {logging_mixin.py:190} INFO - [2024-12-13T03:42:37.838-0800] {dag.py:4180} INFO - Setting next_dagrun for example_subdag_operator to 2022-01-01 00:00:00+00:00, run_after=2022-01-01 00:00:00+00:00
[2024-12-13T03:42:37.840-0800] {logging_mixin.py:190} INFO - [2024-12-13T03:42:37.840-0800] {dag.py:4180} INFO - Setting next_dagrun for example_subdag_operator.section-1 to None, run_after=None
[2024-12-13T03:42:37.842-0800] {logging_mixin.py:190} INFO - [2024-12-13T03:42:37.841-0800] {dag.py:4180} INFO - Setting next_dagrun for example_subdag_operator.section-2 to None, run_after=None
[2024-12-13T03:42:37.847-0800] {logging_mixin.py:190} INFO - [2024-12-13T03:42:37.847-0800] {dag.py:3239} INFO - Sync 2 DAGs
[2024-12-13T03:42:37.851-0800] {logging_mixin.py:190} INFO - [2024-12-13T03:42:37.850-0800] {dag.py:4180} INFO - Setting next_dagrun for example_subdag_operator.section-1 to None, run_after=None
[2024-12-13T03:42:37.851-0800] {logging_mixin.py:190} INFO - [2024-12-13T03:42:37.851-0800] {dag.py:4180} INFO - Setting next_dagrun for example_subdag_operator.section-2 to None, run_after=None
[2024-12-13T03:42:37.863-0800] {processor.py:208} INFO - Processing /Users/machine/Velocity_railway/airflow_env/lib/python3.10/site-packages/airflow/example_dags/example_subdag_operator.py took 0.242 seconds
[2024-12-13T03:44:51.333-0800] {processor.py:186} INFO - Started process (PID=89219) to work on /Users/machine/Velocity_railway/airflow_env/lib/python3.10/site-packages/airflow/example_dags/example_subdag_operator.py
[2024-12-13T03:44:51.335-0800] {processor.py:914} INFO - Processing file /Users/machine/Velocity_railway/airflow_env/lib/python3.10/site-packages/airflow/example_dags/example_subdag_operator.py for tasks to queue
[2024-12-13T03:44:51.336-0800] {logging_mixin.py:190} INFO - [2024-12-13T03:44:51.336-0800] {dagbag.py:588} INFO - Filling up the DagBag from /Users/machine/Velocity_railway/airflow_env/lib/python3.10/site-packages/airflow/example_dags/example_subdag_operator.py
[2024-12-13T03:44:51.492-0800] {processor.py:925} INFO - DAG(s) 'example_subdag_operator.section-1', 'example_subdag_operator.section-2', 'example_subdag_operator' retrieved from /Users/machine/Velocity_railway/airflow_env/lib/python3.10/site-packages/airflow/example_dags/example_subdag_operator.py
[2024-12-13T03:44:51.506-0800] {logging_mixin.py:190} INFO - [2024-12-13T03:44:51.506-0800] {workday.py:41} WARNING - Could not import pandas. Holidays will not be considered.
[2024-12-13T03:44:51.521-0800] {logging_mixin.py:190} INFO - [2024-12-13T03:44:51.520-0800] {dag.py:3239} INFO - Sync 3 DAGs
[2024-12-13T03:44:51.554-0800] {logging_mixin.py:190} INFO - [2024-12-13T03:44:51.554-0800] {dag.py:4180} INFO - Setting next_dagrun for example_subdag_operator to 2022-01-01 00:00:00+00:00, run_after=2022-01-01 00:00:00+00:00
[2024-12-13T03:44:51.557-0800] {logging_mixin.py:190} INFO - [2024-12-13T03:44:51.557-0800] {dag.py:4180} INFO - Setting next_dagrun for example_subdag_operator.section-1 to None, run_after=None
[2024-12-13T03:44:51.558-0800] {logging_mixin.py:190} INFO - [2024-12-13T03:44:51.558-0800] {dag.py:4180} INFO - Setting next_dagrun for example_subdag_operator.section-2 to None, run_after=None
[2024-12-13T03:44:51.563-0800] {logging_mixin.py:190} INFO - [2024-12-13T03:44:51.563-0800] {dag.py:3239} INFO - Sync 2 DAGs
[2024-12-13T03:44:51.567-0800] {logging_mixin.py:190} INFO - [2024-12-13T03:44:51.567-0800] {dag.py:4180} INFO - Setting next_dagrun for example_subdag_operator.section-1 to None, run_after=None
[2024-12-13T03:44:51.568-0800] {logging_mixin.py:190} INFO - [2024-12-13T03:44:51.568-0800] {dag.py:4180} INFO - Setting next_dagrun for example_subdag_operator.section-2 to None, run_after=None
[2024-12-13T03:44:51.579-0800] {processor.py:208} INFO - Processing /Users/machine/Velocity_railway/airflow_env/lib/python3.10/site-packages/airflow/example_dags/example_subdag_operator.py took 0.252 seconds
[2024-12-13T03:47:02.489-0800] {processor.py:186} INFO - Started process (PID=89655) to work on /Users/machine/Velocity_railway/airflow_env/lib/python3.10/site-packages/airflow/example_dags/example_subdag_operator.py
[2024-12-13T03:47:02.492-0800] {processor.py:914} INFO - Processing file /Users/machine/Velocity_railway/airflow_env/lib/python3.10/site-packages/airflow/example_dags/example_subdag_operator.py for tasks to queue
[2024-12-13T03:47:02.493-0800] {logging_mixin.py:190} INFO - [2024-12-13T03:47:02.493-0800] {dagbag.py:588} INFO - Filling up the DagBag from /Users/machine/Velocity_railway/airflow_env/lib/python3.10/site-packages/airflow/example_dags/example_subdag_operator.py
[2024-12-13T03:47:02.661-0800] {processor.py:925} INFO - DAG(s) 'example_subdag_operator.section-1', 'example_subdag_operator.section-2', 'example_subdag_operator' retrieved from /Users/machine/Velocity_railway/airflow_env/lib/python3.10/site-packages/airflow/example_dags/example_subdag_operator.py
[2024-12-13T03:47:02.674-0800] {logging_mixin.py:190} INFO - [2024-12-13T03:47:02.674-0800] {workday.py:41} WARNING - Could not import pandas. Holidays will not be considered.
[2024-12-13T03:47:02.689-0800] {logging_mixin.py:190} INFO - [2024-12-13T03:47:02.689-0800] {dag.py:3239} INFO - Sync 3 DAGs
[2024-12-13T03:47:02.705-0800] {logging_mixin.py:190} INFO - [2024-12-13T03:47:02.705-0800] {dag.py:4180} INFO - Setting next_dagrun for example_subdag_operator to 2022-01-01 00:00:00+00:00, run_after=2022-01-01 00:00:00+00:00
[2024-12-13T03:47:02.708-0800] {logging_mixin.py:190} INFO - [2024-12-13T03:47:02.708-0800] {dag.py:4180} INFO - Setting next_dagrun for example_subdag_operator.section-1 to None, run_after=None
[2024-12-13T03:47:02.709-0800] {logging_mixin.py:190} INFO - [2024-12-13T03:47:02.709-0800] {dag.py:4180} INFO - Setting next_dagrun for example_subdag_operator.section-2 to None, run_after=None
[2024-12-13T03:47:02.714-0800] {logging_mixin.py:190} INFO - [2024-12-13T03:47:02.714-0800] {dag.py:3239} INFO - Sync 2 DAGs
[2024-12-13T03:47:02.718-0800] {logging_mixin.py:190} INFO - [2024-12-13T03:47:02.717-0800] {dag.py:4180} INFO - Setting next_dagrun for example_subdag_operator.section-1 to None, run_after=None
[2024-12-13T03:47:02.718-0800] {logging_mixin.py:190} INFO - [2024-12-13T03:47:02.718-0800] {dag.py:4180} INFO - Setting next_dagrun for example_subdag_operator.section-2 to None, run_after=None
[2024-12-13T03:47:02.728-0800] {processor.py:208} INFO - Processing /Users/machine/Velocity_railway/airflow_env/lib/python3.10/site-packages/airflow/example_dags/example_subdag_operator.py took 0.245 seconds
[2024-12-13T03:49:19.135-0800] {processor.py:186} INFO - Started process (PID=90133) to work on /Users/machine/Velocity_railway/airflow_env/lib/python3.10/site-packages/airflow/example_dags/example_subdag_operator.py
[2024-12-13T03:49:19.137-0800] {processor.py:914} INFO - Processing file /Users/machine/Velocity_railway/airflow_env/lib/python3.10/site-packages/airflow/example_dags/example_subdag_operator.py for tasks to queue
[2024-12-13T03:49:19.138-0800] {logging_mixin.py:190} INFO - [2024-12-13T03:49:19.137-0800] {dagbag.py:588} INFO - Filling up the DagBag from /Users/machine/Velocity_railway/airflow_env/lib/python3.10/site-packages/airflow/example_dags/example_subdag_operator.py
[2024-12-13T03:49:19.299-0800] {processor.py:925} INFO - DAG(s) 'example_subdag_operator.section-1', 'example_subdag_operator.section-2', 'example_subdag_operator' retrieved from /Users/machine/Velocity_railway/airflow_env/lib/python3.10/site-packages/airflow/example_dags/example_subdag_operator.py
[2024-12-13T03:49:19.316-0800] {logging_mixin.py:190} INFO - [2024-12-13T03:49:19.316-0800] {workday.py:41} WARNING - Could not import pandas. Holidays will not be considered.
[2024-12-13T03:49:19.332-0800] {logging_mixin.py:190} INFO - [2024-12-13T03:49:19.332-0800] {dag.py:3239} INFO - Sync 3 DAGs
[2024-12-13T03:49:19.349-0800] {logging_mixin.py:190} INFO - [2024-12-13T03:49:19.349-0800] {dag.py:4180} INFO - Setting next_dagrun for example_subdag_operator to 2022-01-01 00:00:00+00:00, run_after=2022-01-01 00:00:00+00:00
[2024-12-13T03:49:19.352-0800] {logging_mixin.py:190} INFO - [2024-12-13T03:49:19.352-0800] {dag.py:4180} INFO - Setting next_dagrun for example_subdag_operator.section-1 to None, run_after=None
[2024-12-13T03:49:19.353-0800] {logging_mixin.py:190} INFO - [2024-12-13T03:49:19.353-0800] {dag.py:4180} INFO - Setting next_dagrun for example_subdag_operator.section-2 to None, run_after=None
[2024-12-13T03:49:19.358-0800] {logging_mixin.py:190} INFO - [2024-12-13T03:49:19.358-0800] {dag.py:3239} INFO - Sync 2 DAGs
[2024-12-13T03:49:19.361-0800] {logging_mixin.py:190} INFO - [2024-12-13T03:49:19.361-0800] {dag.py:4180} INFO - Setting next_dagrun for example_subdag_operator.section-1 to None, run_after=None
[2024-12-13T03:49:19.362-0800] {logging_mixin.py:190} INFO - [2024-12-13T03:49:19.362-0800] {dag.py:4180} INFO - Setting next_dagrun for example_subdag_operator.section-2 to None, run_after=None
[2024-12-13T03:49:19.374-0800] {processor.py:208} INFO - Processing /Users/machine/Velocity_railway/airflow_env/lib/python3.10/site-packages/airflow/example_dags/example_subdag_operator.py took 0.244 seconds
[2024-12-13T03:51:37.259-0800] {processor.py:186} INFO - Started process (PID=90618) to work on /Users/machine/Velocity_railway/airflow_env/lib/python3.10/site-packages/airflow/example_dags/example_subdag_operator.py
[2024-12-13T03:51:37.261-0800] {processor.py:914} INFO - Processing file /Users/machine/Velocity_railway/airflow_env/lib/python3.10/site-packages/airflow/example_dags/example_subdag_operator.py for tasks to queue
[2024-12-13T03:51:37.262-0800] {logging_mixin.py:190} INFO - [2024-12-13T03:51:37.262-0800] {dagbag.py:588} INFO - Filling up the DagBag from /Users/machine/Velocity_railway/airflow_env/lib/python3.10/site-packages/airflow/example_dags/example_subdag_operator.py
[2024-12-13T03:51:37.431-0800] {processor.py:925} INFO - DAG(s) 'example_subdag_operator.section-1', 'example_subdag_operator.section-2', 'example_subdag_operator' retrieved from /Users/machine/Velocity_railway/airflow_env/lib/python3.10/site-packages/airflow/example_dags/example_subdag_operator.py
[2024-12-13T03:51:37.446-0800] {logging_mixin.py:190} INFO - [2024-12-13T03:51:37.446-0800] {workday.py:41} WARNING - Could not import pandas. Holidays will not be considered.
[2024-12-13T03:51:37.461-0800] {logging_mixin.py:190} INFO - [2024-12-13T03:51:37.460-0800] {dag.py:3239} INFO - Sync 3 DAGs
[2024-12-13T03:51:37.481-0800] {logging_mixin.py:190} INFO - [2024-12-13T03:51:37.481-0800] {dag.py:4180} INFO - Setting next_dagrun for example_subdag_operator to 2022-01-01 00:00:00+00:00, run_after=2022-01-01 00:00:00+00:00
[2024-12-13T03:51:37.483-0800] {logging_mixin.py:190} INFO - [2024-12-13T03:51:37.483-0800] {dag.py:4180} INFO - Setting next_dagrun for example_subdag_operator.section-1 to None, run_after=None
[2024-12-13T03:51:37.484-0800] {logging_mixin.py:190} INFO - [2024-12-13T03:51:37.484-0800] {dag.py:4180} INFO - Setting next_dagrun for example_subdag_operator.section-2 to None, run_after=None
[2024-12-13T03:51:37.489-0800] {logging_mixin.py:190} INFO - [2024-12-13T03:51:37.489-0800] {dag.py:3239} INFO - Sync 2 DAGs
[2024-12-13T03:51:37.493-0800] {logging_mixin.py:190} INFO - [2024-12-13T03:51:37.493-0800] {dag.py:4180} INFO - Setting next_dagrun for example_subdag_operator.section-1 to None, run_after=None
[2024-12-13T03:51:37.494-0800] {logging_mixin.py:190} INFO - [2024-12-13T03:51:37.493-0800] {dag.py:4180} INFO - Setting next_dagrun for example_subdag_operator.section-2 to None, run_after=None
[2024-12-13T03:51:37.506-0800] {processor.py:208} INFO - Processing /Users/machine/Velocity_railway/airflow_env/lib/python3.10/site-packages/airflow/example_dags/example_subdag_operator.py took 0.253 seconds
[2024-12-13T03:53:59.660-0800] {processor.py:186} INFO - Started process (PID=91113) to work on /Users/machine/Velocity_railway/airflow_env/lib/python3.10/site-packages/airflow/example_dags/example_subdag_operator.py
[2024-12-13T03:53:59.662-0800] {processor.py:914} INFO - Processing file /Users/machine/Velocity_railway/airflow_env/lib/python3.10/site-packages/airflow/example_dags/example_subdag_operator.py for tasks to queue
[2024-12-13T03:53:59.664-0800] {logging_mixin.py:190} INFO - [2024-12-13T03:53:59.664-0800] {dagbag.py:588} INFO - Filling up the DagBag from /Users/machine/Velocity_railway/airflow_env/lib/python3.10/site-packages/airflow/example_dags/example_subdag_operator.py
[2024-12-13T03:53:59.837-0800] {processor.py:925} INFO - DAG(s) 'example_subdag_operator.section-1', 'example_subdag_operator.section-2', 'example_subdag_operator' retrieved from /Users/machine/Velocity_railway/airflow_env/lib/python3.10/site-packages/airflow/example_dags/example_subdag_operator.py
[2024-12-13T03:53:59.851-0800] {logging_mixin.py:190} INFO - [2024-12-13T03:53:59.851-0800] {workday.py:41} WARNING - Could not import pandas. Holidays will not be considered.
[2024-12-13T03:53:59.866-0800] {logging_mixin.py:190} INFO - [2024-12-13T03:53:59.866-0800] {dag.py:3239} INFO - Sync 3 DAGs
[2024-12-13T03:53:59.886-0800] {logging_mixin.py:190} INFO - [2024-12-13T03:53:59.886-0800] {dag.py:4180} INFO - Setting next_dagrun for example_subdag_operator to 2022-01-01 00:00:00+00:00, run_after=2022-01-01 00:00:00+00:00
[2024-12-13T03:53:59.889-0800] {logging_mixin.py:190} INFO - [2024-12-13T03:53:59.889-0800] {dag.py:4180} INFO - Setting next_dagrun for example_subdag_operator.section-1 to None, run_after=None
[2024-12-13T03:53:59.890-0800] {logging_mixin.py:190} INFO - [2024-12-13T03:53:59.890-0800] {dag.py:4180} INFO - Setting next_dagrun for example_subdag_operator.section-2 to None, run_after=None
[2024-12-13T03:53:59.895-0800] {logging_mixin.py:190} INFO - [2024-12-13T03:53:59.895-0800] {dag.py:3239} INFO - Sync 2 DAGs
[2024-12-13T03:53:59.900-0800] {logging_mixin.py:190} INFO - [2024-12-13T03:53:59.899-0800] {dag.py:4180} INFO - Setting next_dagrun for example_subdag_operator.section-1 to None, run_after=None
[2024-12-13T03:53:59.900-0800] {logging_mixin.py:190} INFO - [2024-12-13T03:53:59.900-0800] {dag.py:4180} INFO - Setting next_dagrun for example_subdag_operator.section-2 to None, run_after=None
[2024-12-13T03:53:59.910-0800] {processor.py:208} INFO - Processing /Users/machine/Velocity_railway/airflow_env/lib/python3.10/site-packages/airflow/example_dags/example_subdag_operator.py took 0.256 seconds
[2024-12-13T03:56:22.753-0800] {processor.py:186} INFO - Started process (PID=91698) to work on /Users/machine/Velocity_railway/airflow_env/lib/python3.10/site-packages/airflow/example_dags/example_subdag_operator.py
[2024-12-13T03:56:22.755-0800] {processor.py:914} INFO - Processing file /Users/machine/Velocity_railway/airflow_env/lib/python3.10/site-packages/airflow/example_dags/example_subdag_operator.py for tasks to queue
[2024-12-13T03:56:22.756-0800] {logging_mixin.py:190} INFO - [2024-12-13T03:56:22.756-0800] {dagbag.py:588} INFO - Filling up the DagBag from /Users/machine/Velocity_railway/airflow_env/lib/python3.10/site-packages/airflow/example_dags/example_subdag_operator.py
[2024-12-13T03:56:22.932-0800] {processor.py:925} INFO - DAG(s) 'example_subdag_operator.section-1', 'example_subdag_operator.section-2', 'example_subdag_operator' retrieved from /Users/machine/Velocity_railway/airflow_env/lib/python3.10/site-packages/airflow/example_dags/example_subdag_operator.py
[2024-12-13T03:56:22.947-0800] {logging_mixin.py:190} INFO - [2024-12-13T03:56:22.947-0800] {workday.py:41} WARNING - Could not import pandas. Holidays will not be considered.
[2024-12-13T03:56:22.963-0800] {logging_mixin.py:190} INFO - [2024-12-13T03:56:22.962-0800] {dag.py:3239} INFO - Sync 3 DAGs
[2024-12-13T03:56:22.981-0800] {logging_mixin.py:190} INFO - [2024-12-13T03:56:22.981-0800] {dag.py:4180} INFO - Setting next_dagrun for example_subdag_operator to 2022-01-01 00:00:00+00:00, run_after=2022-01-01 00:00:00+00:00
[2024-12-13T03:56:22.984-0800] {logging_mixin.py:190} INFO - [2024-12-13T03:56:22.984-0800] {dag.py:4180} INFO - Setting next_dagrun for example_subdag_operator.section-1 to None, run_after=None
[2024-12-13T03:56:22.985-0800] {logging_mixin.py:190} INFO - [2024-12-13T03:56:22.985-0800] {dag.py:4180} INFO - Setting next_dagrun for example_subdag_operator.section-2 to None, run_after=None
[2024-12-13T03:56:22.991-0800] {logging_mixin.py:190} INFO - [2024-12-13T03:56:22.990-0800] {dag.py:3239} INFO - Sync 2 DAGs
[2024-12-13T03:56:22.995-0800] {logging_mixin.py:190} INFO - [2024-12-13T03:56:22.994-0800] {dag.py:4180} INFO - Setting next_dagrun for example_subdag_operator.section-1 to None, run_after=None
[2024-12-13T03:56:22.995-0800] {logging_mixin.py:190} INFO - [2024-12-13T03:56:22.995-0800] {dag.py:4180} INFO - Setting next_dagrun for example_subdag_operator.section-2 to None, run_after=None
[2024-12-13T03:56:23.007-0800] {processor.py:208} INFO - Processing /Users/machine/Velocity_railway/airflow_env/lib/python3.10/site-packages/airflow/example_dags/example_subdag_operator.py took 0.261 seconds
[2024-12-13T03:58:50.660-0800] {processor.py:186} INFO - Started process (PID=92335) to work on /Users/machine/Velocity_railway/airflow_env/lib/python3.10/site-packages/airflow/example_dags/example_subdag_operator.py
[2024-12-13T03:58:50.662-0800] {processor.py:914} INFO - Processing file /Users/machine/Velocity_railway/airflow_env/lib/python3.10/site-packages/airflow/example_dags/example_subdag_operator.py for tasks to queue
[2024-12-13T03:58:50.664-0800] {logging_mixin.py:190} INFO - [2024-12-13T03:58:50.664-0800] {dagbag.py:588} INFO - Filling up the DagBag from /Users/machine/Velocity_railway/airflow_env/lib/python3.10/site-packages/airflow/example_dags/example_subdag_operator.py
[2024-12-13T03:58:50.874-0800] {processor.py:925} INFO - DAG(s) 'example_subdag_operator.section-1', 'example_subdag_operator.section-2', 'example_subdag_operator' retrieved from /Users/machine/Velocity_railway/airflow_env/lib/python3.10/site-packages/airflow/example_dags/example_subdag_operator.py
[2024-12-13T03:58:50.893-0800] {logging_mixin.py:190} INFO - [2024-12-13T03:58:50.892-0800] {workday.py:41} WARNING - Could not import pandas. Holidays will not be considered.
[2024-12-13T03:58:50.913-0800] {logging_mixin.py:190} INFO - [2024-12-13T03:58:50.913-0800] {dag.py:3239} INFO - Sync 3 DAGs
[2024-12-13T03:58:50.935-0800] {logging_mixin.py:190} INFO - [2024-12-13T03:58:50.935-0800] {dag.py:4180} INFO - Setting next_dagrun for example_subdag_operator to 2022-01-01 00:00:00+00:00, run_after=2022-01-01 00:00:00+00:00
[2024-12-13T03:58:50.939-0800] {logging_mixin.py:190} INFO - [2024-12-13T03:58:50.939-0800] {dag.py:4180} INFO - Setting next_dagrun for example_subdag_operator.section-1 to None, run_after=None
[2024-12-13T03:58:50.940-0800] {logging_mixin.py:190} INFO - [2024-12-13T03:58:50.940-0800] {dag.py:4180} INFO - Setting next_dagrun for example_subdag_operator.section-2 to None, run_after=None
[2024-12-13T03:58:50.947-0800] {logging_mixin.py:190} INFO - [2024-12-13T03:58:50.947-0800] {dag.py:3239} INFO - Sync 2 DAGs
[2024-12-13T03:58:50.952-0800] {logging_mixin.py:190} INFO - [2024-12-13T03:58:50.952-0800] {dag.py:4180} INFO - Setting next_dagrun for example_subdag_operator.section-1 to None, run_after=None
[2024-12-13T03:58:50.952-0800] {logging_mixin.py:190} INFO - [2024-12-13T03:58:50.952-0800] {dag.py:4180} INFO - Setting next_dagrun for example_subdag_operator.section-2 to None, run_after=None
[2024-12-13T03:58:50.967-0800] {processor.py:208} INFO - Processing /Users/machine/Velocity_railway/airflow_env/lib/python3.10/site-packages/airflow/example_dags/example_subdag_operator.py took 0.314 seconds
[2024-12-13T05:49:52.383-0800] {processor.py:186} INFO - Started process (PID=93120) to work on /Users/machine/Velocity_railway/airflow_env/lib/python3.10/site-packages/airflow/example_dags/example_subdag_operator.py
[2024-12-13T05:49:52.385-0800] {processor.py:914} INFO - Processing file /Users/machine/Velocity_railway/airflow_env/lib/python3.10/site-packages/airflow/example_dags/example_subdag_operator.py for tasks to queue
[2024-12-13T05:49:52.387-0800] {logging_mixin.py:190} INFO - [2024-12-13T05:49:52.387-0800] {dagbag.py:588} INFO - Filling up the DagBag from /Users/machine/Velocity_railway/airflow_env/lib/python3.10/site-packages/airflow/example_dags/example_subdag_operator.py
[2024-12-13T05:49:52.705-0800] {processor.py:925} INFO - DAG(s) 'example_subdag_operator.section-1', 'example_subdag_operator.section-2', 'example_subdag_operator' retrieved from /Users/machine/Velocity_railway/airflow_env/lib/python3.10/site-packages/airflow/example_dags/example_subdag_operator.py
[2024-12-13T05:49:52.741-0800] {logging_mixin.py:190} INFO - [2024-12-13T05:49:52.741-0800] {workday.py:41} WARNING - Could not import pandas. Holidays will not be considered.
[2024-12-13T05:49:52.778-0800] {logging_mixin.py:190} INFO - [2024-12-13T05:49:52.777-0800] {dag.py:3239} INFO - Sync 3 DAGs
[2024-12-13T05:49:52.809-0800] {logging_mixin.py:190} INFO - [2024-12-13T05:49:52.809-0800] {dag.py:4180} INFO - Setting next_dagrun for example_subdag_operator to 2022-01-01 00:00:00+00:00, run_after=2022-01-01 00:00:00+00:00
[2024-12-13T05:49:52.814-0800] {logging_mixin.py:190} INFO - [2024-12-13T05:49:52.813-0800] {dag.py:4180} INFO - Setting next_dagrun for example_subdag_operator.section-1 to None, run_after=None
[2024-12-13T05:49:52.819-0800] {logging_mixin.py:190} INFO - [2024-12-13T05:49:52.818-0800] {dag.py:4180} INFO - Setting next_dagrun for example_subdag_operator.section-2 to None, run_after=None
[2024-12-13T05:49:52.829-0800] {logging_mixin.py:190} INFO - [2024-12-13T05:49:52.829-0800] {dag.py:3239} INFO - Sync 2 DAGs
[2024-12-13T05:49:52.836-0800] {logging_mixin.py:190} INFO - [2024-12-13T05:49:52.836-0800] {dag.py:4180} INFO - Setting next_dagrun for example_subdag_operator.section-1 to None, run_after=None
[2024-12-13T05:49:52.837-0800] {logging_mixin.py:190} INFO - [2024-12-13T05:49:52.837-0800] {dag.py:4180} INFO - Setting next_dagrun for example_subdag_operator.section-2 to None, run_after=None
[2024-12-13T05:49:52.862-0800] {processor.py:208} INFO - Processing /Users/machine/Velocity_railway/airflow_env/lib/python3.10/site-packages/airflow/example_dags/example_subdag_operator.py took 0.488 seconds
