[2024-12-13T03:09:53.419-0800] {processor.py:186} INFO - Started process (PID=82014) to work on /Users/machine/Velocity_railway/airflow_env/lib/python3.10/site-packages/airflow/example_dags/example_nested_branch_dag.py
[2024-12-13T03:09:53.420-0800] {processor.py:914} INFO - Processing file /Users/machine/Velocity_railway/airflow_env/lib/python3.10/site-packages/airflow/example_dags/example_nested_branch_dag.py for tasks to queue
[2024-12-13T03:09:53.422-0800] {logging_mixin.py:190} INFO - [2024-12-13T03:09:53.422-0800] {dagbag.py:588} INFO - Filling up the DagBag from /Users/machine/Velocity_railway/airflow_env/lib/python3.10/site-packages/airflow/example_dags/example_nested_branch_dag.py
[2024-12-13T03:09:53.523-0800] {processor.py:925} INFO - DAG(s) 'example_nested_branch_dag' retrieved from /Users/machine/Velocity_railway/airflow_env/lib/python3.10/site-packages/airflow/example_dags/example_nested_branch_dag.py
[2024-12-13T03:09:53.748-0800] {logging_mixin.py:190} INFO - [2024-12-13T03:09:53.747-0800] {override.py:1911} INFO - Created Permission View: can edit on DAG:example_nested_branch_dag
[2024-12-13T03:09:53.756-0800] {logging_mixin.py:190} INFO - [2024-12-13T03:09:53.756-0800] {override.py:1911} INFO - Created Permission View: can delete on DAG:example_nested_branch_dag
[2024-12-13T03:09:53.762-0800] {logging_mixin.py:190} INFO - [2024-12-13T03:09:53.762-0800] {override.py:1911} INFO - Created Permission View: can read on DAG:example_nested_branch_dag
[2024-12-13T03:09:53.770-0800] {logging_mixin.py:190} INFO - [2024-12-13T03:09:53.770-0800] {override.py:1911} INFO - Created Permission View: can delete on DAG Run:example_nested_branch_dag
[2024-12-13T03:09:53.777-0800] {logging_mixin.py:190} INFO - [2024-12-13T03:09:53.777-0800] {override.py:1911} INFO - Created Permission View: menu access on DAG Run:example_nested_branch_dag
[2024-12-13T03:09:53.783-0800] {logging_mixin.py:190} INFO - [2024-12-13T03:09:53.783-0800] {override.py:1911} INFO - Created Permission View: can read on DAG Run:example_nested_branch_dag
[2024-12-13T03:09:53.789-0800] {logging_mixin.py:190} INFO - [2024-12-13T03:09:53.789-0800] {override.py:1911} INFO - Created Permission View: can create on DAG Run:example_nested_branch_dag
[2024-12-13T03:09:53.790-0800] {logging_mixin.py:190} INFO - [2024-12-13T03:09:53.790-0800] {dag.py:3239} INFO - Sync 1 DAGs
[2024-12-13T03:09:53.801-0800] {logging_mixin.py:190} INFO - [2024-12-13T03:09:53.801-0800] {dag.py:3262} INFO - Creating ORM DAG for example_nested_branch_dag
[2024-12-13T03:09:53.810-0800] {logging_mixin.py:190} INFO - [2024-12-13T03:09:53.810-0800] {dag.py:4180} INFO - Setting next_dagrun for example_nested_branch_dag to 2024-12-12 00:00:00+00:00, run_after=2024-12-13 00:00:00+00:00
[2024-12-13T03:09:53.827-0800] {processor.py:208} INFO - Processing /Users/machine/Velocity_railway/airflow_env/lib/python3.10/site-packages/airflow/example_dags/example_nested_branch_dag.py took 0.414 seconds
[2024-12-13T03:12:54.643-0800] {processor.py:186} INFO - Started process (PID=82610) to work on /Users/machine/Velocity_railway/airflow_env/lib/python3.10/site-packages/airflow/example_dags/example_nested_branch_dag.py
[2024-12-13T03:12:54.645-0800] {processor.py:914} INFO - Processing file /Users/machine/Velocity_railway/airflow_env/lib/python3.10/site-packages/airflow/example_dags/example_nested_branch_dag.py for tasks to queue
[2024-12-13T03:12:54.647-0800] {logging_mixin.py:190} INFO - [2024-12-13T03:12:54.647-0800] {dagbag.py:588} INFO - Filling up the DagBag from /Users/machine/Velocity_railway/airflow_env/lib/python3.10/site-packages/airflow/example_dags/example_nested_branch_dag.py
[2024-12-13T03:12:54.767-0800] {processor.py:925} INFO - DAG(s) 'example_nested_branch_dag' retrieved from /Users/machine/Velocity_railway/airflow_env/lib/python3.10/site-packages/airflow/example_dags/example_nested_branch_dag.py
[2024-12-13T03:12:54.932-0800] {logging_mixin.py:190} INFO - [2024-12-13T03:12:54.932-0800] {dag.py:3239} INFO - Sync 1 DAGs
[2024-12-13T03:12:54.960-0800] {logging_mixin.py:190} INFO - [2024-12-13T03:12:54.960-0800] {dag.py:4180} INFO - Setting next_dagrun for example_nested_branch_dag to 2024-12-12 00:00:00+00:00, run_after=2024-12-13 00:00:00+00:00
[2024-12-13T03:12:54.982-0800] {processor.py:208} INFO - Processing /Users/machine/Velocity_railway/airflow_env/lib/python3.10/site-packages/airflow/example_dags/example_nested_branch_dag.py took 0.346 seconds
[2024-12-13T03:15:25.860-0800] {processor.py:186} INFO - Started process (PID=83117) to work on /Users/machine/Velocity_railway/airflow_env/lib/python3.10/site-packages/airflow/example_dags/example_nested_branch_dag.py
[2024-12-13T03:15:25.861-0800] {processor.py:914} INFO - Processing file /Users/machine/Velocity_railway/airflow_env/lib/python3.10/site-packages/airflow/example_dags/example_nested_branch_dag.py for tasks to queue
[2024-12-13T03:15:25.862-0800] {logging_mixin.py:190} INFO - [2024-12-13T03:15:25.862-0800] {dagbag.py:588} INFO - Filling up the DagBag from /Users/machine/Velocity_railway/airflow_env/lib/python3.10/site-packages/airflow/example_dags/example_nested_branch_dag.py
[2024-12-13T03:15:25.954-0800] {processor.py:925} INFO - DAG(s) 'example_nested_branch_dag' retrieved from /Users/machine/Velocity_railway/airflow_env/lib/python3.10/site-packages/airflow/example_dags/example_nested_branch_dag.py
[2024-12-13T03:15:26.066-0800] {logging_mixin.py:190} INFO - [2024-12-13T03:15:26.066-0800] {dag.py:3239} INFO - Sync 1 DAGs
[2024-12-13T03:15:26.086-0800] {logging_mixin.py:190} INFO - [2024-12-13T03:15:26.086-0800] {dag.py:4180} INFO - Setting next_dagrun for example_nested_branch_dag to 2024-12-12 00:00:00+00:00, run_after=2024-12-13 00:00:00+00:00
[2024-12-13T03:15:26.104-0800] {processor.py:208} INFO - Processing /Users/machine/Velocity_railway/airflow_env/lib/python3.10/site-packages/airflow/example_dags/example_nested_branch_dag.py took 0.250 seconds
[2024-12-13T03:17:46.978-0800] {processor.py:186} INFO - Started process (PID=83583) to work on /Users/machine/Velocity_railway/airflow_env/lib/python3.10/site-packages/airflow/example_dags/example_nested_branch_dag.py
[2024-12-13T03:17:46.980-0800] {processor.py:914} INFO - Processing file /Users/machine/Velocity_railway/airflow_env/lib/python3.10/site-packages/airflow/example_dags/example_nested_branch_dag.py for tasks to queue
[2024-12-13T03:17:46.981-0800] {logging_mixin.py:190} INFO - [2024-12-13T03:17:46.981-0800] {dagbag.py:588} INFO - Filling up the DagBag from /Users/machine/Velocity_railway/airflow_env/lib/python3.10/site-packages/airflow/example_dags/example_nested_branch_dag.py
[2024-12-13T03:17:47.083-0800] {processor.py:925} INFO - DAG(s) 'example_nested_branch_dag' retrieved from /Users/machine/Velocity_railway/airflow_env/lib/python3.10/site-packages/airflow/example_dags/example_nested_branch_dag.py
[2024-12-13T03:17:47.206-0800] {logging_mixin.py:190} INFO - [2024-12-13T03:17:47.206-0800] {dag.py:3239} INFO - Sync 1 DAGs
[2024-12-13T03:17:47.224-0800] {logging_mixin.py:190} INFO - [2024-12-13T03:17:47.224-0800] {dag.py:4180} INFO - Setting next_dagrun for example_nested_branch_dag to 2024-12-12 00:00:00+00:00, run_after=2024-12-13 00:00:00+00:00
[2024-12-13T03:17:47.242-0800] {processor.py:208} INFO - Processing /Users/machine/Velocity_railway/airflow_env/lib/python3.10/site-packages/airflow/example_dags/example_nested_branch_dag.py took 0.269 seconds
[2024-12-13T03:20:01.917-0800] {processor.py:186} INFO - Started process (PID=84059) to work on /Users/machine/Velocity_railway/airflow_env/lib/python3.10/site-packages/airflow/example_dags/example_nested_branch_dag.py
[2024-12-13T03:20:01.919-0800] {processor.py:914} INFO - Processing file /Users/machine/Velocity_railway/airflow_env/lib/python3.10/site-packages/airflow/example_dags/example_nested_branch_dag.py for tasks to queue
[2024-12-13T03:20:01.920-0800] {logging_mixin.py:190} INFO - [2024-12-13T03:20:01.920-0800] {dagbag.py:588} INFO - Filling up the DagBag from /Users/machine/Velocity_railway/airflow_env/lib/python3.10/site-packages/airflow/example_dags/example_nested_branch_dag.py
[2024-12-13T03:20:02.002-0800] {processor.py:925} INFO - DAG(s) 'example_nested_branch_dag' retrieved from /Users/machine/Velocity_railway/airflow_env/lib/python3.10/site-packages/airflow/example_dags/example_nested_branch_dag.py
[2024-12-13T03:20:02.111-0800] {logging_mixin.py:190} INFO - [2024-12-13T03:20:02.110-0800] {dag.py:3239} INFO - Sync 1 DAGs
[2024-12-13T03:20:02.140-0800] {logging_mixin.py:190} INFO - [2024-12-13T03:20:02.140-0800] {dag.py:4180} INFO - Setting next_dagrun for example_nested_branch_dag to 2024-12-12 00:00:00+00:00, run_after=2024-12-13 00:00:00+00:00
[2024-12-13T03:20:02.162-0800] {processor.py:208} INFO - Processing /Users/machine/Velocity_railway/airflow_env/lib/python3.10/site-packages/airflow/example_dags/example_nested_branch_dag.py took 0.251 seconds
[2024-12-13T03:22:13.916-0800] {processor.py:186} INFO - Started process (PID=84514) to work on /Users/machine/Velocity_railway/airflow_env/lib/python3.10/site-packages/airflow/example_dags/example_nested_branch_dag.py
[2024-12-13T03:22:13.918-0800] {processor.py:914} INFO - Processing file /Users/machine/Velocity_railway/airflow_env/lib/python3.10/site-packages/airflow/example_dags/example_nested_branch_dag.py for tasks to queue
[2024-12-13T03:22:13.919-0800] {logging_mixin.py:190} INFO - [2024-12-13T03:22:13.919-0800] {dagbag.py:588} INFO - Filling up the DagBag from /Users/machine/Velocity_railway/airflow_env/lib/python3.10/site-packages/airflow/example_dags/example_nested_branch_dag.py
[2024-12-13T03:22:14.017-0800] {processor.py:925} INFO - DAG(s) 'example_nested_branch_dag' retrieved from /Users/machine/Velocity_railway/airflow_env/lib/python3.10/site-packages/airflow/example_dags/example_nested_branch_dag.py
[2024-12-13T03:22:14.122-0800] {logging_mixin.py:190} INFO - [2024-12-13T03:22:14.122-0800] {dag.py:3239} INFO - Sync 1 DAGs
[2024-12-13T03:22:14.141-0800] {logging_mixin.py:190} INFO - [2024-12-13T03:22:14.141-0800] {dag.py:4180} INFO - Setting next_dagrun for example_nested_branch_dag to 2024-12-12 00:00:00+00:00, run_after=2024-12-13 00:00:00+00:00
[2024-12-13T03:22:14.158-0800] {processor.py:208} INFO - Processing /Users/machine/Velocity_railway/airflow_env/lib/python3.10/site-packages/airflow/example_dags/example_nested_branch_dag.py took 0.248 seconds
[2024-12-13T03:24:33.136-0800] {processor.py:186} INFO - Started process (PID=84977) to work on /Users/machine/Velocity_railway/airflow_env/lib/python3.10/site-packages/airflow/example_dags/example_nested_branch_dag.py
[2024-12-13T03:24:33.138-0800] {processor.py:914} INFO - Processing file /Users/machine/Velocity_railway/airflow_env/lib/python3.10/site-packages/airflow/example_dags/example_nested_branch_dag.py for tasks to queue
[2024-12-13T03:24:33.139-0800] {logging_mixin.py:190} INFO - [2024-12-13T03:24:33.139-0800] {dagbag.py:588} INFO - Filling up the DagBag from /Users/machine/Velocity_railway/airflow_env/lib/python3.10/site-packages/airflow/example_dags/example_nested_branch_dag.py
[2024-12-13T03:24:33.231-0800] {processor.py:925} INFO - DAG(s) 'example_nested_branch_dag' retrieved from /Users/machine/Velocity_railway/airflow_env/lib/python3.10/site-packages/airflow/example_dags/example_nested_branch_dag.py
[2024-12-13T03:24:33.337-0800] {logging_mixin.py:190} INFO - [2024-12-13T03:24:33.336-0800] {dag.py:3239} INFO - Sync 1 DAGs
[2024-12-13T03:24:33.358-0800] {logging_mixin.py:190} INFO - [2024-12-13T03:24:33.358-0800] {dag.py:4180} INFO - Setting next_dagrun for example_nested_branch_dag to 2024-12-12 00:00:00+00:00, run_after=2024-12-13 00:00:00+00:00
[2024-12-13T03:24:33.375-0800] {processor.py:208} INFO - Processing /Users/machine/Velocity_railway/airflow_env/lib/python3.10/site-packages/airflow/example_dags/example_nested_branch_dag.py took 0.245 seconds
[2024-12-13T03:26:51.151-0800] {processor.py:186} INFO - Started process (PID=85455) to work on /Users/machine/Velocity_railway/airflow_env/lib/python3.10/site-packages/airflow/example_dags/example_nested_branch_dag.py
[2024-12-13T03:26:51.153-0800] {processor.py:914} INFO - Processing file /Users/machine/Velocity_railway/airflow_env/lib/python3.10/site-packages/airflow/example_dags/example_nested_branch_dag.py for tasks to queue
[2024-12-13T03:26:51.154-0800] {logging_mixin.py:190} INFO - [2024-12-13T03:26:51.153-0800] {dagbag.py:588} INFO - Filling up the DagBag from /Users/machine/Velocity_railway/airflow_env/lib/python3.10/site-packages/airflow/example_dags/example_nested_branch_dag.py
[2024-12-13T03:26:51.238-0800] {processor.py:925} INFO - DAG(s) 'example_nested_branch_dag' retrieved from /Users/machine/Velocity_railway/airflow_env/lib/python3.10/site-packages/airflow/example_dags/example_nested_branch_dag.py
[2024-12-13T03:26:51.340-0800] {logging_mixin.py:190} INFO - [2024-12-13T03:26:51.339-0800] {dag.py:3239} INFO - Sync 1 DAGs
[2024-12-13T03:26:51.358-0800] {logging_mixin.py:190} INFO - [2024-12-13T03:26:51.358-0800] {dag.py:4180} INFO - Setting next_dagrun for example_nested_branch_dag to 2024-12-12 00:00:00+00:00, run_after=2024-12-13 00:00:00+00:00
[2024-12-13T03:26:51.374-0800] {processor.py:208} INFO - Processing /Users/machine/Velocity_railway/airflow_env/lib/python3.10/site-packages/airflow/example_dags/example_nested_branch_dag.py took 0.228 seconds
[2024-12-13T03:29:11.248-0800] {processor.py:186} INFO - Started process (PID=85926) to work on /Users/machine/Velocity_railway/airflow_env/lib/python3.10/site-packages/airflow/example_dags/example_nested_branch_dag.py
[2024-12-13T03:29:11.249-0800] {processor.py:914} INFO - Processing file /Users/machine/Velocity_railway/airflow_env/lib/python3.10/site-packages/airflow/example_dags/example_nested_branch_dag.py for tasks to queue
[2024-12-13T03:29:11.250-0800] {logging_mixin.py:190} INFO - [2024-12-13T03:29:11.250-0800] {dagbag.py:588} INFO - Filling up the DagBag from /Users/machine/Velocity_railway/airflow_env/lib/python3.10/site-packages/airflow/example_dags/example_nested_branch_dag.py
[2024-12-13T03:29:11.338-0800] {processor.py:925} INFO - DAG(s) 'example_nested_branch_dag' retrieved from /Users/machine/Velocity_railway/airflow_env/lib/python3.10/site-packages/airflow/example_dags/example_nested_branch_dag.py
[2024-12-13T03:29:11.457-0800] {logging_mixin.py:190} INFO - [2024-12-13T03:29:11.457-0800] {dag.py:3239} INFO - Sync 1 DAGs
[2024-12-13T03:29:11.481-0800] {logging_mixin.py:190} INFO - [2024-12-13T03:29:11.481-0800] {dag.py:4180} INFO - Setting next_dagrun for example_nested_branch_dag to 2024-12-12 00:00:00+00:00, run_after=2024-12-13 00:00:00+00:00
[2024-12-13T03:29:11.501-0800] {processor.py:208} INFO - Processing /Users/machine/Velocity_railway/airflow_env/lib/python3.10/site-packages/airflow/example_dags/example_nested_branch_dag.py took 0.259 seconds
[2024-12-13T03:31:32.101-0800] {processor.py:186} INFO - Started process (PID=86388) to work on /Users/machine/Velocity_railway/airflow_env/lib/python3.10/site-packages/airflow/example_dags/example_nested_branch_dag.py
[2024-12-13T03:31:32.103-0800] {processor.py:914} INFO - Processing file /Users/machine/Velocity_railway/airflow_env/lib/python3.10/site-packages/airflow/example_dags/example_nested_branch_dag.py for tasks to queue
[2024-12-13T03:31:32.104-0800] {logging_mixin.py:190} INFO - [2024-12-13T03:31:32.104-0800] {dagbag.py:588} INFO - Filling up the DagBag from /Users/machine/Velocity_railway/airflow_env/lib/python3.10/site-packages/airflow/example_dags/example_nested_branch_dag.py
[2024-12-13T03:31:32.209-0800] {processor.py:925} INFO - DAG(s) 'example_nested_branch_dag' retrieved from /Users/machine/Velocity_railway/airflow_env/lib/python3.10/site-packages/airflow/example_dags/example_nested_branch_dag.py
[2024-12-13T03:31:32.311-0800] {logging_mixin.py:190} INFO - [2024-12-13T03:31:32.311-0800] {dag.py:3239} INFO - Sync 1 DAGs
[2024-12-13T03:31:32.328-0800] {logging_mixin.py:190} INFO - [2024-12-13T03:31:32.328-0800] {dag.py:4180} INFO - Setting next_dagrun for example_nested_branch_dag to 2024-12-12 00:00:00+00:00, run_after=2024-12-13 00:00:00+00:00
[2024-12-13T03:31:32.347-0800] {processor.py:208} INFO - Processing /Users/machine/Velocity_railway/airflow_env/lib/python3.10/site-packages/airflow/example_dags/example_nested_branch_dag.py took 0.253 seconds
[2024-12-13T03:33:52.941-0800] {processor.py:186} INFO - Started process (PID=86924) to work on /Users/machine/Velocity_railway/airflow_env/lib/python3.10/site-packages/airflow/example_dags/example_nested_branch_dag.py
[2024-12-13T03:33:52.943-0800] {processor.py:914} INFO - Processing file /Users/machine/Velocity_railway/airflow_env/lib/python3.10/site-packages/airflow/example_dags/example_nested_branch_dag.py for tasks to queue
[2024-12-13T03:33:52.944-0800] {logging_mixin.py:190} INFO - [2024-12-13T03:33:52.943-0800] {dagbag.py:588} INFO - Filling up the DagBag from /Users/machine/Velocity_railway/airflow_env/lib/python3.10/site-packages/airflow/example_dags/example_nested_branch_dag.py
[2024-12-13T03:33:53.044-0800] {processor.py:925} INFO - DAG(s) 'example_nested_branch_dag' retrieved from /Users/machine/Velocity_railway/airflow_env/lib/python3.10/site-packages/airflow/example_dags/example_nested_branch_dag.py
[2024-12-13T03:33:53.178-0800] {logging_mixin.py:190} INFO - [2024-12-13T03:33:53.177-0800] {dag.py:3239} INFO - Sync 1 DAGs
[2024-12-13T03:33:53.203-0800] {logging_mixin.py:190} INFO - [2024-12-13T03:33:53.203-0800] {dag.py:4180} INFO - Setting next_dagrun for example_nested_branch_dag to 2024-12-12 00:00:00+00:00, run_after=2024-12-13 00:00:00+00:00
[2024-12-13T03:33:53.226-0800] {processor.py:208} INFO - Processing /Users/machine/Velocity_railway/airflow_env/lib/python3.10/site-packages/airflow/example_dags/example_nested_branch_dag.py took 0.291 seconds
[2024-12-13T03:36:20.314-0800] {processor.py:186} INFO - Started process (PID=87499) to work on /Users/machine/Velocity_railway/airflow_env/lib/python3.10/site-packages/airflow/example_dags/example_nested_branch_dag.py
[2024-12-13T03:36:20.316-0800] {processor.py:914} INFO - Processing file /Users/machine/Velocity_railway/airflow_env/lib/python3.10/site-packages/airflow/example_dags/example_nested_branch_dag.py for tasks to queue
[2024-12-13T03:36:20.317-0800] {logging_mixin.py:190} INFO - [2024-12-13T03:36:20.317-0800] {dagbag.py:588} INFO - Filling up the DagBag from /Users/machine/Velocity_railway/airflow_env/lib/python3.10/site-packages/airflow/example_dags/example_nested_branch_dag.py
[2024-12-13T03:36:20.411-0800] {processor.py:925} INFO - DAG(s) 'example_nested_branch_dag' retrieved from /Users/machine/Velocity_railway/airflow_env/lib/python3.10/site-packages/airflow/example_dags/example_nested_branch_dag.py
[2024-12-13T03:36:20.527-0800] {logging_mixin.py:190} INFO - [2024-12-13T03:36:20.527-0800] {dag.py:3239} INFO - Sync 1 DAGs
[2024-12-13T03:36:20.547-0800] {logging_mixin.py:190} INFO - [2024-12-13T03:36:20.547-0800] {dag.py:4180} INFO - Setting next_dagrun for example_nested_branch_dag to 2024-12-12 00:00:00+00:00, run_after=2024-12-13 00:00:00+00:00
[2024-12-13T03:36:20.565-0800] {processor.py:208} INFO - Processing /Users/machine/Velocity_railway/airflow_env/lib/python3.10/site-packages/airflow/example_dags/example_nested_branch_dag.py took 0.258 seconds
[2024-12-13T03:38:52.500-0800] {processor.py:186} INFO - Started process (PID=87991) to work on /Users/machine/Velocity_railway/airflow_env/lib/python3.10/site-packages/airflow/example_dags/example_nested_branch_dag.py
[2024-12-13T03:38:52.505-0800] {processor.py:914} INFO - Processing file /Users/machine/Velocity_railway/airflow_env/lib/python3.10/site-packages/airflow/example_dags/example_nested_branch_dag.py for tasks to queue
[2024-12-13T03:38:52.506-0800] {logging_mixin.py:190} INFO - [2024-12-13T03:38:52.506-0800] {dagbag.py:588} INFO - Filling up the DagBag from /Users/machine/Velocity_railway/airflow_env/lib/python3.10/site-packages/airflow/example_dags/example_nested_branch_dag.py
[2024-12-13T03:38:52.628-0800] {processor.py:925} INFO - DAG(s) 'example_nested_branch_dag' retrieved from /Users/machine/Velocity_railway/airflow_env/lib/python3.10/site-packages/airflow/example_dags/example_nested_branch_dag.py
[2024-12-13T03:38:52.751-0800] {logging_mixin.py:190} INFO - [2024-12-13T03:38:52.751-0800] {dag.py:3239} INFO - Sync 1 DAGs
[2024-12-13T03:38:52.774-0800] {logging_mixin.py:190} INFO - [2024-12-13T03:38:52.773-0800] {dag.py:4180} INFO - Setting next_dagrun for example_nested_branch_dag to 2024-12-12 00:00:00+00:00, run_after=2024-12-13 00:00:00+00:00
[2024-12-13T03:38:52.792-0800] {processor.py:208} INFO - Processing /Users/machine/Velocity_railway/airflow_env/lib/python3.10/site-packages/airflow/example_dags/example_nested_branch_dag.py took 0.298 seconds
[2024-12-13T03:41:09.043-0800] {processor.py:186} INFO - Started process (PID=88457) to work on /Users/machine/Velocity_railway/airflow_env/lib/python3.10/site-packages/airflow/example_dags/example_nested_branch_dag.py
[2024-12-13T03:41:09.045-0800] {processor.py:914} INFO - Processing file /Users/machine/Velocity_railway/airflow_env/lib/python3.10/site-packages/airflow/example_dags/example_nested_branch_dag.py for tasks to queue
[2024-12-13T03:41:09.046-0800] {logging_mixin.py:190} INFO - [2024-12-13T03:41:09.045-0800] {dagbag.py:588} INFO - Filling up the DagBag from /Users/machine/Velocity_railway/airflow_env/lib/python3.10/site-packages/airflow/example_dags/example_nested_branch_dag.py
[2024-12-13T03:41:09.126-0800] {processor.py:925} INFO - DAG(s) 'example_nested_branch_dag' retrieved from /Users/machine/Velocity_railway/airflow_env/lib/python3.10/site-packages/airflow/example_dags/example_nested_branch_dag.py
[2024-12-13T03:41:09.225-0800] {logging_mixin.py:190} INFO - [2024-12-13T03:41:09.224-0800] {dag.py:3239} INFO - Sync 1 DAGs
[2024-12-13T03:41:09.242-0800] {logging_mixin.py:190} INFO - [2024-12-13T03:41:09.242-0800] {dag.py:4180} INFO - Setting next_dagrun for example_nested_branch_dag to 2024-12-12 00:00:00+00:00, run_after=2024-12-13 00:00:00+00:00
[2024-12-13T03:41:09.257-0800] {processor.py:208} INFO - Processing /Users/machine/Velocity_railway/airflow_env/lib/python3.10/site-packages/airflow/example_dags/example_nested_branch_dag.py took 0.219 seconds
[2024-12-13T03:43:20.958-0800] {processor.py:186} INFO - Started process (PID=88914) to work on /Users/machine/Velocity_railway/airflow_env/lib/python3.10/site-packages/airflow/example_dags/example_nested_branch_dag.py
[2024-12-13T03:43:20.960-0800] {processor.py:914} INFO - Processing file /Users/machine/Velocity_railway/airflow_env/lib/python3.10/site-packages/airflow/example_dags/example_nested_branch_dag.py for tasks to queue
[2024-12-13T03:43:20.962-0800] {logging_mixin.py:190} INFO - [2024-12-13T03:43:20.961-0800] {dagbag.py:588} INFO - Filling up the DagBag from /Users/machine/Velocity_railway/airflow_env/lib/python3.10/site-packages/airflow/example_dags/example_nested_branch_dag.py
[2024-12-13T03:43:21.045-0800] {processor.py:925} INFO - DAG(s) 'example_nested_branch_dag' retrieved from /Users/machine/Velocity_railway/airflow_env/lib/python3.10/site-packages/airflow/example_dags/example_nested_branch_dag.py
[2024-12-13T03:43:21.148-0800] {logging_mixin.py:190} INFO - [2024-12-13T03:43:21.148-0800] {dag.py:3239} INFO - Sync 1 DAGs
[2024-12-13T03:43:21.166-0800] {logging_mixin.py:190} INFO - [2024-12-13T03:43:21.165-0800] {dag.py:4180} INFO - Setting next_dagrun for example_nested_branch_dag to 2024-12-12 00:00:00+00:00, run_after=2024-12-13 00:00:00+00:00
[2024-12-13T03:43:21.182-0800] {processor.py:208} INFO - Processing /Users/machine/Velocity_railway/airflow_env/lib/python3.10/site-packages/airflow/example_dags/example_nested_branch_dag.py took 0.230 seconds
[2024-12-13T03:45:37.593-0800] {processor.py:186} INFO - Started process (PID=89371) to work on /Users/machine/Velocity_railway/airflow_env/lib/python3.10/site-packages/airflow/example_dags/example_nested_branch_dag.py
[2024-12-13T03:45:37.595-0800] {processor.py:914} INFO - Processing file /Users/machine/Velocity_railway/airflow_env/lib/python3.10/site-packages/airflow/example_dags/example_nested_branch_dag.py for tasks to queue
[2024-12-13T03:45:37.597-0800] {logging_mixin.py:190} INFO - [2024-12-13T03:45:37.596-0800] {dagbag.py:588} INFO - Filling up the DagBag from /Users/machine/Velocity_railway/airflow_env/lib/python3.10/site-packages/airflow/example_dags/example_nested_branch_dag.py
[2024-12-13T03:45:37.691-0800] {processor.py:925} INFO - DAG(s) 'example_nested_branch_dag' retrieved from /Users/machine/Velocity_railway/airflow_env/lib/python3.10/site-packages/airflow/example_dags/example_nested_branch_dag.py
[2024-12-13T03:45:37.804-0800] {logging_mixin.py:190} INFO - [2024-12-13T03:45:37.804-0800] {dag.py:3239} INFO - Sync 1 DAGs
[2024-12-13T03:45:37.823-0800] {logging_mixin.py:190} INFO - [2024-12-13T03:45:37.823-0800] {dag.py:4180} INFO - Setting next_dagrun for example_nested_branch_dag to 2024-12-12 00:00:00+00:00, run_after=2024-12-13 00:00:00+00:00
[2024-12-13T03:45:37.839-0800] {processor.py:208} INFO - Processing /Users/machine/Velocity_railway/airflow_env/lib/python3.10/site-packages/airflow/example_dags/example_nested_branch_dag.py took 0.252 seconds
[2024-12-13T03:47:47.470-0800] {processor.py:186} INFO - Started process (PID=89805) to work on /Users/machine/Velocity_railway/airflow_env/lib/python3.10/site-packages/airflow/example_dags/example_nested_branch_dag.py
[2024-12-13T03:47:47.472-0800] {processor.py:914} INFO - Processing file /Users/machine/Velocity_railway/airflow_env/lib/python3.10/site-packages/airflow/example_dags/example_nested_branch_dag.py for tasks to queue
[2024-12-13T03:47:47.473-0800] {logging_mixin.py:190} INFO - [2024-12-13T03:47:47.473-0800] {dagbag.py:588} INFO - Filling up the DagBag from /Users/machine/Velocity_railway/airflow_env/lib/python3.10/site-packages/airflow/example_dags/example_nested_branch_dag.py
[2024-12-13T03:47:47.566-0800] {processor.py:925} INFO - DAG(s) 'example_nested_branch_dag' retrieved from /Users/machine/Velocity_railway/airflow_env/lib/python3.10/site-packages/airflow/example_dags/example_nested_branch_dag.py
[2024-12-13T03:47:47.683-0800] {logging_mixin.py:190} INFO - [2024-12-13T03:47:47.682-0800] {dag.py:3239} INFO - Sync 1 DAGs
[2024-12-13T03:47:47.702-0800] {logging_mixin.py:190} INFO - [2024-12-13T03:47:47.702-0800] {dag.py:4180} INFO - Setting next_dagrun for example_nested_branch_dag to 2024-12-12 00:00:00+00:00, run_after=2024-12-13 00:00:00+00:00
[2024-12-13T03:47:47.719-0800] {processor.py:208} INFO - Processing /Users/machine/Velocity_railway/airflow_env/lib/python3.10/site-packages/airflow/example_dags/example_nested_branch_dag.py took 0.258 seconds
[2024-12-13T03:50:03.732-0800] {processor.py:186} INFO - Started process (PID=90310) to work on /Users/machine/Velocity_railway/airflow_env/lib/python3.10/site-packages/airflow/example_dags/example_nested_branch_dag.py
[2024-12-13T03:50:03.734-0800] {processor.py:914} INFO - Processing file /Users/machine/Velocity_railway/airflow_env/lib/python3.10/site-packages/airflow/example_dags/example_nested_branch_dag.py for tasks to queue
[2024-12-13T03:50:03.735-0800] {logging_mixin.py:190} INFO - [2024-12-13T03:50:03.735-0800] {dagbag.py:588} INFO - Filling up the DagBag from /Users/machine/Velocity_railway/airflow_env/lib/python3.10/site-packages/airflow/example_dags/example_nested_branch_dag.py
[2024-12-13T03:50:03.830-0800] {processor.py:925} INFO - DAG(s) 'example_nested_branch_dag' retrieved from /Users/machine/Velocity_railway/airflow_env/lib/python3.10/site-packages/airflow/example_dags/example_nested_branch_dag.py
[2024-12-13T03:50:03.946-0800] {logging_mixin.py:190} INFO - [2024-12-13T03:50:03.946-0800] {dag.py:3239} INFO - Sync 1 DAGs
[2024-12-13T03:50:03.966-0800] {logging_mixin.py:190} INFO - [2024-12-13T03:50:03.966-0800] {dag.py:4180} INFO - Setting next_dagrun for example_nested_branch_dag to 2024-12-12 00:00:00+00:00, run_after=2024-12-13 00:00:00+00:00
[2024-12-13T03:50:03.984-0800] {processor.py:208} INFO - Processing /Users/machine/Velocity_railway/airflow_env/lib/python3.10/site-packages/airflow/example_dags/example_nested_branch_dag.py took 0.258 seconds
[2024-12-13T03:52:21.532-0800] {processor.py:186} INFO - Started process (PID=90769) to work on /Users/machine/Velocity_railway/airflow_env/lib/python3.10/site-packages/airflow/example_dags/example_nested_branch_dag.py
[2024-12-13T03:52:21.535-0800] {processor.py:914} INFO - Processing file /Users/machine/Velocity_railway/airflow_env/lib/python3.10/site-packages/airflow/example_dags/example_nested_branch_dag.py for tasks to queue
[2024-12-13T03:52:21.536-0800] {logging_mixin.py:190} INFO - [2024-12-13T03:52:21.536-0800] {dagbag.py:588} INFO - Filling up the DagBag from /Users/machine/Velocity_railway/airflow_env/lib/python3.10/site-packages/airflow/example_dags/example_nested_branch_dag.py
[2024-12-13T03:52:21.627-0800] {processor.py:925} INFO - DAG(s) 'example_nested_branch_dag' retrieved from /Users/machine/Velocity_railway/airflow_env/lib/python3.10/site-packages/airflow/example_dags/example_nested_branch_dag.py
[2024-12-13T03:52:21.748-0800] {logging_mixin.py:190} INFO - [2024-12-13T03:52:21.747-0800] {dag.py:3239} INFO - Sync 1 DAGs
[2024-12-13T03:52:21.766-0800] {logging_mixin.py:190} INFO - [2024-12-13T03:52:21.765-0800] {dag.py:4180} INFO - Setting next_dagrun for example_nested_branch_dag to 2024-12-12 00:00:00+00:00, run_after=2024-12-13 00:00:00+00:00
[2024-12-13T03:52:21.787-0800] {processor.py:208} INFO - Processing /Users/machine/Velocity_railway/airflow_env/lib/python3.10/site-packages/airflow/example_dags/example_nested_branch_dag.py took 0.261 seconds
[2024-12-13T03:54:42.397-0800] {processor.py:186} INFO - Started process (PID=91254) to work on /Users/machine/Velocity_railway/airflow_env/lib/python3.10/site-packages/airflow/example_dags/example_nested_branch_dag.py
[2024-12-13T03:54:42.399-0800] {processor.py:914} INFO - Processing file /Users/machine/Velocity_railway/airflow_env/lib/python3.10/site-packages/airflow/example_dags/example_nested_branch_dag.py for tasks to queue
[2024-12-13T03:54:42.401-0800] {logging_mixin.py:190} INFO - [2024-12-13T03:54:42.400-0800] {dagbag.py:588} INFO - Filling up the DagBag from /Users/machine/Velocity_railway/airflow_env/lib/python3.10/site-packages/airflow/example_dags/example_nested_branch_dag.py
[2024-12-13T03:54:42.497-0800] {processor.py:925} INFO - DAG(s) 'example_nested_branch_dag' retrieved from /Users/machine/Velocity_railway/airflow_env/lib/python3.10/site-packages/airflow/example_dags/example_nested_branch_dag.py
[2024-12-13T03:54:42.613-0800] {logging_mixin.py:190} INFO - [2024-12-13T03:54:42.613-0800] {dag.py:3239} INFO - Sync 1 DAGs
[2024-12-13T03:54:42.634-0800] {logging_mixin.py:190} INFO - [2024-12-13T03:54:42.634-0800] {dag.py:4180} INFO - Setting next_dagrun for example_nested_branch_dag to 2024-12-12 00:00:00+00:00, run_after=2024-12-13 00:00:00+00:00
[2024-12-13T03:54:42.654-0800] {processor.py:208} INFO - Processing /Users/machine/Velocity_railway/airflow_env/lib/python3.10/site-packages/airflow/example_dags/example_nested_branch_dag.py took 0.263 seconds
[2024-12-13T03:57:10.795-0800] {processor.py:186} INFO - Started process (PID=91902) to work on /Users/machine/Velocity_railway/airflow_env/lib/python3.10/site-packages/airflow/example_dags/example_nested_branch_dag.py
[2024-12-13T03:57:10.798-0800] {processor.py:914} INFO - Processing file /Users/machine/Velocity_railway/airflow_env/lib/python3.10/site-packages/airflow/example_dags/example_nested_branch_dag.py for tasks to queue
[2024-12-13T03:57:10.799-0800] {logging_mixin.py:190} INFO - [2024-12-13T03:57:10.799-0800] {dagbag.py:588} INFO - Filling up the DagBag from /Users/machine/Velocity_railway/airflow_env/lib/python3.10/site-packages/airflow/example_dags/example_nested_branch_dag.py
[2024-12-13T03:57:10.909-0800] {processor.py:925} INFO - DAG(s) 'example_nested_branch_dag' retrieved from /Users/machine/Velocity_railway/airflow_env/lib/python3.10/site-packages/airflow/example_dags/example_nested_branch_dag.py
[2024-12-13T03:57:11.059-0800] {logging_mixin.py:190} INFO - [2024-12-13T03:57:11.058-0800] {dag.py:3239} INFO - Sync 1 DAGs
[2024-12-13T03:57:11.082-0800] {logging_mixin.py:190} INFO - [2024-12-13T03:57:11.082-0800] {dag.py:4180} INFO - Setting next_dagrun for example_nested_branch_dag to 2024-12-12 00:00:00+00:00, run_after=2024-12-13 00:00:00+00:00
[2024-12-13T03:57:11.102-0800] {processor.py:208} INFO - Processing /Users/machine/Velocity_railway/airflow_env/lib/python3.10/site-packages/airflow/example_dags/example_nested_branch_dag.py took 0.313 seconds
[2024-12-13T03:59:37.250-0800] {processor.py:186} INFO - Started process (PID=92529) to work on /Users/machine/Velocity_railway/airflow_env/lib/python3.10/site-packages/airflow/example_dags/example_nested_branch_dag.py
[2024-12-13T03:59:37.251-0800] {processor.py:914} INFO - Processing file /Users/machine/Velocity_railway/airflow_env/lib/python3.10/site-packages/airflow/example_dags/example_nested_branch_dag.py for tasks to queue
[2024-12-13T03:59:37.253-0800] {logging_mixin.py:190} INFO - [2024-12-13T03:59:37.253-0800] {dagbag.py:588} INFO - Filling up the DagBag from /Users/machine/Velocity_railway/airflow_env/lib/python3.10/site-packages/airflow/example_dags/example_nested_branch_dag.py
[2024-12-13T03:59:37.355-0800] {processor.py:925} INFO - DAG(s) 'example_nested_branch_dag' retrieved from /Users/machine/Velocity_railway/airflow_env/lib/python3.10/site-packages/airflow/example_dags/example_nested_branch_dag.py
[2024-12-13T03:59:37.475-0800] {logging_mixin.py:190} INFO - [2024-12-13T03:59:37.475-0800] {dag.py:3239} INFO - Sync 1 DAGs
[2024-12-13T03:59:37.497-0800] {logging_mixin.py:190} INFO - [2024-12-13T03:59:37.496-0800] {dag.py:4180} INFO - Setting next_dagrun for example_nested_branch_dag to 2024-12-12 00:00:00+00:00, run_after=2024-12-13 00:00:00+00:00
[2024-12-13T03:59:37.515-0800] {processor.py:208} INFO - Processing /Users/machine/Velocity_railway/airflow_env/lib/python3.10/site-packages/airflow/example_dags/example_nested_branch_dag.py took 0.272 seconds
[2024-12-13T05:50:47.685-0800] {processor.py:186} INFO - Started process (PID=93392) to work on /Users/machine/Velocity_railway/airflow_env/lib/python3.10/site-packages/airflow/example_dags/example_nested_branch_dag.py
[2024-12-13T05:50:47.687-0800] {processor.py:914} INFO - Processing file /Users/machine/Velocity_railway/airflow_env/lib/python3.10/site-packages/airflow/example_dags/example_nested_branch_dag.py for tasks to queue
[2024-12-13T05:50:47.688-0800] {logging_mixin.py:190} INFO - [2024-12-13T05:50:47.688-0800] {dagbag.py:588} INFO - Filling up the DagBag from /Users/machine/Velocity_railway/airflow_env/lib/python3.10/site-packages/airflow/example_dags/example_nested_branch_dag.py
[2024-12-13T05:50:47.785-0800] {processor.py:925} INFO - DAG(s) 'example_nested_branch_dag' retrieved from /Users/machine/Velocity_railway/airflow_env/lib/python3.10/site-packages/airflow/example_dags/example_nested_branch_dag.py
[2024-12-13T05:50:47.898-0800] {logging_mixin.py:190} INFO - [2024-12-13T05:50:47.897-0800] {dag.py:3239} INFO - Sync 1 DAGs
[2024-12-13T05:50:47.916-0800] {logging_mixin.py:190} INFO - [2024-12-13T05:50:47.916-0800] {dag.py:4180} INFO - Setting next_dagrun for example_nested_branch_dag to 2024-12-12 00:00:00+00:00, run_after=2024-12-13 00:00:00+00:00
[2024-12-13T05:50:47.933-0800] {processor.py:208} INFO - Processing /Users/machine/Velocity_railway/airflow_env/lib/python3.10/site-packages/airflow/example_dags/example_nested_branch_dag.py took 0.254 seconds
