[2024-12-13T03:08:44.059-0800] {processor.py:186} INFO - Started process (PID=81789) to work on /Users/machine/Velocity_railway/airflow_env/lib/python3.10/site-packages/airflow/example_dags/example_xcom.py
[2024-12-13T03:08:44.060-0800] {processor.py:914} INFO - Processing file /Users/machine/Velocity_railway/airflow_env/lib/python3.10/site-packages/airflow/example_dags/example_xcom.py for tasks to queue
[2024-12-13T03:08:44.062-0800] {logging_mixin.py:190} INFO - [2024-12-13T03:08:44.061-0800] {dagbag.py:588} INFO - Filling up the DagBag from /Users/machine/Velocity_railway/airflow_env/lib/python3.10/site-packages/airflow/example_dags/example_xcom.py
[2024-12-13T03:08:44.147-0800] {processor.py:925} INFO - DAG(s) 'example_xcom' retrieved from /Users/machine/Velocity_railway/airflow_env/lib/python3.10/site-packages/airflow/example_dags/example_xcom.py
[2024-12-13T03:08:44.349-0800] {logging_mixin.py:190} INFO - [2024-12-13T03:08:44.349-0800] {override.py:1911} INFO - Created Permission View: can edit on DAG:example_xcom
[2024-12-13T03:08:44.358-0800] {logging_mixin.py:190} INFO - [2024-12-13T03:08:44.357-0800] {override.py:1911} INFO - Created Permission View: can delete on DAG:example_xcom
[2024-12-13T03:08:44.363-0800] {logging_mixin.py:190} INFO - [2024-12-13T03:08:44.363-0800] {override.py:1911} INFO - Created Permission View: can read on DAG:example_xcom
[2024-12-13T03:08:44.371-0800] {logging_mixin.py:190} INFO - [2024-12-13T03:08:44.370-0800] {override.py:1911} INFO - Created Permission View: can create on DAG Run:example_xcom
[2024-12-13T03:08:44.377-0800] {logging_mixin.py:190} INFO - [2024-12-13T03:08:44.377-0800] {override.py:1911} INFO - Created Permission View: menu access on DAG Run:example_xcom
[2024-12-13T03:08:44.383-0800] {logging_mixin.py:190} INFO - [2024-12-13T03:08:44.383-0800] {override.py:1911} INFO - Created Permission View: can delete on DAG Run:example_xcom
[2024-12-13T03:08:44.389-0800] {logging_mixin.py:190} INFO - [2024-12-13T03:08:44.389-0800] {override.py:1911} INFO - Created Permission View: can read on DAG Run:example_xcom
[2024-12-13T03:08:44.389-0800] {logging_mixin.py:190} INFO - [2024-12-13T03:08:44.389-0800] {dag.py:3239} INFO - Sync 1 DAGs
[2024-12-13T03:08:44.401-0800] {logging_mixin.py:190} INFO - [2024-12-13T03:08:44.401-0800] {dag.py:3262} INFO - Creating ORM DAG for example_xcom
[2024-12-13T03:08:44.409-0800] {logging_mixin.py:190} INFO - [2024-12-13T03:08:44.408-0800] {dag.py:4180} INFO - Setting next_dagrun for example_xcom to 2021-01-01 00:00:00+00:00, run_after=2021-01-01 00:00:00+00:00
[2024-12-13T03:08:44.424-0800] {processor.py:208} INFO - Processing /Users/machine/Velocity_railway/airflow_env/lib/python3.10/site-packages/airflow/example_dags/example_xcom.py took 0.371 seconds
[2024-12-13T03:11:46.672-0800] {processor.py:186} INFO - Started process (PID=82390) to work on /Users/machine/Velocity_railway/airflow_env/lib/python3.10/site-packages/airflow/example_dags/example_xcom.py
[2024-12-13T03:11:46.674-0800] {processor.py:914} INFO - Processing file /Users/machine/Velocity_railway/airflow_env/lib/python3.10/site-packages/airflow/example_dags/example_xcom.py for tasks to queue
[2024-12-13T03:11:46.676-0800] {logging_mixin.py:190} INFO - [2024-12-13T03:11:46.676-0800] {dagbag.py:588} INFO - Filling up the DagBag from /Users/machine/Velocity_railway/airflow_env/lib/python3.10/site-packages/airflow/example_dags/example_xcom.py
[2024-12-13T03:11:46.766-0800] {processor.py:925} INFO - DAG(s) 'example_xcom' retrieved from /Users/machine/Velocity_railway/airflow_env/lib/python3.10/site-packages/airflow/example_dags/example_xcom.py
[2024-12-13T03:11:46.884-0800] {logging_mixin.py:190} INFO - [2024-12-13T03:11:46.884-0800] {dag.py:3239} INFO - Sync 1 DAGs
[2024-12-13T03:11:46.901-0800] {logging_mixin.py:190} INFO - [2024-12-13T03:11:46.901-0800] {dag.py:4180} INFO - Setting next_dagrun for example_xcom to 2021-01-01 00:00:00+00:00, run_after=2021-01-01 00:00:00+00:00
[2024-12-13T03:11:46.920-0800] {processor.py:208} INFO - Processing /Users/machine/Velocity_railway/airflow_env/lib/python3.10/site-packages/airflow/example_dags/example_xcom.py took 0.255 seconds
[2024-12-13T03:14:19.974-0800] {processor.py:186} INFO - Started process (PID=82896) to work on /Users/machine/Velocity_railway/airflow_env/lib/python3.10/site-packages/airflow/example_dags/example_xcom.py
[2024-12-13T03:14:19.976-0800] {processor.py:914} INFO - Processing file /Users/machine/Velocity_railway/airflow_env/lib/python3.10/site-packages/airflow/example_dags/example_xcom.py for tasks to queue
[2024-12-13T03:14:19.977-0800] {logging_mixin.py:190} INFO - [2024-12-13T03:14:19.977-0800] {dagbag.py:588} INFO - Filling up the DagBag from /Users/machine/Velocity_railway/airflow_env/lib/python3.10/site-packages/airflow/example_dags/example_xcom.py
[2024-12-13T03:14:20.073-0800] {processor.py:925} INFO - DAG(s) 'example_xcom' retrieved from /Users/machine/Velocity_railway/airflow_env/lib/python3.10/site-packages/airflow/example_dags/example_xcom.py
[2024-12-13T03:14:20.197-0800] {logging_mixin.py:190} INFO - [2024-12-13T03:14:20.196-0800] {dag.py:3239} INFO - Sync 1 DAGs
[2024-12-13T03:14:20.216-0800] {logging_mixin.py:190} INFO - [2024-12-13T03:14:20.215-0800] {dag.py:4180} INFO - Setting next_dagrun for example_xcom to 2021-01-01 00:00:00+00:00, run_after=2021-01-01 00:00:00+00:00
[2024-12-13T03:14:20.236-0800] {processor.py:208} INFO - Processing /Users/machine/Velocity_railway/airflow_env/lib/python3.10/site-packages/airflow/example_dags/example_xcom.py took 0.269 seconds
[2024-12-13T03:16:43.764-0800] {processor.py:186} INFO - Started process (PID=83369) to work on /Users/machine/Velocity_railway/airflow_env/lib/python3.10/site-packages/airflow/example_dags/example_xcom.py
[2024-12-13T03:16:43.766-0800] {processor.py:914} INFO - Processing file /Users/machine/Velocity_railway/airflow_env/lib/python3.10/site-packages/airflow/example_dags/example_xcom.py for tasks to queue
[2024-12-13T03:16:43.767-0800] {logging_mixin.py:190} INFO - [2024-12-13T03:16:43.767-0800] {dagbag.py:588} INFO - Filling up the DagBag from /Users/machine/Velocity_railway/airflow_env/lib/python3.10/site-packages/airflow/example_dags/example_xcom.py
[2024-12-13T03:16:43.853-0800] {processor.py:925} INFO - DAG(s) 'example_xcom' retrieved from /Users/machine/Velocity_railway/airflow_env/lib/python3.10/site-packages/airflow/example_dags/example_xcom.py
[2024-12-13T03:16:43.969-0800] {logging_mixin.py:190} INFO - [2024-12-13T03:16:43.968-0800] {dag.py:3239} INFO - Sync 1 DAGs
[2024-12-13T03:16:43.985-0800] {logging_mixin.py:190} INFO - [2024-12-13T03:16:43.985-0800] {dag.py:4180} INFO - Setting next_dagrun for example_xcom to 2021-01-01 00:00:00+00:00, run_after=2021-01-01 00:00:00+00:00
[2024-12-13T03:16:44.004-0800] {processor.py:208} INFO - Processing /Users/machine/Velocity_railway/airflow_env/lib/python3.10/site-packages/airflow/example_dags/example_xcom.py took 0.246 seconds
[2024-12-13T03:19:00.358-0800] {processor.py:186} INFO - Started process (PID=83832) to work on /Users/machine/Velocity_railway/airflow_env/lib/python3.10/site-packages/airflow/example_dags/example_xcom.py
[2024-12-13T03:19:00.360-0800] {processor.py:914} INFO - Processing file /Users/machine/Velocity_railway/airflow_env/lib/python3.10/site-packages/airflow/example_dags/example_xcom.py for tasks to queue
[2024-12-13T03:19:00.362-0800] {logging_mixin.py:190} INFO - [2024-12-13T03:19:00.361-0800] {dagbag.py:588} INFO - Filling up the DagBag from /Users/machine/Velocity_railway/airflow_env/lib/python3.10/site-packages/airflow/example_dags/example_xcom.py
[2024-12-13T03:19:00.446-0800] {processor.py:925} INFO - DAG(s) 'example_xcom' retrieved from /Users/machine/Velocity_railway/airflow_env/lib/python3.10/site-packages/airflow/example_dags/example_xcom.py
[2024-12-13T03:19:00.547-0800] {logging_mixin.py:190} INFO - [2024-12-13T03:19:00.547-0800] {dag.py:3239} INFO - Sync 1 DAGs
[2024-12-13T03:19:00.563-0800] {logging_mixin.py:190} INFO - [2024-12-13T03:19:00.562-0800] {dag.py:4180} INFO - Setting next_dagrun for example_xcom to 2021-01-01 00:00:00+00:00, run_after=2021-01-01 00:00:00+00:00
[2024-12-13T03:19:00.580-0800] {processor.py:208} INFO - Processing /Users/machine/Velocity_railway/airflow_env/lib/python3.10/site-packages/airflow/example_dags/example_xcom.py took 0.227 seconds
[2024-12-13T03:21:08.801-0800] {processor.py:186} INFO - Started process (PID=84291) to work on /Users/machine/Velocity_railway/airflow_env/lib/python3.10/site-packages/airflow/example_dags/example_xcom.py
[2024-12-13T03:21:08.803-0800] {processor.py:914} INFO - Processing file /Users/machine/Velocity_railway/airflow_env/lib/python3.10/site-packages/airflow/example_dags/example_xcom.py for tasks to queue
[2024-12-13T03:21:08.804-0800] {logging_mixin.py:190} INFO - [2024-12-13T03:21:08.804-0800] {dagbag.py:588} INFO - Filling up the DagBag from /Users/machine/Velocity_railway/airflow_env/lib/python3.10/site-packages/airflow/example_dags/example_xcom.py
[2024-12-13T03:21:08.884-0800] {processor.py:925} INFO - DAG(s) 'example_xcom' retrieved from /Users/machine/Velocity_railway/airflow_env/lib/python3.10/site-packages/airflow/example_dags/example_xcom.py
[2024-12-13T03:21:08.982-0800] {logging_mixin.py:190} INFO - [2024-12-13T03:21:08.981-0800] {dag.py:3239} INFO - Sync 1 DAGs
[2024-12-13T03:21:08.996-0800] {logging_mixin.py:190} INFO - [2024-12-13T03:21:08.996-0800] {dag.py:4180} INFO - Setting next_dagrun for example_xcom to 2021-01-01 00:00:00+00:00, run_after=2021-01-01 00:00:00+00:00
[2024-12-13T03:21:09.013-0800] {processor.py:208} INFO - Processing /Users/machine/Velocity_railway/airflow_env/lib/python3.10/site-packages/airflow/example_dags/example_xcom.py took 0.217 seconds
[2024-12-13T03:23:31.024-0800] {processor.py:186} INFO - Started process (PID=84767) to work on /Users/machine/Velocity_railway/airflow_env/lib/python3.10/site-packages/airflow/example_dags/example_xcom.py
[2024-12-13T03:23:31.026-0800] {processor.py:914} INFO - Processing file /Users/machine/Velocity_railway/airflow_env/lib/python3.10/site-packages/airflow/example_dags/example_xcom.py for tasks to queue
[2024-12-13T03:23:31.027-0800] {logging_mixin.py:190} INFO - [2024-12-13T03:23:31.027-0800] {dagbag.py:588} INFO - Filling up the DagBag from /Users/machine/Velocity_railway/airflow_env/lib/python3.10/site-packages/airflow/example_dags/example_xcom.py
[2024-12-13T03:23:31.106-0800] {processor.py:925} INFO - DAG(s) 'example_xcom' retrieved from /Users/machine/Velocity_railway/airflow_env/lib/python3.10/site-packages/airflow/example_dags/example_xcom.py
[2024-12-13T03:23:31.208-0800] {logging_mixin.py:190} INFO - [2024-12-13T03:23:31.207-0800] {dag.py:3239} INFO - Sync 1 DAGs
[2024-12-13T03:23:31.224-0800] {logging_mixin.py:190} INFO - [2024-12-13T03:23:31.224-0800] {dag.py:4180} INFO - Setting next_dagrun for example_xcom to 2021-01-01 00:00:00+00:00, run_after=2021-01-01 00:00:00+00:00
[2024-12-13T03:23:31.240-0800] {processor.py:208} INFO - Processing /Users/machine/Velocity_railway/airflow_env/lib/python3.10/site-packages/airflow/example_dags/example_xcom.py took 0.222 seconds
[2024-12-13T03:25:47.851-0800] {processor.py:186} INFO - Started process (PID=85244) to work on /Users/machine/Velocity_railway/airflow_env/lib/python3.10/site-packages/airflow/example_dags/example_xcom.py
[2024-12-13T03:25:47.853-0800] {processor.py:914} INFO - Processing file /Users/machine/Velocity_railway/airflow_env/lib/python3.10/site-packages/airflow/example_dags/example_xcom.py for tasks to queue
[2024-12-13T03:25:47.854-0800] {logging_mixin.py:190} INFO - [2024-12-13T03:25:47.854-0800] {dagbag.py:588} INFO - Filling up the DagBag from /Users/machine/Velocity_railway/airflow_env/lib/python3.10/site-packages/airflow/example_dags/example_xcom.py
[2024-12-13T03:25:47.933-0800] {processor.py:925} INFO - DAG(s) 'example_xcom' retrieved from /Users/machine/Velocity_railway/airflow_env/lib/python3.10/site-packages/airflow/example_dags/example_xcom.py
[2024-12-13T03:25:48.035-0800] {logging_mixin.py:190} INFO - [2024-12-13T03:25:48.035-0800] {dag.py:3239} INFO - Sync 1 DAGs
[2024-12-13T03:25:48.051-0800] {logging_mixin.py:190} INFO - [2024-12-13T03:25:48.051-0800] {dag.py:4180} INFO - Setting next_dagrun for example_xcom to 2021-01-01 00:00:00+00:00, run_after=2021-01-01 00:00:00+00:00
[2024-12-13T03:25:48.067-0800] {processor.py:208} INFO - Processing /Users/machine/Velocity_railway/airflow_env/lib/python3.10/site-packages/airflow/example_dags/example_xcom.py took 0.222 seconds
[2024-12-13T03:28:03.842-0800] {processor.py:186} INFO - Started process (PID=85708) to work on /Users/machine/Velocity_railway/airflow_env/lib/python3.10/site-packages/airflow/example_dags/example_xcom.py
[2024-12-13T03:28:03.850-0800] {processor.py:914} INFO - Processing file /Users/machine/Velocity_railway/airflow_env/lib/python3.10/site-packages/airflow/example_dags/example_xcom.py for tasks to queue
[2024-12-13T03:28:03.851-0800] {logging_mixin.py:190} INFO - [2024-12-13T03:28:03.851-0800] {dagbag.py:588} INFO - Filling up the DagBag from /Users/machine/Velocity_railway/airflow_env/lib/python3.10/site-packages/airflow/example_dags/example_xcom.py
[2024-12-13T03:28:03.945-0800] {processor.py:925} INFO - DAG(s) 'example_xcom' retrieved from /Users/machine/Velocity_railway/airflow_env/lib/python3.10/site-packages/airflow/example_dags/example_xcom.py
[2024-12-13T03:28:04.067-0800] {logging_mixin.py:190} INFO - [2024-12-13T03:28:04.066-0800] {dag.py:3239} INFO - Sync 1 DAGs
[2024-12-13T03:28:04.084-0800] {logging_mixin.py:190} INFO - [2024-12-13T03:28:04.084-0800] {dag.py:4180} INFO - Setting next_dagrun for example_xcom to 2021-01-01 00:00:00+00:00, run_after=2021-01-01 00:00:00+00:00
[2024-12-13T03:28:04.102-0800] {processor.py:208} INFO - Processing /Users/machine/Velocity_railway/airflow_env/lib/python3.10/site-packages/airflow/example_dags/example_xcom.py took 0.266 seconds
[2024-12-13T03:30:21.088-0800] {processor.py:186} INFO - Started process (PID=86157) to work on /Users/machine/Velocity_railway/airflow_env/lib/python3.10/site-packages/airflow/example_dags/example_xcom.py
[2024-12-13T03:30:21.089-0800] {processor.py:914} INFO - Processing file /Users/machine/Velocity_railway/airflow_env/lib/python3.10/site-packages/airflow/example_dags/example_xcom.py for tasks to queue
[2024-12-13T03:30:21.091-0800] {logging_mixin.py:190} INFO - [2024-12-13T03:30:21.091-0800] {dagbag.py:588} INFO - Filling up the DagBag from /Users/machine/Velocity_railway/airflow_env/lib/python3.10/site-packages/airflow/example_dags/example_xcom.py
[2024-12-13T03:30:21.183-0800] {processor.py:925} INFO - DAG(s) 'example_xcom' retrieved from /Users/machine/Velocity_railway/airflow_env/lib/python3.10/site-packages/airflow/example_dags/example_xcom.py
[2024-12-13T03:30:21.283-0800] {logging_mixin.py:190} INFO - [2024-12-13T03:30:21.283-0800] {dag.py:3239} INFO - Sync 1 DAGs
[2024-12-13T03:30:21.298-0800] {logging_mixin.py:190} INFO - [2024-12-13T03:30:21.298-0800] {dag.py:4180} INFO - Setting next_dagrun for example_xcom to 2021-01-01 00:00:00+00:00, run_after=2021-01-01 00:00:00+00:00
[2024-12-13T03:30:21.314-0800] {processor.py:208} INFO - Processing /Users/machine/Velocity_railway/airflow_env/lib/python3.10/site-packages/airflow/example_dags/example_xcom.py took 0.233 seconds
[2024-12-13T03:32:46.851-0800] {processor.py:186} INFO - Started process (PID=86673) to work on /Users/machine/Velocity_railway/airflow_env/lib/python3.10/site-packages/airflow/example_dags/example_xcom.py
[2024-12-13T03:32:46.853-0800] {processor.py:914} INFO - Processing file /Users/machine/Velocity_railway/airflow_env/lib/python3.10/site-packages/airflow/example_dags/example_xcom.py for tasks to queue
[2024-12-13T03:32:46.855-0800] {logging_mixin.py:190} INFO - [2024-12-13T03:32:46.855-0800] {dagbag.py:588} INFO - Filling up the DagBag from /Users/machine/Velocity_railway/airflow_env/lib/python3.10/site-packages/airflow/example_dags/example_xcom.py
[2024-12-13T03:32:46.975-0800] {processor.py:925} INFO - DAG(s) 'example_xcom' retrieved from /Users/machine/Velocity_railway/airflow_env/lib/python3.10/site-packages/airflow/example_dags/example_xcom.py
[2024-12-13T03:32:47.092-0800] {logging_mixin.py:190} INFO - [2024-12-13T03:32:47.092-0800] {dag.py:3239} INFO - Sync 1 DAGs
[2024-12-13T03:32:47.109-0800] {logging_mixin.py:190} INFO - [2024-12-13T03:32:47.109-0800] {dag.py:4180} INFO - Setting next_dagrun for example_xcom to 2021-01-01 00:00:00+00:00, run_after=2021-01-01 00:00:00+00:00
[2024-12-13T03:32:47.131-0800] {processor.py:208} INFO - Processing /Users/machine/Velocity_railway/airflow_env/lib/python3.10/site-packages/airflow/example_dags/example_xcom.py took 0.287 seconds
[2024-12-13T03:35:13.757-0800] {processor.py:186} INFO - Started process (PID=87261) to work on /Users/machine/Velocity_railway/airflow_env/lib/python3.10/site-packages/airflow/example_dags/example_xcom.py
[2024-12-13T03:35:13.759-0800] {processor.py:914} INFO - Processing file /Users/machine/Velocity_railway/airflow_env/lib/python3.10/site-packages/airflow/example_dags/example_xcom.py for tasks to queue
[2024-12-13T03:35:13.761-0800] {logging_mixin.py:190} INFO - [2024-12-13T03:35:13.760-0800] {dagbag.py:588} INFO - Filling up the DagBag from /Users/machine/Velocity_railway/airflow_env/lib/python3.10/site-packages/airflow/example_dags/example_xcom.py
[2024-12-13T03:35:13.847-0800] {processor.py:925} INFO - DAG(s) 'example_xcom' retrieved from /Users/machine/Velocity_railway/airflow_env/lib/python3.10/site-packages/airflow/example_dags/example_xcom.py
[2024-12-13T03:35:13.962-0800] {logging_mixin.py:190} INFO - [2024-12-13T03:35:13.962-0800] {dag.py:3239} INFO - Sync 1 DAGs
[2024-12-13T03:35:13.979-0800] {logging_mixin.py:190} INFO - [2024-12-13T03:35:13.979-0800] {dag.py:4180} INFO - Setting next_dagrun for example_xcom to 2021-01-01 00:00:00+00:00, run_after=2021-01-01 00:00:00+00:00
[2024-12-13T03:35:13.997-0800] {processor.py:208} INFO - Processing /Users/machine/Velocity_railway/airflow_env/lib/python3.10/site-packages/airflow/example_dags/example_xcom.py took 0.246 seconds
[2024-12-13T03:37:39.998-0800] {processor.py:186} INFO - Started process (PID=87752) to work on /Users/machine/Velocity_railway/airflow_env/lib/python3.10/site-packages/airflow/example_dags/example_xcom.py
[2024-12-13T03:37:40.001-0800] {processor.py:914} INFO - Processing file /Users/machine/Velocity_railway/airflow_env/lib/python3.10/site-packages/airflow/example_dags/example_xcom.py for tasks to queue
[2024-12-13T03:37:40.003-0800] {logging_mixin.py:190} INFO - [2024-12-13T03:37:40.003-0800] {dagbag.py:588} INFO - Filling up the DagBag from /Users/machine/Velocity_railway/airflow_env/lib/python3.10/site-packages/airflow/example_dags/example_xcom.py
[2024-12-13T03:37:40.104-0800] {processor.py:925} INFO - DAG(s) 'example_xcom' retrieved from /Users/machine/Velocity_railway/airflow_env/lib/python3.10/site-packages/airflow/example_dags/example_xcom.py
[2024-12-13T03:37:40.223-0800] {logging_mixin.py:190} INFO - [2024-12-13T03:37:40.222-0800] {dag.py:3239} INFO - Sync 1 DAGs
[2024-12-13T03:37:40.241-0800] {logging_mixin.py:190} INFO - [2024-12-13T03:37:40.241-0800] {dag.py:4180} INFO - Setting next_dagrun for example_xcom to 2021-01-01 00:00:00+00:00, run_after=2021-01-01 00:00:00+00:00
[2024-12-13T03:37:40.260-0800] {processor.py:208} INFO - Processing /Users/machine/Velocity_railway/airflow_env/lib/python3.10/site-packages/airflow/example_dags/example_xcom.py took 0.267 seconds
[2024-12-13T03:40:04.896-0800] {processor.py:186} INFO - Started process (PID=88228) to work on /Users/machine/Velocity_railway/airflow_env/lib/python3.10/site-packages/airflow/example_dags/example_xcom.py
[2024-12-13T03:40:04.898-0800] {processor.py:914} INFO - Processing file /Users/machine/Velocity_railway/airflow_env/lib/python3.10/site-packages/airflow/example_dags/example_xcom.py for tasks to queue
[2024-12-13T03:40:04.899-0800] {logging_mixin.py:190} INFO - [2024-12-13T03:40:04.899-0800] {dagbag.py:588} INFO - Filling up the DagBag from /Users/machine/Velocity_railway/airflow_env/lib/python3.10/site-packages/airflow/example_dags/example_xcom.py
[2024-12-13T03:40:04.982-0800] {processor.py:925} INFO - DAG(s) 'example_xcom' retrieved from /Users/machine/Velocity_railway/airflow_env/lib/python3.10/site-packages/airflow/example_dags/example_xcom.py
[2024-12-13T03:40:05.086-0800] {logging_mixin.py:190} INFO - [2024-12-13T03:40:05.086-0800] {dag.py:3239} INFO - Sync 1 DAGs
[2024-12-13T03:40:05.102-0800] {logging_mixin.py:190} INFO - [2024-12-13T03:40:05.102-0800] {dag.py:4180} INFO - Setting next_dagrun for example_xcom to 2021-01-01 00:00:00+00:00, run_after=2021-01-01 00:00:00+00:00
[2024-12-13T03:40:05.120-0800] {processor.py:208} INFO - Processing /Users/machine/Velocity_railway/airflow_env/lib/python3.10/site-packages/airflow/example_dags/example_xcom.py took 0.229 seconds
[2024-12-13T03:42:16.651-0800] {processor.py:186} INFO - Started process (PID=88688) to work on /Users/machine/Velocity_railway/airflow_env/lib/python3.10/site-packages/airflow/example_dags/example_xcom.py
[2024-12-13T03:42:16.652-0800] {processor.py:914} INFO - Processing file /Users/machine/Velocity_railway/airflow_env/lib/python3.10/site-packages/airflow/example_dags/example_xcom.py for tasks to queue
[2024-12-13T03:42:16.654-0800] {logging_mixin.py:190} INFO - [2024-12-13T03:42:16.653-0800] {dagbag.py:588} INFO - Filling up the DagBag from /Users/machine/Velocity_railway/airflow_env/lib/python3.10/site-packages/airflow/example_dags/example_xcom.py
[2024-12-13T03:42:16.735-0800] {processor.py:925} INFO - DAG(s) 'example_xcom' retrieved from /Users/machine/Velocity_railway/airflow_env/lib/python3.10/site-packages/airflow/example_dags/example_xcom.py
[2024-12-13T03:42:16.841-0800] {logging_mixin.py:190} INFO - [2024-12-13T03:42:16.841-0800] {dag.py:3239} INFO - Sync 1 DAGs
[2024-12-13T03:42:16.858-0800] {logging_mixin.py:190} INFO - [2024-12-13T03:42:16.857-0800] {dag.py:4180} INFO - Setting next_dagrun for example_xcom to 2021-01-01 00:00:00+00:00, run_after=2021-01-01 00:00:00+00:00
[2024-12-13T03:42:16.875-0800] {processor.py:208} INFO - Processing /Users/machine/Velocity_railway/airflow_env/lib/python3.10/site-packages/airflow/example_dags/example_xcom.py took 0.229 seconds
[2024-12-13T03:44:30.420-0800] {processor.py:186} INFO - Started process (PID=89150) to work on /Users/machine/Velocity_railway/airflow_env/lib/python3.10/site-packages/airflow/example_dags/example_xcom.py
[2024-12-13T03:44:30.422-0800] {processor.py:914} INFO - Processing file /Users/machine/Velocity_railway/airflow_env/lib/python3.10/site-packages/airflow/example_dags/example_xcom.py for tasks to queue
[2024-12-13T03:44:30.423-0800] {logging_mixin.py:190} INFO - [2024-12-13T03:44:30.423-0800] {dagbag.py:588} INFO - Filling up the DagBag from /Users/machine/Velocity_railway/airflow_env/lib/python3.10/site-packages/airflow/example_dags/example_xcom.py
[2024-12-13T03:44:30.511-0800] {processor.py:925} INFO - DAG(s) 'example_xcom' retrieved from /Users/machine/Velocity_railway/airflow_env/lib/python3.10/site-packages/airflow/example_dags/example_xcom.py
[2024-12-13T03:44:30.626-0800] {logging_mixin.py:190} INFO - [2024-12-13T03:44:30.626-0800] {dag.py:3239} INFO - Sync 1 DAGs
[2024-12-13T03:44:30.643-0800] {logging_mixin.py:190} INFO - [2024-12-13T03:44:30.642-0800] {dag.py:4180} INFO - Setting next_dagrun for example_xcom to 2021-01-01 00:00:00+00:00, run_after=2021-01-01 00:00:00+00:00
[2024-12-13T03:44:30.660-0800] {processor.py:208} INFO - Processing /Users/machine/Velocity_railway/airflow_env/lib/python3.10/site-packages/airflow/example_dags/example_xcom.py took 0.247 seconds
[2024-12-13T03:46:45.502-0800] {processor.py:186} INFO - Started process (PID=89601) to work on /Users/machine/Velocity_railway/airflow_env/lib/python3.10/site-packages/airflow/example_dags/example_xcom.py
[2024-12-13T03:46:45.504-0800] {processor.py:914} INFO - Processing file /Users/machine/Velocity_railway/airflow_env/lib/python3.10/site-packages/airflow/example_dags/example_xcom.py for tasks to queue
[2024-12-13T03:46:45.506-0800] {logging_mixin.py:190} INFO - [2024-12-13T03:46:45.506-0800] {dagbag.py:588} INFO - Filling up the DagBag from /Users/machine/Velocity_railway/airflow_env/lib/python3.10/site-packages/airflow/example_dags/example_xcom.py
[2024-12-13T03:46:45.600-0800] {processor.py:925} INFO - DAG(s) 'example_xcom' retrieved from /Users/machine/Velocity_railway/airflow_env/lib/python3.10/site-packages/airflow/example_dags/example_xcom.py
[2024-12-13T03:46:45.705-0800] {logging_mixin.py:190} INFO - [2024-12-13T03:46:45.704-0800] {dag.py:3239} INFO - Sync 1 DAGs
[2024-12-13T03:46:45.720-0800] {logging_mixin.py:190} INFO - [2024-12-13T03:46:45.719-0800] {dag.py:4180} INFO - Setting next_dagrun for example_xcom to 2021-01-01 00:00:00+00:00, run_after=2021-01-01 00:00:00+00:00
[2024-12-13T03:46:45.737-0800] {processor.py:208} INFO - Processing /Users/machine/Velocity_railway/airflow_env/lib/python3.10/site-packages/airflow/example_dags/example_xcom.py took 0.242 seconds
[2024-12-13T03:48:58.433-0800] {processor.py:186} INFO - Started process (PID=90061) to work on /Users/machine/Velocity_railway/airflow_env/lib/python3.10/site-packages/airflow/example_dags/example_xcom.py
[2024-12-13T03:48:58.438-0800] {processor.py:914} INFO - Processing file /Users/machine/Velocity_railway/airflow_env/lib/python3.10/site-packages/airflow/example_dags/example_xcom.py for tasks to queue
[2024-12-13T03:48:58.439-0800] {logging_mixin.py:190} INFO - [2024-12-13T03:48:58.439-0800] {dagbag.py:588} INFO - Filling up the DagBag from /Users/machine/Velocity_railway/airflow_env/lib/python3.10/site-packages/airflow/example_dags/example_xcom.py
[2024-12-13T03:48:58.525-0800] {processor.py:925} INFO - DAG(s) 'example_xcom' retrieved from /Users/machine/Velocity_railway/airflow_env/lib/python3.10/site-packages/airflow/example_dags/example_xcom.py
[2024-12-13T03:48:58.648-0800] {logging_mixin.py:190} INFO - [2024-12-13T03:48:58.648-0800] {dag.py:3239} INFO - Sync 1 DAGs
[2024-12-13T03:48:58.666-0800] {logging_mixin.py:190} INFO - [2024-12-13T03:48:58.666-0800] {dag.py:4180} INFO - Setting next_dagrun for example_xcom to 2021-01-01 00:00:00+00:00, run_after=2021-01-01 00:00:00+00:00
[2024-12-13T03:48:58.685-0800] {processor.py:208} INFO - Processing /Users/machine/Velocity_railway/airflow_env/lib/python3.10/site-packages/airflow/example_dags/example_xcom.py took 0.258 seconds
[2024-12-13T03:51:16.977-0800] {processor.py:186} INFO - Started process (PID=90552) to work on /Users/machine/Velocity_railway/airflow_env/lib/python3.10/site-packages/airflow/example_dags/example_xcom.py
[2024-12-13T03:51:16.979-0800] {processor.py:914} INFO - Processing file /Users/machine/Velocity_railway/airflow_env/lib/python3.10/site-packages/airflow/example_dags/example_xcom.py for tasks to queue
[2024-12-13T03:51:16.980-0800] {logging_mixin.py:190} INFO - [2024-12-13T03:51:16.980-0800] {dagbag.py:588} INFO - Filling up the DagBag from /Users/machine/Velocity_railway/airflow_env/lib/python3.10/site-packages/airflow/example_dags/example_xcom.py
[2024-12-13T03:51:17.058-0800] {processor.py:925} INFO - DAG(s) 'example_xcom' retrieved from /Users/machine/Velocity_railway/airflow_env/lib/python3.10/site-packages/airflow/example_dags/example_xcom.py
[2024-12-13T03:51:17.162-0800] {logging_mixin.py:190} INFO - [2024-12-13T03:51:17.162-0800] {dag.py:3239} INFO - Sync 1 DAGs
[2024-12-13T03:51:17.178-0800] {logging_mixin.py:190} INFO - [2024-12-13T03:51:17.178-0800] {dag.py:4180} INFO - Setting next_dagrun for example_xcom to 2021-01-01 00:00:00+00:00, run_after=2021-01-01 00:00:00+00:00
[2024-12-13T03:51:17.195-0800] {processor.py:208} INFO - Processing /Users/machine/Velocity_railway/airflow_env/lib/python3.10/site-packages/airflow/example_dags/example_xcom.py took 0.224 seconds
[2024-12-13T03:53:37.191-0800] {processor.py:186} INFO - Started process (PID=91032) to work on /Users/machine/Velocity_railway/airflow_env/lib/python3.10/site-packages/airflow/example_dags/example_xcom.py
[2024-12-13T03:53:37.196-0800] {processor.py:914} INFO - Processing file /Users/machine/Velocity_railway/airflow_env/lib/python3.10/site-packages/airflow/example_dags/example_xcom.py for tasks to queue
[2024-12-13T03:53:37.199-0800] {logging_mixin.py:190} INFO - [2024-12-13T03:53:37.198-0800] {dagbag.py:588} INFO - Filling up the DagBag from /Users/machine/Velocity_railway/airflow_env/lib/python3.10/site-packages/airflow/example_dags/example_xcom.py
[2024-12-13T03:53:37.407-0800] {processor.py:925} INFO - DAG(s) 'example_xcom' retrieved from /Users/machine/Velocity_railway/airflow_env/lib/python3.10/site-packages/airflow/example_dags/example_xcom.py
[2024-12-13T03:53:37.586-0800] {logging_mixin.py:190} INFO - [2024-12-13T03:53:37.585-0800] {dag.py:3239} INFO - Sync 1 DAGs
[2024-12-13T03:53:37.611-0800] {logging_mixin.py:190} INFO - [2024-12-13T03:53:37.611-0800] {dag.py:4180} INFO - Setting next_dagrun for example_xcom to 2021-01-01 00:00:00+00:00, run_after=2021-01-01 00:00:00+00:00
[2024-12-13T03:53:37.642-0800] {processor.py:208} INFO - Processing /Users/machine/Velocity_railway/airflow_env/lib/python3.10/site-packages/airflow/example_dags/example_xcom.py took 0.461 seconds
[2024-12-13T03:55:59.757-0800] {processor.py:186} INFO - Started process (PID=91589) to work on /Users/machine/Velocity_railway/airflow_env/lib/python3.10/site-packages/airflow/example_dags/example_xcom.py
[2024-12-13T03:55:59.759-0800] {processor.py:914} INFO - Processing file /Users/machine/Velocity_railway/airflow_env/lib/python3.10/site-packages/airflow/example_dags/example_xcom.py for tasks to queue
[2024-12-13T03:55:59.761-0800] {logging_mixin.py:190} INFO - [2024-12-13T03:55:59.761-0800] {dagbag.py:588} INFO - Filling up the DagBag from /Users/machine/Velocity_railway/airflow_env/lib/python3.10/site-packages/airflow/example_dags/example_xcom.py
[2024-12-13T03:55:59.895-0800] {processor.py:925} INFO - DAG(s) 'example_xcom' retrieved from /Users/machine/Velocity_railway/airflow_env/lib/python3.10/site-packages/airflow/example_dags/example_xcom.py
[2024-12-13T03:56:00.065-0800] {logging_mixin.py:190} INFO - [2024-12-13T03:56:00.065-0800] {dag.py:3239} INFO - Sync 1 DAGs
[2024-12-13T03:56:00.089-0800] {logging_mixin.py:190} INFO - [2024-12-13T03:56:00.089-0800] {dag.py:4180} INFO - Setting next_dagrun for example_xcom to 2021-01-01 00:00:00+00:00, run_after=2021-01-01 00:00:00+00:00
[2024-12-13T03:56:00.116-0800] {processor.py:208} INFO - Processing /Users/machine/Velocity_railway/airflow_env/lib/python3.10/site-packages/airflow/example_dags/example_xcom.py took 0.368 seconds
[2024-12-13T03:58:28.888-0800] {processor.py:186} INFO - Started process (PID=92236) to work on /Users/machine/Velocity_railway/airflow_env/lib/python3.10/site-packages/airflow/example_dags/example_xcom.py
[2024-12-13T03:58:28.890-0800] {processor.py:914} INFO - Processing file /Users/machine/Velocity_railway/airflow_env/lib/python3.10/site-packages/airflow/example_dags/example_xcom.py for tasks to queue
[2024-12-13T03:58:28.891-0800] {logging_mixin.py:190} INFO - [2024-12-13T03:58:28.891-0800] {dagbag.py:588} INFO - Filling up the DagBag from /Users/machine/Velocity_railway/airflow_env/lib/python3.10/site-packages/airflow/example_dags/example_xcom.py
[2024-12-13T03:58:28.984-0800] {processor.py:925} INFO - DAG(s) 'example_xcom' retrieved from /Users/machine/Velocity_railway/airflow_env/lib/python3.10/site-packages/airflow/example_dags/example_xcom.py
[2024-12-13T03:58:29.103-0800] {logging_mixin.py:190} INFO - [2024-12-13T03:58:29.103-0800] {dag.py:3239} INFO - Sync 1 DAGs
[2024-12-13T03:58:29.121-0800] {logging_mixin.py:190} INFO - [2024-12-13T03:58:29.121-0800] {dag.py:4180} INFO - Setting next_dagrun for example_xcom to 2021-01-01 00:00:00+00:00, run_after=2021-01-01 00:00:00+00:00
[2024-12-13T03:58:29.140-0800] {processor.py:208} INFO - Processing /Users/machine/Velocity_railway/airflow_env/lib/python3.10/site-packages/airflow/example_dags/example_xcom.py took 0.258 seconds
[2024-12-13T04:00:57.880-0800] {processor.py:186} INFO - Started process (PID=92886) to work on /Users/machine/Velocity_railway/airflow_env/lib/python3.10/site-packages/airflow/example_dags/example_xcom.py
[2024-12-13T04:00:57.881-0800] {processor.py:914} INFO - Processing file /Users/machine/Velocity_railway/airflow_env/lib/python3.10/site-packages/airflow/example_dags/example_xcom.py for tasks to queue
[2024-12-13T04:00:57.883-0800] {logging_mixin.py:190} INFO - [2024-12-13T04:00:57.882-0800] {dagbag.py:588} INFO - Filling up the DagBag from /Users/machine/Velocity_railway/airflow_env/lib/python3.10/site-packages/airflow/example_dags/example_xcom.py
[2024-12-13T04:00:57.963-0800] {processor.py:925} INFO - DAG(s) 'example_xcom' retrieved from /Users/machine/Velocity_railway/airflow_env/lib/python3.10/site-packages/airflow/example_dags/example_xcom.py
[2024-12-13T04:00:58.069-0800] {logging_mixin.py:190} INFO - [2024-12-13T04:00:58.069-0800] {dag.py:3239} INFO - Sync 1 DAGs
[2024-12-13T04:00:58.087-0800] {logging_mixin.py:190} INFO - [2024-12-13T04:00:58.087-0800] {dag.py:4180} INFO - Setting next_dagrun for example_xcom to 2021-01-01 00:00:00+00:00, run_after=2021-01-01 00:00:00+00:00
[2024-12-13T04:00:58.104-0800] {processor.py:208} INFO - Processing /Users/machine/Velocity_railway/airflow_env/lib/python3.10/site-packages/airflow/example_dags/example_xcom.py took 0.230 seconds
[2024-12-13T05:52:10.125-0800] {processor.py:186} INFO - Started process (PID=93752) to work on /Users/machine/Velocity_railway/airflow_env/lib/python3.10/site-packages/airflow/example_dags/example_xcom.py
[2024-12-13T05:52:10.128-0800] {processor.py:914} INFO - Processing file /Users/machine/Velocity_railway/airflow_env/lib/python3.10/site-packages/airflow/example_dags/example_xcom.py for tasks to queue
[2024-12-13T05:52:10.129-0800] {logging_mixin.py:190} INFO - [2024-12-13T05:52:10.129-0800] {dagbag.py:588} INFO - Filling up the DagBag from /Users/machine/Velocity_railway/airflow_env/lib/python3.10/site-packages/airflow/example_dags/example_xcom.py
[2024-12-13T05:52:10.214-0800] {processor.py:925} INFO - DAG(s) 'example_xcom' retrieved from /Users/machine/Velocity_railway/airflow_env/lib/python3.10/site-packages/airflow/example_dags/example_xcom.py
[2024-12-13T05:52:10.315-0800] {logging_mixin.py:190} INFO - [2024-12-13T05:52:10.315-0800] {dag.py:3239} INFO - Sync 1 DAGs
[2024-12-13T05:52:10.333-0800] {logging_mixin.py:190} INFO - [2024-12-13T05:52:10.333-0800] {dag.py:4180} INFO - Setting next_dagrun for example_xcom to 2021-01-01 00:00:00+00:00, run_after=2021-01-01 00:00:00+00:00
[2024-12-13T05:52:10.353-0800] {processor.py:208} INFO - Processing /Users/machine/Velocity_railway/airflow_env/lib/python3.10/site-packages/airflow/example_dags/example_xcom.py took 0.234 seconds
