[2024-12-13T03:09:11.160-0800] {processor.py:186} INFO - Started process (PID=81878) to work on /Users/machine/Velocity_railway/airflow_env/lib/python3.10/site-packages/airflow/example_dags/example_skip_dag.py
[2024-12-13T03:09:11.162-0800] {processor.py:914} INFO - Processing file /Users/machine/Velocity_railway/airflow_env/lib/python3.10/site-packages/airflow/example_dags/example_skip_dag.py for tasks to queue
[2024-12-13T03:09:11.163-0800] {logging_mixin.py:190} INFO - [2024-12-13T03:09:11.163-0800] {dagbag.py:588} INFO - Filling up the DagBag from /Users/machine/Velocity_railway/airflow_env/lib/python3.10/site-packages/airflow/example_dags/example_skip_dag.py
[2024-12-13T03:09:11.173-0800] {processor.py:925} INFO - DAG(s) 'example_skip_dag' retrieved from /Users/machine/Velocity_railway/airflow_env/lib/python3.10/site-packages/airflow/example_dags/example_skip_dag.py
[2024-12-13T03:09:11.436-0800] {logging_mixin.py:190} INFO - [2024-12-13T03:09:11.435-0800] {override.py:1911} INFO - Created Permission View: can edit on DAG:example_skip_dag
[2024-12-13T03:09:11.444-0800] {logging_mixin.py:190} INFO - [2024-12-13T03:09:11.444-0800] {override.py:1911} INFO - Created Permission View: can read on DAG:example_skip_dag
[2024-12-13T03:09:11.449-0800] {logging_mixin.py:190} INFO - [2024-12-13T03:09:11.449-0800] {override.py:1911} INFO - Created Permission View: can delete on DAG:example_skip_dag
[2024-12-13T03:09:11.456-0800] {logging_mixin.py:190} INFO - [2024-12-13T03:09:11.456-0800] {override.py:1911} INFO - Created Permission View: menu access on DAG Run:example_skip_dag
[2024-12-13T03:09:11.462-0800] {logging_mixin.py:190} INFO - [2024-12-13T03:09:11.462-0800] {override.py:1911} INFO - Created Permission View: can create on DAG Run:example_skip_dag
[2024-12-13T03:09:11.467-0800] {logging_mixin.py:190} INFO - [2024-12-13T03:09:11.467-0800] {override.py:1911} INFO - Created Permission View: can read on DAG Run:example_skip_dag
[2024-12-13T03:09:11.473-0800] {logging_mixin.py:190} INFO - [2024-12-13T03:09:11.473-0800] {override.py:1911} INFO - Created Permission View: can delete on DAG Run:example_skip_dag
[2024-12-13T03:09:11.474-0800] {logging_mixin.py:190} INFO - [2024-12-13T03:09:11.473-0800] {dag.py:3239} INFO - Sync 1 DAGs
[2024-12-13T03:09:11.486-0800] {logging_mixin.py:190} INFO - [2024-12-13T03:09:11.486-0800] {dag.py:3262} INFO - Creating ORM DAG for example_skip_dag
[2024-12-13T03:09:11.495-0800] {logging_mixin.py:190} INFO - [2024-12-13T03:09:11.495-0800] {dag.py:4180} INFO - Setting next_dagrun for example_skip_dag to 2024-12-12 00:00:00+00:00, run_after=2024-12-13 00:00:00+00:00
[2024-12-13T03:09:11.511-0800] {processor.py:208} INFO - Processing /Users/machine/Velocity_railway/airflow_env/lib/python3.10/site-packages/airflow/example_dags/example_skip_dag.py took 0.357 seconds
[2024-12-13T03:12:12.943-0800] {processor.py:186} INFO - Started process (PID=82479) to work on /Users/machine/Velocity_railway/airflow_env/lib/python3.10/site-packages/airflow/example_dags/example_skip_dag.py
[2024-12-13T03:12:12.945-0800] {processor.py:914} INFO - Processing file /Users/machine/Velocity_railway/airflow_env/lib/python3.10/site-packages/airflow/example_dags/example_skip_dag.py for tasks to queue
[2024-12-13T03:12:12.946-0800] {logging_mixin.py:190} INFO - [2024-12-13T03:12:12.946-0800] {dagbag.py:588} INFO - Filling up the DagBag from /Users/machine/Velocity_railway/airflow_env/lib/python3.10/site-packages/airflow/example_dags/example_skip_dag.py
[2024-12-13T03:12:12.954-0800] {processor.py:925} INFO - DAG(s) 'example_skip_dag' retrieved from /Users/machine/Velocity_railway/airflow_env/lib/python3.10/site-packages/airflow/example_dags/example_skip_dag.py
[2024-12-13T03:12:13.121-0800] {logging_mixin.py:190} INFO - [2024-12-13T03:12:13.120-0800] {dag.py:3239} INFO - Sync 1 DAGs
[2024-12-13T03:12:13.140-0800] {logging_mixin.py:190} INFO - [2024-12-13T03:12:13.139-0800] {dag.py:4180} INFO - Setting next_dagrun for example_skip_dag to 2024-12-12 00:00:00+00:00, run_after=2024-12-13 00:00:00+00:00
[2024-12-13T03:12:13.158-0800] {processor.py:208} INFO - Processing /Users/machine/Velocity_railway/airflow_env/lib/python3.10/site-packages/airflow/example_dags/example_skip_dag.py took 0.222 seconds
[2024-12-13T03:14:48.701-0800] {processor.py:186} INFO - Started process (PID=82984) to work on /Users/machine/Velocity_railway/airflow_env/lib/python3.10/site-packages/airflow/example_dags/example_skip_dag.py
[2024-12-13T03:14:48.703-0800] {processor.py:914} INFO - Processing file /Users/machine/Velocity_railway/airflow_env/lib/python3.10/site-packages/airflow/example_dags/example_skip_dag.py for tasks to queue
[2024-12-13T03:14:48.704-0800] {logging_mixin.py:190} INFO - [2024-12-13T03:14:48.704-0800] {dagbag.py:588} INFO - Filling up the DagBag from /Users/machine/Velocity_railway/airflow_env/lib/python3.10/site-packages/airflow/example_dags/example_skip_dag.py
[2024-12-13T03:14:48.712-0800] {processor.py:925} INFO - DAG(s) 'example_skip_dag' retrieved from /Users/machine/Velocity_railway/airflow_env/lib/python3.10/site-packages/airflow/example_dags/example_skip_dag.py
[2024-12-13T03:14:48.878-0800] {logging_mixin.py:190} INFO - [2024-12-13T03:14:48.878-0800] {dag.py:3239} INFO - Sync 1 DAGs
[2024-12-13T03:14:48.896-0800] {logging_mixin.py:190} INFO - [2024-12-13T03:14:48.895-0800] {dag.py:4180} INFO - Setting next_dagrun for example_skip_dag to 2024-12-12 00:00:00+00:00, run_after=2024-12-13 00:00:00+00:00
[2024-12-13T03:14:48.913-0800] {processor.py:208} INFO - Processing /Users/machine/Velocity_railway/airflow_env/lib/python3.10/site-packages/airflow/example_dags/example_skip_dag.py took 0.218 seconds
[2024-12-13T03:17:09.805-0800] {processor.py:186} INFO - Started process (PID=83454) to work on /Users/machine/Velocity_railway/airflow_env/lib/python3.10/site-packages/airflow/example_dags/example_skip_dag.py
[2024-12-13T03:17:09.807-0800] {processor.py:914} INFO - Processing file /Users/machine/Velocity_railway/airflow_env/lib/python3.10/site-packages/airflow/example_dags/example_skip_dag.py for tasks to queue
[2024-12-13T03:17:09.808-0800] {logging_mixin.py:190} INFO - [2024-12-13T03:17:09.808-0800] {dagbag.py:588} INFO - Filling up the DagBag from /Users/machine/Velocity_railway/airflow_env/lib/python3.10/site-packages/airflow/example_dags/example_skip_dag.py
[2024-12-13T03:17:09.819-0800] {processor.py:925} INFO - DAG(s) 'example_skip_dag' retrieved from /Users/machine/Velocity_railway/airflow_env/lib/python3.10/site-packages/airflow/example_dags/example_skip_dag.py
[2024-12-13T03:17:09.971-0800] {logging_mixin.py:190} INFO - [2024-12-13T03:17:09.970-0800] {dag.py:3239} INFO - Sync 1 DAGs
[2024-12-13T03:17:09.988-0800] {logging_mixin.py:190} INFO - [2024-12-13T03:17:09.988-0800] {dag.py:4180} INFO - Setting next_dagrun for example_skip_dag to 2024-12-12 00:00:00+00:00, run_after=2024-12-13 00:00:00+00:00
[2024-12-13T03:17:10.005-0800] {processor.py:208} INFO - Processing /Users/machine/Velocity_railway/airflow_env/lib/python3.10/site-packages/airflow/example_dags/example_skip_dag.py took 0.205 seconds
[2024-12-13T03:19:26.055-0800] {processor.py:186} INFO - Started process (PID=83922) to work on /Users/machine/Velocity_railway/airflow_env/lib/python3.10/site-packages/airflow/example_dags/example_skip_dag.py
[2024-12-13T03:19:26.057-0800] {processor.py:914} INFO - Processing file /Users/machine/Velocity_railway/airflow_env/lib/python3.10/site-packages/airflow/example_dags/example_skip_dag.py for tasks to queue
[2024-12-13T03:19:26.058-0800] {logging_mixin.py:190} INFO - [2024-12-13T03:19:26.058-0800] {dagbag.py:588} INFO - Filling up the DagBag from /Users/machine/Velocity_railway/airflow_env/lib/python3.10/site-packages/airflow/example_dags/example_skip_dag.py
[2024-12-13T03:19:26.066-0800] {processor.py:925} INFO - DAG(s) 'example_skip_dag' retrieved from /Users/machine/Velocity_railway/airflow_env/lib/python3.10/site-packages/airflow/example_dags/example_skip_dag.py
[2024-12-13T03:19:26.216-0800] {logging_mixin.py:190} INFO - [2024-12-13T03:19:26.216-0800] {dag.py:3239} INFO - Sync 1 DAGs
[2024-12-13T03:19:26.232-0800] {logging_mixin.py:190} INFO - [2024-12-13T03:19:26.232-0800] {dag.py:4180} INFO - Setting next_dagrun for example_skip_dag to 2024-12-12 00:00:00+00:00, run_after=2024-12-13 00:00:00+00:00
[2024-12-13T03:19:26.248-0800] {processor.py:208} INFO - Processing /Users/machine/Velocity_railway/airflow_env/lib/python3.10/site-packages/airflow/example_dags/example_skip_dag.py took 0.199 seconds
[2024-12-13T03:21:34.574-0800] {processor.py:186} INFO - Started process (PID=84385) to work on /Users/machine/Velocity_railway/airflow_env/lib/python3.10/site-packages/airflow/example_dags/example_skip_dag.py
[2024-12-13T03:21:34.577-0800] {processor.py:914} INFO - Processing file /Users/machine/Velocity_railway/airflow_env/lib/python3.10/site-packages/airflow/example_dags/example_skip_dag.py for tasks to queue
[2024-12-13T03:21:34.578-0800] {logging_mixin.py:190} INFO - [2024-12-13T03:21:34.578-0800] {dagbag.py:588} INFO - Filling up the DagBag from /Users/machine/Velocity_railway/airflow_env/lib/python3.10/site-packages/airflow/example_dags/example_skip_dag.py
[2024-12-13T03:21:34.586-0800] {processor.py:925} INFO - DAG(s) 'example_skip_dag' retrieved from /Users/machine/Velocity_railway/airflow_env/lib/python3.10/site-packages/airflow/example_dags/example_skip_dag.py
[2024-12-13T03:21:34.750-0800] {logging_mixin.py:190} INFO - [2024-12-13T03:21:34.750-0800] {dag.py:3239} INFO - Sync 1 DAGs
[2024-12-13T03:21:34.767-0800] {logging_mixin.py:190} INFO - [2024-12-13T03:21:34.767-0800] {dag.py:4180} INFO - Setting next_dagrun for example_skip_dag to 2024-12-12 00:00:00+00:00, run_after=2024-12-13 00:00:00+00:00
[2024-12-13T03:21:34.785-0800] {processor.py:208} INFO - Processing /Users/machine/Velocity_railway/airflow_env/lib/python3.10/site-packages/airflow/example_dags/example_skip_dag.py took 0.216 seconds
[2024-12-13T03:23:57.473-0800] {processor.py:186} INFO - Started process (PID=84856) to work on /Users/machine/Velocity_railway/airflow_env/lib/python3.10/site-packages/airflow/example_dags/example_skip_dag.py
[2024-12-13T03:23:57.475-0800] {processor.py:914} INFO - Processing file /Users/machine/Velocity_railway/airflow_env/lib/python3.10/site-packages/airflow/example_dags/example_skip_dag.py for tasks to queue
[2024-12-13T03:23:57.477-0800] {logging_mixin.py:190} INFO - [2024-12-13T03:23:57.476-0800] {dagbag.py:588} INFO - Filling up the DagBag from /Users/machine/Velocity_railway/airflow_env/lib/python3.10/site-packages/airflow/example_dags/example_skip_dag.py
[2024-12-13T03:23:57.484-0800] {processor.py:925} INFO - DAG(s) 'example_skip_dag' retrieved from /Users/machine/Velocity_railway/airflow_env/lib/python3.10/site-packages/airflow/example_dags/example_skip_dag.py
[2024-12-13T03:23:57.652-0800] {logging_mixin.py:190} INFO - [2024-12-13T03:23:57.652-0800] {dag.py:3239} INFO - Sync 1 DAGs
[2024-12-13T03:23:57.672-0800] {logging_mixin.py:190} INFO - [2024-12-13T03:23:57.672-0800] {dag.py:4180} INFO - Setting next_dagrun for example_skip_dag to 2024-12-12 00:00:00+00:00, run_after=2024-12-13 00:00:00+00:00
[2024-12-13T03:23:57.691-0800] {processor.py:208} INFO - Processing /Users/machine/Velocity_railway/airflow_env/lib/python3.10/site-packages/airflow/example_dags/example_skip_dag.py took 0.224 seconds
[2024-12-13T03:26:14.315-0800] {processor.py:186} INFO - Started process (PID=85328) to work on /Users/machine/Velocity_railway/airflow_env/lib/python3.10/site-packages/airflow/example_dags/example_skip_dag.py
[2024-12-13T03:26:14.319-0800] {processor.py:914} INFO - Processing file /Users/machine/Velocity_railway/airflow_env/lib/python3.10/site-packages/airflow/example_dags/example_skip_dag.py for tasks to queue
[2024-12-13T03:26:14.320-0800] {logging_mixin.py:190} INFO - [2024-12-13T03:26:14.320-0800] {dagbag.py:588} INFO - Filling up the DagBag from /Users/machine/Velocity_railway/airflow_env/lib/python3.10/site-packages/airflow/example_dags/example_skip_dag.py
[2024-12-13T03:26:14.333-0800] {processor.py:925} INFO - DAG(s) 'example_skip_dag' retrieved from /Users/machine/Velocity_railway/airflow_env/lib/python3.10/site-packages/airflow/example_dags/example_skip_dag.py
[2024-12-13T03:26:14.494-0800] {logging_mixin.py:190} INFO - [2024-12-13T03:26:14.494-0800] {dag.py:3239} INFO - Sync 1 DAGs
[2024-12-13T03:26:14.511-0800] {logging_mixin.py:190} INFO - [2024-12-13T03:26:14.511-0800] {dag.py:4180} INFO - Setting next_dagrun for example_skip_dag to 2024-12-12 00:00:00+00:00, run_after=2024-12-13 00:00:00+00:00
[2024-12-13T03:26:14.541-0800] {processor.py:208} INFO - Processing /Users/machine/Velocity_railway/airflow_env/lib/python3.10/site-packages/airflow/example_dags/example_skip_dag.py took 0.232 seconds
[2024-12-13T03:28:31.327-0800] {processor.py:186} INFO - Started process (PID=85801) to work on /Users/machine/Velocity_railway/airflow_env/lib/python3.10/site-packages/airflow/example_dags/example_skip_dag.py
[2024-12-13T03:28:31.329-0800] {processor.py:914} INFO - Processing file /Users/machine/Velocity_railway/airflow_env/lib/python3.10/site-packages/airflow/example_dags/example_skip_dag.py for tasks to queue
[2024-12-13T03:28:31.330-0800] {logging_mixin.py:190} INFO - [2024-12-13T03:28:31.330-0800] {dagbag.py:588} INFO - Filling up the DagBag from /Users/machine/Velocity_railway/airflow_env/lib/python3.10/site-packages/airflow/example_dags/example_skip_dag.py
[2024-12-13T03:28:31.338-0800] {processor.py:925} INFO - DAG(s) 'example_skip_dag' retrieved from /Users/machine/Velocity_railway/airflow_env/lib/python3.10/site-packages/airflow/example_dags/example_skip_dag.py
[2024-12-13T03:28:31.501-0800] {logging_mixin.py:190} INFO - [2024-12-13T03:28:31.501-0800] {dag.py:3239} INFO - Sync 1 DAGs
[2024-12-13T03:28:31.521-0800] {logging_mixin.py:190} INFO - [2024-12-13T03:28:31.521-0800] {dag.py:4180} INFO - Setting next_dagrun for example_skip_dag to 2024-12-12 00:00:00+00:00, run_after=2024-12-13 00:00:00+00:00
[2024-12-13T03:28:31.560-0800] {processor.py:208} INFO - Processing /Users/machine/Velocity_railway/airflow_env/lib/python3.10/site-packages/airflow/example_dags/example_skip_dag.py took 0.239 seconds
[2024-12-13T03:30:50.107-0800] {processor.py:186} INFO - Started process (PID=86252) to work on /Users/machine/Velocity_railway/airflow_env/lib/python3.10/site-packages/airflow/example_dags/example_skip_dag.py
[2024-12-13T03:30:50.109-0800] {processor.py:914} INFO - Processing file /Users/machine/Velocity_railway/airflow_env/lib/python3.10/site-packages/airflow/example_dags/example_skip_dag.py for tasks to queue
[2024-12-13T03:30:50.111-0800] {logging_mixin.py:190} INFO - [2024-12-13T03:30:50.110-0800] {dagbag.py:588} INFO - Filling up the DagBag from /Users/machine/Velocity_railway/airflow_env/lib/python3.10/site-packages/airflow/example_dags/example_skip_dag.py
[2024-12-13T03:30:50.125-0800] {processor.py:925} INFO - DAG(s) 'example_skip_dag' retrieved from /Users/machine/Velocity_railway/airflow_env/lib/python3.10/site-packages/airflow/example_dags/example_skip_dag.py
[2024-12-13T03:30:50.326-0800] {logging_mixin.py:190} INFO - [2024-12-13T03:30:50.326-0800] {dag.py:3239} INFO - Sync 1 DAGs
[2024-12-13T03:30:50.347-0800] {logging_mixin.py:190} INFO - [2024-12-13T03:30:50.347-0800] {dag.py:4180} INFO - Setting next_dagrun for example_skip_dag to 2024-12-12 00:00:00+00:00, run_after=2024-12-13 00:00:00+00:00
[2024-12-13T03:30:50.368-0800] {processor.py:208} INFO - Processing /Users/machine/Velocity_railway/airflow_env/lib/python3.10/site-packages/airflow/example_dags/example_skip_dag.py took 0.267 seconds
[2024-12-13T03:33:12.113-0800] {processor.py:186} INFO - Started process (PID=86766) to work on /Users/machine/Velocity_railway/airflow_env/lib/python3.10/site-packages/airflow/example_dags/example_skip_dag.py
[2024-12-13T03:33:12.115-0800] {processor.py:914} INFO - Processing file /Users/machine/Velocity_railway/airflow_env/lib/python3.10/site-packages/airflow/example_dags/example_skip_dag.py for tasks to queue
[2024-12-13T03:33:12.116-0800] {logging_mixin.py:190} INFO - [2024-12-13T03:33:12.116-0800] {dagbag.py:588} INFO - Filling up the DagBag from /Users/machine/Velocity_railway/airflow_env/lib/python3.10/site-packages/airflow/example_dags/example_skip_dag.py
[2024-12-13T03:33:12.126-0800] {processor.py:925} INFO - DAG(s) 'example_skip_dag' retrieved from /Users/machine/Velocity_railway/airflow_env/lib/python3.10/site-packages/airflow/example_dags/example_skip_dag.py
[2024-12-13T03:33:12.284-0800] {logging_mixin.py:190} INFO - [2024-12-13T03:33:12.283-0800] {dag.py:3239} INFO - Sync 1 DAGs
[2024-12-13T03:33:12.302-0800] {logging_mixin.py:190} INFO - [2024-12-13T03:33:12.301-0800] {dag.py:4180} INFO - Setting next_dagrun for example_skip_dag to 2024-12-12 00:00:00+00:00, run_after=2024-12-13 00:00:00+00:00
[2024-12-13T03:33:12.318-0800] {processor.py:208} INFO - Processing /Users/machine/Velocity_railway/airflow_env/lib/python3.10/site-packages/airflow/example_dags/example_skip_dag.py took 0.211 seconds
[2024-12-13T03:35:39.354-0800] {processor.py:186} INFO - Started process (PID=87344) to work on /Users/machine/Velocity_railway/airflow_env/lib/python3.10/site-packages/airflow/example_dags/example_skip_dag.py
[2024-12-13T03:35:39.356-0800] {processor.py:914} INFO - Processing file /Users/machine/Velocity_railway/airflow_env/lib/python3.10/site-packages/airflow/example_dags/example_skip_dag.py for tasks to queue
[2024-12-13T03:35:39.358-0800] {logging_mixin.py:190} INFO - [2024-12-13T03:35:39.357-0800] {dagbag.py:588} INFO - Filling up the DagBag from /Users/machine/Velocity_railway/airflow_env/lib/python3.10/site-packages/airflow/example_dags/example_skip_dag.py
[2024-12-13T03:35:39.367-0800] {processor.py:925} INFO - DAG(s) 'example_skip_dag' retrieved from /Users/machine/Velocity_railway/airflow_env/lib/python3.10/site-packages/airflow/example_dags/example_skip_dag.py
[2024-12-13T03:35:39.536-0800] {logging_mixin.py:190} INFO - [2024-12-13T03:35:39.536-0800] {dag.py:3239} INFO - Sync 1 DAGs
[2024-12-13T03:35:39.558-0800] {logging_mixin.py:190} INFO - [2024-12-13T03:35:39.558-0800] {dag.py:4180} INFO - Setting next_dagrun for example_skip_dag to 2024-12-12 00:00:00+00:00, run_after=2024-12-13 00:00:00+00:00
[2024-12-13T03:35:39.577-0800] {processor.py:208} INFO - Processing /Users/machine/Velocity_railway/airflow_env/lib/python3.10/site-packages/airflow/example_dags/example_skip_dag.py took 0.228 seconds
[2024-12-13T03:38:10.310-0800] {processor.py:186} INFO - Started process (PID=87850) to work on /Users/machine/Velocity_railway/airflow_env/lib/python3.10/site-packages/airflow/example_dags/example_skip_dag.py
[2024-12-13T03:38:10.312-0800] {processor.py:914} INFO - Processing file /Users/machine/Velocity_railway/airflow_env/lib/python3.10/site-packages/airflow/example_dags/example_skip_dag.py for tasks to queue
[2024-12-13T03:38:10.314-0800] {logging_mixin.py:190} INFO - [2024-12-13T03:38:10.314-0800] {dagbag.py:588} INFO - Filling up the DagBag from /Users/machine/Velocity_railway/airflow_env/lib/python3.10/site-packages/airflow/example_dags/example_skip_dag.py
[2024-12-13T03:38:10.326-0800] {processor.py:925} INFO - DAG(s) 'example_skip_dag' retrieved from /Users/machine/Velocity_railway/airflow_env/lib/python3.10/site-packages/airflow/example_dags/example_skip_dag.py
[2024-12-13T03:38:10.515-0800] {logging_mixin.py:190} INFO - [2024-12-13T03:38:10.515-0800] {dag.py:3239} INFO - Sync 1 DAGs
[2024-12-13T03:38:10.537-0800] {logging_mixin.py:190} INFO - [2024-12-13T03:38:10.537-0800] {dag.py:4180} INFO - Setting next_dagrun for example_skip_dag to 2024-12-12 00:00:00+00:00, run_after=2024-12-13 00:00:00+00:00
[2024-12-13T03:38:10.554-0800] {processor.py:208} INFO - Processing /Users/machine/Velocity_railway/airflow_env/lib/python3.10/site-packages/airflow/example_dags/example_skip_dag.py took 0.252 seconds
[2024-12-13T03:40:31.052-0800] {processor.py:186} INFO - Started process (PID=88320) to work on /Users/machine/Velocity_railway/airflow_env/lib/python3.10/site-packages/airflow/example_dags/example_skip_dag.py
[2024-12-13T03:40:31.053-0800] {processor.py:914} INFO - Processing file /Users/machine/Velocity_railway/airflow_env/lib/python3.10/site-packages/airflow/example_dags/example_skip_dag.py for tasks to queue
[2024-12-13T03:40:31.054-0800] {logging_mixin.py:190} INFO - [2024-12-13T03:40:31.054-0800] {dagbag.py:588} INFO - Filling up the DagBag from /Users/machine/Velocity_railway/airflow_env/lib/python3.10/site-packages/airflow/example_dags/example_skip_dag.py
[2024-12-13T03:40:31.063-0800] {processor.py:925} INFO - DAG(s) 'example_skip_dag' retrieved from /Users/machine/Velocity_railway/airflow_env/lib/python3.10/site-packages/airflow/example_dags/example_skip_dag.py
[2024-12-13T03:40:31.211-0800] {logging_mixin.py:190} INFO - [2024-12-13T03:40:31.210-0800] {dag.py:3239} INFO - Sync 1 DAGs
[2024-12-13T03:40:31.228-0800] {logging_mixin.py:190} INFO - [2024-12-13T03:40:31.228-0800] {dag.py:4180} INFO - Setting next_dagrun for example_skip_dag to 2024-12-12 00:00:00+00:00, run_after=2024-12-13 00:00:00+00:00
[2024-12-13T03:40:31.245-0800] {processor.py:208} INFO - Processing /Users/machine/Velocity_railway/airflow_env/lib/python3.10/site-packages/airflow/example_dags/example_skip_dag.py took 0.198 seconds
[2024-12-13T03:42:43.479-0800] {processor.py:186} INFO - Started process (PID=88784) to work on /Users/machine/Velocity_railway/airflow_env/lib/python3.10/site-packages/airflow/example_dags/example_skip_dag.py
[2024-12-13T03:42:43.481-0800] {processor.py:914} INFO - Processing file /Users/machine/Velocity_railway/airflow_env/lib/python3.10/site-packages/airflow/example_dags/example_skip_dag.py for tasks to queue
[2024-12-13T03:42:43.482-0800] {logging_mixin.py:190} INFO - [2024-12-13T03:42:43.482-0800] {dagbag.py:588} INFO - Filling up the DagBag from /Users/machine/Velocity_railway/airflow_env/lib/python3.10/site-packages/airflow/example_dags/example_skip_dag.py
[2024-12-13T03:42:43.489-0800] {processor.py:925} INFO - DAG(s) 'example_skip_dag' retrieved from /Users/machine/Velocity_railway/airflow_env/lib/python3.10/site-packages/airflow/example_dags/example_skip_dag.py
[2024-12-13T03:42:43.645-0800] {logging_mixin.py:190} INFO - [2024-12-13T03:42:43.644-0800] {dag.py:3239} INFO - Sync 1 DAGs
[2024-12-13T03:42:43.663-0800] {logging_mixin.py:190} INFO - [2024-12-13T03:42:43.662-0800] {dag.py:4180} INFO - Setting next_dagrun for example_skip_dag to 2024-12-12 00:00:00+00:00, run_after=2024-12-13 00:00:00+00:00
[2024-12-13T03:42:43.681-0800] {processor.py:208} INFO - Processing /Users/machine/Velocity_railway/airflow_env/lib/python3.10/site-packages/airflow/example_dags/example_skip_dag.py took 0.207 seconds
[2024-12-13T03:44:56.510-0800] {processor.py:186} INFO - Started process (PID=89235) to work on /Users/machine/Velocity_railway/airflow_env/lib/python3.10/site-packages/airflow/example_dags/example_skip_dag.py
[2024-12-13T03:44:56.512-0800] {processor.py:914} INFO - Processing file /Users/machine/Velocity_railway/airflow_env/lib/python3.10/site-packages/airflow/example_dags/example_skip_dag.py for tasks to queue
[2024-12-13T03:44:56.513-0800] {logging_mixin.py:190} INFO - [2024-12-13T03:44:56.513-0800] {dagbag.py:588} INFO - Filling up the DagBag from /Users/machine/Velocity_railway/airflow_env/lib/python3.10/site-packages/airflow/example_dags/example_skip_dag.py
[2024-12-13T03:44:56.523-0800] {processor.py:925} INFO - DAG(s) 'example_skip_dag' retrieved from /Users/machine/Velocity_railway/airflow_env/lib/python3.10/site-packages/airflow/example_dags/example_skip_dag.py
[2024-12-13T03:44:56.699-0800] {logging_mixin.py:190} INFO - [2024-12-13T03:44:56.699-0800] {dag.py:3239} INFO - Sync 1 DAGs
[2024-12-13T03:44:56.717-0800] {logging_mixin.py:190} INFO - [2024-12-13T03:44:56.717-0800] {dag.py:4180} INFO - Setting next_dagrun for example_skip_dag to 2024-12-12 00:00:00+00:00, run_after=2024-12-13 00:00:00+00:00
[2024-12-13T03:44:56.734-0800] {processor.py:208} INFO - Processing /Users/machine/Velocity_railway/airflow_env/lib/python3.10/site-packages/airflow/example_dags/example_skip_dag.py took 0.229 seconds
[2024-12-13T03:47:08.822-0800] {processor.py:186} INFO - Started process (PID=89681) to work on /Users/machine/Velocity_railway/airflow_env/lib/python3.10/site-packages/airflow/example_dags/example_skip_dag.py
[2024-12-13T03:47:08.824-0800] {processor.py:914} INFO - Processing file /Users/machine/Velocity_railway/airflow_env/lib/python3.10/site-packages/airflow/example_dags/example_skip_dag.py for tasks to queue
[2024-12-13T03:47:08.825-0800] {logging_mixin.py:190} INFO - [2024-12-13T03:47:08.825-0800] {dagbag.py:588} INFO - Filling up the DagBag from /Users/machine/Velocity_railway/airflow_env/lib/python3.10/site-packages/airflow/example_dags/example_skip_dag.py
[2024-12-13T03:47:08.834-0800] {processor.py:925} INFO - DAG(s) 'example_skip_dag' retrieved from /Users/machine/Velocity_railway/airflow_env/lib/python3.10/site-packages/airflow/example_dags/example_skip_dag.py
[2024-12-13T03:47:09.030-0800] {logging_mixin.py:190} INFO - [2024-12-13T03:47:09.029-0800] {dag.py:3239} INFO - Sync 1 DAGs
[2024-12-13T03:47:09.049-0800] {logging_mixin.py:190} INFO - [2024-12-13T03:47:09.048-0800] {dag.py:4180} INFO - Setting next_dagrun for example_skip_dag to 2024-12-12 00:00:00+00:00, run_after=2024-12-13 00:00:00+00:00
[2024-12-13T03:47:09.066-0800] {processor.py:208} INFO - Processing /Users/machine/Velocity_railway/airflow_env/lib/python3.10/site-packages/airflow/example_dags/example_skip_dag.py took 0.251 seconds
[2024-12-13T03:49:25.545-0800] {processor.py:186} INFO - Started process (PID=90150) to work on /Users/machine/Velocity_railway/airflow_env/lib/python3.10/site-packages/airflow/example_dags/example_skip_dag.py
[2024-12-13T03:49:25.547-0800] {processor.py:914} INFO - Processing file /Users/machine/Velocity_railway/airflow_env/lib/python3.10/site-packages/airflow/example_dags/example_skip_dag.py for tasks to queue
[2024-12-13T03:49:25.548-0800] {logging_mixin.py:190} INFO - [2024-12-13T03:49:25.548-0800] {dagbag.py:588} INFO - Filling up the DagBag from /Users/machine/Velocity_railway/airflow_env/lib/python3.10/site-packages/airflow/example_dags/example_skip_dag.py
[2024-12-13T03:49:25.558-0800] {processor.py:925} INFO - DAG(s) 'example_skip_dag' retrieved from /Users/machine/Velocity_railway/airflow_env/lib/python3.10/site-packages/airflow/example_dags/example_skip_dag.py
[2024-12-13T03:49:25.710-0800] {logging_mixin.py:190} INFO - [2024-12-13T03:49:25.709-0800] {dag.py:3239} INFO - Sync 1 DAGs
[2024-12-13T03:49:25.727-0800] {logging_mixin.py:190} INFO - [2024-12-13T03:49:25.727-0800] {dag.py:4180} INFO - Setting next_dagrun for example_skip_dag to 2024-12-12 00:00:00+00:00, run_after=2024-12-13 00:00:00+00:00
[2024-12-13T03:49:25.743-0800] {processor.py:208} INFO - Processing /Users/machine/Velocity_railway/airflow_env/lib/python3.10/site-packages/airflow/example_dags/example_skip_dag.py took 0.204 seconds
[2024-12-13T03:51:43.130-0800] {processor.py:186} INFO - Started process (PID=90639) to work on /Users/machine/Velocity_railway/airflow_env/lib/python3.10/site-packages/airflow/example_dags/example_skip_dag.py
[2024-12-13T03:51:43.132-0800] {processor.py:914} INFO - Processing file /Users/machine/Velocity_railway/airflow_env/lib/python3.10/site-packages/airflow/example_dags/example_skip_dag.py for tasks to queue
[2024-12-13T03:51:43.133-0800] {logging_mixin.py:190} INFO - [2024-12-13T03:51:43.133-0800] {dagbag.py:588} INFO - Filling up the DagBag from /Users/machine/Velocity_railway/airflow_env/lib/python3.10/site-packages/airflow/example_dags/example_skip_dag.py
[2024-12-13T03:51:43.143-0800] {processor.py:925} INFO - DAG(s) 'example_skip_dag' retrieved from /Users/machine/Velocity_railway/airflow_env/lib/python3.10/site-packages/airflow/example_dags/example_skip_dag.py
[2024-12-13T03:51:43.299-0800] {logging_mixin.py:190} INFO - [2024-12-13T03:51:43.299-0800] {dag.py:3239} INFO - Sync 1 DAGs
[2024-12-13T03:51:43.319-0800] {logging_mixin.py:190} INFO - [2024-12-13T03:51:43.319-0800] {dag.py:4180} INFO - Setting next_dagrun for example_skip_dag to 2024-12-12 00:00:00+00:00, run_after=2024-12-13 00:00:00+00:00
[2024-12-13T03:51:43.338-0800] {processor.py:208} INFO - Processing /Users/machine/Velocity_railway/airflow_env/lib/python3.10/site-packages/airflow/example_dags/example_skip_dag.py took 0.214 seconds
[2024-12-13T03:54:06.000-0800] {processor.py:186} INFO - Started process (PID=91141) to work on /Users/machine/Velocity_railway/airflow_env/lib/python3.10/site-packages/airflow/example_dags/example_skip_dag.py
[2024-12-13T03:54:06.002-0800] {processor.py:914} INFO - Processing file /Users/machine/Velocity_railway/airflow_env/lib/python3.10/site-packages/airflow/example_dags/example_skip_dag.py for tasks to queue
[2024-12-13T03:54:06.004-0800] {logging_mixin.py:190} INFO - [2024-12-13T03:54:06.004-0800] {dagbag.py:588} INFO - Filling up the DagBag from /Users/machine/Velocity_railway/airflow_env/lib/python3.10/site-packages/airflow/example_dags/example_skip_dag.py
[2024-12-13T03:54:06.014-0800] {processor.py:925} INFO - DAG(s) 'example_skip_dag' retrieved from /Users/machine/Velocity_railway/airflow_env/lib/python3.10/site-packages/airflow/example_dags/example_skip_dag.py
[2024-12-13T03:54:06.181-0800] {logging_mixin.py:190} INFO - [2024-12-13T03:54:06.181-0800] {dag.py:3239} INFO - Sync 1 DAGs
[2024-12-13T03:54:06.198-0800] {logging_mixin.py:190} INFO - [2024-12-13T03:54:06.198-0800] {dag.py:4180} INFO - Setting next_dagrun for example_skip_dag to 2024-12-12 00:00:00+00:00, run_after=2024-12-13 00:00:00+00:00
[2024-12-13T03:54:06.214-0800] {processor.py:208} INFO - Processing /Users/machine/Velocity_railway/airflow_env/lib/python3.10/site-packages/airflow/example_dags/example_skip_dag.py took 0.220 seconds
[2024-12-13T03:56:29.496-0800] {processor.py:186} INFO - Started process (PID=91725) to work on /Users/machine/Velocity_railway/airflow_env/lib/python3.10/site-packages/airflow/example_dags/example_skip_dag.py
[2024-12-13T03:56:29.500-0800] {processor.py:914} INFO - Processing file /Users/machine/Velocity_railway/airflow_env/lib/python3.10/site-packages/airflow/example_dags/example_skip_dag.py for tasks to queue
[2024-12-13T03:56:29.502-0800] {logging_mixin.py:190} INFO - [2024-12-13T03:56:29.502-0800] {dagbag.py:588} INFO - Filling up the DagBag from /Users/machine/Velocity_railway/airflow_env/lib/python3.10/site-packages/airflow/example_dags/example_skip_dag.py
[2024-12-13T03:56:29.512-0800] {processor.py:925} INFO - DAG(s) 'example_skip_dag' retrieved from /Users/machine/Velocity_railway/airflow_env/lib/python3.10/site-packages/airflow/example_dags/example_skip_dag.py
[2024-12-13T03:56:29.691-0800] {logging_mixin.py:190} INFO - [2024-12-13T03:56:29.690-0800] {dag.py:3239} INFO - Sync 1 DAGs
[2024-12-13T03:56:29.712-0800] {logging_mixin.py:190} INFO - [2024-12-13T03:56:29.712-0800] {dag.py:4180} INFO - Setting next_dagrun for example_skip_dag to 2024-12-12 00:00:00+00:00, run_after=2024-12-13 00:00:00+00:00
[2024-12-13T03:56:29.732-0800] {processor.py:208} INFO - Processing /Users/machine/Velocity_railway/airflow_env/lib/python3.10/site-packages/airflow/example_dags/example_skip_dag.py took 0.242 seconds
[2024-12-13T03:58:57.235-0800] {processor.py:186} INFO - Started process (PID=92360) to work on /Users/machine/Velocity_railway/airflow_env/lib/python3.10/site-packages/airflow/example_dags/example_skip_dag.py
[2024-12-13T03:58:57.237-0800] {processor.py:914} INFO - Processing file /Users/machine/Velocity_railway/airflow_env/lib/python3.10/site-packages/airflow/example_dags/example_skip_dag.py for tasks to queue
[2024-12-13T03:58:57.238-0800] {logging_mixin.py:190} INFO - [2024-12-13T03:58:57.238-0800] {dagbag.py:588} INFO - Filling up the DagBag from /Users/machine/Velocity_railway/airflow_env/lib/python3.10/site-packages/airflow/example_dags/example_skip_dag.py
[2024-12-13T03:58:57.247-0800] {processor.py:925} INFO - DAG(s) 'example_skip_dag' retrieved from /Users/machine/Velocity_railway/airflow_env/lib/python3.10/site-packages/airflow/example_dags/example_skip_dag.py
[2024-12-13T03:58:57.429-0800] {logging_mixin.py:190} INFO - [2024-12-13T03:58:57.428-0800] {dag.py:3239} INFO - Sync 1 DAGs
[2024-12-13T03:58:57.449-0800] {logging_mixin.py:190} INFO - [2024-12-13T03:58:57.449-0800] {dag.py:4180} INFO - Setting next_dagrun for example_skip_dag to 2024-12-12 00:00:00+00:00, run_after=2024-12-13 00:00:00+00:00
[2024-12-13T03:58:57.467-0800] {processor.py:208} INFO - Processing /Users/machine/Velocity_railway/airflow_env/lib/python3.10/site-packages/airflow/example_dags/example_skip_dag.py took 0.239 seconds
[2024-12-13T05:50:01.968-0800] {processor.py:186} INFO - Started process (PID=93181) to work on /Users/machine/Velocity_railway/airflow_env/lib/python3.10/site-packages/airflow/example_dags/example_skip_dag.py
[2024-12-13T05:50:01.970-0800] {processor.py:914} INFO - Processing file /Users/machine/Velocity_railway/airflow_env/lib/python3.10/site-packages/airflow/example_dags/example_skip_dag.py for tasks to queue
[2024-12-13T05:50:01.972-0800] {logging_mixin.py:190} INFO - [2024-12-13T05:50:01.972-0800] {dagbag.py:588} INFO - Filling up the DagBag from /Users/machine/Velocity_railway/airflow_env/lib/python3.10/site-packages/airflow/example_dags/example_skip_dag.py
[2024-12-13T05:50:01.986-0800] {processor.py:925} INFO - DAG(s) 'example_skip_dag' retrieved from /Users/machine/Velocity_railway/airflow_env/lib/python3.10/site-packages/airflow/example_dags/example_skip_dag.py
[2024-12-13T05:50:02.179-0800] {logging_mixin.py:190} INFO - [2024-12-13T05:50:02.179-0800] {dag.py:3239} INFO - Sync 1 DAGs
[2024-12-13T05:50:02.207-0800] {logging_mixin.py:190} INFO - [2024-12-13T05:50:02.206-0800] {dag.py:4180} INFO - Setting next_dagrun for example_skip_dag to 2024-12-12 00:00:00+00:00, run_after=2024-12-13 00:00:00+00:00
[2024-12-13T05:50:02.229-0800] {processor.py:208} INFO - Processing /Users/machine/Velocity_railway/airflow_env/lib/python3.10/site-packages/airflow/example_dags/example_skip_dag.py took 0.269 seconds
