[2024-12-13T03:10:36.433-0800] {processor.py:186} INFO - Started process (PID=82167) to work on /Users/machine/Velocity_railway/airflow_env/lib/python3.10/site-packages/airflow/example_dags/example_dag_decorator.py
[2024-12-13T03:10:36.435-0800] {processor.py:914} INFO - Processing file /Users/machine/Velocity_railway/airflow_env/lib/python3.10/site-packages/airflow/example_dags/example_dag_decorator.py for tasks to queue
[2024-12-13T03:10:36.436-0800] {logging_mixin.py:190} INFO - [2024-12-13T03:10:36.435-0800] {dagbag.py:588} INFO - Filling up the DagBag from /Users/machine/Velocity_railway/airflow_env/lib/python3.10/site-packages/airflow/example_dags/example_dag_decorator.py
[2024-12-13T03:10:36.599-0800] {processor.py:925} INFO - DAG(s) 'example_dag_decorator' retrieved from /Users/machine/Velocity_railway/airflow_env/lib/python3.10/site-packages/airflow/example_dags/example_dag_decorator.py
[2024-12-13T03:10:36.778-0800] {logging_mixin.py:190} INFO - [2024-12-13T03:10:36.777-0800] {override.py:1911} INFO - Created Permission View: can read on DAG:example_dag_decorator
[2024-12-13T03:10:36.786-0800] {logging_mixin.py:190} INFO - [2024-12-13T03:10:36.785-0800] {override.py:1911} INFO - Created Permission View: can edit on DAG:example_dag_decorator
[2024-12-13T03:10:36.792-0800] {logging_mixin.py:190} INFO - [2024-12-13T03:10:36.792-0800] {override.py:1911} INFO - Created Permission View: can delete on DAG:example_dag_decorator
[2024-12-13T03:10:36.800-0800] {logging_mixin.py:190} INFO - [2024-12-13T03:10:36.799-0800] {override.py:1911} INFO - Created Permission View: can read on DAG Run:example_dag_decorator
[2024-12-13T03:10:36.805-0800] {logging_mixin.py:190} INFO - [2024-12-13T03:10:36.805-0800] {override.py:1911} INFO - Created Permission View: can create on DAG Run:example_dag_decorator
[2024-12-13T03:10:36.811-0800] {logging_mixin.py:190} INFO - [2024-12-13T03:10:36.811-0800] {override.py:1911} INFO - Created Permission View: can delete on DAG Run:example_dag_decorator
[2024-12-13T03:10:36.819-0800] {logging_mixin.py:190} INFO - [2024-12-13T03:10:36.818-0800] {override.py:1911} INFO - Created Permission View: menu access on DAG Run:example_dag_decorator
[2024-12-13T03:10:36.819-0800] {logging_mixin.py:190} INFO - [2024-12-13T03:10:36.819-0800] {dag.py:3239} INFO - Sync 1 DAGs
[2024-12-13T03:10:36.830-0800] {logging_mixin.py:190} INFO - [2024-12-13T03:10:36.830-0800] {dag.py:3262} INFO - Creating ORM DAG for example_dag_decorator
[2024-12-13T03:10:36.831-0800] {logging_mixin.py:190} INFO - [2024-12-13T03:10:36.831-0800] {dag.py:4180} INFO - Setting next_dagrun for example_dag_decorator to None, run_after=None
[2024-12-13T03:10:36.847-0800] {processor.py:208} INFO - Processing /Users/machine/Velocity_railway/airflow_env/lib/python3.10/site-packages/airflow/example_dags/example_dag_decorator.py took 0.418 seconds
[2024-12-13T03:13:40.732-0800] {processor.py:186} INFO - Started process (PID=82754) to work on /Users/machine/Velocity_railway/airflow_env/lib/python3.10/site-packages/airflow/example_dags/example_dag_decorator.py
[2024-12-13T03:13:40.733-0800] {processor.py:914} INFO - Processing file /Users/machine/Velocity_railway/airflow_env/lib/python3.10/site-packages/airflow/example_dags/example_dag_decorator.py for tasks to queue
[2024-12-13T03:13:40.735-0800] {logging_mixin.py:190} INFO - [2024-12-13T03:13:40.735-0800] {dagbag.py:588} INFO - Filling up the DagBag from /Users/machine/Velocity_railway/airflow_env/lib/python3.10/site-packages/airflow/example_dags/example_dag_decorator.py
[2024-12-13T03:13:40.892-0800] {processor.py:925} INFO - DAG(s) 'example_dag_decorator' retrieved from /Users/machine/Velocity_railway/airflow_env/lib/python3.10/site-packages/airflow/example_dags/example_dag_decorator.py
[2024-12-13T03:13:41.135-0800] {logging_mixin.py:190} INFO - [2024-12-13T03:13:41.135-0800] {dag.py:3239} INFO - Sync 1 DAGs
[2024-12-13T03:13:41.147-0800] {logging_mixin.py:190} INFO - [2024-12-13T03:13:41.147-0800] {dag.py:4180} INFO - Setting next_dagrun for example_dag_decorator to None, run_after=None
[2024-12-13T03:13:41.166-0800] {processor.py:208} INFO - Processing /Users/machine/Velocity_railway/airflow_env/lib/python3.10/site-packages/airflow/example_dags/example_dag_decorator.py took 0.439 seconds
[2024-12-13T03:18:21.866-0800] {processor.py:186} INFO - Started process (PID=83701) to work on /Users/machine/Velocity_railway/airflow_env/lib/python3.10/site-packages/airflow/example_dags/example_dag_decorator.py
[2024-12-13T03:18:21.868-0800] {processor.py:914} INFO - Processing file /Users/machine/Velocity_railway/airflow_env/lib/python3.10/site-packages/airflow/example_dags/example_dag_decorator.py for tasks to queue
[2024-12-13T03:18:21.869-0800] {logging_mixin.py:190} INFO - [2024-12-13T03:18:21.869-0800] {dagbag.py:588} INFO - Filling up the DagBag from /Users/machine/Velocity_railway/airflow_env/lib/python3.10/site-packages/airflow/example_dags/example_dag_decorator.py
[2024-12-13T03:18:22.043-0800] {processor.py:925} INFO - DAG(s) 'example_dag_decorator' retrieved from /Users/machine/Velocity_railway/airflow_env/lib/python3.10/site-packages/airflow/example_dags/example_dag_decorator.py
[2024-12-13T03:18:22.331-0800] {logging_mixin.py:190} INFO - [2024-12-13T03:18:22.331-0800] {dag.py:3239} INFO - Sync 1 DAGs
[2024-12-13T03:18:22.341-0800] {logging_mixin.py:190} INFO - [2024-12-13T03:18:22.341-0800] {dag.py:4180} INFO - Setting next_dagrun for example_dag_decorator to None, run_after=None
[2024-12-13T03:18:22.364-0800] {processor.py:208} INFO - Processing /Users/machine/Velocity_railway/airflow_env/lib/python3.10/site-packages/airflow/example_dags/example_dag_decorator.py took 0.505 seconds
[2024-12-13T03:22:48.903-0800] {processor.py:186} INFO - Started process (PID=84626) to work on /Users/machine/Velocity_railway/airflow_env/lib/python3.10/site-packages/airflow/example_dags/example_dag_decorator.py
[2024-12-13T03:22:48.904-0800] {processor.py:914} INFO - Processing file /Users/machine/Velocity_railway/airflow_env/lib/python3.10/site-packages/airflow/example_dags/example_dag_decorator.py for tasks to queue
[2024-12-13T03:22:48.905-0800] {logging_mixin.py:190} INFO - [2024-12-13T03:22:48.905-0800] {dagbag.py:588} INFO - Filling up the DagBag from /Users/machine/Velocity_railway/airflow_env/lib/python3.10/site-packages/airflow/example_dags/example_dag_decorator.py
[2024-12-13T03:22:49.063-0800] {processor.py:925} INFO - DAG(s) 'example_dag_decorator' retrieved from /Users/machine/Velocity_railway/airflow_env/lib/python3.10/site-packages/airflow/example_dags/example_dag_decorator.py
[2024-12-13T03:22:49.332-0800] {logging_mixin.py:190} INFO - [2024-12-13T03:22:49.331-0800] {dag.py:3239} INFO - Sync 1 DAGs
[2024-12-13T03:22:49.343-0800] {logging_mixin.py:190} INFO - [2024-12-13T03:22:49.343-0800] {dag.py:4180} INFO - Setting next_dagrun for example_dag_decorator to None, run_after=None
[2024-12-13T03:22:49.361-0800] {processor.py:208} INFO - Processing /Users/machine/Velocity_railway/airflow_env/lib/python3.10/site-packages/airflow/example_dags/example_dag_decorator.py took 0.464 seconds
[2024-12-13T03:27:25.128-0800] {processor.py:186} INFO - Started process (PID=85583) to work on /Users/machine/Velocity_railway/airflow_env/lib/python3.10/site-packages/airflow/example_dags/example_dag_decorator.py
[2024-12-13T03:27:25.129-0800] {processor.py:914} INFO - Processing file /Users/machine/Velocity_railway/airflow_env/lib/python3.10/site-packages/airflow/example_dags/example_dag_decorator.py for tasks to queue
[2024-12-13T03:27:25.130-0800] {logging_mixin.py:190} INFO - [2024-12-13T03:27:25.130-0800] {dagbag.py:588} INFO - Filling up the DagBag from /Users/machine/Velocity_railway/airflow_env/lib/python3.10/site-packages/airflow/example_dags/example_dag_decorator.py
[2024-12-13T03:27:25.279-0800] {processor.py:925} INFO - DAG(s) 'example_dag_decorator' retrieved from /Users/machine/Velocity_railway/airflow_env/lib/python3.10/site-packages/airflow/example_dags/example_dag_decorator.py
[2024-12-13T03:27:25.524-0800] {logging_mixin.py:190} INFO - [2024-12-13T03:27:25.523-0800] {dag.py:3239} INFO - Sync 1 DAGs
[2024-12-13T03:27:25.534-0800] {logging_mixin.py:190} INFO - [2024-12-13T03:27:25.534-0800] {dag.py:4180} INFO - Setting next_dagrun for example_dag_decorator to None, run_after=None
[2024-12-13T03:27:25.552-0800] {processor.py:208} INFO - Processing /Users/machine/Velocity_railway/airflow_env/lib/python3.10/site-packages/airflow/example_dags/example_dag_decorator.py took 0.430 seconds
[2024-12-13T03:32:07.725-0800] {processor.py:186} INFO - Started process (PID=86531) to work on /Users/machine/Velocity_railway/airflow_env/lib/python3.10/site-packages/airflow/example_dags/example_dag_decorator.py
[2024-12-13T03:32:07.727-0800] {processor.py:914} INFO - Processing file /Users/machine/Velocity_railway/airflow_env/lib/python3.10/site-packages/airflow/example_dags/example_dag_decorator.py for tasks to queue
[2024-12-13T03:32:07.728-0800] {logging_mixin.py:190} INFO - [2024-12-13T03:32:07.728-0800] {dagbag.py:588} INFO - Filling up the DagBag from /Users/machine/Velocity_railway/airflow_env/lib/python3.10/site-packages/airflow/example_dags/example_dag_decorator.py
[2024-12-13T03:32:07.892-0800] {processor.py:925} INFO - DAG(s) 'example_dag_decorator' retrieved from /Users/machine/Velocity_railway/airflow_env/lib/python3.10/site-packages/airflow/example_dags/example_dag_decorator.py
[2024-12-13T03:32:08.117-0800] {logging_mixin.py:190} INFO - [2024-12-13T03:32:08.116-0800] {dag.py:3239} INFO - Sync 1 DAGs
[2024-12-13T03:32:08.127-0800] {logging_mixin.py:190} INFO - [2024-12-13T03:32:08.127-0800] {dag.py:4180} INFO - Setting next_dagrun for example_dag_decorator to None, run_after=None
[2024-12-13T03:32:08.143-0800] {processor.py:208} INFO - Processing /Users/machine/Velocity_railway/airflow_env/lib/python3.10/site-packages/airflow/example_dags/example_dag_decorator.py took 0.424 seconds
[2024-12-13T03:36:56.643-0800] {processor.py:186} INFO - Started process (PID=87611) to work on /Users/machine/Velocity_railway/airflow_env/lib/python3.10/site-packages/airflow/example_dags/example_dag_decorator.py
[2024-12-13T03:36:56.645-0800] {processor.py:914} INFO - Processing file /Users/machine/Velocity_railway/airflow_env/lib/python3.10/site-packages/airflow/example_dags/example_dag_decorator.py for tasks to queue
[2024-12-13T03:36:56.646-0800] {logging_mixin.py:190} INFO - [2024-12-13T03:36:56.646-0800] {dagbag.py:588} INFO - Filling up the DagBag from /Users/machine/Velocity_railway/airflow_env/lib/python3.10/site-packages/airflow/example_dags/example_dag_decorator.py
[2024-12-13T03:36:56.851-0800] {processor.py:925} INFO - DAG(s) 'example_dag_decorator' retrieved from /Users/machine/Velocity_railway/airflow_env/lib/python3.10/site-packages/airflow/example_dags/example_dag_decorator.py
[2024-12-13T03:36:57.275-0800] {logging_mixin.py:190} INFO - [2024-12-13T03:36:57.275-0800] {dag.py:3239} INFO - Sync 1 DAGs
[2024-12-13T03:36:57.288-0800] {logging_mixin.py:190} INFO - [2024-12-13T03:36:57.288-0800] {dag.py:4180} INFO - Setting next_dagrun for example_dag_decorator to None, run_after=None
[2024-12-13T03:36:57.305-0800] {processor.py:208} INFO - Processing /Users/machine/Velocity_railway/airflow_env/lib/python3.10/site-packages/airflow/example_dags/example_dag_decorator.py took 0.668 seconds
[2024-12-13T03:41:39.814-0800] {processor.py:186} INFO - Started process (PID=88562) to work on /Users/machine/Velocity_railway/airflow_env/lib/python3.10/site-packages/airflow/example_dags/example_dag_decorator.py
[2024-12-13T03:41:39.816-0800] {processor.py:914} INFO - Processing file /Users/machine/Velocity_railway/airflow_env/lib/python3.10/site-packages/airflow/example_dags/example_dag_decorator.py for tasks to queue
[2024-12-13T03:41:39.818-0800] {logging_mixin.py:190} INFO - [2024-12-13T03:41:39.818-0800] {dagbag.py:588} INFO - Filling up the DagBag from /Users/machine/Velocity_railway/airflow_env/lib/python3.10/site-packages/airflow/example_dags/example_dag_decorator.py
[2024-12-13T03:41:39.929-0800] {processor.py:925} INFO - DAG(s) 'example_dag_decorator' retrieved from /Users/machine/Velocity_railway/airflow_env/lib/python3.10/site-packages/airflow/example_dags/example_dag_decorator.py
[2024-12-13T03:41:40.109-0800] {logging_mixin.py:190} INFO - [2024-12-13T03:41:40.109-0800] {dag.py:3239} INFO - Sync 1 DAGs
[2024-12-13T03:41:40.120-0800] {logging_mixin.py:190} INFO - [2024-12-13T03:41:40.120-0800] {dag.py:4180} INFO - Setting next_dagrun for example_dag_decorator to None, run_after=None
[2024-12-13T03:41:40.135-0800] {processor.py:208} INFO - Processing /Users/machine/Velocity_railway/airflow_env/lib/python3.10/site-packages/airflow/example_dags/example_dag_decorator.py took 0.326 seconds
[2024-12-13T03:46:08.599-0800] {processor.py:186} INFO - Started process (PID=89474) to work on /Users/machine/Velocity_railway/airflow_env/lib/python3.10/site-packages/airflow/example_dags/example_dag_decorator.py
[2024-12-13T03:46:08.601-0800] {processor.py:914} INFO - Processing file /Users/machine/Velocity_railway/airflow_env/lib/python3.10/site-packages/airflow/example_dags/example_dag_decorator.py for tasks to queue
[2024-12-13T03:46:08.602-0800] {logging_mixin.py:190} INFO - [2024-12-13T03:46:08.602-0800] {dagbag.py:588} INFO - Filling up the DagBag from /Users/machine/Velocity_railway/airflow_env/lib/python3.10/site-packages/airflow/example_dags/example_dag_decorator.py
[2024-12-13T03:46:08.718-0800] {processor.py:925} INFO - DAG(s) 'example_dag_decorator' retrieved from /Users/machine/Velocity_railway/airflow_env/lib/python3.10/site-packages/airflow/example_dags/example_dag_decorator.py
[2024-12-13T03:46:08.904-0800] {logging_mixin.py:190} INFO - [2024-12-13T03:46:08.904-0800] {dag.py:3239} INFO - Sync 1 DAGs
[2024-12-13T03:46:08.914-0800] {logging_mixin.py:190} INFO - [2024-12-13T03:46:08.914-0800] {dag.py:4180} INFO - Setting next_dagrun for example_dag_decorator to None, run_after=None
[2024-12-13T03:46:08.929-0800] {processor.py:208} INFO - Processing /Users/machine/Velocity_railway/airflow_env/lib/python3.10/site-packages/airflow/example_dags/example_dag_decorator.py took 0.336 seconds
[2024-12-13T03:50:38.917-0800] {processor.py:186} INFO - Started process (PID=90426) to work on /Users/machine/Velocity_railway/airflow_env/lib/python3.10/site-packages/airflow/example_dags/example_dag_decorator.py
[2024-12-13T03:50:38.919-0800] {processor.py:914} INFO - Processing file /Users/machine/Velocity_railway/airflow_env/lib/python3.10/site-packages/airflow/example_dags/example_dag_decorator.py for tasks to queue
[2024-12-13T03:50:38.921-0800] {logging_mixin.py:190} INFO - [2024-12-13T03:50:38.920-0800] {dagbag.py:588} INFO - Filling up the DagBag from /Users/machine/Velocity_railway/airflow_env/lib/python3.10/site-packages/airflow/example_dags/example_dag_decorator.py
[2024-12-13T03:50:39.073-0800] {processor.py:925} INFO - DAG(s) 'example_dag_decorator' retrieved from /Users/machine/Velocity_railway/airflow_env/lib/python3.10/site-packages/airflow/example_dags/example_dag_decorator.py
[2024-12-13T03:50:39.297-0800] {logging_mixin.py:190} INFO - [2024-12-13T03:50:39.296-0800] {dag.py:3239} INFO - Sync 1 DAGs
[2024-12-13T03:50:39.309-0800] {logging_mixin.py:190} INFO - [2024-12-13T03:50:39.309-0800] {dag.py:4180} INFO - Setting next_dagrun for example_dag_decorator to None, run_after=None
[2024-12-13T03:50:39.325-0800] {processor.py:208} INFO - Processing /Users/machine/Velocity_railway/airflow_env/lib/python3.10/site-packages/airflow/example_dags/example_dag_decorator.py took 0.414 seconds
[2024-12-13T03:55:20.126-0800] {processor.py:186} INFO - Started process (PID=91413) to work on /Users/machine/Velocity_railway/airflow_env/lib/python3.10/site-packages/airflow/example_dags/example_dag_decorator.py
[2024-12-13T03:55:20.127-0800] {processor.py:914} INFO - Processing file /Users/machine/Velocity_railway/airflow_env/lib/python3.10/site-packages/airflow/example_dags/example_dag_decorator.py for tasks to queue
[2024-12-13T03:55:20.129-0800] {logging_mixin.py:190} INFO - [2024-12-13T03:55:20.128-0800] {dagbag.py:588} INFO - Filling up the DagBag from /Users/machine/Velocity_railway/airflow_env/lib/python3.10/site-packages/airflow/example_dags/example_dag_decorator.py
[2024-12-13T03:55:20.269-0800] {processor.py:925} INFO - DAG(s) 'example_dag_decorator' retrieved from /Users/machine/Velocity_railway/airflow_env/lib/python3.10/site-packages/airflow/example_dags/example_dag_decorator.py
[2024-12-13T03:55:20.507-0800] {logging_mixin.py:190} INFO - [2024-12-13T03:55:20.507-0800] {dag.py:3239} INFO - Sync 1 DAGs
[2024-12-13T03:55:20.518-0800] {logging_mixin.py:190} INFO - [2024-12-13T03:55:20.518-0800] {dag.py:4180} INFO - Setting next_dagrun for example_dag_decorator to None, run_after=None
[2024-12-13T03:55:20.534-0800] {processor.py:208} INFO - Processing /Users/machine/Velocity_railway/airflow_env/lib/python3.10/site-packages/airflow/example_dags/example_dag_decorator.py took 0.414 seconds
[2024-12-13T04:00:14.266-0800] {processor.py:186} INFO - Started process (PID=92692) to work on /Users/machine/Velocity_railway/airflow_env/lib/python3.10/site-packages/airflow/example_dags/example_dag_decorator.py
[2024-12-13T04:00:14.268-0800] {processor.py:914} INFO - Processing file /Users/machine/Velocity_railway/airflow_env/lib/python3.10/site-packages/airflow/example_dags/example_dag_decorator.py for tasks to queue
[2024-12-13T04:00:14.270-0800] {logging_mixin.py:190} INFO - [2024-12-13T04:00:14.270-0800] {dagbag.py:588} INFO - Filling up the DagBag from /Users/machine/Velocity_railway/airflow_env/lib/python3.10/site-packages/airflow/example_dags/example_dag_decorator.py
[2024-12-13T04:00:14.434-0800] {processor.py:925} INFO - DAG(s) 'example_dag_decorator' retrieved from /Users/machine/Velocity_railway/airflow_env/lib/python3.10/site-packages/airflow/example_dags/example_dag_decorator.py
[2024-12-13T04:00:14.693-0800] {logging_mixin.py:190} INFO - [2024-12-13T04:00:14.693-0800] {dag.py:3239} INFO - Sync 1 DAGs
[2024-12-13T04:00:14.706-0800] {logging_mixin.py:190} INFO - [2024-12-13T04:00:14.706-0800] {dag.py:4180} INFO - Setting next_dagrun for example_dag_decorator to None, run_after=None
[2024-12-13T04:00:14.726-0800] {processor.py:208} INFO - Processing /Users/machine/Velocity_railway/airflow_env/lib/python3.10/site-packages/airflow/example_dags/example_dag_decorator.py took 0.467 seconds
