[2024-12-13T03:09:33.255-0800] {processor.py:186} INFO - Started process (PID=81952) to work on /Users/machine/Velocity_railway/airflow_env/lib/python3.10/site-packages/airflow/example_dags/example_python_operator.py
[2024-12-13T03:09:33.256-0800] {processor.py:914} INFO - Processing file /Users/machine/Velocity_railway/airflow_env/lib/python3.10/site-packages/airflow/example_dags/example_python_operator.py for tasks to queue
[2024-12-13T03:09:33.257-0800] {logging_mixin.py:190} INFO - [2024-12-13T03:09:33.257-0800] {dagbag.py:588} INFO - Filling up the DagBag from /Users/machine/Velocity_railway/airflow_env/lib/python3.10/site-packages/airflow/example_dags/example_python_operator.py
[2024-12-13T03:09:33.336-0800] {logging_mixin.py:190} INFO - [2024-12-13T03:09:33.336-0800] {example_python_operator.py:93} WARNING - The virtalenv_python example task requires virtualenv, please install it.
[2024-12-13T03:09:33.341-0800] {processor.py:925} INFO - DAG(s) 'example_python_operator' retrieved from /Users/machine/Velocity_railway/airflow_env/lib/python3.10/site-packages/airflow/example_dags/example_python_operator.py
[2024-12-13T03:09:33.569-0800] {logging_mixin.py:190} INFO - [2024-12-13T03:09:33.569-0800] {override.py:1911} INFO - Created Permission View: can delete on DAG:example_python_operator
[2024-12-13T03:09:33.582-0800] {logging_mixin.py:190} INFO - [2024-12-13T03:09:33.581-0800] {override.py:1911} INFO - Created Permission View: can read on DAG:example_python_operator
[2024-12-13T03:09:33.588-0800] {logging_mixin.py:190} INFO - [2024-12-13T03:09:33.588-0800] {override.py:1911} INFO - Created Permission View: can edit on DAG:example_python_operator
[2024-12-13T03:09:33.598-0800] {logging_mixin.py:190} INFO - [2024-12-13T03:09:33.598-0800] {override.py:1911} INFO - Created Permission View: can delete on DAG Run:example_python_operator
[2024-12-13T03:09:33.604-0800] {logging_mixin.py:190} INFO - [2024-12-13T03:09:33.604-0800] {override.py:1911} INFO - Created Permission View: menu access on DAG Run:example_python_operator
[2024-12-13T03:09:33.612-0800] {logging_mixin.py:190} INFO - [2024-12-13T03:09:33.612-0800] {override.py:1911} INFO - Created Permission View: can read on DAG Run:example_python_operator
[2024-12-13T03:09:33.619-0800] {logging_mixin.py:190} INFO - [2024-12-13T03:09:33.619-0800] {override.py:1911} INFO - Created Permission View: can create on DAG Run:example_python_operator
[2024-12-13T03:09:33.619-0800] {logging_mixin.py:190} INFO - [2024-12-13T03:09:33.619-0800] {dag.py:3239} INFO - Sync 1 DAGs
[2024-12-13T03:09:33.633-0800] {logging_mixin.py:190} INFO - [2024-12-13T03:09:33.632-0800] {dag.py:3262} INFO - Creating ORM DAG for example_python_operator
[2024-12-13T03:09:33.633-0800] {logging_mixin.py:190} INFO - [2024-12-13T03:09:33.633-0800] {dag.py:4180} INFO - Setting next_dagrun for example_python_operator to None, run_after=None
[2024-12-13T03:09:33.652-0800] {processor.py:208} INFO - Processing /Users/machine/Velocity_railway/airflow_env/lib/python3.10/site-packages/airflow/example_dags/example_python_operator.py took 0.404 seconds
[2024-12-13T03:12:34.894-0800] {processor.py:186} INFO - Started process (PID=82551) to work on /Users/machine/Velocity_railway/airflow_env/lib/python3.10/site-packages/airflow/example_dags/example_python_operator.py
[2024-12-13T03:12:34.900-0800] {processor.py:914} INFO - Processing file /Users/machine/Velocity_railway/airflow_env/lib/python3.10/site-packages/airflow/example_dags/example_python_operator.py for tasks to queue
[2024-12-13T03:12:34.902-0800] {logging_mixin.py:190} INFO - [2024-12-13T03:12:34.902-0800] {dagbag.py:588} INFO - Filling up the DagBag from /Users/machine/Velocity_railway/airflow_env/lib/python3.10/site-packages/airflow/example_dags/example_python_operator.py
[2024-12-13T03:12:34.989-0800] {logging_mixin.py:190} INFO - [2024-12-13T03:12:34.988-0800] {example_python_operator.py:93} WARNING - The virtalenv_python example task requires virtualenv, please install it.
[2024-12-13T03:12:34.993-0800] {processor.py:925} INFO - DAG(s) 'example_python_operator' retrieved from /Users/machine/Velocity_railway/airflow_env/lib/python3.10/site-packages/airflow/example_dags/example_python_operator.py
[2024-12-13T03:12:35.118-0800] {logging_mixin.py:190} INFO - [2024-12-13T03:12:35.118-0800] {dag.py:3239} INFO - Sync 1 DAGs
[2024-12-13T03:12:35.130-0800] {logging_mixin.py:190} INFO - [2024-12-13T03:12:35.130-0800] {dag.py:4180} INFO - Setting next_dagrun for example_python_operator to None, run_after=None
[2024-12-13T03:12:35.153-0800] {processor.py:208} INFO - Processing /Users/machine/Velocity_railway/airflow_env/lib/python3.10/site-packages/airflow/example_dags/example_python_operator.py took 0.266 seconds
[2024-12-13T03:15:08.801-0800] {processor.py:186} INFO - Started process (PID=83056) to work on /Users/machine/Velocity_railway/airflow_env/lib/python3.10/site-packages/airflow/example_dags/example_python_operator.py
[2024-12-13T03:15:08.803-0800] {processor.py:914} INFO - Processing file /Users/machine/Velocity_railway/airflow_env/lib/python3.10/site-packages/airflow/example_dags/example_python_operator.py for tasks to queue
[2024-12-13T03:15:08.805-0800] {logging_mixin.py:190} INFO - [2024-12-13T03:15:08.804-0800] {dagbag.py:588} INFO - Filling up the DagBag from /Users/machine/Velocity_railway/airflow_env/lib/python3.10/site-packages/airflow/example_dags/example_python_operator.py
[2024-12-13T03:15:08.884-0800] {logging_mixin.py:190} INFO - [2024-12-13T03:15:08.884-0800] {example_python_operator.py:93} WARNING - The virtalenv_python example task requires virtualenv, please install it.
[2024-12-13T03:15:08.889-0800] {processor.py:925} INFO - DAG(s) 'example_python_operator' retrieved from /Users/machine/Velocity_railway/airflow_env/lib/python3.10/site-packages/airflow/example_dags/example_python_operator.py
[2024-12-13T03:15:09.000-0800] {logging_mixin.py:190} INFO - [2024-12-13T03:15:08.999-0800] {dag.py:3239} INFO - Sync 1 DAGs
[2024-12-13T03:15:09.011-0800] {logging_mixin.py:190} INFO - [2024-12-13T03:15:09.010-0800] {dag.py:4180} INFO - Setting next_dagrun for example_python_operator to None, run_after=None
[2024-12-13T03:15:09.028-0800] {processor.py:208} INFO - Processing /Users/machine/Velocity_railway/airflow_env/lib/python3.10/site-packages/airflow/example_dags/example_python_operator.py took 0.233 seconds
[2024-12-13T03:17:29.753-0800] {processor.py:186} INFO - Started process (PID=83532) to work on /Users/machine/Velocity_railway/airflow_env/lib/python3.10/site-packages/airflow/example_dags/example_python_operator.py
[2024-12-13T03:17:29.754-0800] {processor.py:914} INFO - Processing file /Users/machine/Velocity_railway/airflow_env/lib/python3.10/site-packages/airflow/example_dags/example_python_operator.py for tasks to queue
[2024-12-13T03:17:29.755-0800] {logging_mixin.py:190} INFO - [2024-12-13T03:17:29.755-0800] {dagbag.py:588} INFO - Filling up the DagBag from /Users/machine/Velocity_railway/airflow_env/lib/python3.10/site-packages/airflow/example_dags/example_python_operator.py
[2024-12-13T03:17:29.825-0800] {logging_mixin.py:190} INFO - [2024-12-13T03:17:29.825-0800] {example_python_operator.py:93} WARNING - The virtalenv_python example task requires virtualenv, please install it.
[2024-12-13T03:17:29.829-0800] {processor.py:925} INFO - DAG(s) 'example_python_operator' retrieved from /Users/machine/Velocity_railway/airflow_env/lib/python3.10/site-packages/airflow/example_dags/example_python_operator.py
[2024-12-13T03:17:29.935-0800] {logging_mixin.py:190} INFO - [2024-12-13T03:17:29.934-0800] {dag.py:3239} INFO - Sync 1 DAGs
[2024-12-13T03:17:29.945-0800] {logging_mixin.py:190} INFO - [2024-12-13T03:17:29.945-0800] {dag.py:4180} INFO - Setting next_dagrun for example_python_operator to None, run_after=None
[2024-12-13T03:17:29.962-0800] {processor.py:208} INFO - Processing /Users/machine/Velocity_railway/airflow_env/lib/python3.10/site-packages/airflow/example_dags/example_python_operator.py took 0.214 seconds
[2024-12-13T03:19:45.190-0800] {processor.py:186} INFO - Started process (PID=84013) to work on /Users/machine/Velocity_railway/airflow_env/lib/python3.10/site-packages/airflow/example_dags/example_python_operator.py
[2024-12-13T03:19:45.191-0800] {processor.py:914} INFO - Processing file /Users/machine/Velocity_railway/airflow_env/lib/python3.10/site-packages/airflow/example_dags/example_python_operator.py for tasks to queue
[2024-12-13T03:19:45.192-0800] {logging_mixin.py:190} INFO - [2024-12-13T03:19:45.192-0800] {dagbag.py:588} INFO - Filling up the DagBag from /Users/machine/Velocity_railway/airflow_env/lib/python3.10/site-packages/airflow/example_dags/example_python_operator.py
[2024-12-13T03:19:45.262-0800] {logging_mixin.py:190} INFO - [2024-12-13T03:19:45.261-0800] {example_python_operator.py:93} WARNING - The virtalenv_python example task requires virtualenv, please install it.
[2024-12-13T03:19:45.265-0800] {processor.py:925} INFO - DAG(s) 'example_python_operator' retrieved from /Users/machine/Velocity_railway/airflow_env/lib/python3.10/site-packages/airflow/example_dags/example_python_operator.py
[2024-12-13T03:19:45.374-0800] {logging_mixin.py:190} INFO - [2024-12-13T03:19:45.374-0800] {dag.py:3239} INFO - Sync 1 DAGs
[2024-12-13T03:19:45.383-0800] {logging_mixin.py:190} INFO - [2024-12-13T03:19:45.383-0800] {dag.py:4180} INFO - Setting next_dagrun for example_python_operator to None, run_after=None
[2024-12-13T03:19:45.401-0800] {processor.py:208} INFO - Processing /Users/machine/Velocity_railway/airflow_env/lib/python3.10/site-packages/airflow/example_dags/example_python_operator.py took 0.216 seconds
[2024-12-13T03:21:55.863-0800] {processor.py:186} INFO - Started process (PID=84459) to work on /Users/machine/Velocity_railway/airflow_env/lib/python3.10/site-packages/airflow/example_dags/example_python_operator.py
[2024-12-13T03:21:55.866-0800] {processor.py:914} INFO - Processing file /Users/machine/Velocity_railway/airflow_env/lib/python3.10/site-packages/airflow/example_dags/example_python_operator.py for tasks to queue
[2024-12-13T03:21:55.867-0800] {logging_mixin.py:190} INFO - [2024-12-13T03:21:55.867-0800] {dagbag.py:588} INFO - Filling up the DagBag from /Users/machine/Velocity_railway/airflow_env/lib/python3.10/site-packages/airflow/example_dags/example_python_operator.py
[2024-12-13T03:21:55.934-0800] {logging_mixin.py:190} INFO - [2024-12-13T03:21:55.933-0800] {example_python_operator.py:93} WARNING - The virtalenv_python example task requires virtualenv, please install it.
[2024-12-13T03:21:55.937-0800] {processor.py:925} INFO - DAG(s) 'example_python_operator' retrieved from /Users/machine/Velocity_railway/airflow_env/lib/python3.10/site-packages/airflow/example_dags/example_python_operator.py
[2024-12-13T03:21:56.036-0800] {logging_mixin.py:190} INFO - [2024-12-13T03:21:56.036-0800] {dag.py:3239} INFO - Sync 1 DAGs
[2024-12-13T03:21:56.046-0800] {logging_mixin.py:190} INFO - [2024-12-13T03:21:56.046-0800] {dag.py:4180} INFO - Setting next_dagrun for example_python_operator to None, run_after=None
[2024-12-13T03:21:56.062-0800] {processor.py:208} INFO - Processing /Users/machine/Velocity_railway/airflow_env/lib/python3.10/site-packages/airflow/example_dags/example_python_operator.py took 0.204 seconds
[2024-12-13T03:24:15.879-0800] {processor.py:186} INFO - Started process (PID=84919) to work on /Users/machine/Velocity_railway/airflow_env/lib/python3.10/site-packages/airflow/example_dags/example_python_operator.py
[2024-12-13T03:24:15.881-0800] {processor.py:914} INFO - Processing file /Users/machine/Velocity_railway/airflow_env/lib/python3.10/site-packages/airflow/example_dags/example_python_operator.py for tasks to queue
[2024-12-13T03:24:15.882-0800] {logging_mixin.py:190} INFO - [2024-12-13T03:24:15.881-0800] {dagbag.py:588} INFO - Filling up the DagBag from /Users/machine/Velocity_railway/airflow_env/lib/python3.10/site-packages/airflow/example_dags/example_python_operator.py
[2024-12-13T03:24:15.949-0800] {logging_mixin.py:190} INFO - [2024-12-13T03:24:15.949-0800] {example_python_operator.py:93} WARNING - The virtalenv_python example task requires virtualenv, please install it.
[2024-12-13T03:24:15.953-0800] {processor.py:925} INFO - DAG(s) 'example_python_operator' retrieved from /Users/machine/Velocity_railway/airflow_env/lib/python3.10/site-packages/airflow/example_dags/example_python_operator.py
[2024-12-13T03:24:16.072-0800] {logging_mixin.py:190} INFO - [2024-12-13T03:24:16.071-0800] {dag.py:3239} INFO - Sync 1 DAGs
[2024-12-13T03:24:16.082-0800] {logging_mixin.py:190} INFO - [2024-12-13T03:24:16.082-0800] {dag.py:4180} INFO - Setting next_dagrun for example_python_operator to None, run_after=None
[2024-12-13T03:24:16.098-0800] {processor.py:208} INFO - Processing /Users/machine/Velocity_railway/airflow_env/lib/python3.10/site-packages/airflow/example_dags/example_python_operator.py took 0.225 seconds
[2024-12-13T03:26:34.204-0800] {processor.py:186} INFO - Started process (PID=85392) to work on /Users/machine/Velocity_railway/airflow_env/lib/python3.10/site-packages/airflow/example_dags/example_python_operator.py
[2024-12-13T03:26:34.206-0800] {processor.py:914} INFO - Processing file /Users/machine/Velocity_railway/airflow_env/lib/python3.10/site-packages/airflow/example_dags/example_python_operator.py for tasks to queue
[2024-12-13T03:26:34.207-0800] {logging_mixin.py:190} INFO - [2024-12-13T03:26:34.207-0800] {dagbag.py:588} INFO - Filling up the DagBag from /Users/machine/Velocity_railway/airflow_env/lib/python3.10/site-packages/airflow/example_dags/example_python_operator.py
[2024-12-13T03:26:34.286-0800] {logging_mixin.py:190} INFO - [2024-12-13T03:26:34.286-0800] {example_python_operator.py:93} WARNING - The virtalenv_python example task requires virtualenv, please install it.
[2024-12-13T03:26:34.290-0800] {processor.py:925} INFO - DAG(s) 'example_python_operator' retrieved from /Users/machine/Velocity_railway/airflow_env/lib/python3.10/site-packages/airflow/example_dags/example_python_operator.py
[2024-12-13T03:26:34.394-0800] {logging_mixin.py:190} INFO - [2024-12-13T03:26:34.394-0800] {dag.py:3239} INFO - Sync 1 DAGs
[2024-12-13T03:26:34.404-0800] {logging_mixin.py:190} INFO - [2024-12-13T03:26:34.403-0800] {dag.py:4180} INFO - Setting next_dagrun for example_python_operator to None, run_after=None
[2024-12-13T03:26:34.421-0800] {processor.py:208} INFO - Processing /Users/machine/Velocity_railway/airflow_env/lib/python3.10/site-packages/airflow/example_dags/example_python_operator.py took 0.222 seconds
[2024-12-13T03:28:52.372-0800] {processor.py:186} INFO - Started process (PID=85865) to work on /Users/machine/Velocity_railway/airflow_env/lib/python3.10/site-packages/airflow/example_dags/example_python_operator.py
[2024-12-13T03:28:52.375-0800] {processor.py:914} INFO - Processing file /Users/machine/Velocity_railway/airflow_env/lib/python3.10/site-packages/airflow/example_dags/example_python_operator.py for tasks to queue
[2024-12-13T03:28:52.376-0800] {logging_mixin.py:190} INFO - [2024-12-13T03:28:52.376-0800] {dagbag.py:588} INFO - Filling up the DagBag from /Users/machine/Velocity_railway/airflow_env/lib/python3.10/site-packages/airflow/example_dags/example_python_operator.py
[2024-12-13T03:28:52.449-0800] {logging_mixin.py:190} INFO - [2024-12-13T03:28:52.449-0800] {example_python_operator.py:93} WARNING - The virtalenv_python example task requires virtualenv, please install it.
[2024-12-13T03:28:52.453-0800] {processor.py:925} INFO - DAG(s) 'example_python_operator' retrieved from /Users/machine/Velocity_railway/airflow_env/lib/python3.10/site-packages/airflow/example_dags/example_python_operator.py
[2024-12-13T03:28:52.565-0800] {logging_mixin.py:190} INFO - [2024-12-13T03:28:52.565-0800] {dag.py:3239} INFO - Sync 1 DAGs
[2024-12-13T03:28:52.577-0800] {logging_mixin.py:190} INFO - [2024-12-13T03:28:52.577-0800] {dag.py:4180} INFO - Setting next_dagrun for example_python_operator to None, run_after=None
[2024-12-13T03:28:52.594-0800] {processor.py:208} INFO - Processing /Users/machine/Velocity_railway/airflow_env/lib/python3.10/site-packages/airflow/example_dags/example_python_operator.py took 0.229 seconds
[2024-12-13T03:31:12.307-0800] {processor.py:186} INFO - Started process (PID=86326) to work on /Users/machine/Velocity_railway/airflow_env/lib/python3.10/site-packages/airflow/example_dags/example_python_operator.py
[2024-12-13T03:31:12.309-0800] {processor.py:914} INFO - Processing file /Users/machine/Velocity_railway/airflow_env/lib/python3.10/site-packages/airflow/example_dags/example_python_operator.py for tasks to queue
[2024-12-13T03:31:12.311-0800] {logging_mixin.py:190} INFO - [2024-12-13T03:31:12.311-0800] {dagbag.py:588} INFO - Filling up the DagBag from /Users/machine/Velocity_railway/airflow_env/lib/python3.10/site-packages/airflow/example_dags/example_python_operator.py
[2024-12-13T03:31:12.388-0800] {logging_mixin.py:190} INFO - [2024-12-13T03:31:12.388-0800] {example_python_operator.py:93} WARNING - The virtalenv_python example task requires virtualenv, please install it.
[2024-12-13T03:31:12.392-0800] {processor.py:925} INFO - DAG(s) 'example_python_operator' retrieved from /Users/machine/Velocity_railway/airflow_env/lib/python3.10/site-packages/airflow/example_dags/example_python_operator.py
[2024-12-13T03:31:12.513-0800] {logging_mixin.py:190} INFO - [2024-12-13T03:31:12.513-0800] {dag.py:3239} INFO - Sync 1 DAGs
[2024-12-13T03:31:12.525-0800] {logging_mixin.py:190} INFO - [2024-12-13T03:31:12.524-0800] {dag.py:4180} INFO - Setting next_dagrun for example_python_operator to None, run_after=None
[2024-12-13T03:31:12.545-0800] {processor.py:208} INFO - Processing /Users/machine/Velocity_railway/airflow_env/lib/python3.10/site-packages/airflow/example_dags/example_python_operator.py took 0.244 seconds
[2024-12-13T03:33:33.475-0800] {processor.py:186} INFO - Started process (PID=86854) to work on /Users/machine/Velocity_railway/airflow_env/lib/python3.10/site-packages/airflow/example_dags/example_python_operator.py
[2024-12-13T03:33:33.478-0800] {processor.py:914} INFO - Processing file /Users/machine/Velocity_railway/airflow_env/lib/python3.10/site-packages/airflow/example_dags/example_python_operator.py for tasks to queue
[2024-12-13T03:33:33.479-0800] {logging_mixin.py:190} INFO - [2024-12-13T03:33:33.479-0800] {dagbag.py:588} INFO - Filling up the DagBag from /Users/machine/Velocity_railway/airflow_env/lib/python3.10/site-packages/airflow/example_dags/example_python_operator.py
[2024-12-13T03:33:33.560-0800] {logging_mixin.py:190} INFO - [2024-12-13T03:33:33.560-0800] {example_python_operator.py:93} WARNING - The virtalenv_python example task requires virtualenv, please install it.
[2024-12-13T03:33:33.564-0800] {processor.py:925} INFO - DAG(s) 'example_python_operator' retrieved from /Users/machine/Velocity_railway/airflow_env/lib/python3.10/site-packages/airflow/example_dags/example_python_operator.py
[2024-12-13T03:33:33.694-0800] {logging_mixin.py:190} INFO - [2024-12-13T03:33:33.693-0800] {dag.py:3239} INFO - Sync 1 DAGs
[2024-12-13T03:33:33.707-0800] {logging_mixin.py:190} INFO - [2024-12-13T03:33:33.706-0800] {dag.py:4180} INFO - Setting next_dagrun for example_python_operator to None, run_after=None
[2024-12-13T03:33:33.726-0800] {processor.py:208} INFO - Processing /Users/machine/Velocity_railway/airflow_env/lib/python3.10/site-packages/airflow/example_dags/example_python_operator.py took 0.258 seconds
[2024-12-13T03:36:00.826-0800] {processor.py:186} INFO - Started process (PID=87427) to work on /Users/machine/Velocity_railway/airflow_env/lib/python3.10/site-packages/airflow/example_dags/example_python_operator.py
[2024-12-13T03:36:00.828-0800] {processor.py:914} INFO - Processing file /Users/machine/Velocity_railway/airflow_env/lib/python3.10/site-packages/airflow/example_dags/example_python_operator.py for tasks to queue
[2024-12-13T03:36:00.829-0800] {logging_mixin.py:190} INFO - [2024-12-13T03:36:00.829-0800] {dagbag.py:588} INFO - Filling up the DagBag from /Users/machine/Velocity_railway/airflow_env/lib/python3.10/site-packages/airflow/example_dags/example_python_operator.py
[2024-12-13T03:36:00.902-0800] {logging_mixin.py:190} INFO - [2024-12-13T03:36:00.902-0800] {example_python_operator.py:93} WARNING - The virtalenv_python example task requires virtualenv, please install it.
[2024-12-13T03:36:00.905-0800] {processor.py:925} INFO - DAG(s) 'example_python_operator' retrieved from /Users/machine/Velocity_railway/airflow_env/lib/python3.10/site-packages/airflow/example_dags/example_python_operator.py
[2024-12-13T03:36:01.019-0800] {logging_mixin.py:190} INFO - [2024-12-13T03:36:01.018-0800] {dag.py:3239} INFO - Sync 1 DAGs
[2024-12-13T03:36:01.031-0800] {logging_mixin.py:190} INFO - [2024-12-13T03:36:01.031-0800] {dag.py:4180} INFO - Setting next_dagrun for example_python_operator to None, run_after=None
[2024-12-13T03:36:01.049-0800] {processor.py:208} INFO - Processing /Users/machine/Velocity_railway/airflow_env/lib/python3.10/site-packages/airflow/example_dags/example_python_operator.py took 0.228 seconds
[2024-12-13T03:38:33.431-0800] {processor.py:186} INFO - Started process (PID=87923) to work on /Users/machine/Velocity_railway/airflow_env/lib/python3.10/site-packages/airflow/example_dags/example_python_operator.py
[2024-12-13T03:38:33.433-0800] {processor.py:914} INFO - Processing file /Users/machine/Velocity_railway/airflow_env/lib/python3.10/site-packages/airflow/example_dags/example_python_operator.py for tasks to queue
[2024-12-13T03:38:33.434-0800] {logging_mixin.py:190} INFO - [2024-12-13T03:38:33.434-0800] {dagbag.py:588} INFO - Filling up the DagBag from /Users/machine/Velocity_railway/airflow_env/lib/python3.10/site-packages/airflow/example_dags/example_python_operator.py
[2024-12-13T03:38:33.508-0800] {logging_mixin.py:190} INFO - [2024-12-13T03:38:33.508-0800] {example_python_operator.py:93} WARNING - The virtalenv_python example task requires virtualenv, please install it.
[2024-12-13T03:38:33.512-0800] {processor.py:925} INFO - DAG(s) 'example_python_operator' retrieved from /Users/machine/Velocity_railway/airflow_env/lib/python3.10/site-packages/airflow/example_dags/example_python_operator.py
[2024-12-13T03:38:33.645-0800] {logging_mixin.py:190} INFO - [2024-12-13T03:38:33.645-0800] {dag.py:3239} INFO - Sync 1 DAGs
[2024-12-13T03:38:33.656-0800] {logging_mixin.py:190} INFO - [2024-12-13T03:38:33.656-0800] {dag.py:4180} INFO - Setting next_dagrun for example_python_operator to None, run_after=None
[2024-12-13T03:38:33.674-0800] {processor.py:208} INFO - Processing /Users/machine/Velocity_railway/airflow_env/lib/python3.10/site-packages/airflow/example_dags/example_python_operator.py took 0.249 seconds
[2024-12-13T03:40:50.144-0800] {processor.py:186} INFO - Started process (PID=88391) to work on /Users/machine/Velocity_railway/airflow_env/lib/python3.10/site-packages/airflow/example_dags/example_python_operator.py
[2024-12-13T03:40:50.146-0800] {processor.py:914} INFO - Processing file /Users/machine/Velocity_railway/airflow_env/lib/python3.10/site-packages/airflow/example_dags/example_python_operator.py for tasks to queue
[2024-12-13T03:40:50.147-0800] {logging_mixin.py:190} INFO - [2024-12-13T03:40:50.147-0800] {dagbag.py:588} INFO - Filling up the DagBag from /Users/machine/Velocity_railway/airflow_env/lib/python3.10/site-packages/airflow/example_dags/example_python_operator.py
[2024-12-13T03:40:50.217-0800] {logging_mixin.py:190} INFO - [2024-12-13T03:40:50.216-0800] {example_python_operator.py:93} WARNING - The virtalenv_python example task requires virtualenv, please install it.
[2024-12-13T03:40:50.220-0800] {processor.py:925} INFO - DAG(s) 'example_python_operator' retrieved from /Users/machine/Velocity_railway/airflow_env/lib/python3.10/site-packages/airflow/example_dags/example_python_operator.py
[2024-12-13T03:40:50.330-0800] {logging_mixin.py:190} INFO - [2024-12-13T03:40:50.329-0800] {dag.py:3239} INFO - Sync 1 DAGs
[2024-12-13T03:40:50.340-0800] {logging_mixin.py:190} INFO - [2024-12-13T03:40:50.340-0800] {dag.py:4180} INFO - Setting next_dagrun for example_python_operator to None, run_after=None
[2024-12-13T03:40:50.356-0800] {processor.py:208} INFO - Processing /Users/machine/Velocity_railway/airflow_env/lib/python3.10/site-packages/airflow/example_dags/example_python_operator.py took 0.217 seconds
[2024-12-13T03:43:03.918-0800] {processor.py:186} INFO - Started process (PID=88853) to work on /Users/machine/Velocity_railway/airflow_env/lib/python3.10/site-packages/airflow/example_dags/example_python_operator.py
[2024-12-13T03:43:03.920-0800] {processor.py:914} INFO - Processing file /Users/machine/Velocity_railway/airflow_env/lib/python3.10/site-packages/airflow/example_dags/example_python_operator.py for tasks to queue
[2024-12-13T03:43:03.922-0800] {logging_mixin.py:190} INFO - [2024-12-13T03:43:03.921-0800] {dagbag.py:588} INFO - Filling up the DagBag from /Users/machine/Velocity_railway/airflow_env/lib/python3.10/site-packages/airflow/example_dags/example_python_operator.py
[2024-12-13T03:43:03.997-0800] {logging_mixin.py:190} INFO - [2024-12-13T03:43:03.997-0800] {example_python_operator.py:93} WARNING - The virtalenv_python example task requires virtualenv, please install it.
[2024-12-13T03:43:04.001-0800] {processor.py:925} INFO - DAG(s) 'example_python_operator' retrieved from /Users/machine/Velocity_railway/airflow_env/lib/python3.10/site-packages/airflow/example_dags/example_python_operator.py
[2024-12-13T03:43:04.119-0800] {logging_mixin.py:190} INFO - [2024-12-13T03:43:04.119-0800] {dag.py:3239} INFO - Sync 1 DAGs
[2024-12-13T03:43:04.130-0800] {logging_mixin.py:190} INFO - [2024-12-13T03:43:04.129-0800] {dag.py:4180} INFO - Setting next_dagrun for example_python_operator to None, run_after=None
[2024-12-13T03:43:04.148-0800] {processor.py:208} INFO - Processing /Users/machine/Velocity_railway/airflow_env/lib/python3.10/site-packages/airflow/example_dags/example_python_operator.py took 0.236 seconds
[2024-12-13T03:45:17.608-0800] {processor.py:186} INFO - Started process (PID=89309) to work on /Users/machine/Velocity_railway/airflow_env/lib/python3.10/site-packages/airflow/example_dags/example_python_operator.py
[2024-12-13T03:45:17.610-0800] {processor.py:914} INFO - Processing file /Users/machine/Velocity_railway/airflow_env/lib/python3.10/site-packages/airflow/example_dags/example_python_operator.py for tasks to queue
[2024-12-13T03:45:17.612-0800] {logging_mixin.py:190} INFO - [2024-12-13T03:45:17.611-0800] {dagbag.py:588} INFO - Filling up the DagBag from /Users/machine/Velocity_railway/airflow_env/lib/python3.10/site-packages/airflow/example_dags/example_python_operator.py
[2024-12-13T03:45:17.679-0800] {logging_mixin.py:190} INFO - [2024-12-13T03:45:17.679-0800] {example_python_operator.py:93} WARNING - The virtalenv_python example task requires virtualenv, please install it.
[2024-12-13T03:45:17.682-0800] {processor.py:925} INFO - DAG(s) 'example_python_operator' retrieved from /Users/machine/Velocity_railway/airflow_env/lib/python3.10/site-packages/airflow/example_dags/example_python_operator.py
[2024-12-13T03:45:17.784-0800] {logging_mixin.py:190} INFO - [2024-12-13T03:45:17.784-0800] {dag.py:3239} INFO - Sync 1 DAGs
[2024-12-13T03:45:17.793-0800] {logging_mixin.py:190} INFO - [2024-12-13T03:45:17.793-0800] {dag.py:4180} INFO - Setting next_dagrun for example_python_operator to None, run_after=None
[2024-12-13T03:45:17.810-0800] {processor.py:208} INFO - Processing /Users/machine/Velocity_railway/airflow_env/lib/python3.10/site-packages/airflow/example_dags/example_python_operator.py took 0.208 seconds
[2024-12-13T03:47:30.125-0800] {processor.py:186} INFO - Started process (PID=89747) to work on /Users/machine/Velocity_railway/airflow_env/lib/python3.10/site-packages/airflow/example_dags/example_python_operator.py
[2024-12-13T03:47:30.127-0800] {processor.py:914} INFO - Processing file /Users/machine/Velocity_railway/airflow_env/lib/python3.10/site-packages/airflow/example_dags/example_python_operator.py for tasks to queue
[2024-12-13T03:47:30.128-0800] {logging_mixin.py:190} INFO - [2024-12-13T03:47:30.128-0800] {dagbag.py:588} INFO - Filling up the DagBag from /Users/machine/Velocity_railway/airflow_env/lib/python3.10/site-packages/airflow/example_dags/example_python_operator.py
[2024-12-13T03:47:30.196-0800] {logging_mixin.py:190} INFO - [2024-12-13T03:47:30.196-0800] {example_python_operator.py:93} WARNING - The virtalenv_python example task requires virtualenv, please install it.
[2024-12-13T03:47:30.200-0800] {processor.py:925} INFO - DAG(s) 'example_python_operator' retrieved from /Users/machine/Velocity_railway/airflow_env/lib/python3.10/site-packages/airflow/example_dags/example_python_operator.py
[2024-12-13T03:47:30.303-0800] {logging_mixin.py:190} INFO - [2024-12-13T03:47:30.303-0800] {dag.py:3239} INFO - Sync 1 DAGs
[2024-12-13T03:47:30.313-0800] {logging_mixin.py:190} INFO - [2024-12-13T03:47:30.313-0800] {dag.py:4180} INFO - Setting next_dagrun for example_python_operator to None, run_after=None
[2024-12-13T03:47:30.329-0800] {processor.py:208} INFO - Processing /Users/machine/Velocity_railway/airflow_env/lib/python3.10/site-packages/airflow/example_dags/example_python_operator.py took 0.210 seconds
[2024-12-13T03:49:46.537-0800] {processor.py:186} INFO - Started process (PID=90228) to work on /Users/machine/Velocity_railway/airflow_env/lib/python3.10/site-packages/airflow/example_dags/example_python_operator.py
[2024-12-13T03:49:46.539-0800] {processor.py:914} INFO - Processing file /Users/machine/Velocity_railway/airflow_env/lib/python3.10/site-packages/airflow/example_dags/example_python_operator.py for tasks to queue
[2024-12-13T03:49:46.540-0800] {logging_mixin.py:190} INFO - [2024-12-13T03:49:46.540-0800] {dagbag.py:588} INFO - Filling up the DagBag from /Users/machine/Velocity_railway/airflow_env/lib/python3.10/site-packages/airflow/example_dags/example_python_operator.py
[2024-12-13T03:49:46.613-0800] {logging_mixin.py:190} INFO - [2024-12-13T03:49:46.612-0800] {example_python_operator.py:93} WARNING - The virtalenv_python example task requires virtualenv, please install it.
[2024-12-13T03:49:46.616-0800] {processor.py:925} INFO - DAG(s) 'example_python_operator' retrieved from /Users/machine/Velocity_railway/airflow_env/lib/python3.10/site-packages/airflow/example_dags/example_python_operator.py
[2024-12-13T03:49:46.730-0800] {logging_mixin.py:190} INFO - [2024-12-13T03:49:46.729-0800] {dag.py:3239} INFO - Sync 1 DAGs
[2024-12-13T03:49:46.741-0800] {logging_mixin.py:190} INFO - [2024-12-13T03:49:46.740-0800] {dag.py:4180} INFO - Setting next_dagrun for example_python_operator to None, run_after=None
[2024-12-13T03:49:46.758-0800] {processor.py:208} INFO - Processing /Users/machine/Velocity_railway/airflow_env/lib/python3.10/site-packages/airflow/example_dags/example_python_operator.py took 0.227 seconds
[2024-12-13T03:52:04.006-0800] {processor.py:186} INFO - Started process (PID=90708) to work on /Users/machine/Velocity_railway/airflow_env/lib/python3.10/site-packages/airflow/example_dags/example_python_operator.py
[2024-12-13T03:52:04.008-0800] {processor.py:914} INFO - Processing file /Users/machine/Velocity_railway/airflow_env/lib/python3.10/site-packages/airflow/example_dags/example_python_operator.py for tasks to queue
[2024-12-13T03:52:04.010-0800] {logging_mixin.py:190} INFO - [2024-12-13T03:52:04.010-0800] {dagbag.py:588} INFO - Filling up the DagBag from /Users/machine/Velocity_railway/airflow_env/lib/python3.10/site-packages/airflow/example_dags/example_python_operator.py
[2024-12-13T03:52:04.087-0800] {logging_mixin.py:190} INFO - [2024-12-13T03:52:04.087-0800] {example_python_operator.py:93} WARNING - The virtalenv_python example task requires virtualenv, please install it.
[2024-12-13T03:52:04.092-0800] {processor.py:925} INFO - DAG(s) 'example_python_operator' retrieved from /Users/machine/Velocity_railway/airflow_env/lib/python3.10/site-packages/airflow/example_dags/example_python_operator.py
[2024-12-13T03:52:04.211-0800] {logging_mixin.py:190} INFO - [2024-12-13T03:52:04.211-0800] {dag.py:3239} INFO - Sync 1 DAGs
[2024-12-13T03:52:04.222-0800] {logging_mixin.py:190} INFO - [2024-12-13T03:52:04.222-0800] {dag.py:4180} INFO - Setting next_dagrun for example_python_operator to None, run_after=None
[2024-12-13T03:52:04.240-0800] {processor.py:208} INFO - Processing /Users/machine/Velocity_railway/airflow_env/lib/python3.10/site-packages/airflow/example_dags/example_python_operator.py took 0.241 seconds
[2024-12-13T03:54:26.283-0800] {processor.py:186} INFO - Started process (PID=91208) to work on /Users/machine/Velocity_railway/airflow_env/lib/python3.10/site-packages/airflow/example_dags/example_python_operator.py
[2024-12-13T03:54:26.285-0800] {processor.py:914} INFO - Processing file /Users/machine/Velocity_railway/airflow_env/lib/python3.10/site-packages/airflow/example_dags/example_python_operator.py for tasks to queue
[2024-12-13T03:54:26.287-0800] {logging_mixin.py:190} INFO - [2024-12-13T03:54:26.286-0800] {dagbag.py:588} INFO - Filling up the DagBag from /Users/machine/Velocity_railway/airflow_env/lib/python3.10/site-packages/airflow/example_dags/example_python_operator.py
[2024-12-13T03:54:26.373-0800] {logging_mixin.py:190} INFO - [2024-12-13T03:54:26.372-0800] {example_python_operator.py:93} WARNING - The virtalenv_python example task requires virtualenv, please install it.
[2024-12-13T03:54:26.377-0800] {processor.py:925} INFO - DAG(s) 'example_python_operator' retrieved from /Users/machine/Velocity_railway/airflow_env/lib/python3.10/site-packages/airflow/example_dags/example_python_operator.py
[2024-12-13T03:54:26.496-0800] {logging_mixin.py:190} INFO - [2024-12-13T03:54:26.495-0800] {dag.py:3239} INFO - Sync 1 DAGs
[2024-12-13T03:54:26.507-0800] {logging_mixin.py:190} INFO - [2024-12-13T03:54:26.507-0800] {dag.py:4180} INFO - Setting next_dagrun for example_python_operator to None, run_after=None
[2024-12-13T03:54:26.526-0800] {processor.py:208} INFO - Processing /Users/machine/Velocity_railway/airflow_env/lib/python3.10/site-packages/airflow/example_dags/example_python_operator.py took 0.248 seconds
[2024-12-13T03:56:51.474-0800] {processor.py:186} INFO - Started process (PID=91824) to work on /Users/machine/Velocity_railway/airflow_env/lib/python3.10/site-packages/airflow/example_dags/example_python_operator.py
[2024-12-13T03:56:51.476-0800] {processor.py:914} INFO - Processing file /Users/machine/Velocity_railway/airflow_env/lib/python3.10/site-packages/airflow/example_dags/example_python_operator.py for tasks to queue
[2024-12-13T03:56:51.477-0800] {logging_mixin.py:190} INFO - [2024-12-13T03:56:51.477-0800] {dagbag.py:588} INFO - Filling up the DagBag from /Users/machine/Velocity_railway/airflow_env/lib/python3.10/site-packages/airflow/example_dags/example_python_operator.py
[2024-12-13T03:56:51.550-0800] {logging_mixin.py:190} INFO - [2024-12-13T03:56:51.550-0800] {example_python_operator.py:93} WARNING - The virtalenv_python example task requires virtualenv, please install it.
[2024-12-13T03:56:51.554-0800] {processor.py:925} INFO - DAG(s) 'example_python_operator' retrieved from /Users/machine/Velocity_railway/airflow_env/lib/python3.10/site-packages/airflow/example_dags/example_python_operator.py
[2024-12-13T03:56:51.670-0800] {logging_mixin.py:190} INFO - [2024-12-13T03:56:51.670-0800] {dag.py:3239} INFO - Sync 1 DAGs
[2024-12-13T03:56:51.682-0800] {logging_mixin.py:190} INFO - [2024-12-13T03:56:51.681-0800] {dag.py:4180} INFO - Setting next_dagrun for example_python_operator to None, run_after=None
[2024-12-13T03:56:51.699-0800] {processor.py:208} INFO - Processing /Users/machine/Velocity_railway/airflow_env/lib/python3.10/site-packages/airflow/example_dags/example_python_operator.py took 0.231 seconds
[2024-12-13T03:59:17.615-0800] {processor.py:186} INFO - Started process (PID=92446) to work on /Users/machine/Velocity_railway/airflow_env/lib/python3.10/site-packages/airflow/example_dags/example_python_operator.py
[2024-12-13T03:59:17.617-0800] {processor.py:914} INFO - Processing file /Users/machine/Velocity_railway/airflow_env/lib/python3.10/site-packages/airflow/example_dags/example_python_operator.py for tasks to queue
[2024-12-13T03:59:17.619-0800] {logging_mixin.py:190} INFO - [2024-12-13T03:59:17.618-0800] {dagbag.py:588} INFO - Filling up the DagBag from /Users/machine/Velocity_railway/airflow_env/lib/python3.10/site-packages/airflow/example_dags/example_python_operator.py
[2024-12-13T03:59:17.702-0800] {logging_mixin.py:190} INFO - [2024-12-13T03:59:17.702-0800] {example_python_operator.py:93} WARNING - The virtalenv_python example task requires virtualenv, please install it.
[2024-12-13T03:59:17.707-0800] {processor.py:925} INFO - DAG(s) 'example_python_operator' retrieved from /Users/machine/Velocity_railway/airflow_env/lib/python3.10/site-packages/airflow/example_dags/example_python_operator.py
[2024-12-13T03:59:17.831-0800] {logging_mixin.py:190} INFO - [2024-12-13T03:59:17.831-0800] {dag.py:3239} INFO - Sync 1 DAGs
[2024-12-13T03:59:17.842-0800] {logging_mixin.py:190} INFO - [2024-12-13T03:59:17.842-0800] {dag.py:4180} INFO - Setting next_dagrun for example_python_operator to None, run_after=None
[2024-12-13T03:59:17.862-0800] {processor.py:208} INFO - Processing /Users/machine/Velocity_railway/airflow_env/lib/python3.10/site-packages/airflow/example_dags/example_python_operator.py took 0.253 seconds
[2024-12-13T05:50:26.746-0800] {processor.py:186} INFO - Started process (PID=93291) to work on /Users/machine/Velocity_railway/airflow_env/lib/python3.10/site-packages/airflow/example_dags/example_python_operator.py
[2024-12-13T05:50:26.748-0800] {processor.py:914} INFO - Processing file /Users/machine/Velocity_railway/airflow_env/lib/python3.10/site-packages/airflow/example_dags/example_python_operator.py for tasks to queue
[2024-12-13T05:50:26.749-0800] {logging_mixin.py:190} INFO - [2024-12-13T05:50:26.749-0800] {dagbag.py:588} INFO - Filling up the DagBag from /Users/machine/Velocity_railway/airflow_env/lib/python3.10/site-packages/airflow/example_dags/example_python_operator.py
[2024-12-13T05:50:26.850-0800] {logging_mixin.py:190} INFO - [2024-12-13T05:50:26.850-0800] {example_python_operator.py:93} WARNING - The virtalenv_python example task requires virtualenv, please install it.
[2024-12-13T05:50:26.857-0800] {processor.py:925} INFO - DAG(s) 'example_python_operator' retrieved from /Users/machine/Velocity_railway/airflow_env/lib/python3.10/site-packages/airflow/example_dags/example_python_operator.py
[2024-12-13T05:50:27.033-0800] {logging_mixin.py:190} INFO - [2024-12-13T05:50:27.032-0800] {dag.py:3239} INFO - Sync 1 DAGs
[2024-12-13T05:50:27.048-0800] {logging_mixin.py:190} INFO - [2024-12-13T05:50:27.048-0800] {dag.py:4180} INFO - Setting next_dagrun for example_python_operator to None, run_after=None
[2024-12-13T05:50:27.070-0800] {processor.py:208} INFO - Processing /Users/machine/Velocity_railway/airflow_env/lib/python3.10/site-packages/airflow/example_dags/example_python_operator.py took 0.331 seconds
