[2024-12-13T03:10:06.062-0800] {processor.py:186} INFO - Started process (PID=82061) to work on /Users/machine/Velocity_railway/airflow_env/lib/python3.10/site-packages/airflow/example_dags/example_kubernetes_executor.py
[2024-12-13T03:10:06.064-0800] {processor.py:914} INFO - Processing file /Users/machine/Velocity_railway/airflow_env/lib/python3.10/site-packages/airflow/example_dags/example_kubernetes_executor.py for tasks to queue
[2024-12-13T03:10:06.066-0800] {logging_mixin.py:190} INFO - [2024-12-13T03:10:06.065-0800] {dagbag.py:588} INFO - Filling up the DagBag from /Users/machine/Velocity_railway/airflow_env/lib/python3.10/site-packages/airflow/example_dags/example_kubernetes_executor.py
[2024-12-13T03:10:06.158-0800] {logging_mixin.py:190} INFO - [2024-12-13T03:10:06.158-0800] {example_kubernetes_executor.py:39} WARNING - The example_kubernetes_executor example DAG requires the kubernetes provider. Please install it with: pip install apache-airflow[cncf.kubernetes]
[2024-12-13T03:10:06.158-0800] {processor.py:927} WARNING - No viable dags retrieved from /Users/machine/Velocity_railway/airflow_env/lib/python3.10/site-packages/airflow/example_dags/example_kubernetes_executor.py
[2024-12-13T03:10:06.264-0800] {processor.py:208} INFO - Processing /Users/machine/Velocity_railway/airflow_env/lib/python3.10/site-packages/airflow/example_dags/example_kubernetes_executor.py took 0.208 seconds
[2024-12-13T03:13:10.004-0800] {processor.py:186} INFO - Started process (PID=82659) to work on /Users/machine/Velocity_railway/airflow_env/lib/python3.10/site-packages/airflow/example_dags/example_kubernetes_executor.py
[2024-12-13T03:13:10.006-0800] {processor.py:914} INFO - Processing file /Users/machine/Velocity_railway/airflow_env/lib/python3.10/site-packages/airflow/example_dags/example_kubernetes_executor.py for tasks to queue
[2024-12-13T03:13:10.009-0800] {logging_mixin.py:190} INFO - [2024-12-13T03:13:10.008-0800] {dagbag.py:588} INFO - Filling up the DagBag from /Users/machine/Velocity_railway/airflow_env/lib/python3.10/site-packages/airflow/example_dags/example_kubernetes_executor.py
[2024-12-13T03:13:10.126-0800] {logging_mixin.py:190} INFO - [2024-12-13T03:13:10.126-0800] {example_kubernetes_executor.py:39} WARNING - The example_kubernetes_executor example DAG requires the kubernetes provider. Please install it with: pip install apache-airflow[cncf.kubernetes]
[2024-12-13T03:13:10.126-0800] {processor.py:927} WARNING - No viable dags retrieved from /Users/machine/Velocity_railway/airflow_env/lib/python3.10/site-packages/airflow/example_dags/example_kubernetes_executor.py
[2024-12-13T03:13:10.307-0800] {processor.py:208} INFO - Processing /Users/machine/Velocity_railway/airflow_env/lib/python3.10/site-packages/airflow/example_dags/example_kubernetes_executor.py took 0.311 seconds
[2024-12-13T03:15:38.247-0800] {processor.py:186} INFO - Started process (PID=83147) to work on /Users/machine/Velocity_railway/airflow_env/lib/python3.10/site-packages/airflow/example_dags/example_kubernetes_executor.py
[2024-12-13T03:15:38.249-0800] {processor.py:914} INFO - Processing file /Users/machine/Velocity_railway/airflow_env/lib/python3.10/site-packages/airflow/example_dags/example_kubernetes_executor.py for tasks to queue
[2024-12-13T03:15:38.250-0800] {logging_mixin.py:190} INFO - [2024-12-13T03:15:38.250-0800] {dagbag.py:588} INFO - Filling up the DagBag from /Users/machine/Velocity_railway/airflow_env/lib/python3.10/site-packages/airflow/example_dags/example_kubernetes_executor.py
[2024-12-13T03:15:38.345-0800] {logging_mixin.py:190} INFO - [2024-12-13T03:15:38.345-0800] {example_kubernetes_executor.py:39} WARNING - The example_kubernetes_executor example DAG requires the kubernetes provider. Please install it with: pip install apache-airflow[cncf.kubernetes]
[2024-12-13T03:15:38.345-0800] {processor.py:927} WARNING - No viable dags retrieved from /Users/machine/Velocity_railway/airflow_env/lib/python3.10/site-packages/airflow/example_dags/example_kubernetes_executor.py
[2024-12-13T03:15:38.444-0800] {processor.py:208} INFO - Processing /Users/machine/Velocity_railway/airflow_env/lib/python3.10/site-packages/airflow/example_dags/example_kubernetes_executor.py took 0.203 seconds
[2024-12-13T03:20:07.779-0800] {processor.py:186} INFO - Started process (PID=84083) to work on /Users/machine/Velocity_railway/airflow_env/lib/python3.10/site-packages/airflow/example_dags/example_kubernetes_executor.py
[2024-12-13T03:20:07.781-0800] {processor.py:914} INFO - Processing file /Users/machine/Velocity_railway/airflow_env/lib/python3.10/site-packages/airflow/example_dags/example_kubernetes_executor.py for tasks to queue
[2024-12-13T03:20:07.782-0800] {logging_mixin.py:190} INFO - [2024-12-13T03:20:07.782-0800] {dagbag.py:588} INFO - Filling up the DagBag from /Users/machine/Velocity_railway/airflow_env/lib/python3.10/site-packages/airflow/example_dags/example_kubernetes_executor.py
[2024-12-13T03:20:07.875-0800] {logging_mixin.py:190} INFO - [2024-12-13T03:20:07.875-0800] {example_kubernetes_executor.py:39} WARNING - The example_kubernetes_executor example DAG requires the kubernetes provider. Please install it with: pip install apache-airflow[cncf.kubernetes]
[2024-12-13T03:20:07.875-0800] {processor.py:927} WARNING - No viable dags retrieved from /Users/machine/Velocity_railway/airflow_env/lib/python3.10/site-packages/airflow/example_dags/example_kubernetes_executor.py
[2024-12-13T03:20:07.983-0800] {processor.py:208} INFO - Processing /Users/machine/Velocity_railway/airflow_env/lib/python3.10/site-packages/airflow/example_dags/example_kubernetes_executor.py took 0.211 seconds
[2024-12-13T03:24:44.493-0800] {processor.py:186} INFO - Started process (PID=85022) to work on /Users/machine/Velocity_railway/airflow_env/lib/python3.10/site-packages/airflow/example_dags/example_kubernetes_executor.py
[2024-12-13T03:24:44.495-0800] {processor.py:914} INFO - Processing file /Users/machine/Velocity_railway/airflow_env/lib/python3.10/site-packages/airflow/example_dags/example_kubernetes_executor.py for tasks to queue
[2024-12-13T03:24:44.496-0800] {logging_mixin.py:190} INFO - [2024-12-13T03:24:44.496-0800] {dagbag.py:588} INFO - Filling up the DagBag from /Users/machine/Velocity_railway/airflow_env/lib/python3.10/site-packages/airflow/example_dags/example_kubernetes_executor.py
[2024-12-13T03:24:44.573-0800] {logging_mixin.py:190} INFO - [2024-12-13T03:24:44.572-0800] {example_kubernetes_executor.py:39} WARNING - The example_kubernetes_executor example DAG requires the kubernetes provider. Please install it with: pip install apache-airflow[cncf.kubernetes]
[2024-12-13T03:24:44.573-0800] {processor.py:927} WARNING - No viable dags retrieved from /Users/machine/Velocity_railway/airflow_env/lib/python3.10/site-packages/airflow/example_dags/example_kubernetes_executor.py
[2024-12-13T03:24:44.661-0800] {processor.py:208} INFO - Processing /Users/machine/Velocity_railway/airflow_env/lib/python3.10/site-packages/airflow/example_dags/example_kubernetes_executor.py took 0.173 seconds
[2024-12-13T03:29:16.159-0800] {processor.py:186} INFO - Started process (PID=85949) to work on /Users/machine/Velocity_railway/airflow_env/lib/python3.10/site-packages/airflow/example_dags/example_kubernetes_executor.py
[2024-12-13T03:29:16.161-0800] {processor.py:914} INFO - Processing file /Users/machine/Velocity_railway/airflow_env/lib/python3.10/site-packages/airflow/example_dags/example_kubernetes_executor.py for tasks to queue
[2024-12-13T03:29:16.163-0800] {logging_mixin.py:190} INFO - [2024-12-13T03:29:16.162-0800] {dagbag.py:588} INFO - Filling up the DagBag from /Users/machine/Velocity_railway/airflow_env/lib/python3.10/site-packages/airflow/example_dags/example_kubernetes_executor.py
[2024-12-13T03:29:16.272-0800] {logging_mixin.py:190} INFO - [2024-12-13T03:29:16.272-0800] {example_kubernetes_executor.py:39} WARNING - The example_kubernetes_executor example DAG requires the kubernetes provider. Please install it with: pip install apache-airflow[cncf.kubernetes]
[2024-12-13T03:29:16.272-0800] {processor.py:927} WARNING - No viable dags retrieved from /Users/machine/Velocity_railway/airflow_env/lib/python3.10/site-packages/airflow/example_dags/example_kubernetes_executor.py
[2024-12-13T03:29:16.377-0800] {processor.py:208} INFO - Processing /Users/machine/Velocity_railway/airflow_env/lib/python3.10/site-packages/airflow/example_dags/example_kubernetes_executor.py took 0.225 seconds
[2024-12-13T03:34:02.214-0800] {processor.py:186} INFO - Started process (PID=86963) to work on /Users/machine/Velocity_railway/airflow_env/lib/python3.10/site-packages/airflow/example_dags/example_kubernetes_executor.py
[2024-12-13T03:34:02.216-0800] {processor.py:914} INFO - Processing file /Users/machine/Velocity_railway/airflow_env/lib/python3.10/site-packages/airflow/example_dags/example_kubernetes_executor.py for tasks to queue
[2024-12-13T03:34:02.218-0800] {logging_mixin.py:190} INFO - [2024-12-13T03:34:02.218-0800] {dagbag.py:588} INFO - Filling up the DagBag from /Users/machine/Velocity_railway/airflow_env/lib/python3.10/site-packages/airflow/example_dags/example_kubernetes_executor.py
[2024-12-13T03:34:02.318-0800] {logging_mixin.py:190} INFO - [2024-12-13T03:34:02.318-0800] {example_kubernetes_executor.py:39} WARNING - The example_kubernetes_executor example DAG requires the kubernetes provider. Please install it with: pip install apache-airflow[cncf.kubernetes]
[2024-12-13T03:34:02.318-0800] {processor.py:927} WARNING - No viable dags retrieved from /Users/machine/Velocity_railway/airflow_env/lib/python3.10/site-packages/airflow/example_dags/example_kubernetes_executor.py
[2024-12-13T03:34:02.432-0800] {processor.py:208} INFO - Processing /Users/machine/Velocity_railway/airflow_env/lib/python3.10/site-packages/airflow/example_dags/example_kubernetes_executor.py took 0.225 seconds
[2024-12-13T03:39:01.653-0800] {processor.py:186} INFO - Started process (PID=88017) to work on /Users/machine/Velocity_railway/airflow_env/lib/python3.10/site-packages/airflow/example_dags/example_kubernetes_executor.py
[2024-12-13T03:39:01.654-0800] {processor.py:914} INFO - Processing file /Users/machine/Velocity_railway/airflow_env/lib/python3.10/site-packages/airflow/example_dags/example_kubernetes_executor.py for tasks to queue
[2024-12-13T03:39:01.656-0800] {logging_mixin.py:190} INFO - [2024-12-13T03:39:01.655-0800] {dagbag.py:588} INFO - Filling up the DagBag from /Users/machine/Velocity_railway/airflow_env/lib/python3.10/site-packages/airflow/example_dags/example_kubernetes_executor.py
[2024-12-13T03:39:01.740-0800] {logging_mixin.py:190} INFO - [2024-12-13T03:39:01.739-0800] {example_kubernetes_executor.py:39} WARNING - The example_kubernetes_executor example DAG requires the kubernetes provider. Please install it with: pip install apache-airflow[cncf.kubernetes]
[2024-12-13T03:39:01.740-0800] {processor.py:927} WARNING - No viable dags retrieved from /Users/machine/Velocity_railway/airflow_env/lib/python3.10/site-packages/airflow/example_dags/example_kubernetes_executor.py
[2024-12-13T03:39:01.841-0800] {processor.py:208} INFO - Processing /Users/machine/Velocity_railway/airflow_env/lib/python3.10/site-packages/airflow/example_dags/example_kubernetes_executor.py took 0.194 seconds
[2024-12-13T03:43:27.022-0800] {processor.py:186} INFO - Started process (PID=88936) to work on /Users/machine/Velocity_railway/airflow_env/lib/python3.10/site-packages/airflow/example_dags/example_kubernetes_executor.py
[2024-12-13T03:43:27.024-0800] {processor.py:914} INFO - Processing file /Users/machine/Velocity_railway/airflow_env/lib/python3.10/site-packages/airflow/example_dags/example_kubernetes_executor.py for tasks to queue
[2024-12-13T03:43:27.025-0800] {logging_mixin.py:190} INFO - [2024-12-13T03:43:27.025-0800] {dagbag.py:588} INFO - Filling up the DagBag from /Users/machine/Velocity_railway/airflow_env/lib/python3.10/site-packages/airflow/example_dags/example_kubernetes_executor.py
[2024-12-13T03:43:27.103-0800] {logging_mixin.py:190} INFO - [2024-12-13T03:43:27.103-0800] {example_kubernetes_executor.py:39} WARNING - The example_kubernetes_executor example DAG requires the kubernetes provider. Please install it with: pip install apache-airflow[cncf.kubernetes]
[2024-12-13T03:43:27.104-0800] {processor.py:927} WARNING - No viable dags retrieved from /Users/machine/Velocity_railway/airflow_env/lib/python3.10/site-packages/airflow/example_dags/example_kubernetes_executor.py
[2024-12-13T03:43:27.195-0800] {processor.py:208} INFO - Processing /Users/machine/Velocity_railway/airflow_env/lib/python3.10/site-packages/airflow/example_dags/example_kubernetes_executor.py took 0.178 seconds
[2024-12-13T03:47:53.545-0800] {processor.py:186} INFO - Started process (PID=89820) to work on /Users/machine/Velocity_railway/airflow_env/lib/python3.10/site-packages/airflow/example_dags/example_kubernetes_executor.py
[2024-12-13T03:47:53.547-0800] {processor.py:914} INFO - Processing file /Users/machine/Velocity_railway/airflow_env/lib/python3.10/site-packages/airflow/example_dags/example_kubernetes_executor.py for tasks to queue
[2024-12-13T03:47:53.549-0800] {logging_mixin.py:190} INFO - [2024-12-13T03:47:53.549-0800] {dagbag.py:588} INFO - Filling up the DagBag from /Users/machine/Velocity_railway/airflow_env/lib/python3.10/site-packages/airflow/example_dags/example_kubernetes_executor.py
[2024-12-13T03:47:53.635-0800] {logging_mixin.py:190} INFO - [2024-12-13T03:47:53.635-0800] {example_kubernetes_executor.py:39} WARNING - The example_kubernetes_executor example DAG requires the kubernetes provider. Please install it with: pip install apache-airflow[cncf.kubernetes]
[2024-12-13T03:47:53.636-0800] {processor.py:927} WARNING - No viable dags retrieved from /Users/machine/Velocity_railway/airflow_env/lib/python3.10/site-packages/airflow/example_dags/example_kubernetes_executor.py
[2024-12-13T03:47:53.730-0800] {processor.py:208} INFO - Processing /Users/machine/Velocity_railway/airflow_env/lib/python3.10/site-packages/airflow/example_dags/example_kubernetes_executor.py took 0.192 seconds
[2024-12-13T03:52:30.514-0800] {processor.py:186} INFO - Started process (PID=90801) to work on /Users/machine/Velocity_railway/airflow_env/lib/python3.10/site-packages/airflow/example_dags/example_kubernetes_executor.py
[2024-12-13T03:52:30.516-0800] {processor.py:914} INFO - Processing file /Users/machine/Velocity_railway/airflow_env/lib/python3.10/site-packages/airflow/example_dags/example_kubernetes_executor.py for tasks to queue
[2024-12-13T03:52:30.518-0800] {logging_mixin.py:190} INFO - [2024-12-13T03:52:30.517-0800] {dagbag.py:588} INFO - Filling up the DagBag from /Users/machine/Velocity_railway/airflow_env/lib/python3.10/site-packages/airflow/example_dags/example_kubernetes_executor.py
[2024-12-13T03:52:30.600-0800] {logging_mixin.py:190} INFO - [2024-12-13T03:52:30.600-0800] {example_kubernetes_executor.py:39} WARNING - The example_kubernetes_executor example DAG requires the kubernetes provider. Please install it with: pip install apache-airflow[cncf.kubernetes]
[2024-12-13T03:52:30.600-0800] {processor.py:927} WARNING - No viable dags retrieved from /Users/machine/Velocity_railway/airflow_env/lib/python3.10/site-packages/airflow/example_dags/example_kubernetes_executor.py
[2024-12-13T03:52:30.699-0800] {processor.py:208} INFO - Processing /Users/machine/Velocity_railway/airflow_env/lib/python3.10/site-packages/airflow/example_dags/example_kubernetes_executor.py took 0.192 seconds
[2024-12-13T03:57:20.758-0800] {processor.py:186} INFO - Started process (PID=91947) to work on /Users/machine/Velocity_railway/airflow_env/lib/python3.10/site-packages/airflow/example_dags/example_kubernetes_executor.py
[2024-12-13T03:57:20.760-0800] {processor.py:914} INFO - Processing file /Users/machine/Velocity_railway/airflow_env/lib/python3.10/site-packages/airflow/example_dags/example_kubernetes_executor.py for tasks to queue
[2024-12-13T03:57:20.762-0800] {logging_mixin.py:190} INFO - [2024-12-13T03:57:20.762-0800] {dagbag.py:588} INFO - Filling up the DagBag from /Users/machine/Velocity_railway/airflow_env/lib/python3.10/site-packages/airflow/example_dags/example_kubernetes_executor.py
[2024-12-13T03:57:20.851-0800] {logging_mixin.py:190} INFO - [2024-12-13T03:57:20.851-0800] {example_kubernetes_executor.py:39} WARNING - The example_kubernetes_executor example DAG requires the kubernetes provider. Please install it with: pip install apache-airflow[cncf.kubernetes]
[2024-12-13T03:57:20.851-0800] {processor.py:927} WARNING - No viable dags retrieved from /Users/machine/Velocity_railway/airflow_env/lib/python3.10/site-packages/airflow/example_dags/example_kubernetes_executor.py
[2024-12-13T03:57:20.968-0800] {processor.py:208} INFO - Processing /Users/machine/Velocity_railway/airflow_env/lib/python3.10/site-packages/airflow/example_dags/example_kubernetes_executor.py took 0.217 seconds
[2024-12-13T05:50:56.657-0800] {processor.py:186} INFO - Started process (PID=93427) to work on /Users/machine/Velocity_railway/airflow_env/lib/python3.10/site-packages/airflow/example_dags/example_kubernetes_executor.py
[2024-12-13T05:50:56.658-0800] {processor.py:914} INFO - Processing file /Users/machine/Velocity_railway/airflow_env/lib/python3.10/site-packages/airflow/example_dags/example_kubernetes_executor.py for tasks to queue
[2024-12-13T05:50:56.659-0800] {logging_mixin.py:190} INFO - [2024-12-13T05:50:56.659-0800] {dagbag.py:588} INFO - Filling up the DagBag from /Users/machine/Velocity_railway/airflow_env/lib/python3.10/site-packages/airflow/example_dags/example_kubernetes_executor.py
[2024-12-13T05:50:56.739-0800] {logging_mixin.py:190} INFO - [2024-12-13T05:50:56.738-0800] {example_kubernetes_executor.py:39} WARNING - The example_kubernetes_executor example DAG requires the kubernetes provider. Please install it with: pip install apache-airflow[cncf.kubernetes]
[2024-12-13T05:50:56.739-0800] {processor.py:927} WARNING - No viable dags retrieved from /Users/machine/Velocity_railway/airflow_env/lib/python3.10/site-packages/airflow/example_dags/example_kubernetes_executor.py
[2024-12-13T05:50:56.835-0800] {processor.py:208} INFO - Processing /Users/machine/Velocity_railway/airflow_env/lib/python3.10/site-packages/airflow/example_dags/example_kubernetes_executor.py took 0.183 seconds
