[2024-12-13T03:10:13.475-0800] {processor.py:186} INFO - Started process (PID=82077) to work on /Users/machine/Velocity_railway/airflow_env/lib/python3.10/site-packages/airflow/example_dags/example_external_task_marker_dag.py
[2024-12-13T03:10:13.477-0800] {processor.py:914} INFO - Processing file /Users/machine/Velocity_railway/airflow_env/lib/python3.10/site-packages/airflow/example_dags/example_external_task_marker_dag.py for tasks to queue
[2024-12-13T03:10:13.479-0800] {logging_mixin.py:190} INFO - [2024-12-13T03:10:13.479-0800] {dagbag.py:588} INFO - Filling up the DagBag from /Users/machine/Velocity_railway/airflow_env/lib/python3.10/site-packages/airflow/example_dags/example_external_task_marker_dag.py
[2024-12-13T03:10:13.496-0800] {processor.py:925} INFO - DAG(s) 'example_external_task_marker_child', 'example_external_task_marker_parent' retrieved from /Users/machine/Velocity_railway/airflow_env/lib/python3.10/site-packages/airflow/example_dags/example_external_task_marker_dag.py
[2024-12-13T03:10:13.664-0800] {logging_mixin.py:190} INFO - [2024-12-13T03:10:13.664-0800] {workday.py:41} WARNING - Could not import pandas. Holidays will not be considered.
[2024-12-13T03:10:13.782-0800] {logging_mixin.py:190} INFO - [2024-12-13T03:10:13.782-0800] {override.py:1911} INFO - Created Permission View: can edit on DAG:example_external_task_marker_child
[2024-12-13T03:10:13.791-0800] {logging_mixin.py:190} INFO - [2024-12-13T03:10:13.791-0800] {override.py:1911} INFO - Created Permission View: can read on DAG:example_external_task_marker_child
[2024-12-13T03:10:13.799-0800] {logging_mixin.py:190} INFO - [2024-12-13T03:10:13.798-0800] {override.py:1911} INFO - Created Permission View: can delete on DAG:example_external_task_marker_child
[2024-12-13T03:10:13.808-0800] {logging_mixin.py:190} INFO - [2024-12-13T03:10:13.808-0800] {override.py:1911} INFO - Created Permission View: menu access on DAG Run:example_external_task_marker_child
[2024-12-13T03:10:13.815-0800] {logging_mixin.py:190} INFO - [2024-12-13T03:10:13.815-0800] {override.py:1911} INFO - Created Permission View: can read on DAG Run:example_external_task_marker_child
[2024-12-13T03:10:13.822-0800] {logging_mixin.py:190} INFO - [2024-12-13T03:10:13.821-0800] {override.py:1911} INFO - Created Permission View: can create on DAG Run:example_external_task_marker_child
[2024-12-13T03:10:13.828-0800] {logging_mixin.py:190} INFO - [2024-12-13T03:10:13.828-0800] {override.py:1911} INFO - Created Permission View: can delete on DAG Run:example_external_task_marker_child
[2024-12-13T03:10:13.840-0800] {logging_mixin.py:190} INFO - [2024-12-13T03:10:13.840-0800] {override.py:1911} INFO - Created Permission View: can edit on DAG:example_external_task_marker_parent
[2024-12-13T03:10:13.846-0800] {logging_mixin.py:190} INFO - [2024-12-13T03:10:13.846-0800] {override.py:1911} INFO - Created Permission View: can read on DAG:example_external_task_marker_parent
[2024-12-13T03:10:13.853-0800] {logging_mixin.py:190} INFO - [2024-12-13T03:10:13.852-0800] {override.py:1911} INFO - Created Permission View: can delete on DAG:example_external_task_marker_parent
[2024-12-13T03:10:13.863-0800] {logging_mixin.py:190} INFO - [2024-12-13T03:10:13.863-0800] {override.py:1911} INFO - Created Permission View: menu access on DAG Run:example_external_task_marker_parent
[2024-12-13T03:10:13.869-0800] {logging_mixin.py:190} INFO - [2024-12-13T03:10:13.868-0800] {override.py:1911} INFO - Created Permission View: can read on DAG Run:example_external_task_marker_parent
[2024-12-13T03:10:13.875-0800] {logging_mixin.py:190} INFO - [2024-12-13T03:10:13.875-0800] {override.py:1911} INFO - Created Permission View: can create on DAG Run:example_external_task_marker_parent
[2024-12-13T03:10:13.883-0800] {logging_mixin.py:190} INFO - [2024-12-13T03:10:13.882-0800] {override.py:1911} INFO - Created Permission View: can delete on DAG Run:example_external_task_marker_parent
[2024-12-13T03:10:13.883-0800] {logging_mixin.py:190} INFO - [2024-12-13T03:10:13.883-0800] {dag.py:3239} INFO - Sync 2 DAGs
[2024-12-13T03:10:13.897-0800] {logging_mixin.py:190} INFO - [2024-12-13T03:10:13.897-0800] {dag.py:3262} INFO - Creating ORM DAG for example_external_task_marker_child
[2024-12-13T03:10:13.897-0800] {logging_mixin.py:190} INFO - [2024-12-13T03:10:13.897-0800] {dag.py:3262} INFO - Creating ORM DAG for example_external_task_marker_parent
[2024-12-13T03:10:13.898-0800] {logging_mixin.py:190} INFO - [2024-12-13T03:10:13.898-0800] {dag.py:4180} INFO - Setting next_dagrun for example_external_task_marker_child to None, run_after=None
[2024-12-13T03:10:13.899-0800] {logging_mixin.py:190} INFO - [2024-12-13T03:10:13.899-0800] {dag.py:4180} INFO - Setting next_dagrun for example_external_task_marker_parent to None, run_after=None
[2024-12-13T03:10:13.917-0800] {processor.py:208} INFO - Processing /Users/machine/Velocity_railway/airflow_env/lib/python3.10/site-packages/airflow/example_dags/example_external_task_marker_dag.py took 0.448 seconds
[2024-12-13T03:13:18.238-0800] {processor.py:186} INFO - Started process (PID=82681) to work on /Users/machine/Velocity_railway/airflow_env/lib/python3.10/site-packages/airflow/example_dags/example_external_task_marker_dag.py
[2024-12-13T03:13:18.241-0800] {processor.py:914} INFO - Processing file /Users/machine/Velocity_railway/airflow_env/lib/python3.10/site-packages/airflow/example_dags/example_external_task_marker_dag.py for tasks to queue
[2024-12-13T03:13:18.243-0800] {logging_mixin.py:190} INFO - [2024-12-13T03:13:18.243-0800] {dagbag.py:588} INFO - Filling up the DagBag from /Users/machine/Velocity_railway/airflow_env/lib/python3.10/site-packages/airflow/example_dags/example_external_task_marker_dag.py
[2024-12-13T03:13:18.263-0800] {processor.py:925} INFO - DAG(s) 'example_external_task_marker_parent', 'example_external_task_marker_child' retrieved from /Users/machine/Velocity_railway/airflow_env/lib/python3.10/site-packages/airflow/example_dags/example_external_task_marker_dag.py
[2024-12-13T03:13:18.480-0800] {logging_mixin.py:190} INFO - [2024-12-13T03:13:18.480-0800] {workday.py:41} WARNING - Could not import pandas. Holidays will not be considered.
[2024-12-13T03:13:18.497-0800] {logging_mixin.py:190} INFO - [2024-12-13T03:13:18.495-0800] {dag.py:3239} INFO - Sync 2 DAGs
[2024-12-13T03:13:18.521-0800] {logging_mixin.py:190} INFO - [2024-12-13T03:13:18.519-0800] {dag.py:4180} INFO - Setting next_dagrun for example_external_task_marker_child to None, run_after=None
[2024-12-13T03:13:18.529-0800] {logging_mixin.py:190} INFO - [2024-12-13T03:13:18.527-0800] {dag.py:4180} INFO - Setting next_dagrun for example_external_task_marker_parent to None, run_after=None
[2024-12-13T03:13:18.553-0800] {processor.py:208} INFO - Processing /Users/machine/Velocity_railway/airflow_env/lib/python3.10/site-packages/airflow/example_dags/example_external_task_marker_dag.py took 0.323 seconds
[2024-12-13T03:18:01.819-0800] {processor.py:186} INFO - Started process (PID=83634) to work on /Users/machine/Velocity_railway/airflow_env/lib/python3.10/site-packages/airflow/example_dags/example_external_task_marker_dag.py
[2024-12-13T03:18:01.821-0800] {processor.py:914} INFO - Processing file /Users/machine/Velocity_railway/airflow_env/lib/python3.10/site-packages/airflow/example_dags/example_external_task_marker_dag.py for tasks to queue
[2024-12-13T03:18:01.822-0800] {logging_mixin.py:190} INFO - [2024-12-13T03:18:01.822-0800] {dagbag.py:588} INFO - Filling up the DagBag from /Users/machine/Velocity_railway/airflow_env/lib/python3.10/site-packages/airflow/example_dags/example_external_task_marker_dag.py
[2024-12-13T03:18:01.837-0800] {processor.py:925} INFO - DAG(s) 'example_external_task_marker_child', 'example_external_task_marker_parent' retrieved from /Users/machine/Velocity_railway/airflow_env/lib/python3.10/site-packages/airflow/example_dags/example_external_task_marker_dag.py
[2024-12-13T03:18:01.978-0800] {logging_mixin.py:190} INFO - [2024-12-13T03:18:01.978-0800] {workday.py:41} WARNING - Could not import pandas. Holidays will not be considered.
[2024-12-13T03:18:01.995-0800] {logging_mixin.py:190} INFO - [2024-12-13T03:18:01.994-0800] {dag.py:3239} INFO - Sync 2 DAGs
[2024-12-13T03:18:02.006-0800] {logging_mixin.py:190} INFO - [2024-12-13T03:18:02.005-0800] {dag.py:4180} INFO - Setting next_dagrun for example_external_task_marker_child to None, run_after=None
[2024-12-13T03:18:02.008-0800] {logging_mixin.py:190} INFO - [2024-12-13T03:18:02.008-0800] {dag.py:4180} INFO - Setting next_dagrun for example_external_task_marker_parent to None, run_after=None
[2024-12-13T03:18:02.024-0800] {processor.py:208} INFO - Processing /Users/machine/Velocity_railway/airflow_env/lib/python3.10/site-packages/airflow/example_dags/example_external_task_marker_dag.py took 0.211 seconds
[2024-12-13T03:22:25.972-0800] {processor.py:186} INFO - Started process (PID=84562) to work on /Users/machine/Velocity_railway/airflow_env/lib/python3.10/site-packages/airflow/example_dags/example_external_task_marker_dag.py
[2024-12-13T03:22:25.974-0800] {processor.py:914} INFO - Processing file /Users/machine/Velocity_railway/airflow_env/lib/python3.10/site-packages/airflow/example_dags/example_external_task_marker_dag.py for tasks to queue
[2024-12-13T03:22:25.975-0800] {logging_mixin.py:190} INFO - [2024-12-13T03:22:25.975-0800] {dagbag.py:588} INFO - Filling up the DagBag from /Users/machine/Velocity_railway/airflow_env/lib/python3.10/site-packages/airflow/example_dags/example_external_task_marker_dag.py
[2024-12-13T03:22:25.991-0800] {processor.py:925} INFO - DAG(s) 'example_external_task_marker_child', 'example_external_task_marker_parent' retrieved from /Users/machine/Velocity_railway/airflow_env/lib/python3.10/site-packages/airflow/example_dags/example_external_task_marker_dag.py
[2024-12-13T03:22:26.148-0800] {logging_mixin.py:190} INFO - [2024-12-13T03:22:26.148-0800] {workday.py:41} WARNING - Could not import pandas. Holidays will not be considered.
[2024-12-13T03:22:26.166-0800] {logging_mixin.py:190} INFO - [2024-12-13T03:22:26.165-0800] {dag.py:3239} INFO - Sync 2 DAGs
[2024-12-13T03:22:26.177-0800] {logging_mixin.py:190} INFO - [2024-12-13T03:22:26.177-0800] {dag.py:4180} INFO - Setting next_dagrun for example_external_task_marker_child to None, run_after=None
[2024-12-13T03:22:26.180-0800] {logging_mixin.py:190} INFO - [2024-12-13T03:22:26.180-0800] {dag.py:4180} INFO - Setting next_dagrun for example_external_task_marker_parent to None, run_after=None
[2024-12-13T03:22:26.332-0800] {processor.py:208} INFO - Processing /Users/machine/Velocity_railway/airflow_env/lib/python3.10/site-packages/airflow/example_dags/example_external_task_marker_dag.py took 0.366 seconds
[2024-12-13T03:27:05.640-0800] {processor.py:186} INFO - Started process (PID=85506) to work on /Users/machine/Velocity_railway/airflow_env/lib/python3.10/site-packages/airflow/example_dags/example_external_task_marker_dag.py
[2024-12-13T03:27:05.641-0800] {processor.py:914} INFO - Processing file /Users/machine/Velocity_railway/airflow_env/lib/python3.10/site-packages/airflow/example_dags/example_external_task_marker_dag.py for tasks to queue
[2024-12-13T03:27:05.642-0800] {logging_mixin.py:190} INFO - [2024-12-13T03:27:05.642-0800] {dagbag.py:588} INFO - Filling up the DagBag from /Users/machine/Velocity_railway/airflow_env/lib/python3.10/site-packages/airflow/example_dags/example_external_task_marker_dag.py
[2024-12-13T03:27:05.655-0800] {processor.py:925} INFO - DAG(s) 'example_external_task_marker_parent', 'example_external_task_marker_child' retrieved from /Users/machine/Velocity_railway/airflow_env/lib/python3.10/site-packages/airflow/example_dags/example_external_task_marker_dag.py
[2024-12-13T03:27:05.798-0800] {logging_mixin.py:190} INFO - [2024-12-13T03:27:05.797-0800] {workday.py:41} WARNING - Could not import pandas. Holidays will not be considered.
[2024-12-13T03:27:05.809-0800] {logging_mixin.py:190} INFO - [2024-12-13T03:27:05.808-0800] {dag.py:3239} INFO - Sync 2 DAGs
[2024-12-13T03:27:05.819-0800] {logging_mixin.py:190} INFO - [2024-12-13T03:27:05.819-0800] {dag.py:4180} INFO - Setting next_dagrun for example_external_task_marker_child to None, run_after=None
[2024-12-13T03:27:05.822-0800] {logging_mixin.py:190} INFO - [2024-12-13T03:27:05.822-0800] {dag.py:4180} INFO - Setting next_dagrun for example_external_task_marker_parent to None, run_after=None
[2024-12-13T03:27:05.835-0800] {processor.py:208} INFO - Processing /Users/machine/Velocity_railway/airflow_env/lib/python3.10/site-packages/airflow/example_dags/example_external_task_marker_dag.py took 0.200 seconds
[2024-12-13T03:31:48.129-0800] {processor.py:186} INFO - Started process (PID=86466) to work on /Users/machine/Velocity_railway/airflow_env/lib/python3.10/site-packages/airflow/example_dags/example_external_task_marker_dag.py
[2024-12-13T03:31:48.131-0800] {processor.py:914} INFO - Processing file /Users/machine/Velocity_railway/airflow_env/lib/python3.10/site-packages/airflow/example_dags/example_external_task_marker_dag.py for tasks to queue
[2024-12-13T03:31:48.132-0800] {logging_mixin.py:190} INFO - [2024-12-13T03:31:48.132-0800] {dagbag.py:588} INFO - Filling up the DagBag from /Users/machine/Velocity_railway/airflow_env/lib/python3.10/site-packages/airflow/example_dags/example_external_task_marker_dag.py
[2024-12-13T03:31:48.149-0800] {processor.py:925} INFO - DAG(s) 'example_external_task_marker_child', 'example_external_task_marker_parent' retrieved from /Users/machine/Velocity_railway/airflow_env/lib/python3.10/site-packages/airflow/example_dags/example_external_task_marker_dag.py
[2024-12-13T03:31:48.298-0800] {logging_mixin.py:190} INFO - [2024-12-13T03:31:48.298-0800] {workday.py:41} WARNING - Could not import pandas. Holidays will not be considered.
[2024-12-13T03:31:48.316-0800] {logging_mixin.py:190} INFO - [2024-12-13T03:31:48.314-0800] {dag.py:3239} INFO - Sync 2 DAGs
[2024-12-13T03:31:48.326-0800] {logging_mixin.py:190} INFO - [2024-12-13T03:31:48.326-0800] {dag.py:4180} INFO - Setting next_dagrun for example_external_task_marker_child to None, run_after=None
[2024-12-13T03:31:48.329-0800] {logging_mixin.py:190} INFO - [2024-12-13T03:31:48.329-0800] {dag.py:4180} INFO - Setting next_dagrun for example_external_task_marker_parent to None, run_after=None
[2024-12-13T03:31:48.344-0800] {processor.py:208} INFO - Processing /Users/machine/Velocity_railway/airflow_env/lib/python3.10/site-packages/airflow/example_dags/example_external_task_marker_dag.py took 0.220 seconds
[2024-12-13T03:36:35.045-0800] {processor.py:186} INFO - Started process (PID=87543) to work on /Users/machine/Velocity_railway/airflow_env/lib/python3.10/site-packages/airflow/example_dags/example_external_task_marker_dag.py
[2024-12-13T03:36:35.047-0800] {processor.py:914} INFO - Processing file /Users/machine/Velocity_railway/airflow_env/lib/python3.10/site-packages/airflow/example_dags/example_external_task_marker_dag.py for tasks to queue
[2024-12-13T03:36:35.048-0800] {logging_mixin.py:190} INFO - [2024-12-13T03:36:35.048-0800] {dagbag.py:588} INFO - Filling up the DagBag from /Users/machine/Velocity_railway/airflow_env/lib/python3.10/site-packages/airflow/example_dags/example_external_task_marker_dag.py
[2024-12-13T03:36:35.067-0800] {processor.py:925} INFO - DAG(s) 'example_external_task_marker_parent', 'example_external_task_marker_child' retrieved from /Users/machine/Velocity_railway/airflow_env/lib/python3.10/site-packages/airflow/example_dags/example_external_task_marker_dag.py
[2024-12-13T03:36:35.245-0800] {logging_mixin.py:190} INFO - [2024-12-13T03:36:35.245-0800] {workday.py:41} WARNING - Could not import pandas. Holidays will not be considered.
[2024-12-13T03:36:35.260-0800] {logging_mixin.py:190} INFO - [2024-12-13T03:36:35.258-0800] {dag.py:3239} INFO - Sync 2 DAGs
[2024-12-13T03:36:35.271-0800] {logging_mixin.py:190} INFO - [2024-12-13T03:36:35.271-0800] {dag.py:4180} INFO - Setting next_dagrun for example_external_task_marker_child to None, run_after=None
[2024-12-13T03:36:35.274-0800] {logging_mixin.py:190} INFO - [2024-12-13T03:36:35.274-0800] {dag.py:4180} INFO - Setting next_dagrun for example_external_task_marker_parent to None, run_after=None
[2024-12-13T03:36:35.290-0800] {processor.py:208} INFO - Processing /Users/machine/Velocity_railway/airflow_env/lib/python3.10/site-packages/airflow/example_dags/example_external_task_marker_dag.py took 0.252 seconds
[2024-12-13T03:41:20.430-0800] {processor.py:186} INFO - Started process (PID=88502) to work on /Users/machine/Velocity_railway/airflow_env/lib/python3.10/site-packages/airflow/example_dags/example_external_task_marker_dag.py
[2024-12-13T03:41:20.431-0800] {processor.py:914} INFO - Processing file /Users/machine/Velocity_railway/airflow_env/lib/python3.10/site-packages/airflow/example_dags/example_external_task_marker_dag.py for tasks to queue
[2024-12-13T03:41:20.432-0800] {logging_mixin.py:190} INFO - [2024-12-13T03:41:20.432-0800] {dagbag.py:588} INFO - Filling up the DagBag from /Users/machine/Velocity_railway/airflow_env/lib/python3.10/site-packages/airflow/example_dags/example_external_task_marker_dag.py
[2024-12-13T03:41:20.447-0800] {processor.py:925} INFO - DAG(s) 'example_external_task_marker_child', 'example_external_task_marker_parent' retrieved from /Users/machine/Velocity_railway/airflow_env/lib/python3.10/site-packages/airflow/example_dags/example_external_task_marker_dag.py
[2024-12-13T03:41:20.584-0800] {logging_mixin.py:190} INFO - [2024-12-13T03:41:20.583-0800] {workday.py:41} WARNING - Could not import pandas. Holidays will not be considered.
[2024-12-13T03:41:20.599-0800] {logging_mixin.py:190} INFO - [2024-12-13T03:41:20.598-0800] {dag.py:3239} INFO - Sync 2 DAGs
[2024-12-13T03:41:20.609-0800] {logging_mixin.py:190} INFO - [2024-12-13T03:41:20.608-0800] {dag.py:4180} INFO - Setting next_dagrun for example_external_task_marker_child to None, run_after=None
[2024-12-13T03:41:20.612-0800] {logging_mixin.py:190} INFO - [2024-12-13T03:41:20.612-0800] {dag.py:4180} INFO - Setting next_dagrun for example_external_task_marker_parent to None, run_after=None
[2024-12-13T03:41:20.625-0800] {processor.py:208} INFO - Processing /Users/machine/Velocity_railway/airflow_env/lib/python3.10/site-packages/airflow/example_dags/example_external_task_marker_dag.py took 0.200 seconds
[2024-12-13T03:45:48.686-0800] {processor.py:186} INFO - Started process (PID=89409) to work on /Users/machine/Velocity_railway/airflow_env/lib/python3.10/site-packages/airflow/example_dags/example_external_task_marker_dag.py
[2024-12-13T03:45:48.687-0800] {processor.py:914} INFO - Processing file /Users/machine/Velocity_railway/airflow_env/lib/python3.10/site-packages/airflow/example_dags/example_external_task_marker_dag.py for tasks to queue
[2024-12-13T03:45:48.689-0800] {logging_mixin.py:190} INFO - [2024-12-13T03:45:48.688-0800] {dagbag.py:588} INFO - Filling up the DagBag from /Users/machine/Velocity_railway/airflow_env/lib/python3.10/site-packages/airflow/example_dags/example_external_task_marker_dag.py
[2024-12-13T03:45:48.702-0800] {processor.py:925} INFO - DAG(s) 'example_external_task_marker_child', 'example_external_task_marker_parent' retrieved from /Users/machine/Velocity_railway/airflow_env/lib/python3.10/site-packages/airflow/example_dags/example_external_task_marker_dag.py
[2024-12-13T03:45:48.848-0800] {logging_mixin.py:190} INFO - [2024-12-13T03:45:48.848-0800] {workday.py:41} WARNING - Could not import pandas. Holidays will not be considered.
[2024-12-13T03:45:48.865-0800] {logging_mixin.py:190} INFO - [2024-12-13T03:45:48.864-0800] {dag.py:3239} INFO - Sync 2 DAGs
[2024-12-13T03:45:48.876-0800] {logging_mixin.py:190} INFO - [2024-12-13T03:45:48.875-0800] {dag.py:4180} INFO - Setting next_dagrun for example_external_task_marker_child to None, run_after=None
[2024-12-13T03:45:48.879-0800] {logging_mixin.py:190} INFO - [2024-12-13T03:45:48.878-0800] {dag.py:4180} INFO - Setting next_dagrun for example_external_task_marker_parent to None, run_after=None
[2024-12-13T03:45:48.893-0800] {processor.py:208} INFO - Processing /Users/machine/Velocity_railway/airflow_env/lib/python3.10/site-packages/airflow/example_dags/example_external_task_marker_dag.py took 0.212 seconds
[2024-12-13T03:50:18.917-0800] {processor.py:186} INFO - Started process (PID=90361) to work on /Users/machine/Velocity_railway/airflow_env/lib/python3.10/site-packages/airflow/example_dags/example_external_task_marker_dag.py
[2024-12-13T03:50:18.920-0800] {processor.py:914} INFO - Processing file /Users/machine/Velocity_railway/airflow_env/lib/python3.10/site-packages/airflow/example_dags/example_external_task_marker_dag.py for tasks to queue
[2024-12-13T03:50:18.922-0800] {logging_mixin.py:190} INFO - [2024-12-13T03:50:18.921-0800] {dagbag.py:588} INFO - Filling up the DagBag from /Users/machine/Velocity_railway/airflow_env/lib/python3.10/site-packages/airflow/example_dags/example_external_task_marker_dag.py
[2024-12-13T03:50:18.938-0800] {processor.py:925} INFO - DAG(s) 'example_external_task_marker_parent', 'example_external_task_marker_child' retrieved from /Users/machine/Velocity_railway/airflow_env/lib/python3.10/site-packages/airflow/example_dags/example_external_task_marker_dag.py
[2024-12-13T03:50:19.102-0800] {logging_mixin.py:190} INFO - [2024-12-13T03:50:19.102-0800] {workday.py:41} WARNING - Could not import pandas. Holidays will not be considered.
[2024-12-13T03:50:19.116-0800] {logging_mixin.py:190} INFO - [2024-12-13T03:50:19.114-0800] {dag.py:3239} INFO - Sync 2 DAGs
[2024-12-13T03:50:19.126-0800] {logging_mixin.py:190} INFO - [2024-12-13T03:50:19.126-0800] {dag.py:4180} INFO - Setting next_dagrun for example_external_task_marker_child to None, run_after=None
[2024-12-13T03:50:19.129-0800] {logging_mixin.py:190} INFO - [2024-12-13T03:50:19.129-0800] {dag.py:4180} INFO - Setting next_dagrun for example_external_task_marker_parent to None, run_after=None
[2024-12-13T03:50:19.145-0800] {processor.py:208} INFO - Processing /Users/machine/Velocity_railway/airflow_env/lib/python3.10/site-packages/airflow/example_dags/example_external_task_marker_dag.py took 0.234 seconds
[2024-12-13T03:54:58.772-0800] {processor.py:186} INFO - Started process (PID=91338) to work on /Users/machine/Velocity_railway/airflow_env/lib/python3.10/site-packages/airflow/example_dags/example_external_task_marker_dag.py
[2024-12-13T03:54:58.775-0800] {processor.py:914} INFO - Processing file /Users/machine/Velocity_railway/airflow_env/lib/python3.10/site-packages/airflow/example_dags/example_external_task_marker_dag.py for tasks to queue
[2024-12-13T03:54:58.776-0800] {logging_mixin.py:190} INFO - [2024-12-13T03:54:58.776-0800] {dagbag.py:588} INFO - Filling up the DagBag from /Users/machine/Velocity_railway/airflow_env/lib/python3.10/site-packages/airflow/example_dags/example_external_task_marker_dag.py
[2024-12-13T03:54:58.790-0800] {processor.py:925} INFO - DAG(s) 'example_external_task_marker_parent', 'example_external_task_marker_child' retrieved from /Users/machine/Velocity_railway/airflow_env/lib/python3.10/site-packages/airflow/example_dags/example_external_task_marker_dag.py
[2024-12-13T03:54:58.945-0800] {logging_mixin.py:190} INFO - [2024-12-13T03:54:58.945-0800] {workday.py:41} WARNING - Could not import pandas. Holidays will not be considered.
[2024-12-13T03:54:58.958-0800] {logging_mixin.py:190} INFO - [2024-12-13T03:54:58.957-0800] {dag.py:3239} INFO - Sync 2 DAGs
[2024-12-13T03:54:58.969-0800] {logging_mixin.py:190} INFO - [2024-12-13T03:54:58.969-0800] {dag.py:4180} INFO - Setting next_dagrun for example_external_task_marker_child to None, run_after=None
[2024-12-13T03:54:58.972-0800] {logging_mixin.py:190} INFO - [2024-12-13T03:54:58.972-0800] {dag.py:4180} INFO - Setting next_dagrun for example_external_task_marker_parent to None, run_after=None
[2024-12-13T03:54:58.987-0800] {processor.py:208} INFO - Processing /Users/machine/Velocity_railway/airflow_env/lib/python3.10/site-packages/airflow/example_dags/example_external_task_marker_dag.py took 0.221 seconds
[2024-12-13T03:59:52.754-0800] {processor.py:186} INFO - Started process (PID=92594) to work on /Users/machine/Velocity_railway/airflow_env/lib/python3.10/site-packages/airflow/example_dags/example_external_task_marker_dag.py
[2024-12-13T03:59:52.757-0800] {processor.py:914} INFO - Processing file /Users/machine/Velocity_railway/airflow_env/lib/python3.10/site-packages/airflow/example_dags/example_external_task_marker_dag.py for tasks to queue
[2024-12-13T03:59:52.758-0800] {logging_mixin.py:190} INFO - [2024-12-13T03:59:52.758-0800] {dagbag.py:588} INFO - Filling up the DagBag from /Users/machine/Velocity_railway/airflow_env/lib/python3.10/site-packages/airflow/example_dags/example_external_task_marker_dag.py
[2024-12-13T03:59:52.777-0800] {processor.py:925} INFO - DAG(s) 'example_external_task_marker_child', 'example_external_task_marker_parent' retrieved from /Users/machine/Velocity_railway/airflow_env/lib/python3.10/site-packages/airflow/example_dags/example_external_task_marker_dag.py
[2024-12-13T03:59:52.946-0800] {logging_mixin.py:190} INFO - [2024-12-13T03:59:52.945-0800] {workday.py:41} WARNING - Could not import pandas. Holidays will not be considered.
[2024-12-13T03:59:52.968-0800] {logging_mixin.py:190} INFO - [2024-12-13T03:59:52.966-0800] {dag.py:3239} INFO - Sync 2 DAGs
[2024-12-13T03:59:52.979-0800] {logging_mixin.py:190} INFO - [2024-12-13T03:59:52.979-0800] {dag.py:4180} INFO - Setting next_dagrun for example_external_task_marker_child to None, run_after=None
[2024-12-13T03:59:52.982-0800] {logging_mixin.py:190} INFO - [2024-12-13T03:59:52.982-0800] {dag.py:4180} INFO - Setting next_dagrun for example_external_task_marker_parent to None, run_after=None
[2024-12-13T03:59:53.001-0800] {processor.py:208} INFO - Processing /Users/machine/Velocity_railway/airflow_env/lib/python3.10/site-packages/airflow/example_dags/example_external_task_marker_dag.py took 0.253 seconds
