[2024-12-13T03:10:58.568-0800] {processor.py:186} INFO - Started process (PID=82233) to work on /Users/machine/Velocity_railway/airflow_env/lib/python3.10/site-packages/airflow/example_dags/example_branch_datetime_operator.py
[2024-12-13T03:10:58.570-0800] {processor.py:914} INFO - Processing file /Users/machine/Velocity_railway/airflow_env/lib/python3.10/site-packages/airflow/example_dags/example_branch_datetime_operator.py for tasks to queue
[2024-12-13T03:10:58.571-0800] {logging_mixin.py:190} INFO - [2024-12-13T03:10:58.571-0800] {dagbag.py:588} INFO - Filling up the DagBag from /Users/machine/Velocity_railway/airflow_env/lib/python3.10/site-packages/airflow/example_dags/example_branch_datetime_operator.py
[2024-12-13T03:10:58.590-0800] {processor.py:925} INFO - DAG(s) 'example_branch_datetime_operator_3', 'example_branch_datetime_operator', 'example_branch_datetime_operator_2' retrieved from /Users/machine/Velocity_railway/airflow_env/lib/python3.10/site-packages/airflow/example_dags/example_branch_datetime_operator.py
[2024-12-13T03:10:58.853-0800] {logging_mixin.py:190} INFO - [2024-12-13T03:10:58.853-0800] {override.py:1911} INFO - Created Permission View: can read on DAG:example_branch_datetime_operator_3
[2024-12-13T03:10:58.863-0800] {logging_mixin.py:190} INFO - [2024-12-13T03:10:58.862-0800] {override.py:1911} INFO - Created Permission View: can edit on DAG:example_branch_datetime_operator_3
[2024-12-13T03:10:58.868-0800] {logging_mixin.py:190} INFO - [2024-12-13T03:10:58.868-0800] {override.py:1911} INFO - Created Permission View: can delete on DAG:example_branch_datetime_operator_3
[2024-12-13T03:10:58.878-0800] {logging_mixin.py:190} INFO - [2024-12-13T03:10:58.877-0800] {override.py:1911} INFO - Created Permission View: can read on DAG Run:example_branch_datetime_operator_3
[2024-12-13T03:10:58.884-0800] {logging_mixin.py:190} INFO - [2024-12-13T03:10:58.883-0800] {override.py:1911} INFO - Created Permission View: can create on DAG Run:example_branch_datetime_operator_3
[2024-12-13T03:10:58.890-0800] {logging_mixin.py:190} INFO - [2024-12-13T03:10:58.890-0800] {override.py:1911} INFO - Created Permission View: can delete on DAG Run:example_branch_datetime_operator_3
[2024-12-13T03:10:58.897-0800] {logging_mixin.py:190} INFO - [2024-12-13T03:10:58.897-0800] {override.py:1911} INFO - Created Permission View: menu access on DAG Run:example_branch_datetime_operator_3
[2024-12-13T03:10:58.910-0800] {logging_mixin.py:190} INFO - [2024-12-13T03:10:58.910-0800] {override.py:1911} INFO - Created Permission View: can read on DAG:example_branch_datetime_operator
[2024-12-13T03:10:58.917-0800] {logging_mixin.py:190} INFO - [2024-12-13T03:10:58.917-0800] {override.py:1911} INFO - Created Permission View: can edit on DAG:example_branch_datetime_operator
[2024-12-13T03:10:58.924-0800] {logging_mixin.py:190} INFO - [2024-12-13T03:10:58.924-0800] {override.py:1911} INFO - Created Permission View: can delete on DAG:example_branch_datetime_operator
[2024-12-13T03:10:58.932-0800] {logging_mixin.py:190} INFO - [2024-12-13T03:10:58.932-0800] {override.py:1911} INFO - Created Permission View: can read on DAG Run:example_branch_datetime_operator
[2024-12-13T03:10:58.938-0800] {logging_mixin.py:190} INFO - [2024-12-13T03:10:58.938-0800] {override.py:1911} INFO - Created Permission View: can create on DAG Run:example_branch_datetime_operator
[2024-12-13T03:10:58.945-0800] {logging_mixin.py:190} INFO - [2024-12-13T03:10:58.945-0800] {override.py:1911} INFO - Created Permission View: can delete on DAG Run:example_branch_datetime_operator
[2024-12-13T03:10:58.951-0800] {logging_mixin.py:190} INFO - [2024-12-13T03:10:58.951-0800] {override.py:1911} INFO - Created Permission View: menu access on DAG Run:example_branch_datetime_operator
[2024-12-13T03:10:58.964-0800] {logging_mixin.py:190} INFO - [2024-12-13T03:10:58.964-0800] {override.py:1911} INFO - Created Permission View: can read on DAG:example_branch_datetime_operator_2
[2024-12-13T03:10:58.970-0800] {logging_mixin.py:190} INFO - [2024-12-13T03:10:58.970-0800] {override.py:1911} INFO - Created Permission View: can edit on DAG:example_branch_datetime_operator_2
[2024-12-13T03:10:58.978-0800] {logging_mixin.py:190} INFO - [2024-12-13T03:10:58.977-0800] {override.py:1911} INFO - Created Permission View: can delete on DAG:example_branch_datetime_operator_2
[2024-12-13T03:10:58.985-0800] {logging_mixin.py:190} INFO - [2024-12-13T03:10:58.985-0800] {override.py:1911} INFO - Created Permission View: can read on DAG Run:example_branch_datetime_operator_2
[2024-12-13T03:10:58.992-0800] {logging_mixin.py:190} INFO - [2024-12-13T03:10:58.991-0800] {override.py:1911} INFO - Created Permission View: can create on DAG Run:example_branch_datetime_operator_2
[2024-12-13T03:10:58.997-0800] {logging_mixin.py:190} INFO - [2024-12-13T03:10:58.997-0800] {override.py:1911} INFO - Created Permission View: can delete on DAG Run:example_branch_datetime_operator_2
[2024-12-13T03:10:59.003-0800] {logging_mixin.py:190} INFO - [2024-12-13T03:10:59.003-0800] {override.py:1911} INFO - Created Permission View: menu access on DAG Run:example_branch_datetime_operator_2
[2024-12-13T03:10:59.004-0800] {logging_mixin.py:190} INFO - [2024-12-13T03:10:59.003-0800] {dag.py:3239} INFO - Sync 3 DAGs
[2024-12-13T03:10:59.016-0800] {logging_mixin.py:190} INFO - [2024-12-13T03:10:59.016-0800] {dag.py:3262} INFO - Creating ORM DAG for example_branch_datetime_operator
[2024-12-13T03:10:59.017-0800] {logging_mixin.py:190} INFO - [2024-12-13T03:10:59.017-0800] {dag.py:3262} INFO - Creating ORM DAG for example_branch_datetime_operator_2
[2024-12-13T03:10:59.018-0800] {logging_mixin.py:190} INFO - [2024-12-13T03:10:59.017-0800] {dag.py:3262} INFO - Creating ORM DAG for example_branch_datetime_operator_3
[2024-12-13T03:10:59.026-0800] {logging_mixin.py:190} INFO - [2024-12-13T03:10:59.026-0800] {dag.py:4180} INFO - Setting next_dagrun for example_branch_datetime_operator to 2024-12-12 00:00:00+00:00, run_after=2024-12-13 00:00:00+00:00
[2024-12-13T03:10:59.028-0800] {logging_mixin.py:190} INFO - [2024-12-13T03:10:59.028-0800] {dag.py:4180} INFO - Setting next_dagrun for example_branch_datetime_operator_2 to 2024-12-12 00:00:00+00:00, run_after=2024-12-13 00:00:00+00:00
[2024-12-13T03:10:59.030-0800] {logging_mixin.py:190} INFO - [2024-12-13T03:10:59.030-0800] {dag.py:4180} INFO - Setting next_dagrun for example_branch_datetime_operator_3 to 2024-12-12 00:00:00+00:00, run_after=2024-12-13 00:00:00+00:00
[2024-12-13T03:10:59.048-0800] {processor.py:208} INFO - Processing /Users/machine/Velocity_railway/airflow_env/lib/python3.10/site-packages/airflow/example_dags/example_branch_datetime_operator.py took 0.486 seconds
[2024-12-13T03:15:59.665-0800] {processor.py:186} INFO - Started process (PID=83225) to work on /Users/machine/Velocity_railway/airflow_env/lib/python3.10/site-packages/airflow/example_dags/example_branch_datetime_operator.py
[2024-12-13T03:15:59.667-0800] {processor.py:914} INFO - Processing file /Users/machine/Velocity_railway/airflow_env/lib/python3.10/site-packages/airflow/example_dags/example_branch_datetime_operator.py for tasks to queue
[2024-12-13T03:15:59.669-0800] {logging_mixin.py:190} INFO - [2024-12-13T03:15:59.668-0800] {dagbag.py:588} INFO - Filling up the DagBag from /Users/machine/Velocity_railway/airflow_env/lib/python3.10/site-packages/airflow/example_dags/example_branch_datetime_operator.py
[2024-12-13T03:15:59.685-0800] {processor.py:925} INFO - DAG(s) 'example_branch_datetime_operator_3', 'example_branch_datetime_operator_2', 'example_branch_datetime_operator' retrieved from /Users/machine/Velocity_railway/airflow_env/lib/python3.10/site-packages/airflow/example_dags/example_branch_datetime_operator.py
[2024-12-13T03:15:59.857-0800] {logging_mixin.py:190} INFO - [2024-12-13T03:15:59.857-0800] {dag.py:3239} INFO - Sync 3 DAGs
[2024-12-13T03:15:59.881-0800] {logging_mixin.py:190} INFO - [2024-12-13T03:15:59.881-0800] {dag.py:4180} INFO - Setting next_dagrun for example_branch_datetime_operator to 2024-12-12 00:00:00+00:00, run_after=2024-12-13 00:00:00+00:00
[2024-12-13T03:15:59.886-0800] {logging_mixin.py:190} INFO - [2024-12-13T03:15:59.886-0800] {dag.py:4180} INFO - Setting next_dagrun for example_branch_datetime_operator_2 to 2024-12-12 00:00:00+00:00, run_after=2024-12-13 00:00:00+00:00
[2024-12-13T03:15:59.889-0800] {logging_mixin.py:190} INFO - [2024-12-13T03:15:59.889-0800] {dag.py:4180} INFO - Setting next_dagrun for example_branch_datetime_operator_3 to 2024-12-12 00:00:00+00:00, run_after=2024-12-13 00:00:00+00:00
[2024-12-13T03:15:59.906-0800] {processor.py:208} INFO - Processing /Users/machine/Velocity_railway/airflow_env/lib/python3.10/site-packages/airflow/example_dags/example_branch_datetime_operator.py took 0.247 seconds
[2024-12-13T03:20:27.557-0800] {processor.py:186} INFO - Started process (PID=84150) to work on /Users/machine/Velocity_railway/airflow_env/lib/python3.10/site-packages/airflow/example_dags/example_branch_datetime_operator.py
[2024-12-13T03:20:27.559-0800] {processor.py:914} INFO - Processing file /Users/machine/Velocity_railway/airflow_env/lib/python3.10/site-packages/airflow/example_dags/example_branch_datetime_operator.py for tasks to queue
[2024-12-13T03:20:27.560-0800] {logging_mixin.py:190} INFO - [2024-12-13T03:20:27.559-0800] {dagbag.py:588} INFO - Filling up the DagBag from /Users/machine/Velocity_railway/airflow_env/lib/python3.10/site-packages/airflow/example_dags/example_branch_datetime_operator.py
[2024-12-13T03:20:27.575-0800] {processor.py:925} INFO - DAG(s) 'example_branch_datetime_operator_3', 'example_branch_datetime_operator', 'example_branch_datetime_operator_2' retrieved from /Users/machine/Velocity_railway/airflow_env/lib/python3.10/site-packages/airflow/example_dags/example_branch_datetime_operator.py
[2024-12-13T03:20:27.725-0800] {logging_mixin.py:190} INFO - [2024-12-13T03:20:27.724-0800] {dag.py:3239} INFO - Sync 3 DAGs
[2024-12-13T03:20:27.743-0800] {logging_mixin.py:190} INFO - [2024-12-13T03:20:27.743-0800] {dag.py:4180} INFO - Setting next_dagrun for example_branch_datetime_operator to 2024-12-12 00:00:00+00:00, run_after=2024-12-13 00:00:00+00:00
[2024-12-13T03:20:27.747-0800] {logging_mixin.py:190} INFO - [2024-12-13T03:20:27.747-0800] {dag.py:4180} INFO - Setting next_dagrun for example_branch_datetime_operator_2 to 2024-12-12 00:00:00+00:00, run_after=2024-12-13 00:00:00+00:00
[2024-12-13T03:20:27.749-0800] {logging_mixin.py:190} INFO - [2024-12-13T03:20:27.749-0800] {dag.py:4180} INFO - Setting next_dagrun for example_branch_datetime_operator_3 to 2024-12-12 00:00:00+00:00, run_after=2024-12-13 00:00:00+00:00
[2024-12-13T03:20:27.764-0800] {processor.py:208} INFO - Processing /Users/machine/Velocity_railway/airflow_env/lib/python3.10/site-packages/airflow/example_dags/example_branch_datetime_operator.py took 0.212 seconds
[2024-12-13T03:25:04.859-0800] {processor.py:186} INFO - Started process (PID=85092) to work on /Users/machine/Velocity_railway/airflow_env/lib/python3.10/site-packages/airflow/example_dags/example_branch_datetime_operator.py
[2024-12-13T03:25:04.862-0800] {processor.py:914} INFO - Processing file /Users/machine/Velocity_railway/airflow_env/lib/python3.10/site-packages/airflow/example_dags/example_branch_datetime_operator.py for tasks to queue
[2024-12-13T03:25:04.863-0800] {logging_mixin.py:190} INFO - [2024-12-13T03:25:04.863-0800] {dagbag.py:588} INFO - Filling up the DagBag from /Users/machine/Velocity_railway/airflow_env/lib/python3.10/site-packages/airflow/example_dags/example_branch_datetime_operator.py
[2024-12-13T03:25:04.881-0800] {processor.py:925} INFO - DAG(s) 'example_branch_datetime_operator', 'example_branch_datetime_operator_3', 'example_branch_datetime_operator_2' retrieved from /Users/machine/Velocity_railway/airflow_env/lib/python3.10/site-packages/airflow/example_dags/example_branch_datetime_operator.py
[2024-12-13T03:25:05.044-0800] {logging_mixin.py:190} INFO - [2024-12-13T03:25:05.044-0800] {dag.py:3239} INFO - Sync 3 DAGs
[2024-12-13T03:25:05.066-0800] {logging_mixin.py:190} INFO - [2024-12-13T03:25:05.066-0800] {dag.py:4180} INFO - Setting next_dagrun for example_branch_datetime_operator to 2024-12-12 00:00:00+00:00, run_after=2024-12-13 00:00:00+00:00
[2024-12-13T03:25:05.071-0800] {logging_mixin.py:190} INFO - [2024-12-13T03:25:05.071-0800] {dag.py:4180} INFO - Setting next_dagrun for example_branch_datetime_operator_2 to 2024-12-12 00:00:00+00:00, run_after=2024-12-13 00:00:00+00:00
[2024-12-13T03:25:05.074-0800] {logging_mixin.py:190} INFO - [2024-12-13T03:25:05.074-0800] {dag.py:4180} INFO - Setting next_dagrun for example_branch_datetime_operator_3 to 2024-12-12 00:00:00+00:00, run_after=2024-12-13 00:00:00+00:00
[2024-12-13T03:25:05.090-0800] {processor.py:208} INFO - Processing /Users/machine/Velocity_railway/airflow_env/lib/python3.10/site-packages/airflow/example_dags/example_branch_datetime_operator.py took 0.237 seconds
[2024-12-13T03:29:38.089-0800] {processor.py:186} INFO - Started process (PID=86014) to work on /Users/machine/Velocity_railway/airflow_env/lib/python3.10/site-packages/airflow/example_dags/example_branch_datetime_operator.py
[2024-12-13T03:29:38.091-0800] {processor.py:914} INFO - Processing file /Users/machine/Velocity_railway/airflow_env/lib/python3.10/site-packages/airflow/example_dags/example_branch_datetime_operator.py for tasks to queue
[2024-12-13T03:29:38.092-0800] {logging_mixin.py:190} INFO - [2024-12-13T03:29:38.092-0800] {dagbag.py:588} INFO - Filling up the DagBag from /Users/machine/Velocity_railway/airflow_env/lib/python3.10/site-packages/airflow/example_dags/example_branch_datetime_operator.py
[2024-12-13T03:29:38.106-0800] {processor.py:925} INFO - DAG(s) 'example_branch_datetime_operator_2', 'example_branch_datetime_operator', 'example_branch_datetime_operator_3' retrieved from /Users/machine/Velocity_railway/airflow_env/lib/python3.10/site-packages/airflow/example_dags/example_branch_datetime_operator.py
[2024-12-13T03:29:38.259-0800] {logging_mixin.py:190} INFO - [2024-12-13T03:29:38.259-0800] {dag.py:3239} INFO - Sync 3 DAGs
[2024-12-13T03:29:38.280-0800] {logging_mixin.py:190} INFO - [2024-12-13T03:29:38.279-0800] {dag.py:4180} INFO - Setting next_dagrun for example_branch_datetime_operator to 2024-12-12 00:00:00+00:00, run_after=2024-12-13 00:00:00+00:00
[2024-12-13T03:29:38.284-0800] {logging_mixin.py:190} INFO - [2024-12-13T03:29:38.284-0800] {dag.py:4180} INFO - Setting next_dagrun for example_branch_datetime_operator_2 to 2024-12-12 00:00:00+00:00, run_after=2024-12-13 00:00:00+00:00
[2024-12-13T03:29:38.286-0800] {logging_mixin.py:190} INFO - [2024-12-13T03:29:38.286-0800] {dag.py:4180} INFO - Setting next_dagrun for example_branch_datetime_operator_3 to 2024-12-12 00:00:00+00:00, run_after=2024-12-13 00:00:00+00:00
[2024-12-13T03:29:38.302-0800] {processor.py:208} INFO - Processing /Users/machine/Velocity_railway/airflow_env/lib/python3.10/site-packages/airflow/example_dags/example_branch_datetime_operator.py took 0.217 seconds
[2024-12-13T03:34:23.413-0800] {processor.py:186} INFO - Started process (PID=87028) to work on /Users/machine/Velocity_railway/airflow_env/lib/python3.10/site-packages/airflow/example_dags/example_branch_datetime_operator.py
[2024-12-13T03:34:23.416-0800] {processor.py:914} INFO - Processing file /Users/machine/Velocity_railway/airflow_env/lib/python3.10/site-packages/airflow/example_dags/example_branch_datetime_operator.py for tasks to queue
[2024-12-13T03:34:23.418-0800] {logging_mixin.py:190} INFO - [2024-12-13T03:34:23.417-0800] {dagbag.py:588} INFO - Filling up the DagBag from /Users/machine/Velocity_railway/airflow_env/lib/python3.10/site-packages/airflow/example_dags/example_branch_datetime_operator.py
[2024-12-13T03:34:23.440-0800] {processor.py:925} INFO - DAG(s) 'example_branch_datetime_operator_3', 'example_branch_datetime_operator_2', 'example_branch_datetime_operator' retrieved from /Users/machine/Velocity_railway/airflow_env/lib/python3.10/site-packages/airflow/example_dags/example_branch_datetime_operator.py
[2024-12-13T03:34:23.660-0800] {logging_mixin.py:190} INFO - [2024-12-13T03:34:23.660-0800] {dag.py:3239} INFO - Sync 3 DAGs
[2024-12-13T03:34:23.682-0800] {logging_mixin.py:190} INFO - [2024-12-13T03:34:23.682-0800] {dag.py:4180} INFO - Setting next_dagrun for example_branch_datetime_operator to 2024-12-12 00:00:00+00:00, run_after=2024-12-13 00:00:00+00:00
[2024-12-13T03:34:23.687-0800] {logging_mixin.py:190} INFO - [2024-12-13T03:34:23.686-0800] {dag.py:4180} INFO - Setting next_dagrun for example_branch_datetime_operator_2 to 2024-12-12 00:00:00+00:00, run_after=2024-12-13 00:00:00+00:00
[2024-12-13T03:34:23.689-0800] {logging_mixin.py:190} INFO - [2024-12-13T03:34:23.689-0800] {dag.py:4180} INFO - Setting next_dagrun for example_branch_datetime_operator_3 to 2024-12-12 00:00:00+00:00, run_after=2024-12-13 00:00:00+00:00
[2024-12-13T03:34:23.705-0800] {processor.py:208} INFO - Processing /Users/machine/Velocity_railway/airflow_env/lib/python3.10/site-packages/airflow/example_dags/example_branch_datetime_operator.py took 0.298 seconds
[2024-12-13T03:39:21.322-0800] {processor.py:186} INFO - Started process (PID=88082) to work on /Users/machine/Velocity_railway/airflow_env/lib/python3.10/site-packages/airflow/example_dags/example_branch_datetime_operator.py
[2024-12-13T03:39:21.324-0800] {processor.py:914} INFO - Processing file /Users/machine/Velocity_railway/airflow_env/lib/python3.10/site-packages/airflow/example_dags/example_branch_datetime_operator.py for tasks to queue
[2024-12-13T03:39:21.325-0800] {logging_mixin.py:190} INFO - [2024-12-13T03:39:21.325-0800] {dagbag.py:588} INFO - Filling up the DagBag from /Users/machine/Velocity_railway/airflow_env/lib/python3.10/site-packages/airflow/example_dags/example_branch_datetime_operator.py
[2024-12-13T03:39:21.338-0800] {processor.py:925} INFO - DAG(s) 'example_branch_datetime_operator_3', 'example_branch_datetime_operator', 'example_branch_datetime_operator_2' retrieved from /Users/machine/Velocity_railway/airflow_env/lib/python3.10/site-packages/airflow/example_dags/example_branch_datetime_operator.py
[2024-12-13T03:39:21.496-0800] {logging_mixin.py:190} INFO - [2024-12-13T03:39:21.496-0800] {dag.py:3239} INFO - Sync 3 DAGs
[2024-12-13T03:39:21.516-0800] {logging_mixin.py:190} INFO - [2024-12-13T03:39:21.516-0800] {dag.py:4180} INFO - Setting next_dagrun for example_branch_datetime_operator to 2024-12-12 00:00:00+00:00, run_after=2024-12-13 00:00:00+00:00
[2024-12-13T03:39:21.521-0800] {logging_mixin.py:190} INFO - [2024-12-13T03:39:21.521-0800] {dag.py:4180} INFO - Setting next_dagrun for example_branch_datetime_operator_2 to 2024-12-12 00:00:00+00:00, run_after=2024-12-13 00:00:00+00:00
[2024-12-13T03:39:21.524-0800] {logging_mixin.py:190} INFO - [2024-12-13T03:39:21.523-0800] {dag.py:4180} INFO - Setting next_dagrun for example_branch_datetime_operator_3 to 2024-12-12 00:00:00+00:00, run_after=2024-12-13 00:00:00+00:00
[2024-12-13T03:39:21.554-0800] {processor.py:208} INFO - Processing /Users/machine/Velocity_railway/airflow_env/lib/python3.10/site-packages/airflow/example_dags/example_branch_datetime_operator.py took 0.238 seconds
[2024-12-13T03:43:46.500-0800] {processor.py:186} INFO - Started process (PID=89000) to work on /Users/machine/Velocity_railway/airflow_env/lib/python3.10/site-packages/airflow/example_dags/example_branch_datetime_operator.py
[2024-12-13T03:43:46.501-0800] {processor.py:914} INFO - Processing file /Users/machine/Velocity_railway/airflow_env/lib/python3.10/site-packages/airflow/example_dags/example_branch_datetime_operator.py for tasks to queue
[2024-12-13T03:43:46.502-0800] {logging_mixin.py:190} INFO - [2024-12-13T03:43:46.502-0800] {dagbag.py:588} INFO - Filling up the DagBag from /Users/machine/Velocity_railway/airflow_env/lib/python3.10/site-packages/airflow/example_dags/example_branch_datetime_operator.py
[2024-12-13T03:43:46.517-0800] {processor.py:925} INFO - DAG(s) 'example_branch_datetime_operator', 'example_branch_datetime_operator_2', 'example_branch_datetime_operator_3' retrieved from /Users/machine/Velocity_railway/airflow_env/lib/python3.10/site-packages/airflow/example_dags/example_branch_datetime_operator.py
[2024-12-13T03:43:46.684-0800] {logging_mixin.py:190} INFO - [2024-12-13T03:43:46.684-0800] {dag.py:3239} INFO - Sync 3 DAGs
[2024-12-13T03:43:46.702-0800] {logging_mixin.py:190} INFO - [2024-12-13T03:43:46.702-0800] {dag.py:4180} INFO - Setting next_dagrun for example_branch_datetime_operator to 2024-12-12 00:00:00+00:00, run_after=2024-12-13 00:00:00+00:00
[2024-12-13T03:43:46.707-0800] {logging_mixin.py:190} INFO - [2024-12-13T03:43:46.706-0800] {dag.py:4180} INFO - Setting next_dagrun for example_branch_datetime_operator_2 to 2024-12-12 00:00:00+00:00, run_after=2024-12-13 00:00:00+00:00
[2024-12-13T03:43:46.709-0800] {logging_mixin.py:190} INFO - [2024-12-13T03:43:46.709-0800] {dag.py:4180} INFO - Setting next_dagrun for example_branch_datetime_operator_3 to 2024-12-12 00:00:00+00:00, run_after=2024-12-13 00:00:00+00:00
[2024-12-13T03:43:46.724-0800] {processor.py:208} INFO - Processing /Users/machine/Velocity_railway/airflow_env/lib/python3.10/site-packages/airflow/example_dags/example_branch_datetime_operator.py took 0.228 seconds
[2024-12-13T03:48:13.404-0800] {processor.py:186} INFO - Started process (PID=89892) to work on /Users/machine/Velocity_railway/airflow_env/lib/python3.10/site-packages/airflow/example_dags/example_branch_datetime_operator.py
[2024-12-13T03:48:13.406-0800] {processor.py:914} INFO - Processing file /Users/machine/Velocity_railway/airflow_env/lib/python3.10/site-packages/airflow/example_dags/example_branch_datetime_operator.py for tasks to queue
[2024-12-13T03:48:13.408-0800] {logging_mixin.py:190} INFO - [2024-12-13T03:48:13.407-0800] {dagbag.py:588} INFO - Filling up the DagBag from /Users/machine/Velocity_railway/airflow_env/lib/python3.10/site-packages/airflow/example_dags/example_branch_datetime_operator.py
[2024-12-13T03:48:13.422-0800] {processor.py:925} INFO - DAG(s) 'example_branch_datetime_operator_2', 'example_branch_datetime_operator', 'example_branch_datetime_operator_3' retrieved from /Users/machine/Velocity_railway/airflow_env/lib/python3.10/site-packages/airflow/example_dags/example_branch_datetime_operator.py
[2024-12-13T03:48:13.589-0800] {logging_mixin.py:190} INFO - [2024-12-13T03:48:13.589-0800] {dag.py:3239} INFO - Sync 3 DAGs
[2024-12-13T03:48:13.611-0800] {logging_mixin.py:190} INFO - [2024-12-13T03:48:13.611-0800] {dag.py:4180} INFO - Setting next_dagrun for example_branch_datetime_operator to 2024-12-12 00:00:00+00:00, run_after=2024-12-13 00:00:00+00:00
[2024-12-13T03:48:13.617-0800] {logging_mixin.py:190} INFO - [2024-12-13T03:48:13.617-0800] {dag.py:4180} INFO - Setting next_dagrun for example_branch_datetime_operator_2 to 2024-12-12 00:00:00+00:00, run_after=2024-12-13 00:00:00+00:00
[2024-12-13T03:48:13.620-0800] {logging_mixin.py:190} INFO - [2024-12-13T03:48:13.619-0800] {dag.py:4180} INFO - Setting next_dagrun for example_branch_datetime_operator_3 to 2024-12-12 00:00:00+00:00, run_after=2024-12-13 00:00:00+00:00
[2024-12-13T03:48:13.638-0800] {processor.py:208} INFO - Processing /Users/machine/Velocity_railway/airflow_env/lib/python3.10/site-packages/airflow/example_dags/example_branch_datetime_operator.py took 0.240 seconds
[2024-12-13T03:52:50.630-0800] {processor.py:186} INFO - Started process (PID=90867) to work on /Users/machine/Velocity_railway/airflow_env/lib/python3.10/site-packages/airflow/example_dags/example_branch_datetime_operator.py
[2024-12-13T03:52:50.632-0800] {processor.py:914} INFO - Processing file /Users/machine/Velocity_railway/airflow_env/lib/python3.10/site-packages/airflow/example_dags/example_branch_datetime_operator.py for tasks to queue
[2024-12-13T03:52:50.633-0800] {logging_mixin.py:190} INFO - [2024-12-13T03:52:50.633-0800] {dagbag.py:588} INFO - Filling up the DagBag from /Users/machine/Velocity_railway/airflow_env/lib/python3.10/site-packages/airflow/example_dags/example_branch_datetime_operator.py
[2024-12-13T03:52:50.647-0800] {processor.py:925} INFO - DAG(s) 'example_branch_datetime_operator_2', 'example_branch_datetime_operator', 'example_branch_datetime_operator_3' retrieved from /Users/machine/Velocity_railway/airflow_env/lib/python3.10/site-packages/airflow/example_dags/example_branch_datetime_operator.py
[2024-12-13T03:52:50.809-0800] {logging_mixin.py:190} INFO - [2024-12-13T03:52:50.809-0800] {dag.py:3239} INFO - Sync 3 DAGs
[2024-12-13T03:52:50.828-0800] {logging_mixin.py:190} INFO - [2024-12-13T03:52:50.828-0800] {dag.py:4180} INFO - Setting next_dagrun for example_branch_datetime_operator to 2024-12-12 00:00:00+00:00, run_after=2024-12-13 00:00:00+00:00
[2024-12-13T03:52:50.832-0800] {logging_mixin.py:190} INFO - [2024-12-13T03:52:50.832-0800] {dag.py:4180} INFO - Setting next_dagrun for example_branch_datetime_operator_2 to 2024-12-12 00:00:00+00:00, run_after=2024-12-13 00:00:00+00:00
[2024-12-13T03:52:50.835-0800] {logging_mixin.py:190} INFO - [2024-12-13T03:52:50.835-0800] {dag.py:4180} INFO - Setting next_dagrun for example_branch_datetime_operator_3 to 2024-12-12 00:00:00+00:00, run_after=2024-12-13 00:00:00+00:00
[2024-12-13T03:52:50.850-0800] {processor.py:208} INFO - Processing /Users/machine/Velocity_railway/airflow_env/lib/python3.10/site-packages/airflow/example_dags/example_branch_datetime_operator.py took 0.225 seconds
[2024-12-13T03:57:43.110-0800] {processor.py:186} INFO - Started process (PID=92040) to work on /Users/machine/Velocity_railway/airflow_env/lib/python3.10/site-packages/airflow/example_dags/example_branch_datetime_operator.py
[2024-12-13T03:57:43.113-0800] {processor.py:914} INFO - Processing file /Users/machine/Velocity_railway/airflow_env/lib/python3.10/site-packages/airflow/example_dags/example_branch_datetime_operator.py for tasks to queue
[2024-12-13T03:57:43.114-0800] {logging_mixin.py:190} INFO - [2024-12-13T03:57:43.114-0800] {dagbag.py:588} INFO - Filling up the DagBag from /Users/machine/Velocity_railway/airflow_env/lib/python3.10/site-packages/airflow/example_dags/example_branch_datetime_operator.py
[2024-12-13T03:57:43.131-0800] {processor.py:925} INFO - DAG(s) 'example_branch_datetime_operator_2', 'example_branch_datetime_operator', 'example_branch_datetime_operator_3' retrieved from /Users/machine/Velocity_railway/airflow_env/lib/python3.10/site-packages/airflow/example_dags/example_branch_datetime_operator.py
[2024-12-13T03:57:43.323-0800] {logging_mixin.py:190} INFO - [2024-12-13T03:57:43.323-0800] {dag.py:3239} INFO - Sync 3 DAGs
[2024-12-13T03:57:43.346-0800] {logging_mixin.py:190} INFO - [2024-12-13T03:57:43.346-0800] {dag.py:4180} INFO - Setting next_dagrun for example_branch_datetime_operator to 2024-12-12 00:00:00+00:00, run_after=2024-12-13 00:00:00+00:00
[2024-12-13T03:57:43.351-0800] {logging_mixin.py:190} INFO - [2024-12-13T03:57:43.351-0800] {dag.py:4180} INFO - Setting next_dagrun for example_branch_datetime_operator_2 to 2024-12-12 00:00:00+00:00, run_after=2024-12-13 00:00:00+00:00
[2024-12-13T03:57:43.354-0800] {logging_mixin.py:190} INFO - [2024-12-13T03:57:43.354-0800] {dag.py:4180} INFO - Setting next_dagrun for example_branch_datetime_operator_3 to 2024-12-12 00:00:00+00:00, run_after=2024-12-13 00:00:00+00:00
[2024-12-13T03:57:43.371-0800] {processor.py:208} INFO - Processing /Users/machine/Velocity_railway/airflow_env/lib/python3.10/site-packages/airflow/example_dags/example_branch_datetime_operator.py took 0.268 seconds
[2024-12-13T05:51:19.947-0800] {processor.py:186} INFO - Started process (PID=93522) to work on /Users/machine/Velocity_railway/airflow_env/lib/python3.10/site-packages/airflow/example_dags/example_branch_datetime_operator.py
[2024-12-13T05:51:19.952-0800] {processor.py:914} INFO - Processing file /Users/machine/Velocity_railway/airflow_env/lib/python3.10/site-packages/airflow/example_dags/example_branch_datetime_operator.py for tasks to queue
[2024-12-13T05:51:19.956-0800] {logging_mixin.py:190} INFO - [2024-12-13T05:51:19.956-0800] {dagbag.py:588} INFO - Filling up the DagBag from /Users/machine/Velocity_railway/airflow_env/lib/python3.10/site-packages/airflow/example_dags/example_branch_datetime_operator.py
[2024-12-13T05:51:20.016-0800] {processor.py:925} INFO - DAG(s) 'example_branch_datetime_operator_3', 'example_branch_datetime_operator', 'example_branch_datetime_operator_2' retrieved from /Users/machine/Velocity_railway/airflow_env/lib/python3.10/site-packages/airflow/example_dags/example_branch_datetime_operator.py
[2024-12-13T05:51:20.428-0800] {logging_mixin.py:190} INFO - [2024-12-13T05:51:20.427-0800] {dag.py:3239} INFO - Sync 3 DAGs
[2024-12-13T05:51:20.472-0800] {logging_mixin.py:190} INFO - [2024-12-13T05:51:20.472-0800] {dag.py:4180} INFO - Setting next_dagrun for example_branch_datetime_operator to 2024-12-12 00:00:00+00:00, run_after=2024-12-13 00:00:00+00:00
[2024-12-13T05:51:20.491-0800] {logging_mixin.py:190} INFO - [2024-12-13T05:51:20.491-0800] {dag.py:4180} INFO - Setting next_dagrun for example_branch_datetime_operator_2 to 2024-12-12 00:00:00+00:00, run_after=2024-12-13 00:00:00+00:00
[2024-12-13T05:51:20.497-0800] {logging_mixin.py:190} INFO - [2024-12-13T05:51:20.497-0800] {dag.py:4180} INFO - Setting next_dagrun for example_branch_datetime_operator_3 to 2024-12-12 00:00:00+00:00, run_after=2024-12-13 00:00:00+00:00
[2024-12-13T05:51:20.533-0800] {processor.py:208} INFO - Processing /Users/machine/Velocity_railway/airflow_env/lib/python3.10/site-packages/airflow/example_dags/example_branch_datetime_operator.py took 0.596 seconds
