[2024-12-13T03:08:50.309-0800] {processor.py:186} INFO - Started process (PID=81813) to work on /Users/machine/Velocity_railway/airflow_env/lib/python3.10/site-packages/airflow/example_dags/example_trigger_target_dag.py
[2024-12-13T03:08:50.310-0800] {processor.py:914} INFO - Processing file /Users/machine/Velocity_railway/airflow_env/lib/python3.10/site-packages/airflow/example_dags/example_trigger_target_dag.py for tasks to queue
[2024-12-13T03:08:50.311-0800] {logging_mixin.py:190} INFO - [2024-12-13T03:08:50.311-0800] {dagbag.py:588} INFO - Filling up the DagBag from /Users/machine/Velocity_railway/airflow_env/lib/python3.10/site-packages/airflow/example_dags/example_trigger_target_dag.py
[2024-12-13T03:08:50.396-0800] {processor.py:925} INFO - DAG(s) 'example_trigger_target_dag' retrieved from /Users/machine/Velocity_railway/airflow_env/lib/python3.10/site-packages/airflow/example_dags/example_trigger_target_dag.py
[2024-12-13T03:08:50.578-0800] {logging_mixin.py:190} INFO - [2024-12-13T03:08:50.578-0800] {override.py:1911} INFO - Created Permission View: can edit on DAG:example_trigger_target_dag
[2024-12-13T03:08:50.586-0800] {logging_mixin.py:190} INFO - [2024-12-13T03:08:50.585-0800] {override.py:1911} INFO - Created Permission View: can read on DAG:example_trigger_target_dag
[2024-12-13T03:08:50.591-0800] {logging_mixin.py:190} INFO - [2024-12-13T03:08:50.591-0800] {override.py:1911} INFO - Created Permission View: can delete on DAG:example_trigger_target_dag
[2024-12-13T03:08:50.598-0800] {logging_mixin.py:190} INFO - [2024-12-13T03:08:50.598-0800] {override.py:1911} INFO - Created Permission View: menu access on DAG Run:example_trigger_target_dag
[2024-12-13T03:08:50.604-0800] {logging_mixin.py:190} INFO - [2024-12-13T03:08:50.603-0800] {override.py:1911} INFO - Created Permission View: can read on DAG Run:example_trigger_target_dag
[2024-12-13T03:08:50.609-0800] {logging_mixin.py:190} INFO - [2024-12-13T03:08:50.609-0800] {override.py:1911} INFO - Created Permission View: can create on DAG Run:example_trigger_target_dag
[2024-12-13T03:08:50.616-0800] {logging_mixin.py:190} INFO - [2024-12-13T03:08:50.615-0800] {override.py:1911} INFO - Created Permission View: can delete on DAG Run:example_trigger_target_dag
[2024-12-13T03:08:50.616-0800] {logging_mixin.py:190} INFO - [2024-12-13T03:08:50.616-0800] {dag.py:3239} INFO - Sync 1 DAGs
[2024-12-13T03:08:50.626-0800] {logging_mixin.py:190} INFO - [2024-12-13T03:08:50.626-0800] {dag.py:3262} INFO - Creating ORM DAG for example_trigger_target_dag
[2024-12-13T03:08:50.627-0800] {logging_mixin.py:190} INFO - [2024-12-13T03:08:50.627-0800] {dag.py:4180} INFO - Setting next_dagrun for example_trigger_target_dag to None, run_after=None
[2024-12-13T03:08:50.641-0800] {processor.py:208} INFO - Processing /Users/machine/Velocity_railway/airflow_env/lib/python3.10/site-packages/airflow/example_dags/example_trigger_target_dag.py took 0.337 seconds
[2024-12-13T03:11:52.925-0800] {processor.py:186} INFO - Started process (PID=82406) to work on /Users/machine/Velocity_railway/airflow_env/lib/python3.10/site-packages/airflow/example_dags/example_trigger_target_dag.py
[2024-12-13T03:11:52.927-0800] {processor.py:914} INFO - Processing file /Users/machine/Velocity_railway/airflow_env/lib/python3.10/site-packages/airflow/example_dags/example_trigger_target_dag.py for tasks to queue
[2024-12-13T03:11:52.929-0800] {logging_mixin.py:190} INFO - [2024-12-13T03:11:52.928-0800] {dagbag.py:588} INFO - Filling up the DagBag from /Users/machine/Velocity_railway/airflow_env/lib/python3.10/site-packages/airflow/example_dags/example_trigger_target_dag.py
[2024-12-13T03:11:53.020-0800] {processor.py:925} INFO - DAG(s) 'example_trigger_target_dag' retrieved from /Users/machine/Velocity_railway/airflow_env/lib/python3.10/site-packages/airflow/example_dags/example_trigger_target_dag.py
[2024-12-13T03:11:53.131-0800] {logging_mixin.py:190} INFO - [2024-12-13T03:11:53.130-0800] {dag.py:3239} INFO - Sync 1 DAGs
[2024-12-13T03:11:53.143-0800] {logging_mixin.py:190} INFO - [2024-12-13T03:11:53.143-0800] {dag.py:4180} INFO - Setting next_dagrun for example_trigger_target_dag to None, run_after=None
[2024-12-13T03:11:53.162-0800] {processor.py:208} INFO - Processing /Users/machine/Velocity_railway/airflow_env/lib/python3.10/site-packages/airflow/example_dags/example_trigger_target_dag.py took 0.243 seconds
[2024-12-13T03:14:26.532-0800] {processor.py:186} INFO - Started process (PID=82919) to work on /Users/machine/Velocity_railway/airflow_env/lib/python3.10/site-packages/airflow/example_dags/example_trigger_target_dag.py
[2024-12-13T03:14:26.548-0800] {processor.py:914} INFO - Processing file /Users/machine/Velocity_railway/airflow_env/lib/python3.10/site-packages/airflow/example_dags/example_trigger_target_dag.py for tasks to queue
[2024-12-13T03:14:26.550-0800] {logging_mixin.py:190} INFO - [2024-12-13T03:14:26.549-0800] {dagbag.py:588} INFO - Filling up the DagBag from /Users/machine/Velocity_railway/airflow_env/lib/python3.10/site-packages/airflow/example_dags/example_trigger_target_dag.py
[2024-12-13T03:14:26.642-0800] {processor.py:925} INFO - DAG(s) 'example_trigger_target_dag' retrieved from /Users/machine/Velocity_railway/airflow_env/lib/python3.10/site-packages/airflow/example_dags/example_trigger_target_dag.py
[2024-12-13T03:14:26.754-0800] {logging_mixin.py:190} INFO - [2024-12-13T03:14:26.754-0800] {dag.py:3239} INFO - Sync 1 DAGs
[2024-12-13T03:14:26.765-0800] {logging_mixin.py:190} INFO - [2024-12-13T03:14:26.765-0800] {dag.py:4180} INFO - Setting next_dagrun for example_trigger_target_dag to None, run_after=None
[2024-12-13T03:14:26.785-0800] {processor.py:208} INFO - Processing /Users/machine/Velocity_railway/airflow_env/lib/python3.10/site-packages/airflow/example_dags/example_trigger_target_dag.py took 0.260 seconds
[2024-12-13T03:16:49.880-0800] {processor.py:186} INFO - Started process (PID=83389) to work on /Users/machine/Velocity_railway/airflow_env/lib/python3.10/site-packages/airflow/example_dags/example_trigger_target_dag.py
[2024-12-13T03:16:49.882-0800] {processor.py:914} INFO - Processing file /Users/machine/Velocity_railway/airflow_env/lib/python3.10/site-packages/airflow/example_dags/example_trigger_target_dag.py for tasks to queue
[2024-12-13T03:16:49.883-0800] {logging_mixin.py:190} INFO - [2024-12-13T03:16:49.883-0800] {dagbag.py:588} INFO - Filling up the DagBag from /Users/machine/Velocity_railway/airflow_env/lib/python3.10/site-packages/airflow/example_dags/example_trigger_target_dag.py
[2024-12-13T03:16:49.970-0800] {processor.py:925} INFO - DAG(s) 'example_trigger_target_dag' retrieved from /Users/machine/Velocity_railway/airflow_env/lib/python3.10/site-packages/airflow/example_dags/example_trigger_target_dag.py
[2024-12-13T03:16:50.078-0800] {logging_mixin.py:190} INFO - [2024-12-13T03:16:50.078-0800] {dag.py:3239} INFO - Sync 1 DAGs
[2024-12-13T03:16:50.090-0800] {logging_mixin.py:190} INFO - [2024-12-13T03:16:50.090-0800] {dag.py:4180} INFO - Setting next_dagrun for example_trigger_target_dag to None, run_after=None
[2024-12-13T03:16:50.107-0800] {processor.py:208} INFO - Processing /Users/machine/Velocity_railway/airflow_env/lib/python3.10/site-packages/airflow/example_dags/example_trigger_target_dag.py took 0.233 seconds
[2024-12-13T03:19:06.185-0800] {processor.py:186} INFO - Started process (PID=83858) to work on /Users/machine/Velocity_railway/airflow_env/lib/python3.10/site-packages/airflow/example_dags/example_trigger_target_dag.py
[2024-12-13T03:19:06.187-0800] {processor.py:914} INFO - Processing file /Users/machine/Velocity_railway/airflow_env/lib/python3.10/site-packages/airflow/example_dags/example_trigger_target_dag.py for tasks to queue
[2024-12-13T03:19:06.188-0800] {logging_mixin.py:190} INFO - [2024-12-13T03:19:06.188-0800] {dagbag.py:588} INFO - Filling up the DagBag from /Users/machine/Velocity_railway/airflow_env/lib/python3.10/site-packages/airflow/example_dags/example_trigger_target_dag.py
[2024-12-13T03:19:06.268-0800] {processor.py:925} INFO - DAG(s) 'example_trigger_target_dag' retrieved from /Users/machine/Velocity_railway/airflow_env/lib/python3.10/site-packages/airflow/example_dags/example_trigger_target_dag.py
[2024-12-13T03:19:06.364-0800] {logging_mixin.py:190} INFO - [2024-12-13T03:19:06.364-0800] {dag.py:3239} INFO - Sync 1 DAGs
[2024-12-13T03:19:06.374-0800] {logging_mixin.py:190} INFO - [2024-12-13T03:19:06.374-0800] {dag.py:4180} INFO - Setting next_dagrun for example_trigger_target_dag to None, run_after=None
[2024-12-13T03:19:06.393-0800] {processor.py:208} INFO - Processing /Users/machine/Velocity_railway/airflow_env/lib/python3.10/site-packages/airflow/example_dags/example_trigger_target_dag.py took 0.212 seconds
[2024-12-13T03:21:14.674-0800] {processor.py:186} INFO - Started process (PID=84313) to work on /Users/machine/Velocity_railway/airflow_env/lib/python3.10/site-packages/airflow/example_dags/example_trigger_target_dag.py
[2024-12-13T03:21:14.677-0800] {processor.py:914} INFO - Processing file /Users/machine/Velocity_railway/airflow_env/lib/python3.10/site-packages/airflow/example_dags/example_trigger_target_dag.py for tasks to queue
[2024-12-13T03:21:14.678-0800] {logging_mixin.py:190} INFO - [2024-12-13T03:21:14.678-0800] {dagbag.py:588} INFO - Filling up the DagBag from /Users/machine/Velocity_railway/airflow_env/lib/python3.10/site-packages/airflow/example_dags/example_trigger_target_dag.py
[2024-12-13T03:21:14.755-0800] {processor.py:925} INFO - DAG(s) 'example_trigger_target_dag' retrieved from /Users/machine/Velocity_railway/airflow_env/lib/python3.10/site-packages/airflow/example_dags/example_trigger_target_dag.py
[2024-12-13T03:21:14.853-0800] {logging_mixin.py:190} INFO - [2024-12-13T03:21:14.853-0800] {dag.py:3239} INFO - Sync 1 DAGs
[2024-12-13T03:21:14.864-0800] {logging_mixin.py:190} INFO - [2024-12-13T03:21:14.863-0800] {dag.py:4180} INFO - Setting next_dagrun for example_trigger_target_dag to None, run_after=None
[2024-12-13T03:21:14.880-0800] {processor.py:208} INFO - Processing /Users/machine/Velocity_railway/airflow_env/lib/python3.10/site-packages/airflow/example_dags/example_trigger_target_dag.py took 0.211 seconds
[2024-12-13T03:23:36.482-0800] {processor.py:186} INFO - Started process (PID=84781) to work on /Users/machine/Velocity_railway/airflow_env/lib/python3.10/site-packages/airflow/example_dags/example_trigger_target_dag.py
[2024-12-13T03:23:36.484-0800] {processor.py:914} INFO - Processing file /Users/machine/Velocity_railway/airflow_env/lib/python3.10/site-packages/airflow/example_dags/example_trigger_target_dag.py for tasks to queue
[2024-12-13T03:23:36.485-0800] {logging_mixin.py:190} INFO - [2024-12-13T03:23:36.485-0800] {dagbag.py:588} INFO - Filling up the DagBag from /Users/machine/Velocity_railway/airflow_env/lib/python3.10/site-packages/airflow/example_dags/example_trigger_target_dag.py
[2024-12-13T03:23:36.572-0800] {processor.py:925} INFO - DAG(s) 'example_trigger_target_dag' retrieved from /Users/machine/Velocity_railway/airflow_env/lib/python3.10/site-packages/airflow/example_dags/example_trigger_target_dag.py
[2024-12-13T03:23:36.681-0800] {logging_mixin.py:190} INFO - [2024-12-13T03:23:36.681-0800] {dag.py:3239} INFO - Sync 1 DAGs
[2024-12-13T03:23:36.692-0800] {logging_mixin.py:190} INFO - [2024-12-13T03:23:36.692-0800] {dag.py:4180} INFO - Setting next_dagrun for example_trigger_target_dag to None, run_after=None
[2024-12-13T03:23:36.711-0800] {processor.py:208} INFO - Processing /Users/machine/Velocity_railway/airflow_env/lib/python3.10/site-packages/airflow/example_dags/example_trigger_target_dag.py took 0.234 seconds
[2024-12-13T03:25:53.632-0800] {processor.py:186} INFO - Started process (PID=85261) to work on /Users/machine/Velocity_railway/airflow_env/lib/python3.10/site-packages/airflow/example_dags/example_trigger_target_dag.py
[2024-12-13T03:25:53.633-0800] {processor.py:914} INFO - Processing file /Users/machine/Velocity_railway/airflow_env/lib/python3.10/site-packages/airflow/example_dags/example_trigger_target_dag.py for tasks to queue
[2024-12-13T03:25:53.635-0800] {logging_mixin.py:190} INFO - [2024-12-13T03:25:53.634-0800] {dagbag.py:588} INFO - Filling up the DagBag from /Users/machine/Velocity_railway/airflow_env/lib/python3.10/site-packages/airflow/example_dags/example_trigger_target_dag.py
[2024-12-13T03:25:53.720-0800] {processor.py:925} INFO - DAG(s) 'example_trigger_target_dag' retrieved from /Users/machine/Velocity_railway/airflow_env/lib/python3.10/site-packages/airflow/example_dags/example_trigger_target_dag.py
[2024-12-13T03:25:53.819-0800] {logging_mixin.py:190} INFO - [2024-12-13T03:25:53.819-0800] {dag.py:3239} INFO - Sync 1 DAGs
[2024-12-13T03:25:53.829-0800] {logging_mixin.py:190} INFO - [2024-12-13T03:25:53.829-0800] {dag.py:4180} INFO - Setting next_dagrun for example_trigger_target_dag to None, run_after=None
[2024-12-13T03:25:53.846-0800] {processor.py:208} INFO - Processing /Users/machine/Velocity_railway/airflow_env/lib/python3.10/site-packages/airflow/example_dags/example_trigger_target_dag.py took 0.220 seconds
[2024-12-13T03:28:10.484-0800] {processor.py:186} INFO - Started process (PID=85731) to work on /Users/machine/Velocity_railway/airflow_env/lib/python3.10/site-packages/airflow/example_dags/example_trigger_target_dag.py
[2024-12-13T03:28:10.486-0800] {processor.py:914} INFO - Processing file /Users/machine/Velocity_railway/airflow_env/lib/python3.10/site-packages/airflow/example_dags/example_trigger_target_dag.py for tasks to queue
[2024-12-13T03:28:10.487-0800] {logging_mixin.py:190} INFO - [2024-12-13T03:28:10.487-0800] {dagbag.py:588} INFO - Filling up the DagBag from /Users/machine/Velocity_railway/airflow_env/lib/python3.10/site-packages/airflow/example_dags/example_trigger_target_dag.py
[2024-12-13T03:28:10.574-0800] {processor.py:925} INFO - DAG(s) 'example_trigger_target_dag' retrieved from /Users/machine/Velocity_railway/airflow_env/lib/python3.10/site-packages/airflow/example_dags/example_trigger_target_dag.py
[2024-12-13T03:28:10.687-0800] {logging_mixin.py:190} INFO - [2024-12-13T03:28:10.687-0800] {dag.py:3239} INFO - Sync 1 DAGs
[2024-12-13T03:28:10.699-0800] {logging_mixin.py:190} INFO - [2024-12-13T03:28:10.698-0800] {dag.py:4180} INFO - Setting next_dagrun for example_trigger_target_dag to None, run_after=None
[2024-12-13T03:28:10.719-0800] {processor.py:208} INFO - Processing /Users/machine/Velocity_railway/airflow_env/lib/python3.10/site-packages/airflow/example_dags/example_trigger_target_dag.py took 0.245 seconds
[2024-12-13T03:30:27.018-0800] {processor.py:186} INFO - Started process (PID=86181) to work on /Users/machine/Velocity_railway/airflow_env/lib/python3.10/site-packages/airflow/example_dags/example_trigger_target_dag.py
[2024-12-13T03:30:27.021-0800] {processor.py:914} INFO - Processing file /Users/machine/Velocity_railway/airflow_env/lib/python3.10/site-packages/airflow/example_dags/example_trigger_target_dag.py for tasks to queue
[2024-12-13T03:30:27.022-0800] {logging_mixin.py:190} INFO - [2024-12-13T03:30:27.022-0800] {dagbag.py:588} INFO - Filling up the DagBag from /Users/machine/Velocity_railway/airflow_env/lib/python3.10/site-packages/airflow/example_dags/example_trigger_target_dag.py
[2024-12-13T03:30:27.107-0800] {processor.py:925} INFO - DAG(s) 'example_trigger_target_dag' retrieved from /Users/machine/Velocity_railway/airflow_env/lib/python3.10/site-packages/airflow/example_dags/example_trigger_target_dag.py
[2024-12-13T03:30:27.210-0800] {logging_mixin.py:190} INFO - [2024-12-13T03:30:27.210-0800] {dag.py:3239} INFO - Sync 1 DAGs
[2024-12-13T03:30:27.220-0800] {logging_mixin.py:190} INFO - [2024-12-13T03:30:27.220-0800] {dag.py:4180} INFO - Setting next_dagrun for example_trigger_target_dag to None, run_after=None
[2024-12-13T03:30:27.238-0800] {processor.py:208} INFO - Processing /Users/machine/Velocity_railway/airflow_env/lib/python3.10/site-packages/airflow/example_dags/example_trigger_target_dag.py took 0.225 seconds
[2024-12-13T03:32:53.311-0800] {processor.py:186} INFO - Started process (PID=86690) to work on /Users/machine/Velocity_railway/airflow_env/lib/python3.10/site-packages/airflow/example_dags/example_trigger_target_dag.py
[2024-12-13T03:32:53.313-0800] {processor.py:914} INFO - Processing file /Users/machine/Velocity_railway/airflow_env/lib/python3.10/site-packages/airflow/example_dags/example_trigger_target_dag.py for tasks to queue
[2024-12-13T03:32:53.315-0800] {logging_mixin.py:190} INFO - [2024-12-13T03:32:53.315-0800] {dagbag.py:588} INFO - Filling up the DagBag from /Users/machine/Velocity_railway/airflow_env/lib/python3.10/site-packages/airflow/example_dags/example_trigger_target_dag.py
[2024-12-13T03:32:53.430-0800] {processor.py:925} INFO - DAG(s) 'example_trigger_target_dag' retrieved from /Users/machine/Velocity_railway/airflow_env/lib/python3.10/site-packages/airflow/example_dags/example_trigger_target_dag.py
[2024-12-13T03:32:53.550-0800] {logging_mixin.py:190} INFO - [2024-12-13T03:32:53.549-0800] {dag.py:3239} INFO - Sync 1 DAGs
[2024-12-13T03:32:53.561-0800] {logging_mixin.py:190} INFO - [2024-12-13T03:32:53.560-0800] {dag.py:4180} INFO - Setting next_dagrun for example_trigger_target_dag to None, run_after=None
[2024-12-13T03:32:53.579-0800] {processor.py:208} INFO - Processing /Users/machine/Velocity_railway/airflow_env/lib/python3.10/site-packages/airflow/example_dags/example_trigger_target_dag.py took 0.275 seconds
[2024-12-13T03:35:19.130-0800] {processor.py:186} INFO - Started process (PID=87280) to work on /Users/machine/Velocity_railway/airflow_env/lib/python3.10/site-packages/airflow/example_dags/example_trigger_target_dag.py
[2024-12-13T03:35:19.132-0800] {processor.py:914} INFO - Processing file /Users/machine/Velocity_railway/airflow_env/lib/python3.10/site-packages/airflow/example_dags/example_trigger_target_dag.py for tasks to queue
[2024-12-13T03:35:19.133-0800] {logging_mixin.py:190} INFO - [2024-12-13T03:35:19.133-0800] {dagbag.py:588} INFO - Filling up the DagBag from /Users/machine/Velocity_railway/airflow_env/lib/python3.10/site-packages/airflow/example_dags/example_trigger_target_dag.py
[2024-12-13T03:35:19.215-0800] {processor.py:925} INFO - DAG(s) 'example_trigger_target_dag' retrieved from /Users/machine/Velocity_railway/airflow_env/lib/python3.10/site-packages/airflow/example_dags/example_trigger_target_dag.py
[2024-12-13T03:35:19.319-0800] {logging_mixin.py:190} INFO - [2024-12-13T03:35:19.319-0800] {dag.py:3239} INFO - Sync 1 DAGs
[2024-12-13T03:35:19.332-0800] {logging_mixin.py:190} INFO - [2024-12-13T03:35:19.331-0800] {dag.py:4180} INFO - Setting next_dagrun for example_trigger_target_dag to None, run_after=None
[2024-12-13T03:35:19.350-0800] {processor.py:208} INFO - Processing /Users/machine/Velocity_railway/airflow_env/lib/python3.10/site-packages/airflow/example_dags/example_trigger_target_dag.py took 0.226 seconds
[2024-12-13T03:37:46.179-0800] {processor.py:186} INFO - Started process (PID=87772) to work on /Users/machine/Velocity_railway/airflow_env/lib/python3.10/site-packages/airflow/example_dags/example_trigger_target_dag.py
[2024-12-13T03:37:46.181-0800] {processor.py:914} INFO - Processing file /Users/machine/Velocity_railway/airflow_env/lib/python3.10/site-packages/airflow/example_dags/example_trigger_target_dag.py for tasks to queue
[2024-12-13T03:37:46.183-0800] {logging_mixin.py:190} INFO - [2024-12-13T03:37:46.183-0800] {dagbag.py:588} INFO - Filling up the DagBag from /Users/machine/Velocity_railway/airflow_env/lib/python3.10/site-packages/airflow/example_dags/example_trigger_target_dag.py
[2024-12-13T03:37:46.288-0800] {processor.py:925} INFO - DAG(s) 'example_trigger_target_dag' retrieved from /Users/machine/Velocity_railway/airflow_env/lib/python3.10/site-packages/airflow/example_dags/example_trigger_target_dag.py
[2024-12-13T03:37:46.437-0800] {logging_mixin.py:190} INFO - [2024-12-13T03:37:46.437-0800] {dag.py:3239} INFO - Sync 1 DAGs
[2024-12-13T03:37:46.451-0800] {logging_mixin.py:190} INFO - [2024-12-13T03:37:46.451-0800] {dag.py:4180} INFO - Setting next_dagrun for example_trigger_target_dag to None, run_after=None
[2024-12-13T03:37:46.473-0800] {processor.py:208} INFO - Processing /Users/machine/Velocity_railway/airflow_env/lib/python3.10/site-packages/airflow/example_dags/example_trigger_target_dag.py took 0.301 seconds
[2024-12-13T03:40:10.764-0800] {processor.py:186} INFO - Started process (PID=88255) to work on /Users/machine/Velocity_railway/airflow_env/lib/python3.10/site-packages/airflow/example_dags/example_trigger_target_dag.py
[2024-12-13T03:40:10.766-0800] {processor.py:914} INFO - Processing file /Users/machine/Velocity_railway/airflow_env/lib/python3.10/site-packages/airflow/example_dags/example_trigger_target_dag.py for tasks to queue
[2024-12-13T03:40:10.768-0800] {logging_mixin.py:190} INFO - [2024-12-13T03:40:10.768-0800] {dagbag.py:588} INFO - Filling up the DagBag from /Users/machine/Velocity_railway/airflow_env/lib/python3.10/site-packages/airflow/example_dags/example_trigger_target_dag.py
[2024-12-13T03:40:10.849-0800] {processor.py:925} INFO - DAG(s) 'example_trigger_target_dag' retrieved from /Users/machine/Velocity_railway/airflow_env/lib/python3.10/site-packages/airflow/example_dags/example_trigger_target_dag.py
[2024-12-13T03:40:10.947-0800] {logging_mixin.py:190} INFO - [2024-12-13T03:40:10.947-0800] {dag.py:3239} INFO - Sync 1 DAGs
[2024-12-13T03:40:10.957-0800] {logging_mixin.py:190} INFO - [2024-12-13T03:40:10.957-0800] {dag.py:4180} INFO - Setting next_dagrun for example_trigger_target_dag to None, run_after=None
[2024-12-13T03:40:10.974-0800] {processor.py:208} INFO - Processing /Users/machine/Velocity_railway/airflow_env/lib/python3.10/site-packages/airflow/example_dags/example_trigger_target_dag.py took 0.215 seconds
[2024-12-13T03:42:22.683-0800] {processor.py:186} INFO - Started process (PID=88712) to work on /Users/machine/Velocity_railway/airflow_env/lib/python3.10/site-packages/airflow/example_dags/example_trigger_target_dag.py
[2024-12-13T03:42:22.685-0800] {processor.py:914} INFO - Processing file /Users/machine/Velocity_railway/airflow_env/lib/python3.10/site-packages/airflow/example_dags/example_trigger_target_dag.py for tasks to queue
[2024-12-13T03:42:22.687-0800] {logging_mixin.py:190} INFO - [2024-12-13T03:42:22.686-0800] {dagbag.py:588} INFO - Filling up the DagBag from /Users/machine/Velocity_railway/airflow_env/lib/python3.10/site-packages/airflow/example_dags/example_trigger_target_dag.py
[2024-12-13T03:42:22.781-0800] {processor.py:925} INFO - DAG(s) 'example_trigger_target_dag' retrieved from /Users/machine/Velocity_railway/airflow_env/lib/python3.10/site-packages/airflow/example_dags/example_trigger_target_dag.py
[2024-12-13T03:42:22.890-0800] {logging_mixin.py:190} INFO - [2024-12-13T03:42:22.890-0800] {dag.py:3239} INFO - Sync 1 DAGs
[2024-12-13T03:42:22.901-0800] {logging_mixin.py:190} INFO - [2024-12-13T03:42:22.901-0800] {dag.py:4180} INFO - Setting next_dagrun for example_trigger_target_dag to None, run_after=None
[2024-12-13T03:42:22.919-0800] {processor.py:208} INFO - Processing /Users/machine/Velocity_railway/airflow_env/lib/python3.10/site-packages/airflow/example_dags/example_trigger_target_dag.py took 0.242 seconds
[2024-12-13T03:44:36.391-0800] {processor.py:186} INFO - Started process (PID=89166) to work on /Users/machine/Velocity_railway/airflow_env/lib/python3.10/site-packages/airflow/example_dags/example_trigger_target_dag.py
[2024-12-13T03:44:36.393-0800] {processor.py:914} INFO - Processing file /Users/machine/Velocity_railway/airflow_env/lib/python3.10/site-packages/airflow/example_dags/example_trigger_target_dag.py for tasks to queue
[2024-12-13T03:44:36.394-0800] {logging_mixin.py:190} INFO - [2024-12-13T03:44:36.393-0800] {dagbag.py:588} INFO - Filling up the DagBag from /Users/machine/Velocity_railway/airflow_env/lib/python3.10/site-packages/airflow/example_dags/example_trigger_target_dag.py
[2024-12-13T03:44:36.474-0800] {processor.py:925} INFO - DAG(s) 'example_trigger_target_dag' retrieved from /Users/machine/Velocity_railway/airflow_env/lib/python3.10/site-packages/airflow/example_dags/example_trigger_target_dag.py
[2024-12-13T03:44:36.572-0800] {logging_mixin.py:190} INFO - [2024-12-13T03:44:36.572-0800] {dag.py:3239} INFO - Sync 1 DAGs
[2024-12-13T03:44:36.582-0800] {logging_mixin.py:190} INFO - [2024-12-13T03:44:36.582-0800] {dag.py:4180} INFO - Setting next_dagrun for example_trigger_target_dag to None, run_after=None
[2024-12-13T03:44:36.601-0800] {processor.py:208} INFO - Processing /Users/machine/Velocity_railway/airflow_env/lib/python3.10/site-packages/airflow/example_dags/example_trigger_target_dag.py took 0.216 seconds
[2024-12-13T03:46:51.491-0800] {processor.py:186} INFO - Started process (PID=89624) to work on /Users/machine/Velocity_railway/airflow_env/lib/python3.10/site-packages/airflow/example_dags/example_trigger_target_dag.py
[2024-12-13T03:46:51.493-0800] {processor.py:914} INFO - Processing file /Users/machine/Velocity_railway/airflow_env/lib/python3.10/site-packages/airflow/example_dags/example_trigger_target_dag.py for tasks to queue
[2024-12-13T03:46:51.494-0800] {logging_mixin.py:190} INFO - [2024-12-13T03:46:51.494-0800] {dagbag.py:588} INFO - Filling up the DagBag from /Users/machine/Velocity_railway/airflow_env/lib/python3.10/site-packages/airflow/example_dags/example_trigger_target_dag.py
[2024-12-13T03:46:51.576-0800] {processor.py:925} INFO - DAG(s) 'example_trigger_target_dag' retrieved from /Users/machine/Velocity_railway/airflow_env/lib/python3.10/site-packages/airflow/example_dags/example_trigger_target_dag.py
[2024-12-13T03:46:51.678-0800] {logging_mixin.py:190} INFO - [2024-12-13T03:46:51.678-0800] {dag.py:3239} INFO - Sync 1 DAGs
[2024-12-13T03:46:51.688-0800] {logging_mixin.py:190} INFO - [2024-12-13T03:46:51.688-0800] {dag.py:4180} INFO - Setting next_dagrun for example_trigger_target_dag to None, run_after=None
[2024-12-13T03:46:51.705-0800] {processor.py:208} INFO - Processing /Users/machine/Velocity_railway/airflow_env/lib/python3.10/site-packages/airflow/example_dags/example_trigger_target_dag.py took 0.219 seconds
[2024-12-13T03:49:03.946-0800] {processor.py:186} INFO - Started process (PID=90082) to work on /Users/machine/Velocity_railway/airflow_env/lib/python3.10/site-packages/airflow/example_dags/example_trigger_target_dag.py
[2024-12-13T03:49:03.947-0800] {processor.py:914} INFO - Processing file /Users/machine/Velocity_railway/airflow_env/lib/python3.10/site-packages/airflow/example_dags/example_trigger_target_dag.py for tasks to queue
[2024-12-13T03:49:03.948-0800] {logging_mixin.py:190} INFO - [2024-12-13T03:49:03.948-0800] {dagbag.py:588} INFO - Filling up the DagBag from /Users/machine/Velocity_railway/airflow_env/lib/python3.10/site-packages/airflow/example_dags/example_trigger_target_dag.py
[2024-12-13T03:49:04.036-0800] {processor.py:925} INFO - DAG(s) 'example_trigger_target_dag' retrieved from /Users/machine/Velocity_railway/airflow_env/lib/python3.10/site-packages/airflow/example_dags/example_trigger_target_dag.py
[2024-12-13T03:49:04.140-0800] {logging_mixin.py:190} INFO - [2024-12-13T03:49:04.139-0800] {dag.py:3239} INFO - Sync 1 DAGs
[2024-12-13T03:49:04.150-0800] {logging_mixin.py:190} INFO - [2024-12-13T03:49:04.150-0800] {dag.py:4180} INFO - Setting next_dagrun for example_trigger_target_dag to None, run_after=None
[2024-12-13T03:49:04.169-0800] {processor.py:208} INFO - Processing /Users/machine/Velocity_railway/airflow_env/lib/python3.10/site-packages/airflow/example_dags/example_trigger_target_dag.py took 0.229 seconds
[2024-12-13T03:51:23.082-0800] {processor.py:186} INFO - Started process (PID=90575) to work on /Users/machine/Velocity_railway/airflow_env/lib/python3.10/site-packages/airflow/example_dags/example_trigger_target_dag.py
[2024-12-13T03:51:23.083-0800] {processor.py:914} INFO - Processing file /Users/machine/Velocity_railway/airflow_env/lib/python3.10/site-packages/airflow/example_dags/example_trigger_target_dag.py for tasks to queue
[2024-12-13T03:51:23.084-0800] {logging_mixin.py:190} INFO - [2024-12-13T03:51:23.084-0800] {dagbag.py:588} INFO - Filling up the DagBag from /Users/machine/Velocity_railway/airflow_env/lib/python3.10/site-packages/airflow/example_dags/example_trigger_target_dag.py
[2024-12-13T03:51:23.170-0800] {processor.py:925} INFO - DAG(s) 'example_trigger_target_dag' retrieved from /Users/machine/Velocity_railway/airflow_env/lib/python3.10/site-packages/airflow/example_dags/example_trigger_target_dag.py
[2024-12-13T03:51:23.270-0800] {logging_mixin.py:190} INFO - [2024-12-13T03:51:23.269-0800] {dag.py:3239} INFO - Sync 1 DAGs
[2024-12-13T03:51:23.280-0800] {logging_mixin.py:190} INFO - [2024-12-13T03:51:23.280-0800] {dag.py:4180} INFO - Setting next_dagrun for example_trigger_target_dag to None, run_after=None
[2024-12-13T03:51:23.297-0800] {processor.py:208} INFO - Processing /Users/machine/Velocity_railway/airflow_env/lib/python3.10/site-packages/airflow/example_dags/example_trigger_target_dag.py took 0.220 seconds
[2024-12-13T03:53:44.553-0800] {processor.py:186} INFO - Started process (PID=91059) to work on /Users/machine/Velocity_railway/airflow_env/lib/python3.10/site-packages/airflow/example_dags/example_trigger_target_dag.py
[2024-12-13T03:53:44.555-0800] {processor.py:914} INFO - Processing file /Users/machine/Velocity_railway/airflow_env/lib/python3.10/site-packages/airflow/example_dags/example_trigger_target_dag.py for tasks to queue
[2024-12-13T03:53:44.557-0800] {logging_mixin.py:190} INFO - [2024-12-13T03:53:44.557-0800] {dagbag.py:588} INFO - Filling up the DagBag from /Users/machine/Velocity_railway/airflow_env/lib/python3.10/site-packages/airflow/example_dags/example_trigger_target_dag.py
[2024-12-13T03:53:44.669-0800] {processor.py:925} INFO - DAG(s) 'example_trigger_target_dag' retrieved from /Users/machine/Velocity_railway/airflow_env/lib/python3.10/site-packages/airflow/example_dags/example_trigger_target_dag.py
[2024-12-13T03:53:44.793-0800] {logging_mixin.py:190} INFO - [2024-12-13T03:53:44.793-0800] {dag.py:3239} INFO - Sync 1 DAGs
[2024-12-13T03:53:44.806-0800] {logging_mixin.py:190} INFO - [2024-12-13T03:53:44.806-0800] {dag.py:4180} INFO - Setting next_dagrun for example_trigger_target_dag to None, run_after=None
[2024-12-13T03:53:44.826-0800] {processor.py:208} INFO - Processing /Users/machine/Velocity_railway/airflow_env/lib/python3.10/site-packages/airflow/example_dags/example_trigger_target_dag.py took 0.279 seconds
[2024-12-13T03:56:07.042-0800] {processor.py:186} INFO - Started process (PID=91630) to work on /Users/machine/Velocity_railway/airflow_env/lib/python3.10/site-packages/airflow/example_dags/example_trigger_target_dag.py
[2024-12-13T03:56:07.044-0800] {processor.py:914} INFO - Processing file /Users/machine/Velocity_railway/airflow_env/lib/python3.10/site-packages/airflow/example_dags/example_trigger_target_dag.py for tasks to queue
[2024-12-13T03:56:07.045-0800] {logging_mixin.py:190} INFO - [2024-12-13T03:56:07.045-0800] {dagbag.py:588} INFO - Filling up the DagBag from /Users/machine/Velocity_railway/airflow_env/lib/python3.10/site-packages/airflow/example_dags/example_trigger_target_dag.py
[2024-12-13T03:56:07.158-0800] {processor.py:925} INFO - DAG(s) 'example_trigger_target_dag' retrieved from /Users/machine/Velocity_railway/airflow_env/lib/python3.10/site-packages/airflow/example_dags/example_trigger_target_dag.py
[2024-12-13T03:56:07.293-0800] {logging_mixin.py:190} INFO - [2024-12-13T03:56:07.292-0800] {dag.py:3239} INFO - Sync 1 DAGs
[2024-12-13T03:56:07.306-0800] {logging_mixin.py:190} INFO - [2024-12-13T03:56:07.305-0800] {dag.py:4180} INFO - Setting next_dagrun for example_trigger_target_dag to None, run_after=None
[2024-12-13T03:56:07.326-0800] {processor.py:208} INFO - Processing /Users/machine/Velocity_railway/airflow_env/lib/python3.10/site-packages/airflow/example_dags/example_trigger_target_dag.py took 0.291 seconds
[2024-12-13T03:58:35.294-0800] {processor.py:186} INFO - Started process (PID=92266) to work on /Users/machine/Velocity_railway/airflow_env/lib/python3.10/site-packages/airflow/example_dags/example_trigger_target_dag.py
[2024-12-13T03:58:35.296-0800] {processor.py:914} INFO - Processing file /Users/machine/Velocity_railway/airflow_env/lib/python3.10/site-packages/airflow/example_dags/example_trigger_target_dag.py for tasks to queue
[2024-12-13T03:58:35.298-0800] {logging_mixin.py:190} INFO - [2024-12-13T03:58:35.297-0800] {dagbag.py:588} INFO - Filling up the DagBag from /Users/machine/Velocity_railway/airflow_env/lib/python3.10/site-packages/airflow/example_dags/example_trigger_target_dag.py
[2024-12-13T03:58:35.385-0800] {processor.py:925} INFO - DAG(s) 'example_trigger_target_dag' retrieved from /Users/machine/Velocity_railway/airflow_env/lib/python3.10/site-packages/airflow/example_dags/example_trigger_target_dag.py
[2024-12-13T03:58:35.502-0800] {logging_mixin.py:190} INFO - [2024-12-13T03:58:35.502-0800] {dag.py:3239} INFO - Sync 1 DAGs
[2024-12-13T03:58:35.513-0800] {logging_mixin.py:190} INFO - [2024-12-13T03:58:35.513-0800] {dag.py:4180} INFO - Setting next_dagrun for example_trigger_target_dag to None, run_after=None
[2024-12-13T03:58:35.532-0800] {processor.py:208} INFO - Processing /Users/machine/Velocity_railway/airflow_env/lib/python3.10/site-packages/airflow/example_dags/example_trigger_target_dag.py took 0.244 seconds
[2024-12-13T04:01:04.605-0800] {processor.py:186} INFO - Started process (PID=92915) to work on /Users/machine/Velocity_railway/airflow_env/lib/python3.10/site-packages/airflow/example_dags/example_trigger_target_dag.py
[2024-12-13T04:01:04.610-0800] {processor.py:914} INFO - Processing file /Users/machine/Velocity_railway/airflow_env/lib/python3.10/site-packages/airflow/example_dags/example_trigger_target_dag.py for tasks to queue
[2024-12-13T04:01:04.613-0800] {logging_mixin.py:190} INFO - [2024-12-13T04:01:04.612-0800] {dagbag.py:588} INFO - Filling up the DagBag from /Users/machine/Velocity_railway/airflow_env/lib/python3.10/site-packages/airflow/example_dags/example_trigger_target_dag.py
[2024-12-13T04:01:04.790-0800] {processor.py:925} INFO - DAG(s) 'example_trigger_target_dag' retrieved from /Users/machine/Velocity_railway/airflow_env/lib/python3.10/site-packages/airflow/example_dags/example_trigger_target_dag.py
[2024-12-13T04:01:04.916-0800] {logging_mixin.py:190} INFO - [2024-12-13T04:01:04.916-0800] {dag.py:3239} INFO - Sync 1 DAGs
[2024-12-13T04:01:04.929-0800] {logging_mixin.py:190} INFO - [2024-12-13T04:01:04.929-0800] {dag.py:4180} INFO - Setting next_dagrun for example_trigger_target_dag to None, run_after=None
[2024-12-13T04:01:04.949-0800] {processor.py:208} INFO - Processing /Users/machine/Velocity_railway/airflow_env/lib/python3.10/site-packages/airflow/example_dags/example_trigger_target_dag.py took 0.356 seconds
