[2024-12-13T03:10:20.224-0800] {processor.py:186} INFO - Started process (PID=82107) to work on /Users/machine/Velocity_railway/airflow_env/lib/python3.10/site-packages/airflow/example_dags/example_dynamic_task_mapping.py
[2024-12-13T03:10:20.226-0800] {processor.py:914} INFO - Processing file /Users/machine/Velocity_railway/airflow_env/lib/python3.10/site-packages/airflow/example_dags/example_dynamic_task_mapping.py for tasks to queue
[2024-12-13T03:10:20.228-0800] {logging_mixin.py:190} INFO - [2024-12-13T03:10:20.227-0800] {dagbag.py:588} INFO - Filling up the DagBag from /Users/machine/Velocity_railway/airflow_env/lib/python3.10/site-packages/airflow/example_dags/example_dynamic_task_mapping.py
[2024-12-13T03:10:20.324-0800] {processor.py:925} INFO - DAG(s) 'example_dynamic_task_mapping' retrieved from /Users/machine/Velocity_railway/airflow_env/lib/python3.10/site-packages/airflow/example_dags/example_dynamic_task_mapping.py
[2024-12-13T03:10:20.535-0800] {logging_mixin.py:190} INFO - [2024-12-13T03:10:20.535-0800] {override.py:1911} INFO - Created Permission View: can edit on DAG:example_dynamic_task_mapping
[2024-12-13T03:10:20.545-0800] {logging_mixin.py:190} INFO - [2024-12-13T03:10:20.544-0800] {override.py:1911} INFO - Created Permission View: can read on DAG:example_dynamic_task_mapping
[2024-12-13T03:10:20.551-0800] {logging_mixin.py:190} INFO - [2024-12-13T03:10:20.550-0800] {override.py:1911} INFO - Created Permission View: can delete on DAG:example_dynamic_task_mapping
[2024-12-13T03:10:20.559-0800] {logging_mixin.py:190} INFO - [2024-12-13T03:10:20.559-0800] {override.py:1911} INFO - Created Permission View: menu access on DAG Run:example_dynamic_task_mapping
[2024-12-13T03:10:20.566-0800] {logging_mixin.py:190} INFO - [2024-12-13T03:10:20.565-0800] {override.py:1911} INFO - Created Permission View: can create on DAG Run:example_dynamic_task_mapping
[2024-12-13T03:10:20.573-0800] {logging_mixin.py:190} INFO - [2024-12-13T03:10:20.572-0800] {override.py:1911} INFO - Created Permission View: can read on DAG Run:example_dynamic_task_mapping
[2024-12-13T03:10:20.580-0800] {logging_mixin.py:190} INFO - [2024-12-13T03:10:20.579-0800] {override.py:1911} INFO - Created Permission View: can delete on DAG Run:example_dynamic_task_mapping
[2024-12-13T03:10:20.580-0800] {logging_mixin.py:190} INFO - [2024-12-13T03:10:20.580-0800] {dag.py:3239} INFO - Sync 1 DAGs
[2024-12-13T03:10:20.594-0800] {logging_mixin.py:190} INFO - [2024-12-13T03:10:20.594-0800] {dag.py:3262} INFO - Creating ORM DAG for example_dynamic_task_mapping
[2024-12-13T03:10:20.595-0800] {logging_mixin.py:190} INFO - [2024-12-13T03:10:20.595-0800] {dag.py:4180} INFO - Setting next_dagrun for example_dynamic_task_mapping to None, run_after=None
[2024-12-13T03:10:20.610-0800] {processor.py:208} INFO - Processing /Users/machine/Velocity_railway/airflow_env/lib/python3.10/site-packages/airflow/example_dags/example_dynamic_task_mapping.py took 0.393 seconds
[2024-12-13T03:13:25.344-0800] {processor.py:186} INFO - Started process (PID=82704) to work on /Users/machine/Velocity_railway/airflow_env/lib/python3.10/site-packages/airflow/example_dags/example_dynamic_task_mapping.py
[2024-12-13T03:13:25.345-0800] {processor.py:914} INFO - Processing file /Users/machine/Velocity_railway/airflow_env/lib/python3.10/site-packages/airflow/example_dags/example_dynamic_task_mapping.py for tasks to queue
[2024-12-13T03:13:25.347-0800] {logging_mixin.py:190} INFO - [2024-12-13T03:13:25.347-0800] {dagbag.py:588} INFO - Filling up the DagBag from /Users/machine/Velocity_railway/airflow_env/lib/python3.10/site-packages/airflow/example_dags/example_dynamic_task_mapping.py
[2024-12-13T03:13:25.449-0800] {processor.py:925} INFO - DAG(s) 'example_dynamic_task_mapping' retrieved from /Users/machine/Velocity_railway/airflow_env/lib/python3.10/site-packages/airflow/example_dags/example_dynamic_task_mapping.py
[2024-12-13T03:13:25.571-0800] {logging_mixin.py:190} INFO - [2024-12-13T03:13:25.570-0800] {dag.py:3239} INFO - Sync 1 DAGs
[2024-12-13T03:13:25.583-0800] {logging_mixin.py:190} INFO - [2024-12-13T03:13:25.582-0800] {dag.py:4180} INFO - Setting next_dagrun for example_dynamic_task_mapping to None, run_after=None
[2024-12-13T03:13:25.602-0800] {processor.py:208} INFO - Processing /Users/machine/Velocity_railway/airflow_env/lib/python3.10/site-packages/airflow/example_dags/example_dynamic_task_mapping.py took 0.265 seconds
[2024-12-13T03:18:06.855-0800] {processor.py:186} INFO - Started process (PID=83657) to work on /Users/machine/Velocity_railway/airflow_env/lib/python3.10/site-packages/airflow/example_dags/example_dynamic_task_mapping.py
[2024-12-13T03:18:06.857-0800] {processor.py:914} INFO - Processing file /Users/machine/Velocity_railway/airflow_env/lib/python3.10/site-packages/airflow/example_dags/example_dynamic_task_mapping.py for tasks to queue
[2024-12-13T03:18:06.858-0800] {logging_mixin.py:190} INFO - [2024-12-13T03:18:06.858-0800] {dagbag.py:588} INFO - Filling up the DagBag from /Users/machine/Velocity_railway/airflow_env/lib/python3.10/site-packages/airflow/example_dags/example_dynamic_task_mapping.py
[2024-12-13T03:18:06.941-0800] {processor.py:925} INFO - DAG(s) 'example_dynamic_task_mapping' retrieved from /Users/machine/Velocity_railway/airflow_env/lib/python3.10/site-packages/airflow/example_dags/example_dynamic_task_mapping.py
[2024-12-13T03:18:07.055-0800] {logging_mixin.py:190} INFO - [2024-12-13T03:18:07.055-0800] {dag.py:3239} INFO - Sync 1 DAGs
[2024-12-13T03:18:07.068-0800] {logging_mixin.py:190} INFO - [2024-12-13T03:18:07.068-0800] {dag.py:4180} INFO - Setting next_dagrun for example_dynamic_task_mapping to None, run_after=None
[2024-12-13T03:18:07.087-0800] {processor.py:208} INFO - Processing /Users/machine/Velocity_railway/airflow_env/lib/python3.10/site-packages/airflow/example_dags/example_dynamic_task_mapping.py took 0.238 seconds
[2024-12-13T03:22:32.236-0800] {processor.py:186} INFO - Started process (PID=84576) to work on /Users/machine/Velocity_railway/airflow_env/lib/python3.10/site-packages/airflow/example_dags/example_dynamic_task_mapping.py
[2024-12-13T03:22:32.237-0800] {processor.py:914} INFO - Processing file /Users/machine/Velocity_railway/airflow_env/lib/python3.10/site-packages/airflow/example_dags/example_dynamic_task_mapping.py for tasks to queue
[2024-12-13T03:22:32.239-0800] {logging_mixin.py:190} INFO - [2024-12-13T03:22:32.238-0800] {dagbag.py:588} INFO - Filling up the DagBag from /Users/machine/Velocity_railway/airflow_env/lib/python3.10/site-packages/airflow/example_dags/example_dynamic_task_mapping.py
[2024-12-13T03:22:32.326-0800] {processor.py:925} INFO - DAG(s) 'example_dynamic_task_mapping' retrieved from /Users/machine/Velocity_railway/airflow_env/lib/python3.10/site-packages/airflow/example_dags/example_dynamic_task_mapping.py
[2024-12-13T03:22:32.431-0800] {logging_mixin.py:190} INFO - [2024-12-13T03:22:32.431-0800] {dag.py:3239} INFO - Sync 1 DAGs
[2024-12-13T03:22:32.442-0800] {logging_mixin.py:190} INFO - [2024-12-13T03:22:32.442-0800] {dag.py:4180} INFO - Setting next_dagrun for example_dynamic_task_mapping to None, run_after=None
[2024-12-13T03:22:32.461-0800] {processor.py:208} INFO - Processing /Users/machine/Velocity_railway/airflow_env/lib/python3.10/site-packages/airflow/example_dags/example_dynamic_task_mapping.py took 0.231 seconds
[2024-12-13T03:27:10.963-0800] {processor.py:186} INFO - Started process (PID=85521) to work on /Users/machine/Velocity_railway/airflow_env/lib/python3.10/site-packages/airflow/example_dags/example_dynamic_task_mapping.py
[2024-12-13T03:27:10.965-0800] {processor.py:914} INFO - Processing file /Users/machine/Velocity_railway/airflow_env/lib/python3.10/site-packages/airflow/example_dags/example_dynamic_task_mapping.py for tasks to queue
[2024-12-13T03:27:10.966-0800] {logging_mixin.py:190} INFO - [2024-12-13T03:27:10.966-0800] {dagbag.py:588} INFO - Filling up the DagBag from /Users/machine/Velocity_railway/airflow_env/lib/python3.10/site-packages/airflow/example_dags/example_dynamic_task_mapping.py
[2024-12-13T03:27:11.045-0800] {processor.py:925} INFO - DAG(s) 'example_dynamic_task_mapping' retrieved from /Users/machine/Velocity_railway/airflow_env/lib/python3.10/site-packages/airflow/example_dags/example_dynamic_task_mapping.py
[2024-12-13T03:27:11.141-0800] {logging_mixin.py:190} INFO - [2024-12-13T03:27:11.140-0800] {dag.py:3239} INFO - Sync 1 DAGs
[2024-12-13T03:27:11.150-0800] {logging_mixin.py:190} INFO - [2024-12-13T03:27:11.150-0800] {dag.py:4180} INFO - Setting next_dagrun for example_dynamic_task_mapping to None, run_after=None
[2024-12-13T03:27:11.166-0800] {processor.py:208} INFO - Processing /Users/machine/Velocity_railway/airflow_env/lib/python3.10/site-packages/airflow/example_dags/example_dynamic_task_mapping.py took 0.209 seconds
[2024-12-13T03:31:53.517-0800] {processor.py:186} INFO - Started process (PID=86481) to work on /Users/machine/Velocity_railway/airflow_env/lib/python3.10/site-packages/airflow/example_dags/example_dynamic_task_mapping.py
[2024-12-13T03:31:53.519-0800] {processor.py:914} INFO - Processing file /Users/machine/Velocity_railway/airflow_env/lib/python3.10/site-packages/airflow/example_dags/example_dynamic_task_mapping.py for tasks to queue
[2024-12-13T03:31:53.521-0800] {logging_mixin.py:190} INFO - [2024-12-13T03:31:53.520-0800] {dagbag.py:588} INFO - Filling up the DagBag from /Users/machine/Velocity_railway/airflow_env/lib/python3.10/site-packages/airflow/example_dags/example_dynamic_task_mapping.py
[2024-12-13T03:31:53.606-0800] {processor.py:925} INFO - DAG(s) 'example_dynamic_task_mapping' retrieved from /Users/machine/Velocity_railway/airflow_env/lib/python3.10/site-packages/airflow/example_dags/example_dynamic_task_mapping.py
[2024-12-13T03:31:53.705-0800] {logging_mixin.py:190} INFO - [2024-12-13T03:31:53.705-0800] {dag.py:3239} INFO - Sync 1 DAGs
[2024-12-13T03:31:53.715-0800] {logging_mixin.py:190} INFO - [2024-12-13T03:31:53.714-0800] {dag.py:4180} INFO - Setting next_dagrun for example_dynamic_task_mapping to None, run_after=None
[2024-12-13T03:31:53.730-0800] {processor.py:208} INFO - Processing /Users/machine/Velocity_railway/airflow_env/lib/python3.10/site-packages/airflow/example_dags/example_dynamic_task_mapping.py took 0.219 seconds
[2024-12-13T03:36:41.003-0800] {processor.py:186} INFO - Started process (PID=87563) to work on /Users/machine/Velocity_railway/airflow_env/lib/python3.10/site-packages/airflow/example_dags/example_dynamic_task_mapping.py
[2024-12-13T03:36:41.007-0800] {processor.py:914} INFO - Processing file /Users/machine/Velocity_railway/airflow_env/lib/python3.10/site-packages/airflow/example_dags/example_dynamic_task_mapping.py for tasks to queue
[2024-12-13T03:36:41.009-0800] {logging_mixin.py:190} INFO - [2024-12-13T03:36:41.008-0800] {dagbag.py:588} INFO - Filling up the DagBag from /Users/machine/Velocity_railway/airflow_env/lib/python3.10/site-packages/airflow/example_dags/example_dynamic_task_mapping.py
[2024-12-13T03:36:41.099-0800] {processor.py:925} INFO - DAG(s) 'example_dynamic_task_mapping' retrieved from /Users/machine/Velocity_railway/airflow_env/lib/python3.10/site-packages/airflow/example_dags/example_dynamic_task_mapping.py
[2024-12-13T03:36:41.221-0800] {logging_mixin.py:190} INFO - [2024-12-13T03:36:41.220-0800] {dag.py:3239} INFO - Sync 1 DAGs
[2024-12-13T03:36:41.233-0800] {logging_mixin.py:190} INFO - [2024-12-13T03:36:41.232-0800] {dag.py:4180} INFO - Setting next_dagrun for example_dynamic_task_mapping to None, run_after=None
[2024-12-13T03:36:41.255-0800] {processor.py:208} INFO - Processing /Users/machine/Velocity_railway/airflow_env/lib/python3.10/site-packages/airflow/example_dags/example_dynamic_task_mapping.py took 0.258 seconds
[2024-12-13T03:41:25.843-0800] {processor.py:186} INFO - Started process (PID=88518) to work on /Users/machine/Velocity_railway/airflow_env/lib/python3.10/site-packages/airflow/example_dags/example_dynamic_task_mapping.py
[2024-12-13T03:41:25.844-0800] {processor.py:914} INFO - Processing file /Users/machine/Velocity_railway/airflow_env/lib/python3.10/site-packages/airflow/example_dags/example_dynamic_task_mapping.py for tasks to queue
[2024-12-13T03:41:25.845-0800] {logging_mixin.py:190} INFO - [2024-12-13T03:41:25.845-0800] {dagbag.py:588} INFO - Filling up the DagBag from /Users/machine/Velocity_railway/airflow_env/lib/python3.10/site-packages/airflow/example_dags/example_dynamic_task_mapping.py
[2024-12-13T03:41:25.922-0800] {processor.py:925} INFO - DAG(s) 'example_dynamic_task_mapping' retrieved from /Users/machine/Velocity_railway/airflow_env/lib/python3.10/site-packages/airflow/example_dags/example_dynamic_task_mapping.py
[2024-12-13T03:41:26.018-0800] {logging_mixin.py:190} INFO - [2024-12-13T03:41:26.018-0800] {dag.py:3239} INFO - Sync 1 DAGs
[2024-12-13T03:41:26.027-0800] {logging_mixin.py:190} INFO - [2024-12-13T03:41:26.027-0800] {dag.py:4180} INFO - Setting next_dagrun for example_dynamic_task_mapping to None, run_after=None
[2024-12-13T03:41:26.044-0800] {processor.py:208} INFO - Processing /Users/machine/Velocity_railway/airflow_env/lib/python3.10/site-packages/airflow/example_dags/example_dynamic_task_mapping.py took 0.206 seconds
[2024-12-13T03:45:54.479-0800] {processor.py:186} INFO - Started process (PID=89425) to work on /Users/machine/Velocity_railway/airflow_env/lib/python3.10/site-packages/airflow/example_dags/example_dynamic_task_mapping.py
[2024-12-13T03:45:54.481-0800] {processor.py:914} INFO - Processing file /Users/machine/Velocity_railway/airflow_env/lib/python3.10/site-packages/airflow/example_dags/example_dynamic_task_mapping.py for tasks to queue
[2024-12-13T03:45:54.482-0800] {logging_mixin.py:190} INFO - [2024-12-13T03:45:54.482-0800] {dagbag.py:588} INFO - Filling up the DagBag from /Users/machine/Velocity_railway/airflow_env/lib/python3.10/site-packages/airflow/example_dags/example_dynamic_task_mapping.py
[2024-12-13T03:45:54.562-0800] {processor.py:925} INFO - DAG(s) 'example_dynamic_task_mapping' retrieved from /Users/machine/Velocity_railway/airflow_env/lib/python3.10/site-packages/airflow/example_dags/example_dynamic_task_mapping.py
[2024-12-13T03:45:54.659-0800] {logging_mixin.py:190} INFO - [2024-12-13T03:45:54.659-0800] {dag.py:3239} INFO - Sync 1 DAGs
[2024-12-13T03:45:54.670-0800] {logging_mixin.py:190} INFO - [2024-12-13T03:45:54.670-0800] {dag.py:4180} INFO - Setting next_dagrun for example_dynamic_task_mapping to None, run_after=None
[2024-12-13T03:45:54.687-0800] {processor.py:208} INFO - Processing /Users/machine/Velocity_railway/airflow_env/lib/python3.10/site-packages/airflow/example_dags/example_dynamic_task_mapping.py took 0.213 seconds
[2024-12-13T03:50:24.800-0800] {processor.py:186} INFO - Started process (PID=90376) to work on /Users/machine/Velocity_railway/airflow_env/lib/python3.10/site-packages/airflow/example_dags/example_dynamic_task_mapping.py
[2024-12-13T03:50:24.802-0800] {processor.py:914} INFO - Processing file /Users/machine/Velocity_railway/airflow_env/lib/python3.10/site-packages/airflow/example_dags/example_dynamic_task_mapping.py for tasks to queue
[2024-12-13T03:50:24.803-0800] {logging_mixin.py:190} INFO - [2024-12-13T03:50:24.803-0800] {dagbag.py:588} INFO - Filling up the DagBag from /Users/machine/Velocity_railway/airflow_env/lib/python3.10/site-packages/airflow/example_dags/example_dynamic_task_mapping.py
[2024-12-13T03:50:24.885-0800] {processor.py:925} INFO - DAG(s) 'example_dynamic_task_mapping' retrieved from /Users/machine/Velocity_railway/airflow_env/lib/python3.10/site-packages/airflow/example_dags/example_dynamic_task_mapping.py
[2024-12-13T03:50:24.982-0800] {logging_mixin.py:190} INFO - [2024-12-13T03:50:24.982-0800] {dag.py:3239} INFO - Sync 1 DAGs
[2024-12-13T03:50:24.991-0800] {logging_mixin.py:190} INFO - [2024-12-13T03:50:24.991-0800] {dag.py:4180} INFO - Setting next_dagrun for example_dynamic_task_mapping to None, run_after=None
[2024-12-13T03:50:25.008-0800] {processor.py:208} INFO - Processing /Users/machine/Velocity_railway/airflow_env/lib/python3.10/site-packages/airflow/example_dags/example_dynamic_task_mapping.py took 0.213 seconds
[2024-12-13T03:55:04.725-0800] {processor.py:186} INFO - Started process (PID=91357) to work on /Users/machine/Velocity_railway/airflow_env/lib/python3.10/site-packages/airflow/example_dags/example_dynamic_task_mapping.py
[2024-12-13T03:55:04.727-0800] {processor.py:914} INFO - Processing file /Users/machine/Velocity_railway/airflow_env/lib/python3.10/site-packages/airflow/example_dags/example_dynamic_task_mapping.py for tasks to queue
[2024-12-13T03:55:04.728-0800] {logging_mixin.py:190} INFO - [2024-12-13T03:55:04.728-0800] {dagbag.py:588} INFO - Filling up the DagBag from /Users/machine/Velocity_railway/airflow_env/lib/python3.10/site-packages/airflow/example_dags/example_dynamic_task_mapping.py
[2024-12-13T03:55:04.811-0800] {processor.py:925} INFO - DAG(s) 'example_dynamic_task_mapping' retrieved from /Users/machine/Velocity_railway/airflow_env/lib/python3.10/site-packages/airflow/example_dags/example_dynamic_task_mapping.py
[2024-12-13T03:55:04.910-0800] {logging_mixin.py:190} INFO - [2024-12-13T03:55:04.909-0800] {dag.py:3239} INFO - Sync 1 DAGs
[2024-12-13T03:55:04.920-0800] {logging_mixin.py:190} INFO - [2024-12-13T03:55:04.920-0800] {dag.py:4180} INFO - Setting next_dagrun for example_dynamic_task_mapping to None, run_after=None
[2024-12-13T03:55:04.939-0800] {processor.py:208} INFO - Processing /Users/machine/Velocity_railway/airflow_env/lib/python3.10/site-packages/airflow/example_dags/example_dynamic_task_mapping.py took 0.219 seconds
[2024-12-13T03:59:59.100-0800] {processor.py:186} INFO - Started process (PID=92619) to work on /Users/machine/Velocity_railway/airflow_env/lib/python3.10/site-packages/airflow/example_dags/example_dynamic_task_mapping.py
[2024-12-13T03:59:59.102-0800] {processor.py:914} INFO - Processing file /Users/machine/Velocity_railway/airflow_env/lib/python3.10/site-packages/airflow/example_dags/example_dynamic_task_mapping.py for tasks to queue
[2024-12-13T03:59:59.104-0800] {logging_mixin.py:190} INFO - [2024-12-13T03:59:59.104-0800] {dagbag.py:588} INFO - Filling up the DagBag from /Users/machine/Velocity_railway/airflow_env/lib/python3.10/site-packages/airflow/example_dags/example_dynamic_task_mapping.py
[2024-12-13T03:59:59.190-0800] {processor.py:925} INFO - DAG(s) 'example_dynamic_task_mapping' retrieved from /Users/machine/Velocity_railway/airflow_env/lib/python3.10/site-packages/airflow/example_dags/example_dynamic_task_mapping.py
[2024-12-13T03:59:59.309-0800] {logging_mixin.py:190} INFO - [2024-12-13T03:59:59.308-0800] {dag.py:3239} INFO - Sync 1 DAGs
[2024-12-13T03:59:59.321-0800] {logging_mixin.py:190} INFO - [2024-12-13T03:59:59.321-0800] {dag.py:4180} INFO - Setting next_dagrun for example_dynamic_task_mapping to None, run_after=None
[2024-12-13T03:59:59.343-0800] {processor.py:208} INFO - Processing /Users/machine/Velocity_railway/airflow_env/lib/python3.10/site-packages/airflow/example_dags/example_dynamic_task_mapping.py took 0.248 seconds
