[2024-12-13T03:08:55.496-0800] {processor.py:186} INFO - Started process (PID=81827) to work on /Users/machine/Velocity_railway/airflow_env/lib/python3.10/site-packages/airflow/example_dags/example_time_delta_sensor_async.py
[2024-12-13T03:08:55.497-0800] {processor.py:914} INFO - Processing file /Users/machine/Velocity_railway/airflow_env/lib/python3.10/site-packages/airflow/example_dags/example_time_delta_sensor_async.py for tasks to queue
[2024-12-13T03:08:55.498-0800] {logging_mixin.py:190} INFO - [2024-12-13T03:08:55.498-0800] {dagbag.py:588} INFO - Filling up the DagBag from /Users/machine/Velocity_railway/airflow_env/lib/python3.10/site-packages/airflow/example_dags/example_time_delta_sensor_async.py
[2024-12-13T03:08:55.505-0800] {processor.py:925} INFO - DAG(s) 'example_time_delta_sensor_async' retrieved from /Users/machine/Velocity_railway/airflow_env/lib/python3.10/site-packages/airflow/example_dags/example_time_delta_sensor_async.py
[2024-12-13T03:08:55.646-0800] {logging_mixin.py:190} INFO - [2024-12-13T03:08:55.646-0800] {workday.py:41} WARNING - Could not import pandas. Holidays will not be considered.
[2024-12-13T03:08:55.741-0800] {logging_mixin.py:190} INFO - [2024-12-13T03:08:55.741-0800] {override.py:1911} INFO - Created Permission View: can edit on DAG:example_time_delta_sensor_async
[2024-12-13T03:08:55.750-0800] {logging_mixin.py:190} INFO - [2024-12-13T03:08:55.750-0800] {override.py:1911} INFO - Created Permission View: can delete on DAG:example_time_delta_sensor_async
[2024-12-13T03:08:55.756-0800] {logging_mixin.py:190} INFO - [2024-12-13T03:08:55.755-0800] {override.py:1911} INFO - Created Permission View: can read on DAG:example_time_delta_sensor_async
[2024-12-13T03:08:55.763-0800] {logging_mixin.py:190} INFO - [2024-12-13T03:08:55.763-0800] {override.py:1911} INFO - Created Permission View: can delete on DAG Run:example_time_delta_sensor_async
[2024-12-13T03:08:55.768-0800] {logging_mixin.py:190} INFO - [2024-12-13T03:08:55.768-0800] {override.py:1911} INFO - Created Permission View: can create on DAG Run:example_time_delta_sensor_async
[2024-12-13T03:08:55.774-0800] {logging_mixin.py:190} INFO - [2024-12-13T03:08:55.774-0800] {override.py:1911} INFO - Created Permission View: menu access on DAG Run:example_time_delta_sensor_async
[2024-12-13T03:08:55.781-0800] {logging_mixin.py:190} INFO - [2024-12-13T03:08:55.780-0800] {override.py:1911} INFO - Created Permission View: can read on DAG Run:example_time_delta_sensor_async
[2024-12-13T03:08:55.781-0800] {logging_mixin.py:190} INFO - [2024-12-13T03:08:55.781-0800] {dag.py:3239} INFO - Sync 1 DAGs
[2024-12-13T03:08:55.793-0800] {logging_mixin.py:190} INFO - [2024-12-13T03:08:55.793-0800] {dag.py:3262} INFO - Creating ORM DAG for example_time_delta_sensor_async
[2024-12-13T03:08:55.793-0800] {logging_mixin.py:190} INFO - [2024-12-13T03:08:55.793-0800] {dag.py:4180} INFO - Setting next_dagrun for example_time_delta_sensor_async to None, run_after=None
[2024-12-13T03:08:55.808-0800] {processor.py:208} INFO - Processing /Users/machine/Velocity_railway/airflow_env/lib/python3.10/site-packages/airflow/example_dags/example_time_delta_sensor_async.py took 0.317 seconds
[2024-12-13T03:11:58.795-0800] {processor.py:186} INFO - Started process (PID=82422) to work on /Users/machine/Velocity_railway/airflow_env/lib/python3.10/site-packages/airflow/example_dags/example_time_delta_sensor_async.py
[2024-12-13T03:11:58.796-0800] {processor.py:914} INFO - Processing file /Users/machine/Velocity_railway/airflow_env/lib/python3.10/site-packages/airflow/example_dags/example_time_delta_sensor_async.py for tasks to queue
[2024-12-13T03:11:58.797-0800] {logging_mixin.py:190} INFO - [2024-12-13T03:11:58.797-0800] {dagbag.py:588} INFO - Filling up the DagBag from /Users/machine/Velocity_railway/airflow_env/lib/python3.10/site-packages/airflow/example_dags/example_time_delta_sensor_async.py
[2024-12-13T03:11:58.807-0800] {processor.py:925} INFO - DAG(s) 'example_time_delta_sensor_async' retrieved from /Users/machine/Velocity_railway/airflow_env/lib/python3.10/site-packages/airflow/example_dags/example_time_delta_sensor_async.py
[2024-12-13T03:11:58.961-0800] {logging_mixin.py:190} INFO - [2024-12-13T03:11:58.961-0800] {workday.py:41} WARNING - Could not import pandas. Holidays will not be considered.
[2024-12-13T03:11:58.980-0800] {logging_mixin.py:190} INFO - [2024-12-13T03:11:58.979-0800] {dag.py:3239} INFO - Sync 1 DAGs
[2024-12-13T03:11:58.992-0800] {logging_mixin.py:190} INFO - [2024-12-13T03:11:58.992-0800] {dag.py:4180} INFO - Setting next_dagrun for example_time_delta_sensor_async to None, run_after=None
[2024-12-13T03:11:59.011-0800] {processor.py:208} INFO - Processing /Users/machine/Velocity_railway/airflow_env/lib/python3.10/site-packages/airflow/example_dags/example_time_delta_sensor_async.py took 0.222 seconds
[2024-12-13T03:14:32.814-0800] {processor.py:186} INFO - Started process (PID=82935) to work on /Users/machine/Velocity_railway/airflow_env/lib/python3.10/site-packages/airflow/example_dags/example_time_delta_sensor_async.py
[2024-12-13T03:14:32.817-0800] {processor.py:914} INFO - Processing file /Users/machine/Velocity_railway/airflow_env/lib/python3.10/site-packages/airflow/example_dags/example_time_delta_sensor_async.py for tasks to queue
[2024-12-13T03:14:32.818-0800] {logging_mixin.py:190} INFO - [2024-12-13T03:14:32.818-0800] {dagbag.py:588} INFO - Filling up the DagBag from /Users/machine/Velocity_railway/airflow_env/lib/python3.10/site-packages/airflow/example_dags/example_time_delta_sensor_async.py
[2024-12-13T03:14:32.831-0800] {processor.py:925} INFO - DAG(s) 'example_time_delta_sensor_async' retrieved from /Users/machine/Velocity_railway/airflow_env/lib/python3.10/site-packages/airflow/example_dags/example_time_delta_sensor_async.py
[2024-12-13T03:14:32.988-0800] {logging_mixin.py:190} INFO - [2024-12-13T03:14:32.988-0800] {workday.py:41} WARNING - Could not import pandas. Holidays will not be considered.
[2024-12-13T03:14:33.005-0800] {logging_mixin.py:190} INFO - [2024-12-13T03:14:33.005-0800] {dag.py:3239} INFO - Sync 1 DAGs
[2024-12-13T03:14:33.017-0800] {logging_mixin.py:190} INFO - [2024-12-13T03:14:33.017-0800] {dag.py:4180} INFO - Setting next_dagrun for example_time_delta_sensor_async to None, run_after=None
[2024-12-13T03:14:33.033-0800] {processor.py:208} INFO - Processing /Users/machine/Velocity_railway/airflow_env/lib/python3.10/site-packages/airflow/example_dags/example_time_delta_sensor_async.py took 0.225 seconds
[2024-12-13T03:16:55.488-0800] {processor.py:186} INFO - Started process (PID=83405) to work on /Users/machine/Velocity_railway/airflow_env/lib/python3.10/site-packages/airflow/example_dags/example_time_delta_sensor_async.py
[2024-12-13T03:16:55.490-0800] {processor.py:914} INFO - Processing file /Users/machine/Velocity_railway/airflow_env/lib/python3.10/site-packages/airflow/example_dags/example_time_delta_sensor_async.py for tasks to queue
[2024-12-13T03:16:55.491-0800] {logging_mixin.py:190} INFO - [2024-12-13T03:16:55.491-0800] {dagbag.py:588} INFO - Filling up the DagBag from /Users/machine/Velocity_railway/airflow_env/lib/python3.10/site-packages/airflow/example_dags/example_time_delta_sensor_async.py
[2024-12-13T03:16:55.499-0800] {processor.py:925} INFO - DAG(s) 'example_time_delta_sensor_async' retrieved from /Users/machine/Velocity_railway/airflow_env/lib/python3.10/site-packages/airflow/example_dags/example_time_delta_sensor_async.py
[2024-12-13T03:16:55.640-0800] {logging_mixin.py:190} INFO - [2024-12-13T03:16:55.640-0800] {workday.py:41} WARNING - Could not import pandas. Holidays will not be considered.
[2024-12-13T03:16:55.656-0800] {logging_mixin.py:190} INFO - [2024-12-13T03:16:55.656-0800] {dag.py:3239} INFO - Sync 1 DAGs
[2024-12-13T03:16:55.666-0800] {logging_mixin.py:190} INFO - [2024-12-13T03:16:55.666-0800] {dag.py:4180} INFO - Setting next_dagrun for example_time_delta_sensor_async to None, run_after=None
[2024-12-13T03:16:55.683-0800] {processor.py:208} INFO - Processing /Users/machine/Velocity_railway/airflow_env/lib/python3.10/site-packages/airflow/example_dags/example_time_delta_sensor_async.py took 0.200 seconds
[2024-12-13T03:19:11.279-0800] {processor.py:186} INFO - Started process (PID=83872) to work on /Users/machine/Velocity_railway/airflow_env/lib/python3.10/site-packages/airflow/example_dags/example_time_delta_sensor_async.py
[2024-12-13T03:19:11.281-0800] {processor.py:914} INFO - Processing file /Users/machine/Velocity_railway/airflow_env/lib/python3.10/site-packages/airflow/example_dags/example_time_delta_sensor_async.py for tasks to queue
[2024-12-13T03:19:11.282-0800] {logging_mixin.py:190} INFO - [2024-12-13T03:19:11.282-0800] {dagbag.py:588} INFO - Filling up the DagBag from /Users/machine/Velocity_railway/airflow_env/lib/python3.10/site-packages/airflow/example_dags/example_time_delta_sensor_async.py
[2024-12-13T03:19:11.289-0800] {processor.py:925} INFO - DAG(s) 'example_time_delta_sensor_async' retrieved from /Users/machine/Velocity_railway/airflow_env/lib/python3.10/site-packages/airflow/example_dags/example_time_delta_sensor_async.py
[2024-12-13T03:19:11.438-0800] {logging_mixin.py:190} INFO - [2024-12-13T03:19:11.438-0800] {workday.py:41} WARNING - Could not import pandas. Holidays will not be considered.
[2024-12-13T03:19:11.454-0800] {logging_mixin.py:190} INFO - [2024-12-13T03:19:11.454-0800] {dag.py:3239} INFO - Sync 1 DAGs
[2024-12-13T03:19:11.465-0800] {logging_mixin.py:190} INFO - [2024-12-13T03:19:11.464-0800] {dag.py:4180} INFO - Setting next_dagrun for example_time_delta_sensor_async to None, run_after=None
[2024-12-13T03:19:11.482-0800] {processor.py:208} INFO - Processing /Users/machine/Velocity_railway/airflow_env/lib/python3.10/site-packages/airflow/example_dags/example_time_delta_sensor_async.py took 0.209 seconds
[2024-12-13T03:21:20.530-0800] {processor.py:186} INFO - Started process (PID=84329) to work on /Users/machine/Velocity_railway/airflow_env/lib/python3.10/site-packages/airflow/example_dags/example_time_delta_sensor_async.py
[2024-12-13T03:21:20.534-0800] {processor.py:914} INFO - Processing file /Users/machine/Velocity_railway/airflow_env/lib/python3.10/site-packages/airflow/example_dags/example_time_delta_sensor_async.py for tasks to queue
[2024-12-13T03:21:20.535-0800] {logging_mixin.py:190} INFO - [2024-12-13T03:21:20.535-0800] {dagbag.py:588} INFO - Filling up the DagBag from /Users/machine/Velocity_railway/airflow_env/lib/python3.10/site-packages/airflow/example_dags/example_time_delta_sensor_async.py
[2024-12-13T03:21:20.544-0800] {processor.py:925} INFO - DAG(s) 'example_time_delta_sensor_async' retrieved from /Users/machine/Velocity_railway/airflow_env/lib/python3.10/site-packages/airflow/example_dags/example_time_delta_sensor_async.py
[2024-12-13T03:21:20.720-0800] {logging_mixin.py:190} INFO - [2024-12-13T03:21:20.720-0800] {workday.py:41} WARNING - Could not import pandas. Holidays will not be considered.
[2024-12-13T03:21:20.739-0800] {logging_mixin.py:190} INFO - [2024-12-13T03:21:20.738-0800] {dag.py:3239} INFO - Sync 1 DAGs
[2024-12-13T03:21:20.753-0800] {logging_mixin.py:190} INFO - [2024-12-13T03:21:20.753-0800] {dag.py:4180} INFO - Setting next_dagrun for example_time_delta_sensor_async to None, run_after=None
[2024-12-13T03:21:20.774-0800] {processor.py:208} INFO - Processing /Users/machine/Velocity_railway/airflow_env/lib/python3.10/site-packages/airflow/example_dags/example_time_delta_sensor_async.py took 0.249 seconds
[2024-12-13T03:23:42.557-0800] {processor.py:186} INFO - Started process (PID=84805) to work on /Users/machine/Velocity_railway/airflow_env/lib/python3.10/site-packages/airflow/example_dags/example_time_delta_sensor_async.py
[2024-12-13T03:23:42.559-0800] {processor.py:914} INFO - Processing file /Users/machine/Velocity_railway/airflow_env/lib/python3.10/site-packages/airflow/example_dags/example_time_delta_sensor_async.py for tasks to queue
[2024-12-13T03:23:42.560-0800] {logging_mixin.py:190} INFO - [2024-12-13T03:23:42.560-0800] {dagbag.py:588} INFO - Filling up the DagBag from /Users/machine/Velocity_railway/airflow_env/lib/python3.10/site-packages/airflow/example_dags/example_time_delta_sensor_async.py
[2024-12-13T03:23:42.570-0800] {processor.py:925} INFO - DAG(s) 'example_time_delta_sensor_async' retrieved from /Users/machine/Velocity_railway/airflow_env/lib/python3.10/site-packages/airflow/example_dags/example_time_delta_sensor_async.py
[2024-12-13T03:23:42.729-0800] {logging_mixin.py:190} INFO - [2024-12-13T03:23:42.729-0800] {workday.py:41} WARNING - Could not import pandas. Holidays will not be considered.
[2024-12-13T03:23:42.749-0800] {logging_mixin.py:190} INFO - [2024-12-13T03:23:42.748-0800] {dag.py:3239} INFO - Sync 1 DAGs
[2024-12-13T03:23:42.761-0800] {logging_mixin.py:190} INFO - [2024-12-13T03:23:42.761-0800] {dag.py:4180} INFO - Setting next_dagrun for example_time_delta_sensor_async to None, run_after=None
[2024-12-13T03:23:42.779-0800] {processor.py:208} INFO - Processing /Users/machine/Velocity_railway/airflow_env/lib/python3.10/site-packages/airflow/example_dags/example_time_delta_sensor_async.py took 0.227 seconds
[2024-12-13T03:25:59.431-0800] {processor.py:186} INFO - Started process (PID=85280) to work on /Users/machine/Velocity_railway/airflow_env/lib/python3.10/site-packages/airflow/example_dags/example_time_delta_sensor_async.py
[2024-12-13T03:25:59.434-0800] {processor.py:914} INFO - Processing file /Users/machine/Velocity_railway/airflow_env/lib/python3.10/site-packages/airflow/example_dags/example_time_delta_sensor_async.py for tasks to queue
[2024-12-13T03:25:59.435-0800] {logging_mixin.py:190} INFO - [2024-12-13T03:25:59.435-0800] {dagbag.py:588} INFO - Filling up the DagBag from /Users/machine/Velocity_railway/airflow_env/lib/python3.10/site-packages/airflow/example_dags/example_time_delta_sensor_async.py
[2024-12-13T03:25:59.445-0800] {processor.py:925} INFO - DAG(s) 'example_time_delta_sensor_async' retrieved from /Users/machine/Velocity_railway/airflow_env/lib/python3.10/site-packages/airflow/example_dags/example_time_delta_sensor_async.py
[2024-12-13T03:25:59.631-0800] {logging_mixin.py:190} INFO - [2024-12-13T03:25:59.631-0800] {workday.py:41} WARNING - Could not import pandas. Holidays will not be considered.
[2024-12-13T03:25:59.647-0800] {logging_mixin.py:190} INFO - [2024-12-13T03:25:59.646-0800] {dag.py:3239} INFO - Sync 1 DAGs
[2024-12-13T03:25:59.658-0800] {logging_mixin.py:190} INFO - [2024-12-13T03:25:59.657-0800] {dag.py:4180} INFO - Setting next_dagrun for example_time_delta_sensor_async to None, run_after=None
[2024-12-13T03:25:59.673-0800] {processor.py:208} INFO - Processing /Users/machine/Velocity_railway/airflow_env/lib/python3.10/site-packages/airflow/example_dags/example_time_delta_sensor_async.py took 0.248 seconds
[2024-12-13T03:28:15.951-0800] {processor.py:186} INFO - Started process (PID=85752) to work on /Users/machine/Velocity_railway/airflow_env/lib/python3.10/site-packages/airflow/example_dags/example_time_delta_sensor_async.py
[2024-12-13T03:28:15.953-0800] {processor.py:914} INFO - Processing file /Users/machine/Velocity_railway/airflow_env/lib/python3.10/site-packages/airflow/example_dags/example_time_delta_sensor_async.py for tasks to queue
[2024-12-13T03:28:15.955-0800] {logging_mixin.py:190} INFO - [2024-12-13T03:28:15.954-0800] {dagbag.py:588} INFO - Filling up the DagBag from /Users/machine/Velocity_railway/airflow_env/lib/python3.10/site-packages/airflow/example_dags/example_time_delta_sensor_async.py
[2024-12-13T03:28:15.966-0800] {processor.py:925} INFO - DAG(s) 'example_time_delta_sensor_async' retrieved from /Users/machine/Velocity_railway/airflow_env/lib/python3.10/site-packages/airflow/example_dags/example_time_delta_sensor_async.py
[2024-12-13T03:28:16.124-0800] {logging_mixin.py:190} INFO - [2024-12-13T03:28:16.124-0800] {workday.py:41} WARNING - Could not import pandas. Holidays will not be considered.
[2024-12-13T03:28:16.142-0800] {logging_mixin.py:190} INFO - [2024-12-13T03:28:16.142-0800] {dag.py:3239} INFO - Sync 1 DAGs
[2024-12-13T03:28:16.154-0800] {logging_mixin.py:190} INFO - [2024-12-13T03:28:16.154-0800] {dag.py:4180} INFO - Setting next_dagrun for example_time_delta_sensor_async to None, run_after=None
[2024-12-13T03:28:16.172-0800] {processor.py:208} INFO - Processing /Users/machine/Velocity_railway/airflow_env/lib/python3.10/site-packages/airflow/example_dags/example_time_delta_sensor_async.py took 0.227 seconds
[2024-12-13T03:30:33.225-0800] {processor.py:186} INFO - Started process (PID=86197) to work on /Users/machine/Velocity_railway/airflow_env/lib/python3.10/site-packages/airflow/example_dags/example_time_delta_sensor_async.py
[2024-12-13T03:30:33.228-0800] {processor.py:914} INFO - Processing file /Users/machine/Velocity_railway/airflow_env/lib/python3.10/site-packages/airflow/example_dags/example_time_delta_sensor_async.py for tasks to queue
[2024-12-13T03:30:33.229-0800] {logging_mixin.py:190} INFO - [2024-12-13T03:30:33.229-0800] {dagbag.py:588} INFO - Filling up the DagBag from /Users/machine/Velocity_railway/airflow_env/lib/python3.10/site-packages/airflow/example_dags/example_time_delta_sensor_async.py
[2024-12-13T03:30:33.238-0800] {processor.py:925} INFO - DAG(s) 'example_time_delta_sensor_async' retrieved from /Users/machine/Velocity_railway/airflow_env/lib/python3.10/site-packages/airflow/example_dags/example_time_delta_sensor_async.py
[2024-12-13T03:30:33.419-0800] {logging_mixin.py:190} INFO - [2024-12-13T03:30:33.419-0800] {workday.py:41} WARNING - Could not import pandas. Holidays will not be considered.
[2024-12-13T03:30:33.438-0800] {logging_mixin.py:190} INFO - [2024-12-13T03:30:33.437-0800] {dag.py:3239} INFO - Sync 1 DAGs
[2024-12-13T03:30:33.451-0800] {logging_mixin.py:190} INFO - [2024-12-13T03:30:33.451-0800] {dag.py:4180} INFO - Setting next_dagrun for example_time_delta_sensor_async to None, run_after=None
[2024-12-13T03:30:33.471-0800] {processor.py:208} INFO - Processing /Users/machine/Velocity_railway/airflow_env/lib/python3.10/site-packages/airflow/example_dags/example_time_delta_sensor_async.py took 0.252 seconds
[2024-12-13T03:32:59.024-0800] {processor.py:186} INFO - Started process (PID=86717) to work on /Users/machine/Velocity_railway/airflow_env/lib/python3.10/site-packages/airflow/example_dags/example_time_delta_sensor_async.py
[2024-12-13T03:32:59.025-0800] {processor.py:914} INFO - Processing file /Users/machine/Velocity_railway/airflow_env/lib/python3.10/site-packages/airflow/example_dags/example_time_delta_sensor_async.py for tasks to queue
[2024-12-13T03:32:59.027-0800] {logging_mixin.py:190} INFO - [2024-12-13T03:32:59.026-0800] {dagbag.py:588} INFO - Filling up the DagBag from /Users/machine/Velocity_railway/airflow_env/lib/python3.10/site-packages/airflow/example_dags/example_time_delta_sensor_async.py
[2024-12-13T03:32:59.036-0800] {processor.py:925} INFO - DAG(s) 'example_time_delta_sensor_async' retrieved from /Users/machine/Velocity_railway/airflow_env/lib/python3.10/site-packages/airflow/example_dags/example_time_delta_sensor_async.py
[2024-12-13T03:32:59.180-0800] {logging_mixin.py:190} INFO - [2024-12-13T03:32:59.180-0800] {workday.py:41} WARNING - Could not import pandas. Holidays will not be considered.
[2024-12-13T03:32:59.197-0800] {logging_mixin.py:190} INFO - [2024-12-13T03:32:59.197-0800] {dag.py:3239} INFO - Sync 1 DAGs
[2024-12-13T03:32:59.208-0800] {logging_mixin.py:190} INFO - [2024-12-13T03:32:59.208-0800] {dag.py:4180} INFO - Setting next_dagrun for example_time_delta_sensor_async to None, run_after=None
[2024-12-13T03:32:59.223-0800] {processor.py:208} INFO - Processing /Users/machine/Velocity_railway/airflow_env/lib/python3.10/site-packages/airflow/example_dags/example_time_delta_sensor_async.py took 0.205 seconds
[2024-12-13T03:35:24.169-0800] {processor.py:186} INFO - Started process (PID=87301) to work on /Users/machine/Velocity_railway/airflow_env/lib/python3.10/site-packages/airflow/example_dags/example_time_delta_sensor_async.py
[2024-12-13T03:35:24.171-0800] {processor.py:914} INFO - Processing file /Users/machine/Velocity_railway/airflow_env/lib/python3.10/site-packages/airflow/example_dags/example_time_delta_sensor_async.py for tasks to queue
[2024-12-13T03:35:24.172-0800] {logging_mixin.py:190} INFO - [2024-12-13T03:35:24.172-0800] {dagbag.py:588} INFO - Filling up the DagBag from /Users/machine/Velocity_railway/airflow_env/lib/python3.10/site-packages/airflow/example_dags/example_time_delta_sensor_async.py
[2024-12-13T03:35:24.182-0800] {processor.py:925} INFO - DAG(s) 'example_time_delta_sensor_async' retrieved from /Users/machine/Velocity_railway/airflow_env/lib/python3.10/site-packages/airflow/example_dags/example_time_delta_sensor_async.py
[2024-12-13T03:35:24.334-0800] {logging_mixin.py:190} INFO - [2024-12-13T03:35:24.333-0800] {workday.py:41} WARNING - Could not import pandas. Holidays will not be considered.
[2024-12-13T03:35:24.351-0800] {logging_mixin.py:190} INFO - [2024-12-13T03:35:24.351-0800] {dag.py:3239} INFO - Sync 1 DAGs
[2024-12-13T03:35:24.363-0800] {logging_mixin.py:190} INFO - [2024-12-13T03:35:24.363-0800] {dag.py:4180} INFO - Setting next_dagrun for example_time_delta_sensor_async to None, run_after=None
[2024-12-13T03:35:24.381-0800] {processor.py:208} INFO - Processing /Users/machine/Velocity_railway/airflow_env/lib/python3.10/site-packages/airflow/example_dags/example_time_delta_sensor_async.py took 0.219 seconds
[2024-12-13T03:37:53.276-0800] {processor.py:186} INFO - Started process (PID=87798) to work on /Users/machine/Velocity_railway/airflow_env/lib/python3.10/site-packages/airflow/example_dags/example_time_delta_sensor_async.py
[2024-12-13T03:37:53.279-0800] {processor.py:914} INFO - Processing file /Users/machine/Velocity_railway/airflow_env/lib/python3.10/site-packages/airflow/example_dags/example_time_delta_sensor_async.py for tasks to queue
[2024-12-13T03:37:53.281-0800] {logging_mixin.py:190} INFO - [2024-12-13T03:37:53.280-0800] {dagbag.py:588} INFO - Filling up the DagBag from /Users/machine/Velocity_railway/airflow_env/lib/python3.10/site-packages/airflow/example_dags/example_time_delta_sensor_async.py
[2024-12-13T03:37:53.293-0800] {processor.py:925} INFO - DAG(s) 'example_time_delta_sensor_async' retrieved from /Users/machine/Velocity_railway/airflow_env/lib/python3.10/site-packages/airflow/example_dags/example_time_delta_sensor_async.py
[2024-12-13T03:37:53.505-0800] {logging_mixin.py:190} INFO - [2024-12-13T03:37:53.504-0800] {workday.py:41} WARNING - Could not import pandas. Holidays will not be considered.
[2024-12-13T03:37:53.534-0800] {logging_mixin.py:190} INFO - [2024-12-13T03:37:53.533-0800] {dag.py:3239} INFO - Sync 1 DAGs
[2024-12-13T03:37:53.555-0800] {logging_mixin.py:190} INFO - [2024-12-13T03:37:53.554-0800] {dag.py:4180} INFO - Setting next_dagrun for example_time_delta_sensor_async to None, run_after=None
[2024-12-13T03:37:53.580-0800] {processor.py:208} INFO - Processing /Users/machine/Velocity_railway/airflow_env/lib/python3.10/site-packages/airflow/example_dags/example_time_delta_sensor_async.py took 0.312 seconds
[2024-12-13T03:40:16.165-0800] {processor.py:186} INFO - Started process (PID=88269) to work on /Users/machine/Velocity_railway/airflow_env/lib/python3.10/site-packages/airflow/example_dags/example_time_delta_sensor_async.py
[2024-12-13T03:40:16.167-0800] {processor.py:914} INFO - Processing file /Users/machine/Velocity_railway/airflow_env/lib/python3.10/site-packages/airflow/example_dags/example_time_delta_sensor_async.py for tasks to queue
[2024-12-13T03:40:16.169-0800] {logging_mixin.py:190} INFO - [2024-12-13T03:40:16.168-0800] {dagbag.py:588} INFO - Filling up the DagBag from /Users/machine/Velocity_railway/airflow_env/lib/python3.10/site-packages/airflow/example_dags/example_time_delta_sensor_async.py
[2024-12-13T03:40:16.176-0800] {processor.py:925} INFO - DAG(s) 'example_time_delta_sensor_async' retrieved from /Users/machine/Velocity_railway/airflow_env/lib/python3.10/site-packages/airflow/example_dags/example_time_delta_sensor_async.py
[2024-12-13T03:40:16.322-0800] {logging_mixin.py:190} INFO - [2024-12-13T03:40:16.322-0800] {workday.py:41} WARNING - Could not import pandas. Holidays will not be considered.
[2024-12-13T03:40:16.339-0800] {logging_mixin.py:190} INFO - [2024-12-13T03:40:16.338-0800] {dag.py:3239} INFO - Sync 1 DAGs
[2024-12-13T03:40:16.351-0800] {logging_mixin.py:190} INFO - [2024-12-13T03:40:16.351-0800] {dag.py:4180} INFO - Setting next_dagrun for example_time_delta_sensor_async to None, run_after=None
[2024-12-13T03:40:16.369-0800] {processor.py:208} INFO - Processing /Users/machine/Velocity_railway/airflow_env/lib/python3.10/site-packages/airflow/example_dags/example_time_delta_sensor_async.py took 0.209 seconds
[2024-12-13T03:42:29.027-0800] {processor.py:186} INFO - Started process (PID=88726) to work on /Users/machine/Velocity_railway/airflow_env/lib/python3.10/site-packages/airflow/example_dags/example_time_delta_sensor_async.py
[2024-12-13T03:42:29.029-0800] {processor.py:914} INFO - Processing file /Users/machine/Velocity_railway/airflow_env/lib/python3.10/site-packages/airflow/example_dags/example_time_delta_sensor_async.py for tasks to queue
[2024-12-13T03:42:29.030-0800] {logging_mixin.py:190} INFO - [2024-12-13T03:42:29.030-0800] {dagbag.py:588} INFO - Filling up the DagBag from /Users/machine/Velocity_railway/airflow_env/lib/python3.10/site-packages/airflow/example_dags/example_time_delta_sensor_async.py
[2024-12-13T03:42:29.040-0800] {processor.py:925} INFO - DAG(s) 'example_time_delta_sensor_async' retrieved from /Users/machine/Velocity_railway/airflow_env/lib/python3.10/site-packages/airflow/example_dags/example_time_delta_sensor_async.py
[2024-12-13T03:42:29.186-0800] {logging_mixin.py:190} INFO - [2024-12-13T03:42:29.186-0800] {workday.py:41} WARNING - Could not import pandas. Holidays will not be considered.
[2024-12-13T03:42:29.204-0800] {logging_mixin.py:190} INFO - [2024-12-13T03:42:29.203-0800] {dag.py:3239} INFO - Sync 1 DAGs
[2024-12-13T03:42:29.216-0800] {logging_mixin.py:190} INFO - [2024-12-13T03:42:29.216-0800] {dag.py:4180} INFO - Setting next_dagrun for example_time_delta_sensor_async to None, run_after=None
[2024-12-13T03:42:29.233-0800] {processor.py:208} INFO - Processing /Users/machine/Velocity_railway/airflow_env/lib/python3.10/site-packages/airflow/example_dags/example_time_delta_sensor_async.py took 0.211 seconds
[2024-12-13T03:44:42.435-0800] {processor.py:186} INFO - Started process (PID=89193) to work on /Users/machine/Velocity_railway/airflow_env/lib/python3.10/site-packages/airflow/example_dags/example_time_delta_sensor_async.py
[2024-12-13T03:44:42.436-0800] {processor.py:914} INFO - Processing file /Users/machine/Velocity_railway/airflow_env/lib/python3.10/site-packages/airflow/example_dags/example_time_delta_sensor_async.py for tasks to queue
[2024-12-13T03:44:42.438-0800] {logging_mixin.py:190} INFO - [2024-12-13T03:44:42.437-0800] {dagbag.py:588} INFO - Filling up the DagBag from /Users/machine/Velocity_railway/airflow_env/lib/python3.10/site-packages/airflow/example_dags/example_time_delta_sensor_async.py
[2024-12-13T03:44:42.446-0800] {processor.py:925} INFO - DAG(s) 'example_time_delta_sensor_async' retrieved from /Users/machine/Velocity_railway/airflow_env/lib/python3.10/site-packages/airflow/example_dags/example_time_delta_sensor_async.py
[2024-12-13T03:44:42.586-0800] {logging_mixin.py:190} INFO - [2024-12-13T03:44:42.586-0800] {workday.py:41} WARNING - Could not import pandas. Holidays will not be considered.
[2024-12-13T03:44:42.604-0800] {logging_mixin.py:190} INFO - [2024-12-13T03:44:42.603-0800] {dag.py:3239} INFO - Sync 1 DAGs
[2024-12-13T03:44:42.614-0800] {logging_mixin.py:190} INFO - [2024-12-13T03:44:42.614-0800] {dag.py:4180} INFO - Setting next_dagrun for example_time_delta_sensor_async to None, run_after=None
[2024-12-13T03:44:42.629-0800] {processor.py:208} INFO - Processing /Users/machine/Velocity_railway/airflow_env/lib/python3.10/site-packages/airflow/example_dags/example_time_delta_sensor_async.py took 0.201 seconds
[2024-12-13T03:46:55.448-0800] {processor.py:186} INFO - Started process (PID=89638) to work on /Users/machine/Velocity_railway/airflow_env/lib/python3.10/site-packages/airflow/example_dags/example_time_delta_sensor_async.py
[2024-12-13T03:46:55.450-0800] {processor.py:914} INFO - Processing file /Users/machine/Velocity_railway/airflow_env/lib/python3.10/site-packages/airflow/example_dags/example_time_delta_sensor_async.py for tasks to queue
[2024-12-13T03:46:55.451-0800] {logging_mixin.py:190} INFO - [2024-12-13T03:46:55.450-0800] {dagbag.py:588} INFO - Filling up the DagBag from /Users/machine/Velocity_railway/airflow_env/lib/python3.10/site-packages/airflow/example_dags/example_time_delta_sensor_async.py
[2024-12-13T03:46:55.459-0800] {processor.py:925} INFO - DAG(s) 'example_time_delta_sensor_async' retrieved from /Users/machine/Velocity_railway/airflow_env/lib/python3.10/site-packages/airflow/example_dags/example_time_delta_sensor_async.py
[2024-12-13T03:46:55.620-0800] {logging_mixin.py:190} INFO - [2024-12-13T03:46:55.620-0800] {workday.py:41} WARNING - Could not import pandas. Holidays will not be considered.
[2024-12-13T03:46:55.636-0800] {logging_mixin.py:190} INFO - [2024-12-13T03:46:55.636-0800] {dag.py:3239} INFO - Sync 1 DAGs
[2024-12-13T03:46:55.648-0800] {logging_mixin.py:190} INFO - [2024-12-13T03:46:55.648-0800] {dag.py:4180} INFO - Setting next_dagrun for example_time_delta_sensor_async to None, run_after=None
[2024-12-13T03:46:55.664-0800] {processor.py:208} INFO - Processing /Users/machine/Velocity_railway/airflow_env/lib/python3.10/site-packages/airflow/example_dags/example_time_delta_sensor_async.py took 0.221 seconds
[2024-12-13T03:49:09.964-0800] {processor.py:186} INFO - Started process (PID=90099) to work on /Users/machine/Velocity_railway/airflow_env/lib/python3.10/site-packages/airflow/example_dags/example_time_delta_sensor_async.py
[2024-12-13T03:49:09.966-0800] {processor.py:914} INFO - Processing file /Users/machine/Velocity_railway/airflow_env/lib/python3.10/site-packages/airflow/example_dags/example_time_delta_sensor_async.py for tasks to queue
[2024-12-13T03:49:09.967-0800] {logging_mixin.py:190} INFO - [2024-12-13T03:49:09.967-0800] {dagbag.py:588} INFO - Filling up the DagBag from /Users/machine/Velocity_railway/airflow_env/lib/python3.10/site-packages/airflow/example_dags/example_time_delta_sensor_async.py
[2024-12-13T03:49:09.977-0800] {processor.py:925} INFO - DAG(s) 'example_time_delta_sensor_async' retrieved from /Users/machine/Velocity_railway/airflow_env/lib/python3.10/site-packages/airflow/example_dags/example_time_delta_sensor_async.py
[2024-12-13T03:49:10.134-0800] {logging_mixin.py:190} INFO - [2024-12-13T03:49:10.133-0800] {workday.py:41} WARNING - Could not import pandas. Holidays will not be considered.
[2024-12-13T03:49:10.150-0800] {logging_mixin.py:190} INFO - [2024-12-13T03:49:10.150-0800] {dag.py:3239} INFO - Sync 1 DAGs
[2024-12-13T03:49:10.161-0800] {logging_mixin.py:190} INFO - [2024-12-13T03:49:10.161-0800] {dag.py:4180} INFO - Setting next_dagrun for example_time_delta_sensor_async to None, run_after=None
[2024-12-13T03:49:10.178-0800] {processor.py:208} INFO - Processing /Users/machine/Velocity_railway/airflow_env/lib/python3.10/site-packages/airflow/example_dags/example_time_delta_sensor_async.py took 0.220 seconds
[2024-12-13T03:51:28.080-0800] {processor.py:186} INFO - Started process (PID=90590) to work on /Users/machine/Velocity_railway/airflow_env/lib/python3.10/site-packages/airflow/example_dags/example_time_delta_sensor_async.py
[2024-12-13T03:51:28.083-0800] {processor.py:914} INFO - Processing file /Users/machine/Velocity_railway/airflow_env/lib/python3.10/site-packages/airflow/example_dags/example_time_delta_sensor_async.py for tasks to queue
[2024-12-13T03:51:28.084-0800] {logging_mixin.py:190} INFO - [2024-12-13T03:51:28.084-0800] {dagbag.py:588} INFO - Filling up the DagBag from /Users/machine/Velocity_railway/airflow_env/lib/python3.10/site-packages/airflow/example_dags/example_time_delta_sensor_async.py
[2024-12-13T03:51:28.091-0800] {processor.py:925} INFO - DAG(s) 'example_time_delta_sensor_async' retrieved from /Users/machine/Velocity_railway/airflow_env/lib/python3.10/site-packages/airflow/example_dags/example_time_delta_sensor_async.py
[2024-12-13T03:51:28.244-0800] {logging_mixin.py:190} INFO - [2024-12-13T03:51:28.243-0800] {workday.py:41} WARNING - Could not import pandas. Holidays will not be considered.
[2024-12-13T03:51:28.260-0800] {logging_mixin.py:190} INFO - [2024-12-13T03:51:28.260-0800] {dag.py:3239} INFO - Sync 1 DAGs
[2024-12-13T03:51:28.271-0800] {logging_mixin.py:190} INFO - [2024-12-13T03:51:28.271-0800] {dag.py:4180} INFO - Setting next_dagrun for example_time_delta_sensor_async to None, run_after=None
[2024-12-13T03:51:28.288-0800] {processor.py:208} INFO - Processing /Users/machine/Velocity_railway/airflow_env/lib/python3.10/site-packages/airflow/example_dags/example_time_delta_sensor_async.py took 0.213 seconds
[2024-12-13T03:53:50.400-0800] {processor.py:186} INFO - Started process (PID=91088) to work on /Users/machine/Velocity_railway/airflow_env/lib/python3.10/site-packages/airflow/example_dags/example_time_delta_sensor_async.py
[2024-12-13T03:53:50.402-0800] {processor.py:914} INFO - Processing file /Users/machine/Velocity_railway/airflow_env/lib/python3.10/site-packages/airflow/example_dags/example_time_delta_sensor_async.py for tasks to queue
[2024-12-13T03:53:50.403-0800] {logging_mixin.py:190} INFO - [2024-12-13T03:53:50.403-0800] {dagbag.py:588} INFO - Filling up the DagBag from /Users/machine/Velocity_railway/airflow_env/lib/python3.10/site-packages/airflow/example_dags/example_time_delta_sensor_async.py
[2024-12-13T03:53:50.418-0800] {processor.py:925} INFO - DAG(s) 'example_time_delta_sensor_async' retrieved from /Users/machine/Velocity_railway/airflow_env/lib/python3.10/site-packages/airflow/example_dags/example_time_delta_sensor_async.py
[2024-12-13T03:53:50.581-0800] {logging_mixin.py:190} INFO - [2024-12-13T03:53:50.581-0800] {workday.py:41} WARNING - Could not import pandas. Holidays will not be considered.
[2024-12-13T03:53:50.600-0800] {logging_mixin.py:190} INFO - [2024-12-13T03:53:50.599-0800] {dag.py:3239} INFO - Sync 1 DAGs
[2024-12-13T03:53:50.611-0800] {logging_mixin.py:190} INFO - [2024-12-13T03:53:50.611-0800] {dag.py:4180} INFO - Setting next_dagrun for example_time_delta_sensor_async to None, run_after=None
[2024-12-13T03:53:50.629-0800] {processor.py:208} INFO - Processing /Users/machine/Velocity_railway/airflow_env/lib/python3.10/site-packages/airflow/example_dags/example_time_delta_sensor_async.py took 0.236 seconds
[2024-12-13T03:56:13.826-0800] {processor.py:186} INFO - Started process (PID=91657) to work on /Users/machine/Velocity_railway/airflow_env/lib/python3.10/site-packages/airflow/example_dags/example_time_delta_sensor_async.py
[2024-12-13T03:56:13.827-0800] {processor.py:914} INFO - Processing file /Users/machine/Velocity_railway/airflow_env/lib/python3.10/site-packages/airflow/example_dags/example_time_delta_sensor_async.py for tasks to queue
[2024-12-13T03:56:13.828-0800] {logging_mixin.py:190} INFO - [2024-12-13T03:56:13.828-0800] {dagbag.py:588} INFO - Filling up the DagBag from /Users/machine/Velocity_railway/airflow_env/lib/python3.10/site-packages/airflow/example_dags/example_time_delta_sensor_async.py
[2024-12-13T03:56:13.839-0800] {processor.py:925} INFO - DAG(s) 'example_time_delta_sensor_async' retrieved from /Users/machine/Velocity_railway/airflow_env/lib/python3.10/site-packages/airflow/example_dags/example_time_delta_sensor_async.py
[2024-12-13T03:56:14.002-0800] {logging_mixin.py:190} INFO - [2024-12-13T03:56:14.001-0800] {workday.py:41} WARNING - Could not import pandas. Holidays will not be considered.
[2024-12-13T03:56:14.020-0800] {logging_mixin.py:190} INFO - [2024-12-13T03:56:14.019-0800] {dag.py:3239} INFO - Sync 1 DAGs
[2024-12-13T03:56:14.033-0800] {logging_mixin.py:190} INFO - [2024-12-13T03:56:14.032-0800] {dag.py:4180} INFO - Setting next_dagrun for example_time_delta_sensor_async to None, run_after=None
[2024-12-13T03:56:14.050-0800] {processor.py:208} INFO - Processing /Users/machine/Velocity_railway/airflow_env/lib/python3.10/site-packages/airflow/example_dags/example_time_delta_sensor_async.py took 0.230 seconds
[2024-12-13T03:58:41.442-0800] {processor.py:186} INFO - Started process (PID=92294) to work on /Users/machine/Velocity_railway/airflow_env/lib/python3.10/site-packages/airflow/example_dags/example_time_delta_sensor_async.py
[2024-12-13T03:58:41.444-0800] {processor.py:914} INFO - Processing file /Users/machine/Velocity_railway/airflow_env/lib/python3.10/site-packages/airflow/example_dags/example_time_delta_sensor_async.py for tasks to queue
[2024-12-13T03:58:41.446-0800] {logging_mixin.py:190} INFO - [2024-12-13T03:58:41.445-0800] {dagbag.py:588} INFO - Filling up the DagBag from /Users/machine/Velocity_railway/airflow_env/lib/python3.10/site-packages/airflow/example_dags/example_time_delta_sensor_async.py
[2024-12-13T03:58:41.454-0800] {processor.py:925} INFO - DAG(s) 'example_time_delta_sensor_async' retrieved from /Users/machine/Velocity_railway/airflow_env/lib/python3.10/site-packages/airflow/example_dags/example_time_delta_sensor_async.py
[2024-12-13T03:58:41.609-0800] {logging_mixin.py:190} INFO - [2024-12-13T03:58:41.608-0800] {workday.py:41} WARNING - Could not import pandas. Holidays will not be considered.
[2024-12-13T03:58:41.627-0800] {logging_mixin.py:190} INFO - [2024-12-13T03:58:41.627-0800] {dag.py:3239} INFO - Sync 1 DAGs
[2024-12-13T03:58:41.640-0800] {logging_mixin.py:190} INFO - [2024-12-13T03:58:41.640-0800] {dag.py:4180} INFO - Setting next_dagrun for example_time_delta_sensor_async to None, run_after=None
[2024-12-13T03:58:41.658-0800] {processor.py:208} INFO - Processing /Users/machine/Velocity_railway/airflow_env/lib/python3.10/site-packages/airflow/example_dags/example_time_delta_sensor_async.py took 0.222 seconds
[2024-12-13T05:47:26.816-0800] {processor.py:186} INFO - Started process (PID=92986) to work on /Users/machine/Velocity_railway/airflow_env/lib/python3.10/site-packages/airflow/example_dags/example_time_delta_sensor_async.py
[2024-12-13T05:47:26.818-0800] {processor.py:914} INFO - Processing file /Users/machine/Velocity_railway/airflow_env/lib/python3.10/site-packages/airflow/example_dags/example_time_delta_sensor_async.py for tasks to queue
[2024-12-13T05:47:26.820-0800] {logging_mixin.py:190} INFO - [2024-12-13T05:47:26.819-0800] {dagbag.py:588} INFO - Filling up the DagBag from /Users/machine/Velocity_railway/airflow_env/lib/python3.10/site-packages/airflow/example_dags/example_time_delta_sensor_async.py
[2024-12-13T05:47:26.832-0800] {processor.py:925} INFO - DAG(s) 'example_time_delta_sensor_async' retrieved from /Users/machine/Velocity_railway/airflow_env/lib/python3.10/site-packages/airflow/example_dags/example_time_delta_sensor_async.py
[2024-12-13T05:47:27.026-0800] {logging_mixin.py:190} INFO - [2024-12-13T05:47:27.026-0800] {workday.py:41} WARNING - Could not import pandas. Holidays will not be considered.
[2024-12-13T05:47:27.044-0800] {logging_mixin.py:190} INFO - [2024-12-13T05:47:27.044-0800] {dag.py:3239} INFO - Sync 1 DAGs
[2024-12-13T05:47:27.056-0800] {logging_mixin.py:190} INFO - [2024-12-13T05:47:27.056-0800] {dag.py:4180} INFO - Setting next_dagrun for example_time_delta_sensor_async to None, run_after=None
[2024-12-13T05:47:27.074-0800] {processor.py:208} INFO - Processing /Users/machine/Velocity_railway/airflow_env/lib/python3.10/site-packages/airflow/example_dags/example_time_delta_sensor_async.py took 0.264 seconds
