[2024-12-13T03:08:22.933-0800] {processor.py:186} INFO - Started process (PID=81717) to work on /Users/machine/Velocity_railway/airflow_env/lib/python3.10/site-packages/airflow/example_dags/tutorial_taskflow_templates.py
[2024-12-13T03:08:22.935-0800] {processor.py:914} INFO - Processing file /Users/machine/Velocity_railway/airflow_env/lib/python3.10/site-packages/airflow/example_dags/tutorial_taskflow_templates.py for tasks to queue
[2024-12-13T03:08:22.935-0800] {logging_mixin.py:190} INFO - [2024-12-13T03:08:22.935-0800] {dagbag.py:588} INFO - Filling up the DagBag from /Users/machine/Velocity_railway/airflow_env/lib/python3.10/site-packages/airflow/example_dags/tutorial_taskflow_templates.py
[2024-12-13T03:08:23.022-0800] {processor.py:925} INFO - DAG(s) 'tutorial_taskflow_templates' retrieved from /Users/machine/Velocity_railway/airflow_env/lib/python3.10/site-packages/airflow/example_dags/tutorial_taskflow_templates.py
[2024-12-13T03:08:23.267-0800] {logging_mixin.py:190} INFO - [2024-12-13T03:08:23.266-0800] {override.py:1911} INFO - Created Permission View: can delete on DAG:tutorial_taskflow_templates
[2024-12-13T03:08:23.275-0800] {logging_mixin.py:190} INFO - [2024-12-13T03:08:23.275-0800] {override.py:1911} INFO - Created Permission View: can read on DAG:tutorial_taskflow_templates
[2024-12-13T03:08:23.283-0800] {logging_mixin.py:190} INFO - [2024-12-13T03:08:23.283-0800] {override.py:1911} INFO - Created Permission View: can edit on DAG:tutorial_taskflow_templates
[2024-12-13T03:08:23.293-0800] {logging_mixin.py:190} INFO - [2024-12-13T03:08:23.292-0800] {override.py:1911} INFO - Created Permission View: can create on DAG Run:tutorial_taskflow_templates
[2024-12-13T03:08:23.300-0800] {logging_mixin.py:190} INFO - [2024-12-13T03:08:23.299-0800] {override.py:1911} INFO - Created Permission View: menu access on DAG Run:tutorial_taskflow_templates
[2024-12-13T03:08:23.307-0800] {logging_mixin.py:190} INFO - [2024-12-13T03:08:23.307-0800] {override.py:1911} INFO - Created Permission View: can delete on DAG Run:tutorial_taskflow_templates
[2024-12-13T03:08:23.313-0800] {logging_mixin.py:190} INFO - [2024-12-13T03:08:23.312-0800] {override.py:1911} INFO - Created Permission View: can read on DAG Run:tutorial_taskflow_templates
[2024-12-13T03:08:23.313-0800] {logging_mixin.py:190} INFO - [2024-12-13T03:08:23.313-0800] {dag.py:3239} INFO - Sync 1 DAGs
[2024-12-13T03:08:23.323-0800] {logging_mixin.py:190} INFO - [2024-12-13T03:08:23.323-0800] {dag.py:3262} INFO - Creating ORM DAG for tutorial_taskflow_templates
[2024-12-13T03:08:23.332-0800] {logging_mixin.py:190} INFO - [2024-12-13T03:08:23.332-0800] {dag.py:4180} INFO - Setting next_dagrun for tutorial_taskflow_templates to 2024-12-12 00:00:00+00:00, run_after=2024-12-13 00:00:00+00:00
[2024-12-13T03:08:23.346-0800] {processor.py:208} INFO - Processing /Users/machine/Velocity_railway/airflow_env/lib/python3.10/site-packages/airflow/example_dags/tutorial_taskflow_templates.py took 0.418 seconds
[2024-12-13T03:11:24.296-0800] {processor.py:186} INFO - Started process (PID=82313) to work on /Users/machine/Velocity_railway/airflow_env/lib/python3.10/site-packages/airflow/example_dags/tutorial_taskflow_templates.py
[2024-12-13T03:11:24.298-0800] {processor.py:914} INFO - Processing file /Users/machine/Velocity_railway/airflow_env/lib/python3.10/site-packages/airflow/example_dags/tutorial_taskflow_templates.py for tasks to queue
[2024-12-13T03:11:24.299-0800] {logging_mixin.py:190} INFO - [2024-12-13T03:11:24.299-0800] {dagbag.py:588} INFO - Filling up the DagBag from /Users/machine/Velocity_railway/airflow_env/lib/python3.10/site-packages/airflow/example_dags/tutorial_taskflow_templates.py
[2024-12-13T03:11:24.391-0800] {processor.py:925} INFO - DAG(s) 'tutorial_taskflow_templates' retrieved from /Users/machine/Velocity_railway/airflow_env/lib/python3.10/site-packages/airflow/example_dags/tutorial_taskflow_templates.py
[2024-12-13T03:11:24.506-0800] {logging_mixin.py:190} INFO - [2024-12-13T03:11:24.506-0800] {dag.py:3239} INFO - Sync 1 DAGs
[2024-12-13T03:11:24.529-0800] {logging_mixin.py:190} INFO - [2024-12-13T03:11:24.529-0800] {dag.py:4180} INFO - Setting next_dagrun for tutorial_taskflow_templates to 2024-12-12 00:00:00+00:00, run_after=2024-12-13 00:00:00+00:00
[2024-12-13T03:11:24.550-0800] {processor.py:208} INFO - Processing /Users/machine/Velocity_railway/airflow_env/lib/python3.10/site-packages/airflow/example_dags/tutorial_taskflow_templates.py took 0.260 seconds
[2024-12-13T03:13:59.568-0800] {processor.py:186} INFO - Started process (PID=82815) to work on /Users/machine/Velocity_railway/airflow_env/lib/python3.10/site-packages/airflow/example_dags/tutorial_taskflow_templates.py
[2024-12-13T03:13:59.570-0800] {processor.py:914} INFO - Processing file /Users/machine/Velocity_railway/airflow_env/lib/python3.10/site-packages/airflow/example_dags/tutorial_taskflow_templates.py for tasks to queue
[2024-12-13T03:13:59.572-0800] {logging_mixin.py:190} INFO - [2024-12-13T03:13:59.572-0800] {dagbag.py:588} INFO - Filling up the DagBag from /Users/machine/Velocity_railway/airflow_env/lib/python3.10/site-packages/airflow/example_dags/tutorial_taskflow_templates.py
[2024-12-13T03:13:59.666-0800] {processor.py:925} INFO - DAG(s) 'tutorial_taskflow_templates' retrieved from /Users/machine/Velocity_railway/airflow_env/lib/python3.10/site-packages/airflow/example_dags/tutorial_taskflow_templates.py
[2024-12-13T03:13:59.784-0800] {logging_mixin.py:190} INFO - [2024-12-13T03:13:59.783-0800] {dag.py:3239} INFO - Sync 1 DAGs
[2024-12-13T03:13:59.804-0800] {logging_mixin.py:190} INFO - [2024-12-13T03:13:59.804-0800] {dag.py:4180} INFO - Setting next_dagrun for tutorial_taskflow_templates to 2024-12-12 00:00:00+00:00, run_after=2024-12-13 00:00:00+00:00
[2024-12-13T03:13:59.823-0800] {processor.py:208} INFO - Processing /Users/machine/Velocity_railway/airflow_env/lib/python3.10/site-packages/airflow/example_dags/tutorial_taskflow_templates.py took 0.262 seconds
[2024-12-13T03:16:22.289-0800] {processor.py:186} INFO - Started process (PID=83296) to work on /Users/machine/Velocity_railway/airflow_env/lib/python3.10/site-packages/airflow/example_dags/tutorial_taskflow_templates.py
[2024-12-13T03:16:22.292-0800] {processor.py:914} INFO - Processing file /Users/machine/Velocity_railway/airflow_env/lib/python3.10/site-packages/airflow/example_dags/tutorial_taskflow_templates.py for tasks to queue
[2024-12-13T03:16:22.293-0800] {logging_mixin.py:190} INFO - [2024-12-13T03:16:22.293-0800] {dagbag.py:588} INFO - Filling up the DagBag from /Users/machine/Velocity_railway/airflow_env/lib/python3.10/site-packages/airflow/example_dags/tutorial_taskflow_templates.py
[2024-12-13T03:16:22.388-0800] {processor.py:925} INFO - DAG(s) 'tutorial_taskflow_templates' retrieved from /Users/machine/Velocity_railway/airflow_env/lib/python3.10/site-packages/airflow/example_dags/tutorial_taskflow_templates.py
[2024-12-13T03:16:22.499-0800] {logging_mixin.py:190} INFO - [2024-12-13T03:16:22.499-0800] {dag.py:3239} INFO - Sync 1 DAGs
[2024-12-13T03:16:22.520-0800] {logging_mixin.py:190} INFO - [2024-12-13T03:16:22.519-0800] {dag.py:4180} INFO - Setting next_dagrun for tutorial_taskflow_templates to 2024-12-12 00:00:00+00:00, run_after=2024-12-13 00:00:00+00:00
[2024-12-13T03:16:22.539-0800] {processor.py:208} INFO - Processing /Users/machine/Velocity_railway/airflow_env/lib/python3.10/site-packages/airflow/example_dags/tutorial_taskflow_templates.py took 0.256 seconds
[2024-12-13T03:18:40.207-0800] {processor.py:186} INFO - Started process (PID=83769) to work on /Users/machine/Velocity_railway/airflow_env/lib/python3.10/site-packages/airflow/example_dags/tutorial_taskflow_templates.py
[2024-12-13T03:18:40.210-0800] {processor.py:914} INFO - Processing file /Users/machine/Velocity_railway/airflow_env/lib/python3.10/site-packages/airflow/example_dags/tutorial_taskflow_templates.py for tasks to queue
[2024-12-13T03:18:40.212-0800] {logging_mixin.py:190} INFO - [2024-12-13T03:18:40.212-0800] {dagbag.py:588} INFO - Filling up the DagBag from /Users/machine/Velocity_railway/airflow_env/lib/python3.10/site-packages/airflow/example_dags/tutorial_taskflow_templates.py
[2024-12-13T03:18:40.309-0800] {processor.py:925} INFO - DAG(s) 'tutorial_taskflow_templates' retrieved from /Users/machine/Velocity_railway/airflow_env/lib/python3.10/site-packages/airflow/example_dags/tutorial_taskflow_templates.py
[2024-12-13T03:18:40.413-0800] {logging_mixin.py:190} INFO - [2024-12-13T03:18:40.412-0800] {dag.py:3239} INFO - Sync 1 DAGs
[2024-12-13T03:18:40.431-0800] {logging_mixin.py:190} INFO - [2024-12-13T03:18:40.431-0800] {dag.py:4180} INFO - Setting next_dagrun for tutorial_taskflow_templates to 2024-12-12 00:00:00+00:00, run_after=2024-12-13 00:00:00+00:00
[2024-12-13T03:18:40.454-0800] {processor.py:208} INFO - Processing /Users/machine/Velocity_railway/airflow_env/lib/python3.10/site-packages/airflow/example_dags/tutorial_taskflow_templates.py took 0.252 seconds
[2024-12-13T03:20:49.096-0800] {processor.py:186} INFO - Started process (PID=84227) to work on /Users/machine/Velocity_railway/airflow_env/lib/python3.10/site-packages/airflow/example_dags/tutorial_taskflow_templates.py
[2024-12-13T03:20:49.097-0800] {processor.py:914} INFO - Processing file /Users/machine/Velocity_railway/airflow_env/lib/python3.10/site-packages/airflow/example_dags/tutorial_taskflow_templates.py for tasks to queue
[2024-12-13T03:20:49.098-0800] {logging_mixin.py:190} INFO - [2024-12-13T03:20:49.098-0800] {dagbag.py:588} INFO - Filling up the DagBag from /Users/machine/Velocity_railway/airflow_env/lib/python3.10/site-packages/airflow/example_dags/tutorial_taskflow_templates.py
[2024-12-13T03:20:49.182-0800] {processor.py:925} INFO - DAG(s) 'tutorial_taskflow_templates' retrieved from /Users/machine/Velocity_railway/airflow_env/lib/python3.10/site-packages/airflow/example_dags/tutorial_taskflow_templates.py
[2024-12-13T03:20:49.281-0800] {logging_mixin.py:190} INFO - [2024-12-13T03:20:49.281-0800] {dag.py:3239} INFO - Sync 1 DAGs
[2024-12-13T03:20:49.299-0800] {logging_mixin.py:190} INFO - [2024-12-13T03:20:49.298-0800] {dag.py:4180} INFO - Setting next_dagrun for tutorial_taskflow_templates to 2024-12-12 00:00:00+00:00, run_after=2024-12-13 00:00:00+00:00
[2024-12-13T03:20:49.314-0800] {processor.py:208} INFO - Processing /Users/machine/Velocity_railway/airflow_env/lib/python3.10/site-packages/airflow/example_dags/tutorial_taskflow_templates.py took 0.224 seconds
[2024-12-13T03:23:10.452-0800] {processor.py:186} INFO - Started process (PID=84702) to work on /Users/machine/Velocity_railway/airflow_env/lib/python3.10/site-packages/airflow/example_dags/tutorial_taskflow_templates.py
[2024-12-13T03:23:10.454-0800] {processor.py:914} INFO - Processing file /Users/machine/Velocity_railway/airflow_env/lib/python3.10/site-packages/airflow/example_dags/tutorial_taskflow_templates.py for tasks to queue
[2024-12-13T03:23:10.456-0800] {logging_mixin.py:190} INFO - [2024-12-13T03:23:10.456-0800] {dagbag.py:588} INFO - Filling up the DagBag from /Users/machine/Velocity_railway/airflow_env/lib/python3.10/site-packages/airflow/example_dags/tutorial_taskflow_templates.py
[2024-12-13T03:23:10.566-0800] {processor.py:925} INFO - DAG(s) 'tutorial_taskflow_templates' retrieved from /Users/machine/Velocity_railway/airflow_env/lib/python3.10/site-packages/airflow/example_dags/tutorial_taskflow_templates.py
[2024-12-13T03:23:10.687-0800] {logging_mixin.py:190} INFO - [2024-12-13T03:23:10.687-0800] {dag.py:3239} INFO - Sync 1 DAGs
[2024-12-13T03:23:10.708-0800] {logging_mixin.py:190} INFO - [2024-12-13T03:23:10.708-0800] {dag.py:4180} INFO - Setting next_dagrun for tutorial_taskflow_templates to 2024-12-12 00:00:00+00:00, run_after=2024-12-13 00:00:00+00:00
[2024-12-13T03:23:10.726-0800] {processor.py:208} INFO - Processing /Users/machine/Velocity_railway/airflow_env/lib/python3.10/site-packages/airflow/example_dags/tutorial_taskflow_templates.py took 0.281 seconds
[2024-12-13T03:25:27.797-0800] {processor.py:186} INFO - Started process (PID=85172) to work on /Users/machine/Velocity_railway/airflow_env/lib/python3.10/site-packages/airflow/example_dags/tutorial_taskflow_templates.py
[2024-12-13T03:25:27.799-0800] {processor.py:914} INFO - Processing file /Users/machine/Velocity_railway/airflow_env/lib/python3.10/site-packages/airflow/example_dags/tutorial_taskflow_templates.py for tasks to queue
[2024-12-13T03:25:27.800-0800] {logging_mixin.py:190} INFO - [2024-12-13T03:25:27.800-0800] {dagbag.py:588} INFO - Filling up the DagBag from /Users/machine/Velocity_railway/airflow_env/lib/python3.10/site-packages/airflow/example_dags/tutorial_taskflow_templates.py
[2024-12-13T03:25:27.896-0800] {processor.py:925} INFO - DAG(s) 'tutorial_taskflow_templates' retrieved from /Users/machine/Velocity_railway/airflow_env/lib/python3.10/site-packages/airflow/example_dags/tutorial_taskflow_templates.py
[2024-12-13T03:25:28.000-0800] {logging_mixin.py:190} INFO - [2024-12-13T03:25:27.999-0800] {dag.py:3239} INFO - Sync 1 DAGs
[2024-12-13T03:25:28.018-0800] {logging_mixin.py:190} INFO - [2024-12-13T03:25:28.018-0800] {dag.py:4180} INFO - Setting next_dagrun for tutorial_taskflow_templates to 2024-12-12 00:00:00+00:00, run_after=2024-12-13 00:00:00+00:00
[2024-12-13T03:25:28.034-0800] {processor.py:208} INFO - Processing /Users/machine/Velocity_railway/airflow_env/lib/python3.10/site-packages/airflow/example_dags/tutorial_taskflow_templates.py took 0.243 seconds
[2024-12-13T03:27:42.343-0800] {processor.py:186} INFO - Started process (PID=85640) to work on /Users/machine/Velocity_railway/airflow_env/lib/python3.10/site-packages/airflow/example_dags/tutorial_taskflow_templates.py
[2024-12-13T03:27:42.344-0800] {processor.py:914} INFO - Processing file /Users/machine/Velocity_railway/airflow_env/lib/python3.10/site-packages/airflow/example_dags/tutorial_taskflow_templates.py for tasks to queue
[2024-12-13T03:27:42.345-0800] {logging_mixin.py:190} INFO - [2024-12-13T03:27:42.345-0800] {dagbag.py:588} INFO - Filling up the DagBag from /Users/machine/Velocity_railway/airflow_env/lib/python3.10/site-packages/airflow/example_dags/tutorial_taskflow_templates.py
[2024-12-13T03:27:42.428-0800] {processor.py:925} INFO - DAG(s) 'tutorial_taskflow_templates' retrieved from /Users/machine/Velocity_railway/airflow_env/lib/python3.10/site-packages/airflow/example_dags/tutorial_taskflow_templates.py
[2024-12-13T03:27:42.528-0800] {logging_mixin.py:190} INFO - [2024-12-13T03:27:42.528-0800] {dag.py:3239} INFO - Sync 1 DAGs
[2024-12-13T03:27:42.547-0800] {logging_mixin.py:190} INFO - [2024-12-13T03:27:42.547-0800] {dag.py:4180} INFO - Setting next_dagrun for tutorial_taskflow_templates to 2024-12-12 00:00:00+00:00, run_after=2024-12-13 00:00:00+00:00
[2024-12-13T03:27:42.564-0800] {processor.py:208} INFO - Processing /Users/machine/Velocity_railway/airflow_env/lib/python3.10/site-packages/airflow/example_dags/tutorial_taskflow_templates.py took 0.227 seconds
[2024-12-13T03:30:00.353-0800] {processor.py:186} INFO - Started process (PID=86090) to work on /Users/machine/Velocity_railway/airflow_env/lib/python3.10/site-packages/airflow/example_dags/tutorial_taskflow_templates.py
[2024-12-13T03:30:00.355-0800] {processor.py:914} INFO - Processing file /Users/machine/Velocity_railway/airflow_env/lib/python3.10/site-packages/airflow/example_dags/tutorial_taskflow_templates.py for tasks to queue
[2024-12-13T03:30:00.356-0800] {logging_mixin.py:190} INFO - [2024-12-13T03:30:00.356-0800] {dagbag.py:588} INFO - Filling up the DagBag from /Users/machine/Velocity_railway/airflow_env/lib/python3.10/site-packages/airflow/example_dags/tutorial_taskflow_templates.py
[2024-12-13T03:30:00.446-0800] {processor.py:925} INFO - DAG(s) 'tutorial_taskflow_templates' retrieved from /Users/machine/Velocity_railway/airflow_env/lib/python3.10/site-packages/airflow/example_dags/tutorial_taskflow_templates.py
[2024-12-13T03:30:00.561-0800] {logging_mixin.py:190} INFO - [2024-12-13T03:30:00.561-0800] {dag.py:3239} INFO - Sync 1 DAGs
[2024-12-13T03:30:00.582-0800] {logging_mixin.py:190} INFO - [2024-12-13T03:30:00.582-0800] {dag.py:4180} INFO - Setting next_dagrun for tutorial_taskflow_templates to 2024-12-12 00:00:00+00:00, run_after=2024-12-13 00:00:00+00:00
[2024-12-13T03:30:00.601-0800] {processor.py:208} INFO - Processing /Users/machine/Velocity_railway/airflow_env/lib/python3.10/site-packages/airflow/example_dags/tutorial_taskflow_templates.py took 0.253 seconds
[2024-12-13T03:32:24.542-0800] {processor.py:186} INFO - Started process (PID=86588) to work on /Users/machine/Velocity_railway/airflow_env/lib/python3.10/site-packages/airflow/example_dags/tutorial_taskflow_templates.py
[2024-12-13T03:32:24.547-0800] {processor.py:914} INFO - Processing file /Users/machine/Velocity_railway/airflow_env/lib/python3.10/site-packages/airflow/example_dags/tutorial_taskflow_templates.py for tasks to queue
[2024-12-13T03:32:24.549-0800] {logging_mixin.py:190} INFO - [2024-12-13T03:32:24.548-0800] {dagbag.py:588} INFO - Filling up the DagBag from /Users/machine/Velocity_railway/airflow_env/lib/python3.10/site-packages/airflow/example_dags/tutorial_taskflow_templates.py
[2024-12-13T03:32:24.639-0800] {processor.py:925} INFO - DAG(s) 'tutorial_taskflow_templates' retrieved from /Users/machine/Velocity_railway/airflow_env/lib/python3.10/site-packages/airflow/example_dags/tutorial_taskflow_templates.py
[2024-12-13T03:32:24.744-0800] {logging_mixin.py:190} INFO - [2024-12-13T03:32:24.743-0800] {dag.py:3239} INFO - Sync 1 DAGs
[2024-12-13T03:32:24.762-0800] {logging_mixin.py:190} INFO - [2024-12-13T03:32:24.762-0800] {dag.py:4180} INFO - Setting next_dagrun for tutorial_taskflow_templates to 2024-12-12 00:00:00+00:00, run_after=2024-12-13 00:00:00+00:00
[2024-12-13T03:32:24.778-0800] {processor.py:208} INFO - Processing /Users/machine/Velocity_railway/airflow_env/lib/python3.10/site-packages/airflow/example_dags/tutorial_taskflow_templates.py took 0.242 seconds
[2024-12-13T03:34:49.909-0800] {processor.py:186} INFO - Started process (PID=87117) to work on /Users/machine/Velocity_railway/airflow_env/lib/python3.10/site-packages/airflow/example_dags/tutorial_taskflow_templates.py
[2024-12-13T03:34:49.913-0800] {processor.py:914} INFO - Processing file /Users/machine/Velocity_railway/airflow_env/lib/python3.10/site-packages/airflow/example_dags/tutorial_taskflow_templates.py for tasks to queue
[2024-12-13T03:34:49.915-0800] {logging_mixin.py:190} INFO - [2024-12-13T03:34:49.915-0800] {dagbag.py:588} INFO - Filling up the DagBag from /Users/machine/Velocity_railway/airflow_env/lib/python3.10/site-packages/airflow/example_dags/tutorial_taskflow_templates.py
[2024-12-13T03:34:50.068-0800] {processor.py:925} INFO - DAG(s) 'tutorial_taskflow_templates' retrieved from /Users/machine/Velocity_railway/airflow_env/lib/python3.10/site-packages/airflow/example_dags/tutorial_taskflow_templates.py
[2024-12-13T03:34:50.216-0800] {logging_mixin.py:190} INFO - [2024-12-13T03:34:50.216-0800] {dag.py:3239} INFO - Sync 1 DAGs
[2024-12-13T03:34:50.242-0800] {logging_mixin.py:190} INFO - [2024-12-13T03:34:50.242-0800] {dag.py:4180} INFO - Setting next_dagrun for tutorial_taskflow_templates to 2024-12-12 00:00:00+00:00, run_after=2024-12-13 00:00:00+00:00
[2024-12-13T03:34:50.267-0800] {processor.py:208} INFO - Processing /Users/machine/Velocity_railway/airflow_env/lib/python3.10/site-packages/airflow/example_dags/tutorial_taskflow_templates.py took 0.366 seconds
[2024-12-13T03:37:18.503-0800] {processor.py:186} INFO - Started process (PID=87676) to work on /Users/machine/Velocity_railway/airflow_env/lib/python3.10/site-packages/airflow/example_dags/tutorial_taskflow_templates.py
[2024-12-13T03:37:18.505-0800] {processor.py:914} INFO - Processing file /Users/machine/Velocity_railway/airflow_env/lib/python3.10/site-packages/airflow/example_dags/tutorial_taskflow_templates.py for tasks to queue
[2024-12-13T03:37:18.506-0800] {logging_mixin.py:190} INFO - [2024-12-13T03:37:18.506-0800] {dagbag.py:588} INFO - Filling up the DagBag from /Users/machine/Velocity_railway/airflow_env/lib/python3.10/site-packages/airflow/example_dags/tutorial_taskflow_templates.py
[2024-12-13T03:37:18.641-0800] {processor.py:925} INFO - DAG(s) 'tutorial_taskflow_templates' retrieved from /Users/machine/Velocity_railway/airflow_env/lib/python3.10/site-packages/airflow/example_dags/tutorial_taskflow_templates.py
[2024-12-13T03:37:18.770-0800] {logging_mixin.py:190} INFO - [2024-12-13T03:37:18.770-0800] {dag.py:3239} INFO - Sync 1 DAGs
[2024-12-13T03:37:18.793-0800] {logging_mixin.py:190} INFO - [2024-12-13T03:37:18.793-0800] {dag.py:4180} INFO - Setting next_dagrun for tutorial_taskflow_templates to 2024-12-12 00:00:00+00:00, run_after=2024-12-13 00:00:00+00:00
[2024-12-13T03:37:18.812-0800] {processor.py:208} INFO - Processing /Users/machine/Velocity_railway/airflow_env/lib/python3.10/site-packages/airflow/example_dags/tutorial_taskflow_templates.py took 0.317 seconds
[2024-12-13T03:39:43.754-0800] {processor.py:186} INFO - Started process (PID=88158) to work on /Users/machine/Velocity_railway/airflow_env/lib/python3.10/site-packages/airflow/example_dags/tutorial_taskflow_templates.py
[2024-12-13T03:39:43.756-0800] {processor.py:914} INFO - Processing file /Users/machine/Velocity_railway/airflow_env/lib/python3.10/site-packages/airflow/example_dags/tutorial_taskflow_templates.py for tasks to queue
[2024-12-13T03:39:43.758-0800] {logging_mixin.py:190} INFO - [2024-12-13T03:39:43.758-0800] {dagbag.py:588} INFO - Filling up the DagBag from /Users/machine/Velocity_railway/airflow_env/lib/python3.10/site-packages/airflow/example_dags/tutorial_taskflow_templates.py
[2024-12-13T03:39:43.865-0800] {processor.py:925} INFO - DAG(s) 'tutorial_taskflow_templates' retrieved from /Users/machine/Velocity_railway/airflow_env/lib/python3.10/site-packages/airflow/example_dags/tutorial_taskflow_templates.py
[2024-12-13T03:39:43.975-0800] {logging_mixin.py:190} INFO - [2024-12-13T03:39:43.975-0800] {dag.py:3239} INFO - Sync 1 DAGs
[2024-12-13T03:39:43.993-0800] {logging_mixin.py:190} INFO - [2024-12-13T03:39:43.993-0800] {dag.py:4180} INFO - Setting next_dagrun for tutorial_taskflow_templates to 2024-12-12 00:00:00+00:00, run_after=2024-12-13 00:00:00+00:00
[2024-12-13T03:39:44.010-0800] {processor.py:208} INFO - Processing /Users/machine/Velocity_railway/airflow_env/lib/python3.10/site-packages/airflow/example_dags/tutorial_taskflow_templates.py took 0.262 seconds
[2024-12-13T03:41:56.774-0800] {processor.py:186} INFO - Started process (PID=88622) to work on /Users/machine/Velocity_railway/airflow_env/lib/python3.10/site-packages/airflow/example_dags/tutorial_taskflow_templates.py
[2024-12-13T03:41:56.776-0800] {processor.py:914} INFO - Processing file /Users/machine/Velocity_railway/airflow_env/lib/python3.10/site-packages/airflow/example_dags/tutorial_taskflow_templates.py for tasks to queue
[2024-12-13T03:41:56.777-0800] {logging_mixin.py:190} INFO - [2024-12-13T03:41:56.777-0800] {dagbag.py:588} INFO - Filling up the DagBag from /Users/machine/Velocity_railway/airflow_env/lib/python3.10/site-packages/airflow/example_dags/tutorial_taskflow_templates.py
[2024-12-13T03:41:56.859-0800] {processor.py:925} INFO - DAG(s) 'tutorial_taskflow_templates' retrieved from /Users/machine/Velocity_railway/airflow_env/lib/python3.10/site-packages/airflow/example_dags/tutorial_taskflow_templates.py
[2024-12-13T03:41:56.956-0800] {logging_mixin.py:190} INFO - [2024-12-13T03:41:56.955-0800] {dag.py:3239} INFO - Sync 1 DAGs
[2024-12-13T03:41:56.973-0800] {logging_mixin.py:190} INFO - [2024-12-13T03:41:56.973-0800] {dag.py:4180} INFO - Setting next_dagrun for tutorial_taskflow_templates to 2024-12-12 00:00:00+00:00, run_after=2024-12-13 00:00:00+00:00
[2024-12-13T03:41:56.989-0800] {processor.py:208} INFO - Processing /Users/machine/Velocity_railway/airflow_env/lib/python3.10/site-packages/airflow/example_dags/tutorial_taskflow_templates.py took 0.220 seconds
[2024-12-13T03:44:09.108-0800] {processor.py:186} INFO - Started process (PID=89070) to work on /Users/machine/Velocity_railway/airflow_env/lib/python3.10/site-packages/airflow/example_dags/tutorial_taskflow_templates.py
[2024-12-13T03:44:09.111-0800] {processor.py:914} INFO - Processing file /Users/machine/Velocity_railway/airflow_env/lib/python3.10/site-packages/airflow/example_dags/tutorial_taskflow_templates.py for tasks to queue
[2024-12-13T03:44:09.112-0800] {logging_mixin.py:190} INFO - [2024-12-13T03:44:09.112-0800] {dagbag.py:588} INFO - Filling up the DagBag from /Users/machine/Velocity_railway/airflow_env/lib/python3.10/site-packages/airflow/example_dags/tutorial_taskflow_templates.py
[2024-12-13T03:44:09.211-0800] {processor.py:925} INFO - DAG(s) 'tutorial_taskflow_templates' retrieved from /Users/machine/Velocity_railway/airflow_env/lib/python3.10/site-packages/airflow/example_dags/tutorial_taskflow_templates.py
[2024-12-13T03:44:09.315-0800] {logging_mixin.py:190} INFO - [2024-12-13T03:44:09.315-0800] {dag.py:3239} INFO - Sync 1 DAGs
[2024-12-13T03:44:09.334-0800] {logging_mixin.py:190} INFO - [2024-12-13T03:44:09.334-0800] {dag.py:4180} INFO - Setting next_dagrun for tutorial_taskflow_templates to 2024-12-12 00:00:00+00:00, run_after=2024-12-13 00:00:00+00:00
[2024-12-13T03:44:09.351-0800] {processor.py:208} INFO - Processing /Users/machine/Velocity_railway/airflow_env/lib/python3.10/site-packages/airflow/example_dags/tutorial_taskflow_templates.py took 0.248 seconds
[2024-12-13T03:46:25.330-0800] {processor.py:186} INFO - Started process (PID=89535) to work on /Users/machine/Velocity_railway/airflow_env/lib/python3.10/site-packages/airflow/example_dags/tutorial_taskflow_templates.py
[2024-12-13T03:46:25.331-0800] {processor.py:914} INFO - Processing file /Users/machine/Velocity_railway/airflow_env/lib/python3.10/site-packages/airflow/example_dags/tutorial_taskflow_templates.py for tasks to queue
[2024-12-13T03:46:25.332-0800] {logging_mixin.py:190} INFO - [2024-12-13T03:46:25.332-0800] {dagbag.py:588} INFO - Filling up the DagBag from /Users/machine/Velocity_railway/airflow_env/lib/python3.10/site-packages/airflow/example_dags/tutorial_taskflow_templates.py
[2024-12-13T03:46:25.423-0800] {processor.py:925} INFO - DAG(s) 'tutorial_taskflow_templates' retrieved from /Users/machine/Velocity_railway/airflow_env/lib/python3.10/site-packages/airflow/example_dags/tutorial_taskflow_templates.py
[2024-12-13T03:46:25.551-0800] {logging_mixin.py:190} INFO - [2024-12-13T03:46:25.550-0800] {dag.py:3239} INFO - Sync 1 DAGs
[2024-12-13T03:46:25.568-0800] {logging_mixin.py:190} INFO - [2024-12-13T03:46:25.568-0800] {dag.py:4180} INFO - Setting next_dagrun for tutorial_taskflow_templates to 2024-12-12 00:00:00+00:00, run_after=2024-12-13 00:00:00+00:00
[2024-12-13T03:46:25.583-0800] {processor.py:208} INFO - Processing /Users/machine/Velocity_railway/airflow_env/lib/python3.10/site-packages/airflow/example_dags/tutorial_taskflow_templates.py took 0.259 seconds
[2024-12-13T03:48:38.018-0800] {processor.py:186} INFO - Started process (PID=89996) to work on /Users/machine/Velocity_railway/airflow_env/lib/python3.10/site-packages/airflow/example_dags/tutorial_taskflow_templates.py
[2024-12-13T03:48:38.021-0800] {processor.py:914} INFO - Processing file /Users/machine/Velocity_railway/airflow_env/lib/python3.10/site-packages/airflow/example_dags/tutorial_taskflow_templates.py for tasks to queue
[2024-12-13T03:48:38.022-0800] {logging_mixin.py:190} INFO - [2024-12-13T03:48:38.022-0800] {dagbag.py:588} INFO - Filling up the DagBag from /Users/machine/Velocity_railway/airflow_env/lib/python3.10/site-packages/airflow/example_dags/tutorial_taskflow_templates.py
[2024-12-13T03:48:38.112-0800] {processor.py:925} INFO - DAG(s) 'tutorial_taskflow_templates' retrieved from /Users/machine/Velocity_railway/airflow_env/lib/python3.10/site-packages/airflow/example_dags/tutorial_taskflow_templates.py
[2024-12-13T03:48:38.211-0800] {logging_mixin.py:190} INFO - [2024-12-13T03:48:38.210-0800] {dag.py:3239} INFO - Sync 1 DAGs
[2024-12-13T03:48:38.230-0800] {logging_mixin.py:190} INFO - [2024-12-13T03:48:38.230-0800] {dag.py:4180} INFO - Setting next_dagrun for tutorial_taskflow_templates to 2024-12-12 00:00:00+00:00, run_after=2024-12-13 00:00:00+00:00
[2024-12-13T03:48:38.248-0800] {processor.py:208} INFO - Processing /Users/machine/Velocity_railway/airflow_env/lib/python3.10/site-packages/airflow/example_dags/tutorial_taskflow_templates.py took 0.235 seconds
[2024-12-13T03:50:56.067-0800] {processor.py:186} INFO - Started process (PID=90486) to work on /Users/machine/Velocity_railway/airflow_env/lib/python3.10/site-packages/airflow/example_dags/tutorial_taskflow_templates.py
[2024-12-13T03:50:56.069-0800] {processor.py:914} INFO - Processing file /Users/machine/Velocity_railway/airflow_env/lib/python3.10/site-packages/airflow/example_dags/tutorial_taskflow_templates.py for tasks to queue
[2024-12-13T03:50:56.070-0800] {logging_mixin.py:190} INFO - [2024-12-13T03:50:56.070-0800] {dagbag.py:588} INFO - Filling up the DagBag from /Users/machine/Velocity_railway/airflow_env/lib/python3.10/site-packages/airflow/example_dags/tutorial_taskflow_templates.py
[2024-12-13T03:50:56.157-0800] {processor.py:925} INFO - DAG(s) 'tutorial_taskflow_templates' retrieved from /Users/machine/Velocity_railway/airflow_env/lib/python3.10/site-packages/airflow/example_dags/tutorial_taskflow_templates.py
[2024-12-13T03:50:56.255-0800] {logging_mixin.py:190} INFO - [2024-12-13T03:50:56.255-0800] {dag.py:3239} INFO - Sync 1 DAGs
[2024-12-13T03:50:56.273-0800] {logging_mixin.py:190} INFO - [2024-12-13T03:50:56.273-0800] {dag.py:4180} INFO - Setting next_dagrun for tutorial_taskflow_templates to 2024-12-12 00:00:00+00:00, run_after=2024-12-13 00:00:00+00:00
[2024-12-13T03:50:56.289-0800] {processor.py:208} INFO - Processing /Users/machine/Velocity_railway/airflow_env/lib/python3.10/site-packages/airflow/example_dags/tutorial_taskflow_templates.py took 0.228 seconds
[2024-12-13T03:53:14.985-0800] {processor.py:186} INFO - Started process (PID=90950) to work on /Users/machine/Velocity_railway/airflow_env/lib/python3.10/site-packages/airflow/example_dags/tutorial_taskflow_templates.py
[2024-12-13T03:53:14.987-0800] {processor.py:914} INFO - Processing file /Users/machine/Velocity_railway/airflow_env/lib/python3.10/site-packages/airflow/example_dags/tutorial_taskflow_templates.py for tasks to queue
[2024-12-13T03:53:14.989-0800] {logging_mixin.py:190} INFO - [2024-12-13T03:53:14.989-0800] {dagbag.py:588} INFO - Filling up the DagBag from /Users/machine/Velocity_railway/airflow_env/lib/python3.10/site-packages/airflow/example_dags/tutorial_taskflow_templates.py
[2024-12-13T03:53:15.108-0800] {processor.py:925} INFO - DAG(s) 'tutorial_taskflow_templates' retrieved from /Users/machine/Velocity_railway/airflow_env/lib/python3.10/site-packages/airflow/example_dags/tutorial_taskflow_templates.py
[2024-12-13T03:53:15.221-0800] {logging_mixin.py:190} INFO - [2024-12-13T03:53:15.221-0800] {dag.py:3239} INFO - Sync 1 DAGs
[2024-12-13T03:53:15.239-0800] {logging_mixin.py:190} INFO - [2024-12-13T03:53:15.239-0800] {dag.py:4180} INFO - Setting next_dagrun for tutorial_taskflow_templates to 2024-12-12 00:00:00+00:00, run_after=2024-12-13 00:00:00+00:00
[2024-12-13T03:53:15.258-0800] {processor.py:208} INFO - Processing /Users/machine/Velocity_railway/airflow_env/lib/python3.10/site-packages/airflow/example_dags/tutorial_taskflow_templates.py took 0.280 seconds
[2024-12-13T03:55:37.079-0800] {processor.py:186} INFO - Started process (PID=91490) to work on /Users/machine/Velocity_railway/airflow_env/lib/python3.10/site-packages/airflow/example_dags/tutorial_taskflow_templates.py
[2024-12-13T03:55:37.081-0800] {processor.py:914} INFO - Processing file /Users/machine/Velocity_railway/airflow_env/lib/python3.10/site-packages/airflow/example_dags/tutorial_taskflow_templates.py for tasks to queue
[2024-12-13T03:55:37.082-0800] {logging_mixin.py:190} INFO - [2024-12-13T03:55:37.082-0800] {dagbag.py:588} INFO - Filling up the DagBag from /Users/machine/Velocity_railway/airflow_env/lib/python3.10/site-packages/airflow/example_dags/tutorial_taskflow_templates.py
[2024-12-13T03:55:37.173-0800] {processor.py:925} INFO - DAG(s) 'tutorial_taskflow_templates' retrieved from /Users/machine/Velocity_railway/airflow_env/lib/python3.10/site-packages/airflow/example_dags/tutorial_taskflow_templates.py
[2024-12-13T03:55:37.276-0800] {logging_mixin.py:190} INFO - [2024-12-13T03:55:37.275-0800] {dag.py:3239} INFO - Sync 1 DAGs
[2024-12-13T03:55:37.294-0800] {logging_mixin.py:190} INFO - [2024-12-13T03:55:37.294-0800] {dag.py:4180} INFO - Setting next_dagrun for tutorial_taskflow_templates to 2024-12-12 00:00:00+00:00, run_after=2024-12-13 00:00:00+00:00
[2024-12-13T03:55:37.310-0800] {processor.py:208} INFO - Processing /Users/machine/Velocity_railway/airflow_env/lib/python3.10/site-packages/airflow/example_dags/tutorial_taskflow_templates.py took 0.237 seconds
[2024-12-13T03:58:08.674-0800] {processor.py:186} INFO - Started process (PID=92150) to work on /Users/machine/Velocity_railway/airflow_env/lib/python3.10/site-packages/airflow/example_dags/tutorial_taskflow_templates.py
[2024-12-13T03:58:08.676-0800] {processor.py:914} INFO - Processing file /Users/machine/Velocity_railway/airflow_env/lib/python3.10/site-packages/airflow/example_dags/tutorial_taskflow_templates.py for tasks to queue
[2024-12-13T03:58:08.677-0800] {logging_mixin.py:190} INFO - [2024-12-13T03:58:08.677-0800] {dagbag.py:588} INFO - Filling up the DagBag from /Users/machine/Velocity_railway/airflow_env/lib/python3.10/site-packages/airflow/example_dags/tutorial_taskflow_templates.py
[2024-12-13T03:58:08.768-0800] {processor.py:925} INFO - DAG(s) 'tutorial_taskflow_templates' retrieved from /Users/machine/Velocity_railway/airflow_env/lib/python3.10/site-packages/airflow/example_dags/tutorial_taskflow_templates.py
[2024-12-13T03:58:08.880-0800] {logging_mixin.py:190} INFO - [2024-12-13T03:58:08.880-0800] {dag.py:3239} INFO - Sync 1 DAGs
[2024-12-13T03:58:08.899-0800] {logging_mixin.py:190} INFO - [2024-12-13T03:58:08.899-0800] {dag.py:4180} INFO - Setting next_dagrun for tutorial_taskflow_templates to 2024-12-12 00:00:00+00:00, run_after=2024-12-13 00:00:00+00:00
[2024-12-13T03:58:08.919-0800] {processor.py:208} INFO - Processing /Users/machine/Velocity_railway/airflow_env/lib/python3.10/site-packages/airflow/example_dags/tutorial_taskflow_templates.py took 0.251 seconds
[2024-12-13T04:00:32.726-0800] {processor.py:186} INFO - Started process (PID=92766) to work on /Users/machine/Velocity_railway/airflow_env/lib/python3.10/site-packages/airflow/example_dags/tutorial_taskflow_templates.py
[2024-12-13T04:00:32.728-0800] {processor.py:914} INFO - Processing file /Users/machine/Velocity_railway/airflow_env/lib/python3.10/site-packages/airflow/example_dags/tutorial_taskflow_templates.py for tasks to queue
[2024-12-13T04:00:32.730-0800] {logging_mixin.py:190} INFO - [2024-12-13T04:00:32.729-0800] {dagbag.py:588} INFO - Filling up the DagBag from /Users/machine/Velocity_railway/airflow_env/lib/python3.10/site-packages/airflow/example_dags/tutorial_taskflow_templates.py
[2024-12-13T04:00:32.827-0800] {processor.py:925} INFO - DAG(s) 'tutorial_taskflow_templates' retrieved from /Users/machine/Velocity_railway/airflow_env/lib/python3.10/site-packages/airflow/example_dags/tutorial_taskflow_templates.py
[2024-12-13T04:00:32.938-0800] {logging_mixin.py:190} INFO - [2024-12-13T04:00:32.938-0800] {dag.py:3239} INFO - Sync 1 DAGs
[2024-12-13T04:00:32.957-0800] {logging_mixin.py:190} INFO - [2024-12-13T04:00:32.956-0800] {dag.py:4180} INFO - Setting next_dagrun for tutorial_taskflow_templates to 2024-12-12 00:00:00+00:00, run_after=2024-12-13 00:00:00+00:00
[2024-12-13T04:00:32.974-0800] {processor.py:208} INFO - Processing /Users/machine/Velocity_railway/airflow_env/lib/python3.10/site-packages/airflow/example_dags/tutorial_taskflow_templates.py took 0.253 seconds
[2024-12-13T05:51:48.224-0800] {processor.py:186} INFO - Started process (PID=93649) to work on /Users/machine/Velocity_railway/airflow_env/lib/python3.10/site-packages/airflow/example_dags/tutorial_taskflow_templates.py
[2024-12-13T05:51:48.230-0800] {processor.py:914} INFO - Processing file /Users/machine/Velocity_railway/airflow_env/lib/python3.10/site-packages/airflow/example_dags/tutorial_taskflow_templates.py for tasks to queue
[2024-12-13T05:51:48.234-0800] {logging_mixin.py:190} INFO - [2024-12-13T05:51:48.234-0800] {dagbag.py:588} INFO - Filling up the DagBag from /Users/machine/Velocity_railway/airflow_env/lib/python3.10/site-packages/airflow/example_dags/tutorial_taskflow_templates.py
[2024-12-13T05:51:48.465-0800] {processor.py:925} INFO - DAG(s) 'tutorial_taskflow_templates' retrieved from /Users/machine/Velocity_railway/airflow_env/lib/python3.10/site-packages/airflow/example_dags/tutorial_taskflow_templates.py
[2024-12-13T05:51:48.679-0800] {logging_mixin.py:190} INFO - [2024-12-13T05:51:48.678-0800] {dag.py:3239} INFO - Sync 1 DAGs
[2024-12-13T05:51:48.708-0800] {logging_mixin.py:190} INFO - [2024-12-13T05:51:48.708-0800] {dag.py:4180} INFO - Setting next_dagrun for tutorial_taskflow_templates to 2024-12-12 00:00:00+00:00, run_after=2024-12-13 00:00:00+00:00
[2024-12-13T05:51:48.734-0800] {processor.py:208} INFO - Processing /Users/machine/Velocity_railway/airflow_env/lib/python3.10/site-packages/airflow/example_dags/tutorial_taskflow_templates.py took 0.520 seconds
