[2024-12-13T03:08:32.098-0800] {processor.py:186} INFO - Started process (PID=81747) to work on /Users/machine/Velocity_railway/airflow_env/lib/python3.10/site-packages/airflow/example_dags/tutorial_objectstorage.py
[2024-12-13T03:08:32.099-0800] {processor.py:914} INFO - Processing file /Users/machine/Velocity_railway/airflow_env/lib/python3.10/site-packages/airflow/example_dags/tutorial_objectstorage.py for tasks to queue
[2024-12-13T03:08:32.100-0800] {logging_mixin.py:190} INFO - [2024-12-13T03:08:32.100-0800] {dagbag.py:588} INFO - Filling up the DagBag from /Users/machine/Velocity_railway/airflow_env/lib/python3.10/site-packages/airflow/example_dags/tutorial_objectstorage.py
[2024-12-13T03:08:32.182-0800] {processor.py:925} INFO - DAG(s) 'tutorial_objectstorage' retrieved from /Users/machine/Velocity_railway/airflow_env/lib/python3.10/site-packages/airflow/example_dags/tutorial_objectstorage.py
[2024-12-13T03:08:32.360-0800] {logging_mixin.py:190} INFO - [2024-12-13T03:08:32.359-0800] {override.py:1911} INFO - Created Permission View: can delete on DAG:tutorial_objectstorage
[2024-12-13T03:08:32.368-0800] {logging_mixin.py:190} INFO - [2024-12-13T03:08:32.368-0800] {override.py:1911} INFO - Created Permission View: can read on DAG:tutorial_objectstorage
[2024-12-13T03:08:32.374-0800] {logging_mixin.py:190} INFO - [2024-12-13T03:08:32.374-0800] {override.py:1911} INFO - Created Permission View: can edit on DAG:tutorial_objectstorage
[2024-12-13T03:08:32.382-0800] {logging_mixin.py:190} INFO - [2024-12-13T03:08:32.381-0800] {override.py:1911} INFO - Created Permission View: menu access on DAG Run:tutorial_objectstorage
[2024-12-13T03:08:32.387-0800] {logging_mixin.py:190} INFO - [2024-12-13T03:08:32.387-0800] {override.py:1911} INFO - Created Permission View: can create on DAG Run:tutorial_objectstorage
[2024-12-13T03:08:32.393-0800] {logging_mixin.py:190} INFO - [2024-12-13T03:08:32.393-0800] {override.py:1911} INFO - Created Permission View: can delete on DAG Run:tutorial_objectstorage
[2024-12-13T03:08:32.399-0800] {logging_mixin.py:190} INFO - [2024-12-13T03:08:32.399-0800] {override.py:1911} INFO - Created Permission View: can read on DAG Run:tutorial_objectstorage
[2024-12-13T03:08:32.399-0800] {logging_mixin.py:190} INFO - [2024-12-13T03:08:32.399-0800] {dag.py:3239} INFO - Sync 1 DAGs
[2024-12-13T03:08:32.410-0800] {logging_mixin.py:190} INFO - [2024-12-13T03:08:32.410-0800] {dag.py:3262} INFO - Creating ORM DAG for tutorial_objectstorage
[2024-12-13T03:08:32.411-0800] {logging_mixin.py:190} INFO - [2024-12-13T03:08:32.411-0800] {dag.py:4180} INFO - Setting next_dagrun for tutorial_objectstorage to None, run_after=None
[2024-12-13T03:08:32.426-0800] {processor.py:208} INFO - Processing /Users/machine/Velocity_railway/airflow_env/lib/python3.10/site-packages/airflow/example_dags/tutorial_objectstorage.py took 0.333 seconds
[2024-12-13T03:11:33.231-0800] {processor.py:186} INFO - Started process (PID=82345) to work on /Users/machine/Velocity_railway/airflow_env/lib/python3.10/site-packages/airflow/example_dags/tutorial_objectstorage.py
[2024-12-13T03:11:33.233-0800] {processor.py:914} INFO - Processing file /Users/machine/Velocity_railway/airflow_env/lib/python3.10/site-packages/airflow/example_dags/tutorial_objectstorage.py for tasks to queue
[2024-12-13T03:11:33.234-0800] {logging_mixin.py:190} INFO - [2024-12-13T03:11:33.234-0800] {dagbag.py:588} INFO - Filling up the DagBag from /Users/machine/Velocity_railway/airflow_env/lib/python3.10/site-packages/airflow/example_dags/tutorial_objectstorage.py
[2024-12-13T03:11:33.323-0800] {processor.py:925} INFO - DAG(s) 'tutorial_objectstorage' retrieved from /Users/machine/Velocity_railway/airflow_env/lib/python3.10/site-packages/airflow/example_dags/tutorial_objectstorage.py
[2024-12-13T03:11:33.436-0800] {logging_mixin.py:190} INFO - [2024-12-13T03:11:33.435-0800] {dag.py:3239} INFO - Sync 1 DAGs
[2024-12-13T03:11:33.448-0800] {logging_mixin.py:190} INFO - [2024-12-13T03:11:33.448-0800] {dag.py:4180} INFO - Setting next_dagrun for tutorial_objectstorage to None, run_after=None
[2024-12-13T03:11:33.467-0800] {processor.py:208} INFO - Processing /Users/machine/Velocity_railway/airflow_env/lib/python3.10/site-packages/airflow/example_dags/tutorial_objectstorage.py took 0.242 seconds
[2024-12-13T03:14:08.455-0800] {processor.py:186} INFO - Started process (PID=82834) to work on /Users/machine/Velocity_railway/airflow_env/lib/python3.10/site-packages/airflow/example_dags/tutorial_objectstorage.py
[2024-12-13T03:14:08.457-0800] {processor.py:914} INFO - Processing file /Users/machine/Velocity_railway/airflow_env/lib/python3.10/site-packages/airflow/example_dags/tutorial_objectstorage.py for tasks to queue
[2024-12-13T03:14:08.459-0800] {logging_mixin.py:190} INFO - [2024-12-13T03:14:08.458-0800] {dagbag.py:588} INFO - Filling up the DagBag from /Users/machine/Velocity_railway/airflow_env/lib/python3.10/site-packages/airflow/example_dags/tutorial_objectstorage.py
[2024-12-13T03:14:08.548-0800] {processor.py:925} INFO - DAG(s) 'tutorial_objectstorage' retrieved from /Users/machine/Velocity_railway/airflow_env/lib/python3.10/site-packages/airflow/example_dags/tutorial_objectstorage.py
[2024-12-13T03:14:08.663-0800] {logging_mixin.py:190} INFO - [2024-12-13T03:14:08.662-0800] {dag.py:3239} INFO - Sync 1 DAGs
[2024-12-13T03:14:08.675-0800] {logging_mixin.py:190} INFO - [2024-12-13T03:14:08.674-0800] {dag.py:4180} INFO - Setting next_dagrun for tutorial_objectstorage to None, run_after=None
[2024-12-13T03:14:08.693-0800] {processor.py:208} INFO - Processing /Users/machine/Velocity_railway/airflow_env/lib/python3.10/site-packages/airflow/example_dags/tutorial_objectstorage.py took 0.244 seconds
[2024-12-13T03:16:31.594-0800] {processor.py:186} INFO - Started process (PID=83330) to work on /Users/machine/Velocity_railway/airflow_env/lib/python3.10/site-packages/airflow/example_dags/tutorial_objectstorage.py
[2024-12-13T03:16:31.596-0800] {processor.py:914} INFO - Processing file /Users/machine/Velocity_railway/airflow_env/lib/python3.10/site-packages/airflow/example_dags/tutorial_objectstorage.py for tasks to queue
[2024-12-13T03:16:31.597-0800] {logging_mixin.py:190} INFO - [2024-12-13T03:16:31.597-0800] {dagbag.py:588} INFO - Filling up the DagBag from /Users/machine/Velocity_railway/airflow_env/lib/python3.10/site-packages/airflow/example_dags/tutorial_objectstorage.py
[2024-12-13T03:16:31.681-0800] {processor.py:925} INFO - DAG(s) 'tutorial_objectstorage' retrieved from /Users/machine/Velocity_railway/airflow_env/lib/python3.10/site-packages/airflow/example_dags/tutorial_objectstorage.py
[2024-12-13T03:16:31.786-0800] {logging_mixin.py:190} INFO - [2024-12-13T03:16:31.786-0800] {dag.py:3239} INFO - Sync 1 DAGs
[2024-12-13T03:16:31.796-0800] {logging_mixin.py:190} INFO - [2024-12-13T03:16:31.796-0800] {dag.py:4180} INFO - Setting next_dagrun for tutorial_objectstorage to None, run_after=None
[2024-12-13T03:16:31.814-0800] {processor.py:208} INFO - Processing /Users/machine/Velocity_railway/airflow_env/lib/python3.10/site-packages/airflow/example_dags/tutorial_objectstorage.py took 0.224 seconds
[2024-12-13T03:18:49.168-0800] {processor.py:186} INFO - Started process (PID=83794) to work on /Users/machine/Velocity_railway/airflow_env/lib/python3.10/site-packages/airflow/example_dags/tutorial_objectstorage.py
[2024-12-13T03:18:49.170-0800] {processor.py:914} INFO - Processing file /Users/machine/Velocity_railway/airflow_env/lib/python3.10/site-packages/airflow/example_dags/tutorial_objectstorage.py for tasks to queue
[2024-12-13T03:18:49.172-0800] {logging_mixin.py:190} INFO - [2024-12-13T03:18:49.171-0800] {dagbag.py:588} INFO - Filling up the DagBag from /Users/machine/Velocity_railway/airflow_env/lib/python3.10/site-packages/airflow/example_dags/tutorial_objectstorage.py
[2024-12-13T03:18:49.258-0800] {processor.py:925} INFO - DAG(s) 'tutorial_objectstorage' retrieved from /Users/machine/Velocity_railway/airflow_env/lib/python3.10/site-packages/airflow/example_dags/tutorial_objectstorage.py
[2024-12-13T03:18:49.365-0800] {logging_mixin.py:190} INFO - [2024-12-13T03:18:49.364-0800] {dag.py:3239} INFO - Sync 1 DAGs
[2024-12-13T03:18:49.376-0800] {logging_mixin.py:190} INFO - [2024-12-13T03:18:49.376-0800] {dag.py:4180} INFO - Setting next_dagrun for tutorial_objectstorage to None, run_after=None
[2024-12-13T03:18:49.395-0800] {processor.py:208} INFO - Processing /Users/machine/Velocity_railway/airflow_env/lib/python3.10/site-packages/airflow/example_dags/tutorial_objectstorage.py took 0.233 seconds
[2024-12-13T03:20:57.685-0800] {processor.py:186} INFO - Started process (PID=84252) to work on /Users/machine/Velocity_railway/airflow_env/lib/python3.10/site-packages/airflow/example_dags/tutorial_objectstorage.py
[2024-12-13T03:20:57.687-0800] {processor.py:914} INFO - Processing file /Users/machine/Velocity_railway/airflow_env/lib/python3.10/site-packages/airflow/example_dags/tutorial_objectstorage.py for tasks to queue
[2024-12-13T03:20:57.688-0800] {logging_mixin.py:190} INFO - [2024-12-13T03:20:57.688-0800] {dagbag.py:588} INFO - Filling up the DagBag from /Users/machine/Velocity_railway/airflow_env/lib/python3.10/site-packages/airflow/example_dags/tutorial_objectstorage.py
[2024-12-13T03:20:57.770-0800] {processor.py:925} INFO - DAG(s) 'tutorial_objectstorage' retrieved from /Users/machine/Velocity_railway/airflow_env/lib/python3.10/site-packages/airflow/example_dags/tutorial_objectstorage.py
[2024-12-13T03:20:57.865-0800] {logging_mixin.py:190} INFO - [2024-12-13T03:20:57.865-0800] {dag.py:3239} INFO - Sync 1 DAGs
[2024-12-13T03:20:57.875-0800] {logging_mixin.py:190} INFO - [2024-12-13T03:20:57.875-0800] {dag.py:4180} INFO - Setting next_dagrun for tutorial_objectstorage to None, run_after=None
[2024-12-13T03:20:57.893-0800] {processor.py:208} INFO - Processing /Users/machine/Velocity_railway/airflow_env/lib/python3.10/site-packages/airflow/example_dags/tutorial_objectstorage.py took 0.213 seconds
[2024-12-13T03:23:19.142-0800] {processor.py:186} INFO - Started process (PID=84724) to work on /Users/machine/Velocity_railway/airflow_env/lib/python3.10/site-packages/airflow/example_dags/tutorial_objectstorage.py
[2024-12-13T03:23:19.144-0800] {processor.py:914} INFO - Processing file /Users/machine/Velocity_railway/airflow_env/lib/python3.10/site-packages/airflow/example_dags/tutorial_objectstorage.py for tasks to queue
[2024-12-13T03:23:19.145-0800] {logging_mixin.py:190} INFO - [2024-12-13T03:23:19.145-0800] {dagbag.py:588} INFO - Filling up the DagBag from /Users/machine/Velocity_railway/airflow_env/lib/python3.10/site-packages/airflow/example_dags/tutorial_objectstorage.py
[2024-12-13T03:23:19.226-0800] {processor.py:925} INFO - DAG(s) 'tutorial_objectstorage' retrieved from /Users/machine/Velocity_railway/airflow_env/lib/python3.10/site-packages/airflow/example_dags/tutorial_objectstorage.py
[2024-12-13T03:23:19.330-0800] {logging_mixin.py:190} INFO - [2024-12-13T03:23:19.330-0800] {dag.py:3239} INFO - Sync 1 DAGs
[2024-12-13T03:23:19.341-0800] {logging_mixin.py:190} INFO - [2024-12-13T03:23:19.341-0800] {dag.py:4180} INFO - Setting next_dagrun for tutorial_objectstorage to None, run_after=None
[2024-12-13T03:23:19.359-0800] {processor.py:208} INFO - Processing /Users/machine/Velocity_railway/airflow_env/lib/python3.10/site-packages/airflow/example_dags/tutorial_objectstorage.py took 0.222 seconds
[2024-12-13T03:25:36.809-0800] {processor.py:186} INFO - Started process (PID=85206) to work on /Users/machine/Velocity_railway/airflow_env/lib/python3.10/site-packages/airflow/example_dags/tutorial_objectstorage.py
[2024-12-13T03:25:36.811-0800] {processor.py:914} INFO - Processing file /Users/machine/Velocity_railway/airflow_env/lib/python3.10/site-packages/airflow/example_dags/tutorial_objectstorage.py for tasks to queue
[2024-12-13T03:25:36.812-0800] {logging_mixin.py:190} INFO - [2024-12-13T03:25:36.812-0800] {dagbag.py:588} INFO - Filling up the DagBag from /Users/machine/Velocity_railway/airflow_env/lib/python3.10/site-packages/airflow/example_dags/tutorial_objectstorage.py
[2024-12-13T03:25:36.897-0800] {processor.py:925} INFO - DAG(s) 'tutorial_objectstorage' retrieved from /Users/machine/Velocity_railway/airflow_env/lib/python3.10/site-packages/airflow/example_dags/tutorial_objectstorage.py
[2024-12-13T03:25:37.002-0800] {logging_mixin.py:190} INFO - [2024-12-13T03:25:37.002-0800] {dag.py:3239} INFO - Sync 1 DAGs
[2024-12-13T03:25:37.013-0800] {logging_mixin.py:190} INFO - [2024-12-13T03:25:37.012-0800] {dag.py:4180} INFO - Setting next_dagrun for tutorial_objectstorage to None, run_after=None
[2024-12-13T03:25:37.031-0800] {processor.py:208} INFO - Processing /Users/machine/Velocity_railway/airflow_env/lib/python3.10/site-packages/airflow/example_dags/tutorial_objectstorage.py took 0.228 seconds
[2024-12-13T03:27:51.388-0800] {processor.py:186} INFO - Started process (PID=85668) to work on /Users/machine/Velocity_railway/airflow_env/lib/python3.10/site-packages/airflow/example_dags/tutorial_objectstorage.py
[2024-12-13T03:27:51.390-0800] {processor.py:914} INFO - Processing file /Users/machine/Velocity_railway/airflow_env/lib/python3.10/site-packages/airflow/example_dags/tutorial_objectstorage.py for tasks to queue
[2024-12-13T03:27:51.391-0800] {logging_mixin.py:190} INFO - [2024-12-13T03:27:51.391-0800] {dagbag.py:588} INFO - Filling up the DagBag from /Users/machine/Velocity_railway/airflow_env/lib/python3.10/site-packages/airflow/example_dags/tutorial_objectstorage.py
[2024-12-13T03:27:51.472-0800] {processor.py:925} INFO - DAG(s) 'tutorial_objectstorage' retrieved from /Users/machine/Velocity_railway/airflow_env/lib/python3.10/site-packages/airflow/example_dags/tutorial_objectstorage.py
[2024-12-13T03:27:51.569-0800] {logging_mixin.py:190} INFO - [2024-12-13T03:27:51.568-0800] {dag.py:3239} INFO - Sync 1 DAGs
[2024-12-13T03:27:51.579-0800] {logging_mixin.py:190} INFO - [2024-12-13T03:27:51.578-0800] {dag.py:4180} INFO - Setting next_dagrun for tutorial_objectstorage to None, run_after=None
[2024-12-13T03:27:51.597-0800] {processor.py:208} INFO - Processing /Users/machine/Velocity_railway/airflow_env/lib/python3.10/site-packages/airflow/example_dags/tutorial_objectstorage.py took 0.214 seconds
[2024-12-13T03:30:09.210-0800] {processor.py:186} INFO - Started process (PID=86120) to work on /Users/machine/Velocity_railway/airflow_env/lib/python3.10/site-packages/airflow/example_dags/tutorial_objectstorage.py
[2024-12-13T03:30:09.212-0800] {processor.py:914} INFO - Processing file /Users/machine/Velocity_railway/airflow_env/lib/python3.10/site-packages/airflow/example_dags/tutorial_objectstorage.py for tasks to queue
[2024-12-13T03:30:09.214-0800] {logging_mixin.py:190} INFO - [2024-12-13T03:30:09.213-0800] {dagbag.py:588} INFO - Filling up the DagBag from /Users/machine/Velocity_railway/airflow_env/lib/python3.10/site-packages/airflow/example_dags/tutorial_objectstorage.py
[2024-12-13T03:30:09.308-0800] {processor.py:925} INFO - DAG(s) 'tutorial_objectstorage' retrieved from /Users/machine/Velocity_railway/airflow_env/lib/python3.10/site-packages/airflow/example_dags/tutorial_objectstorage.py
[2024-12-13T03:30:09.417-0800] {logging_mixin.py:190} INFO - [2024-12-13T03:30:09.417-0800] {dag.py:3239} INFO - Sync 1 DAGs
[2024-12-13T03:30:09.427-0800] {logging_mixin.py:190} INFO - [2024-12-13T03:30:09.427-0800] {dag.py:4180} INFO - Setting next_dagrun for tutorial_objectstorage to None, run_after=None
[2024-12-13T03:30:09.445-0800] {processor.py:208} INFO - Processing /Users/machine/Velocity_railway/airflow_env/lib/python3.10/site-packages/airflow/example_dags/tutorial_objectstorage.py took 0.241 seconds
[2024-12-13T03:32:32.684-0800] {processor.py:186} INFO - Started process (PID=86615) to work on /Users/machine/Velocity_railway/airflow_env/lib/python3.10/site-packages/airflow/example_dags/tutorial_objectstorage.py
[2024-12-13T03:32:32.686-0800] {processor.py:914} INFO - Processing file /Users/machine/Velocity_railway/airflow_env/lib/python3.10/site-packages/airflow/example_dags/tutorial_objectstorage.py for tasks to queue
[2024-12-13T03:32:32.687-0800] {logging_mixin.py:190} INFO - [2024-12-13T03:32:32.687-0800] {dagbag.py:588} INFO - Filling up the DagBag from /Users/machine/Velocity_railway/airflow_env/lib/python3.10/site-packages/airflow/example_dags/tutorial_objectstorage.py
[2024-12-13T03:32:32.777-0800] {processor.py:925} INFO - DAG(s) 'tutorial_objectstorage' retrieved from /Users/machine/Velocity_railway/airflow_env/lib/python3.10/site-packages/airflow/example_dags/tutorial_objectstorage.py
[2024-12-13T03:32:32.884-0800] {logging_mixin.py:190} INFO - [2024-12-13T03:32:32.883-0800] {dag.py:3239} INFO - Sync 1 DAGs
[2024-12-13T03:32:32.895-0800] {logging_mixin.py:190} INFO - [2024-12-13T03:32:32.894-0800] {dag.py:4180} INFO - Setting next_dagrun for tutorial_objectstorage to None, run_after=None
[2024-12-13T03:32:32.913-0800] {processor.py:208} INFO - Processing /Users/machine/Velocity_railway/airflow_env/lib/python3.10/site-packages/airflow/example_dags/tutorial_objectstorage.py took 0.235 seconds
[2024-12-13T03:35:00.791-0800] {processor.py:186} INFO - Started process (PID=87181) to work on /Users/machine/Velocity_railway/airflow_env/lib/python3.10/site-packages/airflow/example_dags/tutorial_objectstorage.py
[2024-12-13T03:35:00.793-0800] {processor.py:914} INFO - Processing file /Users/machine/Velocity_railway/airflow_env/lib/python3.10/site-packages/airflow/example_dags/tutorial_objectstorage.py for tasks to queue
[2024-12-13T03:35:00.794-0800] {logging_mixin.py:190} INFO - [2024-12-13T03:35:00.794-0800] {dagbag.py:588} INFO - Filling up the DagBag from /Users/machine/Velocity_railway/airflow_env/lib/python3.10/site-packages/airflow/example_dags/tutorial_objectstorage.py
[2024-12-13T03:35:00.890-0800] {processor.py:925} INFO - DAG(s) 'tutorial_objectstorage' retrieved from /Users/machine/Velocity_railway/airflow_env/lib/python3.10/site-packages/airflow/example_dags/tutorial_objectstorage.py
[2024-12-13T03:35:01.002-0800] {logging_mixin.py:190} INFO - [2024-12-13T03:35:01.002-0800] {dag.py:3239} INFO - Sync 1 DAGs
[2024-12-13T03:35:01.013-0800] {logging_mixin.py:190} INFO - [2024-12-13T03:35:01.013-0800] {dag.py:4180} INFO - Setting next_dagrun for tutorial_objectstorage to None, run_after=None
[2024-12-13T03:35:01.032-0800] {processor.py:208} INFO - Processing /Users/machine/Velocity_railway/airflow_env/lib/python3.10/site-packages/airflow/example_dags/tutorial_objectstorage.py took 0.248 seconds
[2024-12-13T03:37:27.810-0800] {processor.py:186} INFO - Started process (PID=87711) to work on /Users/machine/Velocity_railway/airflow_env/lib/python3.10/site-packages/airflow/example_dags/tutorial_objectstorage.py
[2024-12-13T03:37:27.817-0800] {processor.py:914} INFO - Processing file /Users/machine/Velocity_railway/airflow_env/lib/python3.10/site-packages/airflow/example_dags/tutorial_objectstorage.py for tasks to queue
[2024-12-13T03:37:27.818-0800] {logging_mixin.py:190} INFO - [2024-12-13T03:37:27.818-0800] {dagbag.py:588} INFO - Filling up the DagBag from /Users/machine/Velocity_railway/airflow_env/lib/python3.10/site-packages/airflow/example_dags/tutorial_objectstorage.py
[2024-12-13T03:37:27.902-0800] {processor.py:925} INFO - DAG(s) 'tutorial_objectstorage' retrieved from /Users/machine/Velocity_railway/airflow_env/lib/python3.10/site-packages/airflow/example_dags/tutorial_objectstorage.py
[2024-12-13T03:37:28.001-0800] {logging_mixin.py:190} INFO - [2024-12-13T03:37:28.001-0800] {dag.py:3239} INFO - Sync 1 DAGs
[2024-12-13T03:37:28.012-0800] {logging_mixin.py:190} INFO - [2024-12-13T03:37:28.012-0800] {dag.py:4180} INFO - Setting next_dagrun for tutorial_objectstorage to None, run_after=None
[2024-12-13T03:37:28.028-0800] {processor.py:208} INFO - Processing /Users/machine/Velocity_railway/airflow_env/lib/python3.10/site-packages/airflow/example_dags/tutorial_objectstorage.py took 0.224 seconds
[2024-12-13T03:39:52.885-0800] {processor.py:186} INFO - Started process (PID=88185) to work on /Users/machine/Velocity_railway/airflow_env/lib/python3.10/site-packages/airflow/example_dags/tutorial_objectstorage.py
[2024-12-13T03:39:52.888-0800] {processor.py:914} INFO - Processing file /Users/machine/Velocity_railway/airflow_env/lib/python3.10/site-packages/airflow/example_dags/tutorial_objectstorage.py for tasks to queue
[2024-12-13T03:39:52.889-0800] {logging_mixin.py:190} INFO - [2024-12-13T03:39:52.888-0800] {dagbag.py:588} INFO - Filling up the DagBag from /Users/machine/Velocity_railway/airflow_env/lib/python3.10/site-packages/airflow/example_dags/tutorial_objectstorage.py
[2024-12-13T03:39:52.975-0800] {processor.py:925} INFO - DAG(s) 'tutorial_objectstorage' retrieved from /Users/machine/Velocity_railway/airflow_env/lib/python3.10/site-packages/airflow/example_dags/tutorial_objectstorage.py
[2024-12-13T03:39:53.082-0800] {logging_mixin.py:190} INFO - [2024-12-13T03:39:53.081-0800] {dag.py:3239} INFO - Sync 1 DAGs
[2024-12-13T03:39:53.092-0800] {logging_mixin.py:190} INFO - [2024-12-13T03:39:53.091-0800] {dag.py:4180} INFO - Setting next_dagrun for tutorial_objectstorage to None, run_after=None
[2024-12-13T03:39:53.110-0800] {processor.py:208} INFO - Processing /Users/machine/Velocity_railway/airflow_env/lib/python3.10/site-packages/airflow/example_dags/tutorial_objectstorage.py took 0.230 seconds
[2024-12-13T03:42:05.450-0800] {processor.py:186} INFO - Started process (PID=88658) to work on /Users/machine/Velocity_railway/airflow_env/lib/python3.10/site-packages/airflow/example_dags/tutorial_objectstorage.py
[2024-12-13T03:42:05.452-0800] {processor.py:914} INFO - Processing file /Users/machine/Velocity_railway/airflow_env/lib/python3.10/site-packages/airflow/example_dags/tutorial_objectstorage.py for tasks to queue
[2024-12-13T03:42:05.453-0800] {logging_mixin.py:190} INFO - [2024-12-13T03:42:05.453-0800] {dagbag.py:588} INFO - Filling up the DagBag from /Users/machine/Velocity_railway/airflow_env/lib/python3.10/site-packages/airflow/example_dags/tutorial_objectstorage.py
[2024-12-13T03:42:05.533-0800] {processor.py:925} INFO - DAG(s) 'tutorial_objectstorage' retrieved from /Users/machine/Velocity_railway/airflow_env/lib/python3.10/site-packages/airflow/example_dags/tutorial_objectstorage.py
[2024-12-13T03:42:05.631-0800] {logging_mixin.py:190} INFO - [2024-12-13T03:42:05.630-0800] {dag.py:3239} INFO - Sync 1 DAGs
[2024-12-13T03:42:05.641-0800] {logging_mixin.py:190} INFO - [2024-12-13T03:42:05.641-0800] {dag.py:4180} INFO - Setting next_dagrun for tutorial_objectstorage to None, run_after=None
[2024-12-13T03:42:05.657-0800] {processor.py:208} INFO - Processing /Users/machine/Velocity_railway/airflow_env/lib/python3.10/site-packages/airflow/example_dags/tutorial_objectstorage.py took 0.212 seconds
[2024-12-13T03:44:18.275-0800] {processor.py:186} INFO - Started process (PID=89104) to work on /Users/machine/Velocity_railway/airflow_env/lib/python3.10/site-packages/airflow/example_dags/tutorial_objectstorage.py
[2024-12-13T03:44:18.277-0800] {processor.py:914} INFO - Processing file /Users/machine/Velocity_railway/airflow_env/lib/python3.10/site-packages/airflow/example_dags/tutorial_objectstorage.py for tasks to queue
[2024-12-13T03:44:18.278-0800] {logging_mixin.py:190} INFO - [2024-12-13T03:44:18.278-0800] {dagbag.py:588} INFO - Filling up the DagBag from /Users/machine/Velocity_railway/airflow_env/lib/python3.10/site-packages/airflow/example_dags/tutorial_objectstorage.py
[2024-12-13T03:44:18.362-0800] {processor.py:925} INFO - DAG(s) 'tutorial_objectstorage' retrieved from /Users/machine/Velocity_railway/airflow_env/lib/python3.10/site-packages/airflow/example_dags/tutorial_objectstorage.py
[2024-12-13T03:44:18.466-0800] {logging_mixin.py:190} INFO - [2024-12-13T03:44:18.465-0800] {dag.py:3239} INFO - Sync 1 DAGs
[2024-12-13T03:44:18.477-0800] {logging_mixin.py:190} INFO - [2024-12-13T03:44:18.477-0800] {dag.py:4180} INFO - Setting next_dagrun for tutorial_objectstorage to None, run_after=None
[2024-12-13T03:44:18.495-0800] {processor.py:208} INFO - Processing /Users/machine/Velocity_railway/airflow_env/lib/python3.10/site-packages/airflow/example_dags/tutorial_objectstorage.py took 0.226 seconds
[2024-12-13T03:46:34.150-0800] {processor.py:186} INFO - Started process (PID=89556) to work on /Users/machine/Velocity_railway/airflow_env/lib/python3.10/site-packages/airflow/example_dags/tutorial_objectstorage.py
[2024-12-13T03:46:34.152-0800] {processor.py:914} INFO - Processing file /Users/machine/Velocity_railway/airflow_env/lib/python3.10/site-packages/airflow/example_dags/tutorial_objectstorage.py for tasks to queue
[2024-12-13T03:46:34.153-0800] {logging_mixin.py:190} INFO - [2024-12-13T03:46:34.153-0800] {dagbag.py:588} INFO - Filling up the DagBag from /Users/machine/Velocity_railway/airflow_env/lib/python3.10/site-packages/airflow/example_dags/tutorial_objectstorage.py
[2024-12-13T03:46:34.242-0800] {processor.py:925} INFO - DAG(s) 'tutorial_objectstorage' retrieved from /Users/machine/Velocity_railway/airflow_env/lib/python3.10/site-packages/airflow/example_dags/tutorial_objectstorage.py
[2024-12-13T03:46:34.347-0800] {logging_mixin.py:190} INFO - [2024-12-13T03:46:34.346-0800] {dag.py:3239} INFO - Sync 1 DAGs
[2024-12-13T03:46:34.361-0800] {logging_mixin.py:190} INFO - [2024-12-13T03:46:34.361-0800] {dag.py:4180} INFO - Setting next_dagrun for tutorial_objectstorage to None, run_after=None
[2024-12-13T03:46:34.378-0800] {processor.py:208} INFO - Processing /Users/machine/Velocity_railway/airflow_env/lib/python3.10/site-packages/airflow/example_dags/tutorial_objectstorage.py took 0.233 seconds
[2024-12-13T03:48:46.849-0800] {processor.py:186} INFO - Started process (PID=90030) to work on /Users/machine/Velocity_railway/airflow_env/lib/python3.10/site-packages/airflow/example_dags/tutorial_objectstorage.py
[2024-12-13T03:48:46.851-0800] {processor.py:914} INFO - Processing file /Users/machine/Velocity_railway/airflow_env/lib/python3.10/site-packages/airflow/example_dags/tutorial_objectstorage.py for tasks to queue
[2024-12-13T03:48:46.852-0800] {logging_mixin.py:190} INFO - [2024-12-13T03:48:46.852-0800] {dagbag.py:588} INFO - Filling up the DagBag from /Users/machine/Velocity_railway/airflow_env/lib/python3.10/site-packages/airflow/example_dags/tutorial_objectstorage.py
[2024-12-13T03:48:46.947-0800] {processor.py:925} INFO - DAG(s) 'tutorial_objectstorage' retrieved from /Users/machine/Velocity_railway/airflow_env/lib/python3.10/site-packages/airflow/example_dags/tutorial_objectstorage.py
[2024-12-13T03:48:47.053-0800] {logging_mixin.py:190} INFO - [2024-12-13T03:48:47.052-0800] {dag.py:3239} INFO - Sync 1 DAGs
[2024-12-13T03:48:47.063-0800] {logging_mixin.py:190} INFO - [2024-12-13T03:48:47.062-0800] {dag.py:4180} INFO - Setting next_dagrun for tutorial_objectstorage to None, run_after=None
[2024-12-13T03:48:47.082-0800] {processor.py:208} INFO - Processing /Users/machine/Velocity_railway/airflow_env/lib/python3.10/site-packages/airflow/example_dags/tutorial_objectstorage.py took 0.239 seconds
[2024-12-13T03:51:04.936-0800] {processor.py:186} INFO - Started process (PID=90507) to work on /Users/machine/Velocity_railway/airflow_env/lib/python3.10/site-packages/airflow/example_dags/tutorial_objectstorage.py
[2024-12-13T03:51:04.939-0800] {processor.py:914} INFO - Processing file /Users/machine/Velocity_railway/airflow_env/lib/python3.10/site-packages/airflow/example_dags/tutorial_objectstorage.py for tasks to queue
[2024-12-13T03:51:04.940-0800] {logging_mixin.py:190} INFO - [2024-12-13T03:51:04.940-0800] {dagbag.py:588} INFO - Filling up the DagBag from /Users/machine/Velocity_railway/airflow_env/lib/python3.10/site-packages/airflow/example_dags/tutorial_objectstorage.py
[2024-12-13T03:51:05.031-0800] {processor.py:925} INFO - DAG(s) 'tutorial_objectstorage' retrieved from /Users/machine/Velocity_railway/airflow_env/lib/python3.10/site-packages/airflow/example_dags/tutorial_objectstorage.py
[2024-12-13T03:51:05.142-0800] {logging_mixin.py:190} INFO - [2024-12-13T03:51:05.142-0800] {dag.py:3239} INFO - Sync 1 DAGs
[2024-12-13T03:51:05.153-0800] {logging_mixin.py:190} INFO - [2024-12-13T03:51:05.153-0800] {dag.py:4180} INFO - Setting next_dagrun for tutorial_objectstorage to None, run_after=None
[2024-12-13T03:51:05.172-0800] {processor.py:208} INFO - Processing /Users/machine/Velocity_railway/airflow_env/lib/python3.10/site-packages/airflow/example_dags/tutorial_objectstorage.py took 0.243 seconds
[2024-12-13T03:53:24.334-0800] {processor.py:186} INFO - Started process (PID=90984) to work on /Users/machine/Velocity_railway/airflow_env/lib/python3.10/site-packages/airflow/example_dags/tutorial_objectstorage.py
[2024-12-13T03:53:24.335-0800] {processor.py:914} INFO - Processing file /Users/machine/Velocity_railway/airflow_env/lib/python3.10/site-packages/airflow/example_dags/tutorial_objectstorage.py for tasks to queue
[2024-12-13T03:53:24.337-0800] {logging_mixin.py:190} INFO - [2024-12-13T03:53:24.336-0800] {dagbag.py:588} INFO - Filling up the DagBag from /Users/machine/Velocity_railway/airflow_env/lib/python3.10/site-packages/airflow/example_dags/tutorial_objectstorage.py
[2024-12-13T03:53:24.426-0800] {processor.py:925} INFO - DAG(s) 'tutorial_objectstorage' retrieved from /Users/machine/Velocity_railway/airflow_env/lib/python3.10/site-packages/airflow/example_dags/tutorial_objectstorage.py
[2024-12-13T03:53:24.549-0800] {logging_mixin.py:190} INFO - [2024-12-13T03:53:24.549-0800] {dag.py:3239} INFO - Sync 1 DAGs
[2024-12-13T03:53:24.561-0800] {logging_mixin.py:190} INFO - [2024-12-13T03:53:24.560-0800] {dag.py:4180} INFO - Setting next_dagrun for tutorial_objectstorage to None, run_after=None
[2024-12-13T03:53:24.582-0800] {processor.py:208} INFO - Processing /Users/machine/Velocity_railway/airflow_env/lib/python3.10/site-packages/airflow/example_dags/tutorial_objectstorage.py took 0.253 seconds
[2024-12-13T03:55:45.551-0800] {processor.py:186} INFO - Started process (PID=91516) to work on /Users/machine/Velocity_railway/airflow_env/lib/python3.10/site-packages/airflow/example_dags/tutorial_objectstorage.py
[2024-12-13T03:55:45.553-0800] {processor.py:914} INFO - Processing file /Users/machine/Velocity_railway/airflow_env/lib/python3.10/site-packages/airflow/example_dags/tutorial_objectstorage.py for tasks to queue
[2024-12-13T03:55:45.555-0800] {logging_mixin.py:190} INFO - [2024-12-13T03:55:45.555-0800] {dagbag.py:588} INFO - Filling up the DagBag from /Users/machine/Velocity_railway/airflow_env/lib/python3.10/site-packages/airflow/example_dags/tutorial_objectstorage.py
[2024-12-13T03:55:45.646-0800] {processor.py:925} INFO - DAG(s) 'tutorial_objectstorage' retrieved from /Users/machine/Velocity_railway/airflow_env/lib/python3.10/site-packages/airflow/example_dags/tutorial_objectstorage.py
[2024-12-13T03:55:45.756-0800] {logging_mixin.py:190} INFO - [2024-12-13T03:55:45.756-0800] {dag.py:3239} INFO - Sync 1 DAGs
[2024-12-13T03:55:45.769-0800] {logging_mixin.py:190} INFO - [2024-12-13T03:55:45.769-0800] {dag.py:4180} INFO - Setting next_dagrun for tutorial_objectstorage to None, run_after=None
[2024-12-13T03:55:45.787-0800] {processor.py:208} INFO - Processing /Users/machine/Velocity_railway/airflow_env/lib/python3.10/site-packages/airflow/example_dags/tutorial_objectstorage.py took 0.242 seconds
[2024-12-13T03:58:17.291-0800] {processor.py:186} INFO - Started process (PID=92186) to work on /Users/machine/Velocity_railway/airflow_env/lib/python3.10/site-packages/airflow/example_dags/tutorial_objectstorage.py
[2024-12-13T03:58:17.293-0800] {processor.py:914} INFO - Processing file /Users/machine/Velocity_railway/airflow_env/lib/python3.10/site-packages/airflow/example_dags/tutorial_objectstorage.py for tasks to queue
[2024-12-13T03:58:17.294-0800] {logging_mixin.py:190} INFO - [2024-12-13T03:58:17.294-0800] {dagbag.py:588} INFO - Filling up the DagBag from /Users/machine/Velocity_railway/airflow_env/lib/python3.10/site-packages/airflow/example_dags/tutorial_objectstorage.py
[2024-12-13T03:58:17.392-0800] {processor.py:925} INFO - DAG(s) 'tutorial_objectstorage' retrieved from /Users/machine/Velocity_railway/airflow_env/lib/python3.10/site-packages/airflow/example_dags/tutorial_objectstorage.py
[2024-12-13T03:58:17.510-0800] {logging_mixin.py:190} INFO - [2024-12-13T03:58:17.510-0800] {dag.py:3239} INFO - Sync 1 DAGs
[2024-12-13T03:58:17.521-0800] {logging_mixin.py:190} INFO - [2024-12-13T03:58:17.521-0800] {dag.py:4180} INFO - Setting next_dagrun for tutorial_objectstorage to None, run_after=None
[2024-12-13T03:58:17.541-0800] {processor.py:208} INFO - Processing /Users/machine/Velocity_railway/airflow_env/lib/python3.10/site-packages/airflow/example_dags/tutorial_objectstorage.py took 0.257 seconds
[2024-12-13T04:00:41.652-0800] {processor.py:186} INFO - Started process (PID=92808) to work on /Users/machine/Velocity_railway/airflow_env/lib/python3.10/site-packages/airflow/example_dags/tutorial_objectstorage.py
[2024-12-13T04:00:41.655-0800] {processor.py:914} INFO - Processing file /Users/machine/Velocity_railway/airflow_env/lib/python3.10/site-packages/airflow/example_dags/tutorial_objectstorage.py for tasks to queue
[2024-12-13T04:00:41.656-0800] {logging_mixin.py:190} INFO - [2024-12-13T04:00:41.656-0800] {dagbag.py:588} INFO - Filling up the DagBag from /Users/machine/Velocity_railway/airflow_env/lib/python3.10/site-packages/airflow/example_dags/tutorial_objectstorage.py
[2024-12-13T04:00:41.759-0800] {processor.py:925} INFO - DAG(s) 'tutorial_objectstorage' retrieved from /Users/machine/Velocity_railway/airflow_env/lib/python3.10/site-packages/airflow/example_dags/tutorial_objectstorage.py
[2024-12-13T04:00:41.891-0800] {logging_mixin.py:190} INFO - [2024-12-13T04:00:41.890-0800] {dag.py:3239} INFO - Sync 1 DAGs
[2024-12-13T04:00:41.904-0800] {logging_mixin.py:190} INFO - [2024-12-13T04:00:41.903-0800] {dag.py:4180} INFO - Setting next_dagrun for tutorial_objectstorage to None, run_after=None
[2024-12-13T04:00:41.923-0800] {processor.py:208} INFO - Processing /Users/machine/Velocity_railway/airflow_env/lib/python3.10/site-packages/airflow/example_dags/tutorial_objectstorage.py took 0.278 seconds
[2024-12-13T05:51:58.203-0800] {processor.py:186} INFO - Started process (PID=93703) to work on /Users/machine/Velocity_railway/airflow_env/lib/python3.10/site-packages/airflow/example_dags/tutorial_objectstorage.py
[2024-12-13T05:51:58.205-0800] {processor.py:914} INFO - Processing file /Users/machine/Velocity_railway/airflow_env/lib/python3.10/site-packages/airflow/example_dags/tutorial_objectstorage.py for tasks to queue
[2024-12-13T05:51:58.207-0800] {logging_mixin.py:190} INFO - [2024-12-13T05:51:58.206-0800] {dagbag.py:588} INFO - Filling up the DagBag from /Users/machine/Velocity_railway/airflow_env/lib/python3.10/site-packages/airflow/example_dags/tutorial_objectstorage.py
[2024-12-13T05:51:58.293-0800] {processor.py:925} INFO - DAG(s) 'tutorial_objectstorage' retrieved from /Users/machine/Velocity_railway/airflow_env/lib/python3.10/site-packages/airflow/example_dags/tutorial_objectstorage.py
[2024-12-13T05:51:58.395-0800] {logging_mixin.py:190} INFO - [2024-12-13T05:51:58.394-0800] {dag.py:3239} INFO - Sync 1 DAGs
[2024-12-13T05:51:58.405-0800] {logging_mixin.py:190} INFO - [2024-12-13T05:51:58.405-0800] {dag.py:4180} INFO - Setting next_dagrun for tutorial_objectstorage to None, run_after=None
[2024-12-13T05:51:58.423-0800] {processor.py:208} INFO - Processing /Users/machine/Velocity_railway/airflow_env/lib/python3.10/site-packages/airflow/example_dags/tutorial_objectstorage.py took 0.226 seconds
