[2024-12-13T03:08:28.846-0800] {processor.py:186} INFO - Started process (PID=81736) to work on /Users/machine/Velocity_railway/airflow_env/lib/python3.10/site-packages/airflow/example_dags/tutorial_taskflow_api.py
[2024-12-13T03:08:28.847-0800] {processor.py:914} INFO - Processing file /Users/machine/Velocity_railway/airflow_env/lib/python3.10/site-packages/airflow/example_dags/tutorial_taskflow_api.py for tasks to queue
[2024-12-13T03:08:28.848-0800] {logging_mixin.py:190} INFO - [2024-12-13T03:08:28.848-0800] {dagbag.py:588} INFO - Filling up the DagBag from /Users/machine/Velocity_railway/airflow_env/lib/python3.10/site-packages/airflow/example_dags/tutorial_taskflow_api.py
[2024-12-13T03:08:28.931-0800] {processor.py:925} INFO - DAG(s) 'tutorial_taskflow_api' retrieved from /Users/machine/Velocity_railway/airflow_env/lib/python3.10/site-packages/airflow/example_dags/tutorial_taskflow_api.py
[2024-12-13T03:08:29.108-0800] {logging_mixin.py:190} INFO - [2024-12-13T03:08:29.107-0800] {override.py:1911} INFO - Created Permission View: can read on DAG:tutorial_taskflow_api
[2024-12-13T03:08:29.117-0800] {logging_mixin.py:190} INFO - [2024-12-13T03:08:29.116-0800] {override.py:1911} INFO - Created Permission View: can delete on DAG:tutorial_taskflow_api
[2024-12-13T03:08:29.122-0800] {logging_mixin.py:190} INFO - [2024-12-13T03:08:29.122-0800] {override.py:1911} INFO - Created Permission View: can edit on DAG:tutorial_taskflow_api
[2024-12-13T03:08:29.129-0800] {logging_mixin.py:190} INFO - [2024-12-13T03:08:29.129-0800] {override.py:1911} INFO - Created Permission View: can read on DAG Run:tutorial_taskflow_api
[2024-12-13T03:08:29.135-0800] {logging_mixin.py:190} INFO - [2024-12-13T03:08:29.134-0800] {override.py:1911} INFO - Created Permission View: can delete on DAG Run:tutorial_taskflow_api
[2024-12-13T03:08:29.140-0800] {logging_mixin.py:190} INFO - [2024-12-13T03:08:29.140-0800] {override.py:1911} INFO - Created Permission View: can create on DAG Run:tutorial_taskflow_api
[2024-12-13T03:08:29.147-0800] {logging_mixin.py:190} INFO - [2024-12-13T03:08:29.146-0800] {override.py:1911} INFO - Created Permission View: menu access on DAG Run:tutorial_taskflow_api
[2024-12-13T03:08:29.147-0800] {logging_mixin.py:190} INFO - [2024-12-13T03:08:29.147-0800] {dag.py:3239} INFO - Sync 1 DAGs
[2024-12-13T03:08:29.158-0800] {logging_mixin.py:190} INFO - [2024-12-13T03:08:29.157-0800] {dag.py:3262} INFO - Creating ORM DAG for tutorial_taskflow_api
[2024-12-13T03:08:29.158-0800] {logging_mixin.py:190} INFO - [2024-12-13T03:08:29.158-0800] {dag.py:4180} INFO - Setting next_dagrun for tutorial_taskflow_api to None, run_after=None
[2024-12-13T03:08:29.172-0800] {processor.py:208} INFO - Processing /Users/machine/Velocity_railway/airflow_env/lib/python3.10/site-packages/airflow/example_dags/tutorial_taskflow_api.py took 0.332 seconds
[2024-12-13T03:11:30.637-0800] {processor.py:186} INFO - Started process (PID=82334) to work on /Users/machine/Velocity_railway/airflow_env/lib/python3.10/site-packages/airflow/example_dags/tutorial_taskflow_api.py
[2024-12-13T03:11:30.639-0800] {processor.py:914} INFO - Processing file /Users/machine/Velocity_railway/airflow_env/lib/python3.10/site-packages/airflow/example_dags/tutorial_taskflow_api.py for tasks to queue
[2024-12-13T03:11:30.640-0800] {logging_mixin.py:190} INFO - [2024-12-13T03:11:30.640-0800] {dagbag.py:588} INFO - Filling up the DagBag from /Users/machine/Velocity_railway/airflow_env/lib/python3.10/site-packages/airflow/example_dags/tutorial_taskflow_api.py
[2024-12-13T03:11:30.734-0800] {processor.py:925} INFO - DAG(s) 'tutorial_taskflow_api' retrieved from /Users/machine/Velocity_railway/airflow_env/lib/python3.10/site-packages/airflow/example_dags/tutorial_taskflow_api.py
[2024-12-13T03:11:30.853-0800] {logging_mixin.py:190} INFO - [2024-12-13T03:11:30.852-0800] {dag.py:3239} INFO - Sync 1 DAGs
[2024-12-13T03:11:30.863-0800] {logging_mixin.py:190} INFO - [2024-12-13T03:11:30.863-0800] {dag.py:4180} INFO - Setting next_dagrun for tutorial_taskflow_api to None, run_after=None
[2024-12-13T03:11:30.882-0800] {processor.py:208} INFO - Processing /Users/machine/Velocity_railway/airflow_env/lib/python3.10/site-packages/airflow/example_dags/tutorial_taskflow_api.py took 0.250 seconds
[2024-12-13T03:14:05.269-0800] {processor.py:186} INFO - Started process (PID=82829) to work on /Users/machine/Velocity_railway/airflow_env/lib/python3.10/site-packages/airflow/example_dags/tutorial_taskflow_api.py
[2024-12-13T03:14:05.271-0800] {processor.py:914} INFO - Processing file /Users/machine/Velocity_railway/airflow_env/lib/python3.10/site-packages/airflow/example_dags/tutorial_taskflow_api.py for tasks to queue
[2024-12-13T03:14:05.273-0800] {logging_mixin.py:190} INFO - [2024-12-13T03:14:05.272-0800] {dagbag.py:588} INFO - Filling up the DagBag from /Users/machine/Velocity_railway/airflow_env/lib/python3.10/site-packages/airflow/example_dags/tutorial_taskflow_api.py
[2024-12-13T03:14:05.360-0800] {processor.py:925} INFO - DAG(s) 'tutorial_taskflow_api' retrieved from /Users/machine/Velocity_railway/airflow_env/lib/python3.10/site-packages/airflow/example_dags/tutorial_taskflow_api.py
[2024-12-13T03:14:05.475-0800] {logging_mixin.py:190} INFO - [2024-12-13T03:14:05.474-0800] {dag.py:3239} INFO - Sync 1 DAGs
[2024-12-13T03:14:05.486-0800] {logging_mixin.py:190} INFO - [2024-12-13T03:14:05.486-0800] {dag.py:4180} INFO - Setting next_dagrun for tutorial_taskflow_api to None, run_after=None
[2024-12-13T03:14:05.506-0800] {processor.py:208} INFO - Processing /Users/machine/Velocity_railway/airflow_env/lib/python3.10/site-packages/airflow/example_dags/tutorial_taskflow_api.py took 0.244 seconds
[2024-12-13T03:16:28.490-0800] {processor.py:186} INFO - Started process (PID=83318) to work on /Users/machine/Velocity_railway/airflow_env/lib/python3.10/site-packages/airflow/example_dags/tutorial_taskflow_api.py
[2024-12-13T03:16:28.492-0800] {processor.py:914} INFO - Processing file /Users/machine/Velocity_railway/airflow_env/lib/python3.10/site-packages/airflow/example_dags/tutorial_taskflow_api.py for tasks to queue
[2024-12-13T03:16:28.493-0800] {logging_mixin.py:190} INFO - [2024-12-13T03:16:28.493-0800] {dagbag.py:588} INFO - Filling up the DagBag from /Users/machine/Velocity_railway/airflow_env/lib/python3.10/site-packages/airflow/example_dags/tutorial_taskflow_api.py
[2024-12-13T03:16:28.579-0800] {processor.py:925} INFO - DAG(s) 'tutorial_taskflow_api' retrieved from /Users/machine/Velocity_railway/airflow_env/lib/python3.10/site-packages/airflow/example_dags/tutorial_taskflow_api.py
[2024-12-13T03:16:28.689-0800] {logging_mixin.py:190} INFO - [2024-12-13T03:16:28.689-0800] {dag.py:3239} INFO - Sync 1 DAGs
[2024-12-13T03:16:28.699-0800] {logging_mixin.py:190} INFO - [2024-12-13T03:16:28.699-0800] {dag.py:4180} INFO - Setting next_dagrun for tutorial_taskflow_api to None, run_after=None
[2024-12-13T03:16:28.719-0800] {processor.py:208} INFO - Processing /Users/machine/Velocity_railway/airflow_env/lib/python3.10/site-packages/airflow/example_dags/tutorial_taskflow_api.py took 0.234 seconds
[2024-12-13T03:18:46.125-0800] {processor.py:186} INFO - Started process (PID=83785) to work on /Users/machine/Velocity_railway/airflow_env/lib/python3.10/site-packages/airflow/example_dags/tutorial_taskflow_api.py
[2024-12-13T03:18:46.127-0800] {processor.py:914} INFO - Processing file /Users/machine/Velocity_railway/airflow_env/lib/python3.10/site-packages/airflow/example_dags/tutorial_taskflow_api.py for tasks to queue
[2024-12-13T03:18:46.129-0800] {logging_mixin.py:190} INFO - [2024-12-13T03:18:46.128-0800] {dagbag.py:588} INFO - Filling up the DagBag from /Users/machine/Velocity_railway/airflow_env/lib/python3.10/site-packages/airflow/example_dags/tutorial_taskflow_api.py
[2024-12-13T03:18:46.211-0800] {processor.py:925} INFO - DAG(s) 'tutorial_taskflow_api' retrieved from /Users/machine/Velocity_railway/airflow_env/lib/python3.10/site-packages/airflow/example_dags/tutorial_taskflow_api.py
[2024-12-13T03:18:46.314-0800] {logging_mixin.py:190} INFO - [2024-12-13T03:18:46.314-0800] {dag.py:3239} INFO - Sync 1 DAGs
[2024-12-13T03:18:46.324-0800] {logging_mixin.py:190} INFO - [2024-12-13T03:18:46.324-0800] {dag.py:4180} INFO - Setting next_dagrun for tutorial_taskflow_api to None, run_after=None
[2024-12-13T03:18:46.341-0800] {processor.py:208} INFO - Processing /Users/machine/Velocity_railway/airflow_env/lib/python3.10/site-packages/airflow/example_dags/tutorial_taskflow_api.py took 0.222 seconds
[2024-12-13T03:20:54.808-0800] {processor.py:186} INFO - Started process (PID=84248) to work on /Users/machine/Velocity_railway/airflow_env/lib/python3.10/site-packages/airflow/example_dags/tutorial_taskflow_api.py
[2024-12-13T03:20:54.809-0800] {processor.py:914} INFO - Processing file /Users/machine/Velocity_railway/airflow_env/lib/python3.10/site-packages/airflow/example_dags/tutorial_taskflow_api.py for tasks to queue
[2024-12-13T03:20:54.810-0800] {logging_mixin.py:190} INFO - [2024-12-13T03:20:54.810-0800] {dagbag.py:588} INFO - Filling up the DagBag from /Users/machine/Velocity_railway/airflow_env/lib/python3.10/site-packages/airflow/example_dags/tutorial_taskflow_api.py
[2024-12-13T03:20:54.891-0800] {processor.py:925} INFO - DAG(s) 'tutorial_taskflow_api' retrieved from /Users/machine/Velocity_railway/airflow_env/lib/python3.10/site-packages/airflow/example_dags/tutorial_taskflow_api.py
[2024-12-13T03:20:54.989-0800] {logging_mixin.py:190} INFO - [2024-12-13T03:20:54.989-0800] {dag.py:3239} INFO - Sync 1 DAGs
[2024-12-13T03:20:54.999-0800] {logging_mixin.py:190} INFO - [2024-12-13T03:20:54.999-0800] {dag.py:4180} INFO - Setting next_dagrun for tutorial_taskflow_api to None, run_after=None
[2024-12-13T03:20:55.016-0800] {processor.py:208} INFO - Processing /Users/machine/Velocity_railway/airflow_env/lib/python3.10/site-packages/airflow/example_dags/tutorial_taskflow_api.py took 0.213 seconds
[2024-12-13T03:23:16.227-0800] {processor.py:186} INFO - Started process (PID=84718) to work on /Users/machine/Velocity_railway/airflow_env/lib/python3.10/site-packages/airflow/example_dags/tutorial_taskflow_api.py
[2024-12-13T03:23:16.229-0800] {processor.py:914} INFO - Processing file /Users/machine/Velocity_railway/airflow_env/lib/python3.10/site-packages/airflow/example_dags/tutorial_taskflow_api.py for tasks to queue
[2024-12-13T03:23:16.230-0800] {logging_mixin.py:190} INFO - [2024-12-13T03:23:16.229-0800] {dagbag.py:588} INFO - Filling up the DagBag from /Users/machine/Velocity_railway/airflow_env/lib/python3.10/site-packages/airflow/example_dags/tutorial_taskflow_api.py
[2024-12-13T03:23:16.309-0800] {processor.py:925} INFO - DAG(s) 'tutorial_taskflow_api' retrieved from /Users/machine/Velocity_railway/airflow_env/lib/python3.10/site-packages/airflow/example_dags/tutorial_taskflow_api.py
[2024-12-13T03:23:16.408-0800] {logging_mixin.py:190} INFO - [2024-12-13T03:23:16.407-0800] {dag.py:3239} INFO - Sync 1 DAGs
[2024-12-13T03:23:16.418-0800] {logging_mixin.py:190} INFO - [2024-12-13T03:23:16.418-0800] {dag.py:4180} INFO - Setting next_dagrun for tutorial_taskflow_api to None, run_after=None
[2024-12-13T03:23:16.435-0800] {processor.py:208} INFO - Processing /Users/machine/Velocity_railway/airflow_env/lib/python3.10/site-packages/airflow/example_dags/tutorial_taskflow_api.py took 0.214 seconds
[2024-12-13T03:25:33.815-0800] {processor.py:186} INFO - Started process (PID=85196) to work on /Users/machine/Velocity_railway/airflow_env/lib/python3.10/site-packages/airflow/example_dags/tutorial_taskflow_api.py
[2024-12-13T03:25:33.817-0800] {processor.py:914} INFO - Processing file /Users/machine/Velocity_railway/airflow_env/lib/python3.10/site-packages/airflow/example_dags/tutorial_taskflow_api.py for tasks to queue
[2024-12-13T03:25:33.819-0800] {logging_mixin.py:190} INFO - [2024-12-13T03:25:33.819-0800] {dagbag.py:588} INFO - Filling up the DagBag from /Users/machine/Velocity_railway/airflow_env/lib/python3.10/site-packages/airflow/example_dags/tutorial_taskflow_api.py
[2024-12-13T03:25:33.899-0800] {processor.py:925} INFO - DAG(s) 'tutorial_taskflow_api' retrieved from /Users/machine/Velocity_railway/airflow_env/lib/python3.10/site-packages/airflow/example_dags/tutorial_taskflow_api.py
[2024-12-13T03:25:34.002-0800] {logging_mixin.py:190} INFO - [2024-12-13T03:25:34.002-0800] {dag.py:3239} INFO - Sync 1 DAGs
[2024-12-13T03:25:34.014-0800] {logging_mixin.py:190} INFO - [2024-12-13T03:25:34.014-0800] {dag.py:4180} INFO - Setting next_dagrun for tutorial_taskflow_api to None, run_after=None
[2024-12-13T03:25:34.034-0800] {processor.py:208} INFO - Processing /Users/machine/Velocity_railway/airflow_env/lib/python3.10/site-packages/airflow/example_dags/tutorial_taskflow_api.py took 0.225 seconds
[2024-12-13T03:27:48.367-0800] {processor.py:186} INFO - Started process (PID=85655) to work on /Users/machine/Velocity_railway/airflow_env/lib/python3.10/site-packages/airflow/example_dags/tutorial_taskflow_api.py
[2024-12-13T03:27:48.369-0800] {processor.py:914} INFO - Processing file /Users/machine/Velocity_railway/airflow_env/lib/python3.10/site-packages/airflow/example_dags/tutorial_taskflow_api.py for tasks to queue
[2024-12-13T03:27:48.370-0800] {logging_mixin.py:190} INFO - [2024-12-13T03:27:48.370-0800] {dagbag.py:588} INFO - Filling up the DagBag from /Users/machine/Velocity_railway/airflow_env/lib/python3.10/site-packages/airflow/example_dags/tutorial_taskflow_api.py
[2024-12-13T03:27:48.458-0800] {processor.py:925} INFO - DAG(s) 'tutorial_taskflow_api' retrieved from /Users/machine/Velocity_railway/airflow_env/lib/python3.10/site-packages/airflow/example_dags/tutorial_taskflow_api.py
[2024-12-13T03:27:48.561-0800] {logging_mixin.py:190} INFO - [2024-12-13T03:27:48.561-0800] {dag.py:3239} INFO - Sync 1 DAGs
[2024-12-13T03:27:48.571-0800] {logging_mixin.py:190} INFO - [2024-12-13T03:27:48.571-0800] {dag.py:4180} INFO - Setting next_dagrun for tutorial_taskflow_api to None, run_after=None
[2024-12-13T03:27:48.589-0800] {processor.py:208} INFO - Processing /Users/machine/Velocity_railway/airflow_env/lib/python3.10/site-packages/airflow/example_dags/tutorial_taskflow_api.py took 0.228 seconds
[2024-12-13T03:30:06.049-0800] {processor.py:186} INFO - Started process (PID=86115) to work on /Users/machine/Velocity_railway/airflow_env/lib/python3.10/site-packages/airflow/example_dags/tutorial_taskflow_api.py
[2024-12-13T03:30:06.051-0800] {processor.py:914} INFO - Processing file /Users/machine/Velocity_railway/airflow_env/lib/python3.10/site-packages/airflow/example_dags/tutorial_taskflow_api.py for tasks to queue
[2024-12-13T03:30:06.052-0800] {logging_mixin.py:190} INFO - [2024-12-13T03:30:06.052-0800] {dagbag.py:588} INFO - Filling up the DagBag from /Users/machine/Velocity_railway/airflow_env/lib/python3.10/site-packages/airflow/example_dags/tutorial_taskflow_api.py
[2024-12-13T03:30:06.135-0800] {processor.py:925} INFO - DAG(s) 'tutorial_taskflow_api' retrieved from /Users/machine/Velocity_railway/airflow_env/lib/python3.10/site-packages/airflow/example_dags/tutorial_taskflow_api.py
[2024-12-13T03:30:06.257-0800] {logging_mixin.py:190} INFO - [2024-12-13T03:30:06.256-0800] {dag.py:3239} INFO - Sync 1 DAGs
[2024-12-13T03:30:06.270-0800] {logging_mixin.py:190} INFO - [2024-12-13T03:30:06.269-0800] {dag.py:4180} INFO - Setting next_dagrun for tutorial_taskflow_api to None, run_after=None
[2024-12-13T03:30:06.289-0800] {processor.py:208} INFO - Processing /Users/machine/Velocity_railway/airflow_env/lib/python3.10/site-packages/airflow/example_dags/tutorial_taskflow_api.py took 0.245 seconds
[2024-12-13T03:32:30.397-0800] {processor.py:186} INFO - Started process (PID=86611) to work on /Users/machine/Velocity_railway/airflow_env/lib/python3.10/site-packages/airflow/example_dags/tutorial_taskflow_api.py
[2024-12-13T03:32:30.399-0800] {processor.py:914} INFO - Processing file /Users/machine/Velocity_railway/airflow_env/lib/python3.10/site-packages/airflow/example_dags/tutorial_taskflow_api.py for tasks to queue
[2024-12-13T03:32:30.400-0800] {logging_mixin.py:190} INFO - [2024-12-13T03:32:30.400-0800] {dagbag.py:588} INFO - Filling up the DagBag from /Users/machine/Velocity_railway/airflow_env/lib/python3.10/site-packages/airflow/example_dags/tutorial_taskflow_api.py
[2024-12-13T03:32:30.485-0800] {processor.py:925} INFO - DAG(s) 'tutorial_taskflow_api' retrieved from /Users/machine/Velocity_railway/airflow_env/lib/python3.10/site-packages/airflow/example_dags/tutorial_taskflow_api.py
[2024-12-13T03:32:30.585-0800] {logging_mixin.py:190} INFO - [2024-12-13T03:32:30.585-0800] {dag.py:3239} INFO - Sync 1 DAGs
[2024-12-13T03:32:30.595-0800] {logging_mixin.py:190} INFO - [2024-12-13T03:32:30.595-0800] {dag.py:4180} INFO - Setting next_dagrun for tutorial_taskflow_api to None, run_after=None
[2024-12-13T03:32:30.611-0800] {processor.py:208} INFO - Processing /Users/machine/Velocity_railway/airflow_env/lib/python3.10/site-packages/airflow/example_dags/tutorial_taskflow_api.py took 0.219 seconds
[2024-12-13T03:34:57.270-0800] {processor.py:186} INFO - Started process (PID=87165) to work on /Users/machine/Velocity_railway/airflow_env/lib/python3.10/site-packages/airflow/example_dags/tutorial_taskflow_api.py
[2024-12-13T03:34:57.273-0800] {processor.py:914} INFO - Processing file /Users/machine/Velocity_railway/airflow_env/lib/python3.10/site-packages/airflow/example_dags/tutorial_taskflow_api.py for tasks to queue
[2024-12-13T03:34:57.274-0800] {logging_mixin.py:190} INFO - [2024-12-13T03:34:57.274-0800] {dagbag.py:588} INFO - Filling up the DagBag from /Users/machine/Velocity_railway/airflow_env/lib/python3.10/site-packages/airflow/example_dags/tutorial_taskflow_api.py
[2024-12-13T03:34:57.385-0800] {processor.py:925} INFO - DAG(s) 'tutorial_taskflow_api' retrieved from /Users/machine/Velocity_railway/airflow_env/lib/python3.10/site-packages/airflow/example_dags/tutorial_taskflow_api.py
[2024-12-13T03:34:57.575-0800] {logging_mixin.py:190} INFO - [2024-12-13T03:34:57.575-0800] {dag.py:3239} INFO - Sync 1 DAGs
[2024-12-13T03:34:57.589-0800] {logging_mixin.py:190} INFO - [2024-12-13T03:34:57.589-0800] {dag.py:4180} INFO - Setting next_dagrun for tutorial_taskflow_api to None, run_after=None
[2024-12-13T03:34:57.625-0800] {processor.py:208} INFO - Processing /Users/machine/Velocity_railway/airflow_env/lib/python3.10/site-packages/airflow/example_dags/tutorial_taskflow_api.py took 0.363 seconds
[2024-12-13T03:37:24.840-0800] {processor.py:186} INFO - Started process (PID=87702) to work on /Users/machine/Velocity_railway/airflow_env/lib/python3.10/site-packages/airflow/example_dags/tutorial_taskflow_api.py
[2024-12-13T03:37:24.842-0800] {processor.py:914} INFO - Processing file /Users/machine/Velocity_railway/airflow_env/lib/python3.10/site-packages/airflow/example_dags/tutorial_taskflow_api.py for tasks to queue
[2024-12-13T03:37:24.843-0800] {logging_mixin.py:190} INFO - [2024-12-13T03:37:24.843-0800] {dagbag.py:588} INFO - Filling up the DagBag from /Users/machine/Velocity_railway/airflow_env/lib/python3.10/site-packages/airflow/example_dags/tutorial_taskflow_api.py
[2024-12-13T03:37:24.930-0800] {processor.py:925} INFO - DAG(s) 'tutorial_taskflow_api' retrieved from /Users/machine/Velocity_railway/airflow_env/lib/python3.10/site-packages/airflow/example_dags/tutorial_taskflow_api.py
[2024-12-13T03:37:25.041-0800] {logging_mixin.py:190} INFO - [2024-12-13T03:37:25.040-0800] {dag.py:3239} INFO - Sync 1 DAGs
[2024-12-13T03:37:25.051-0800] {logging_mixin.py:190} INFO - [2024-12-13T03:37:25.051-0800] {dag.py:4180} INFO - Setting next_dagrun for tutorial_taskflow_api to None, run_after=None
[2024-12-13T03:37:25.071-0800] {processor.py:208} INFO - Processing /Users/machine/Velocity_railway/airflow_env/lib/python3.10/site-packages/airflow/example_dags/tutorial_taskflow_api.py took 0.237 seconds
[2024-12-13T03:39:49.886-0800] {processor.py:186} INFO - Started process (PID=88175) to work on /Users/machine/Velocity_railway/airflow_env/lib/python3.10/site-packages/airflow/example_dags/tutorial_taskflow_api.py
[2024-12-13T03:39:49.888-0800] {processor.py:914} INFO - Processing file /Users/machine/Velocity_railway/airflow_env/lib/python3.10/site-packages/airflow/example_dags/tutorial_taskflow_api.py for tasks to queue
[2024-12-13T03:39:49.889-0800] {logging_mixin.py:190} INFO - [2024-12-13T03:39:49.889-0800] {dagbag.py:588} INFO - Filling up the DagBag from /Users/machine/Velocity_railway/airflow_env/lib/python3.10/site-packages/airflow/example_dags/tutorial_taskflow_api.py
[2024-12-13T03:39:49.975-0800] {processor.py:925} INFO - DAG(s) 'tutorial_taskflow_api' retrieved from /Users/machine/Velocity_railway/airflow_env/lib/python3.10/site-packages/airflow/example_dags/tutorial_taskflow_api.py
[2024-12-13T03:39:50.078-0800] {logging_mixin.py:190} INFO - [2024-12-13T03:39:50.078-0800] {dag.py:3239} INFO - Sync 1 DAGs
[2024-12-13T03:39:50.088-0800] {logging_mixin.py:190} INFO - [2024-12-13T03:39:50.088-0800] {dag.py:4180} INFO - Setting next_dagrun for tutorial_taskflow_api to None, run_after=None
[2024-12-13T03:39:50.105-0800] {processor.py:208} INFO - Processing /Users/machine/Velocity_railway/airflow_env/lib/python3.10/site-packages/airflow/example_dags/tutorial_taskflow_api.py took 0.225 seconds
[2024-12-13T03:42:02.507-0800] {processor.py:186} INFO - Started process (PID=88639) to work on /Users/machine/Velocity_railway/airflow_env/lib/python3.10/site-packages/airflow/example_dags/tutorial_taskflow_api.py
[2024-12-13T03:42:02.509-0800] {processor.py:914} INFO - Processing file /Users/machine/Velocity_railway/airflow_env/lib/python3.10/site-packages/airflow/example_dags/tutorial_taskflow_api.py for tasks to queue
[2024-12-13T03:42:02.510-0800] {logging_mixin.py:190} INFO - [2024-12-13T03:42:02.510-0800] {dagbag.py:588} INFO - Filling up the DagBag from /Users/machine/Velocity_railway/airflow_env/lib/python3.10/site-packages/airflow/example_dags/tutorial_taskflow_api.py
[2024-12-13T03:42:02.592-0800] {processor.py:925} INFO - DAG(s) 'tutorial_taskflow_api' retrieved from /Users/machine/Velocity_railway/airflow_env/lib/python3.10/site-packages/airflow/example_dags/tutorial_taskflow_api.py
[2024-12-13T03:42:02.705-0800] {logging_mixin.py:190} INFO - [2024-12-13T03:42:02.704-0800] {dag.py:3239} INFO - Sync 1 DAGs
[2024-12-13T03:42:02.716-0800] {logging_mixin.py:190} INFO - [2024-12-13T03:42:02.716-0800] {dag.py:4180} INFO - Setting next_dagrun for tutorial_taskflow_api to None, run_after=None
[2024-12-13T03:42:02.733-0800] {processor.py:208} INFO - Processing /Users/machine/Velocity_railway/airflow_env/lib/python3.10/site-packages/airflow/example_dags/tutorial_taskflow_api.py took 0.231 seconds
[2024-12-13T03:44:15.227-0800] {processor.py:186} INFO - Started process (PID=89088) to work on /Users/machine/Velocity_railway/airflow_env/lib/python3.10/site-packages/airflow/example_dags/tutorial_taskflow_api.py
[2024-12-13T03:44:15.228-0800] {processor.py:914} INFO - Processing file /Users/machine/Velocity_railway/airflow_env/lib/python3.10/site-packages/airflow/example_dags/tutorial_taskflow_api.py for tasks to queue
[2024-12-13T03:44:15.229-0800] {logging_mixin.py:190} INFO - [2024-12-13T03:44:15.229-0800] {dagbag.py:588} INFO - Filling up the DagBag from /Users/machine/Velocity_railway/airflow_env/lib/python3.10/site-packages/airflow/example_dags/tutorial_taskflow_api.py
[2024-12-13T03:44:15.312-0800] {processor.py:925} INFO - DAG(s) 'tutorial_taskflow_api' retrieved from /Users/machine/Velocity_railway/airflow_env/lib/python3.10/site-packages/airflow/example_dags/tutorial_taskflow_api.py
[2024-12-13T03:44:15.417-0800] {logging_mixin.py:190} INFO - [2024-12-13T03:44:15.416-0800] {dag.py:3239} INFO - Sync 1 DAGs
[2024-12-13T03:44:15.427-0800] {logging_mixin.py:190} INFO - [2024-12-13T03:44:15.427-0800] {dag.py:4180} INFO - Setting next_dagrun for tutorial_taskflow_api to None, run_after=None
[2024-12-13T03:44:15.445-0800] {processor.py:208} INFO - Processing /Users/machine/Velocity_railway/airflow_env/lib/python3.10/site-packages/airflow/example_dags/tutorial_taskflow_api.py took 0.223 seconds
[2024-12-13T03:46:31.147-0800] {processor.py:186} INFO - Started process (PID=89550) to work on /Users/machine/Velocity_railway/airflow_env/lib/python3.10/site-packages/airflow/example_dags/tutorial_taskflow_api.py
[2024-12-13T03:46:31.148-0800] {processor.py:914} INFO - Processing file /Users/machine/Velocity_railway/airflow_env/lib/python3.10/site-packages/airflow/example_dags/tutorial_taskflow_api.py for tasks to queue
[2024-12-13T03:46:31.149-0800] {logging_mixin.py:190} INFO - [2024-12-13T03:46:31.149-0800] {dagbag.py:588} INFO - Filling up the DagBag from /Users/machine/Velocity_railway/airflow_env/lib/python3.10/site-packages/airflow/example_dags/tutorial_taskflow_api.py
[2024-12-13T03:46:31.233-0800] {processor.py:925} INFO - DAG(s) 'tutorial_taskflow_api' retrieved from /Users/machine/Velocity_railway/airflow_env/lib/python3.10/site-packages/airflow/example_dags/tutorial_taskflow_api.py
[2024-12-13T03:46:31.331-0800] {logging_mixin.py:190} INFO - [2024-12-13T03:46:31.330-0800] {dag.py:3239} INFO - Sync 1 DAGs
[2024-12-13T03:46:31.340-0800] {logging_mixin.py:190} INFO - [2024-12-13T03:46:31.340-0800] {dag.py:4180} INFO - Setting next_dagrun for tutorial_taskflow_api to None, run_after=None
[2024-12-13T03:46:31.356-0800] {processor.py:208} INFO - Processing /Users/machine/Velocity_railway/airflow_env/lib/python3.10/site-packages/airflow/example_dags/tutorial_taskflow_api.py took 0.215 seconds
[2024-12-13T03:48:43.919-0800] {processor.py:186} INFO - Started process (PID=90011) to work on /Users/machine/Velocity_railway/airflow_env/lib/python3.10/site-packages/airflow/example_dags/tutorial_taskflow_api.py
[2024-12-13T03:48:43.921-0800] {processor.py:914} INFO - Processing file /Users/machine/Velocity_railway/airflow_env/lib/python3.10/site-packages/airflow/example_dags/tutorial_taskflow_api.py for tasks to queue
[2024-12-13T03:48:43.923-0800] {logging_mixin.py:190} INFO - [2024-12-13T03:48:43.923-0800] {dagbag.py:588} INFO - Filling up the DagBag from /Users/machine/Velocity_railway/airflow_env/lib/python3.10/site-packages/airflow/example_dags/tutorial_taskflow_api.py
[2024-12-13T03:48:44.023-0800] {processor.py:925} INFO - DAG(s) 'tutorial_taskflow_api' retrieved from /Users/machine/Velocity_railway/airflow_env/lib/python3.10/site-packages/airflow/example_dags/tutorial_taskflow_api.py
[2024-12-13T03:48:44.130-0800] {logging_mixin.py:190} INFO - [2024-12-13T03:48:44.130-0800] {dag.py:3239} INFO - Sync 1 DAGs
[2024-12-13T03:48:44.142-0800] {logging_mixin.py:190} INFO - [2024-12-13T03:48:44.141-0800] {dag.py:4180} INFO - Setting next_dagrun for tutorial_taskflow_api to None, run_after=None
[2024-12-13T03:48:44.158-0800] {processor.py:208} INFO - Processing /Users/machine/Velocity_railway/airflow_env/lib/python3.10/site-packages/airflow/example_dags/tutorial_taskflow_api.py took 0.245 seconds
[2024-12-13T03:51:01.916-0800] {processor.py:186} INFO - Started process (PID=90501) to work on /Users/machine/Velocity_railway/airflow_env/lib/python3.10/site-packages/airflow/example_dags/tutorial_taskflow_api.py
[2024-12-13T03:51:01.919-0800] {processor.py:914} INFO - Processing file /Users/machine/Velocity_railway/airflow_env/lib/python3.10/site-packages/airflow/example_dags/tutorial_taskflow_api.py for tasks to queue
[2024-12-13T03:51:01.920-0800] {logging_mixin.py:190} INFO - [2024-12-13T03:51:01.920-0800] {dagbag.py:588} INFO - Filling up the DagBag from /Users/machine/Velocity_railway/airflow_env/lib/python3.10/site-packages/airflow/example_dags/tutorial_taskflow_api.py
[2024-12-13T03:51:02.002-0800] {processor.py:925} INFO - DAG(s) 'tutorial_taskflow_api' retrieved from /Users/machine/Velocity_railway/airflow_env/lib/python3.10/site-packages/airflow/example_dags/tutorial_taskflow_api.py
[2024-12-13T03:51:02.109-0800] {logging_mixin.py:190} INFO - [2024-12-13T03:51:02.108-0800] {dag.py:3239} INFO - Sync 1 DAGs
[2024-12-13T03:51:02.119-0800] {logging_mixin.py:190} INFO - [2024-12-13T03:51:02.119-0800] {dag.py:4180} INFO - Setting next_dagrun for tutorial_taskflow_api to None, run_after=None
[2024-12-13T03:51:02.137-0800] {processor.py:208} INFO - Processing /Users/machine/Velocity_railway/airflow_env/lib/python3.10/site-packages/airflow/example_dags/tutorial_taskflow_api.py took 0.227 seconds
[2024-12-13T03:53:21.299-0800] {processor.py:186} INFO - Started process (PID=90980) to work on /Users/machine/Velocity_railway/airflow_env/lib/python3.10/site-packages/airflow/example_dags/tutorial_taskflow_api.py
[2024-12-13T03:53:21.301-0800] {processor.py:914} INFO - Processing file /Users/machine/Velocity_railway/airflow_env/lib/python3.10/site-packages/airflow/example_dags/tutorial_taskflow_api.py for tasks to queue
[2024-12-13T03:53:21.303-0800] {logging_mixin.py:190} INFO - [2024-12-13T03:53:21.302-0800] {dagbag.py:588} INFO - Filling up the DagBag from /Users/machine/Velocity_railway/airflow_env/lib/python3.10/site-packages/airflow/example_dags/tutorial_taskflow_api.py
[2024-12-13T03:53:21.388-0800] {processor.py:925} INFO - DAG(s) 'tutorial_taskflow_api' retrieved from /Users/machine/Velocity_railway/airflow_env/lib/python3.10/site-packages/airflow/example_dags/tutorial_taskflow_api.py
[2024-12-13T03:53:21.497-0800] {logging_mixin.py:190} INFO - [2024-12-13T03:53:21.496-0800] {dag.py:3239} INFO - Sync 1 DAGs
[2024-12-13T03:53:21.507-0800] {logging_mixin.py:190} INFO - [2024-12-13T03:53:21.507-0800] {dag.py:4180} INFO - Setting next_dagrun for tutorial_taskflow_api to None, run_after=None
[2024-12-13T03:53:21.526-0800] {processor.py:208} INFO - Processing /Users/machine/Velocity_railway/airflow_env/lib/python3.10/site-packages/airflow/example_dags/tutorial_taskflow_api.py took 0.233 seconds
[2024-12-13T03:55:43.183-0800] {processor.py:186} INFO - Started process (PID=91512) to work on /Users/machine/Velocity_railway/airflow_env/lib/python3.10/site-packages/airflow/example_dags/tutorial_taskflow_api.py
[2024-12-13T03:55:43.185-0800] {processor.py:914} INFO - Processing file /Users/machine/Velocity_railway/airflow_env/lib/python3.10/site-packages/airflow/example_dags/tutorial_taskflow_api.py for tasks to queue
[2024-12-13T03:55:43.186-0800] {logging_mixin.py:190} INFO - [2024-12-13T03:55:43.186-0800] {dagbag.py:588} INFO - Filling up the DagBag from /Users/machine/Velocity_railway/airflow_env/lib/python3.10/site-packages/airflow/example_dags/tutorial_taskflow_api.py
[2024-12-13T03:55:43.272-0800] {processor.py:925} INFO - DAG(s) 'tutorial_taskflow_api' retrieved from /Users/machine/Velocity_railway/airflow_env/lib/python3.10/site-packages/airflow/example_dags/tutorial_taskflow_api.py
[2024-12-13T03:55:43.380-0800] {logging_mixin.py:190} INFO - [2024-12-13T03:55:43.379-0800] {dag.py:3239} INFO - Sync 1 DAGs
[2024-12-13T03:55:43.390-0800] {logging_mixin.py:190} INFO - [2024-12-13T03:55:43.390-0800] {dag.py:4180} INFO - Setting next_dagrun for tutorial_taskflow_api to None, run_after=None
[2024-12-13T03:55:43.409-0800] {processor.py:208} INFO - Processing /Users/machine/Velocity_railway/airflow_env/lib/python3.10/site-packages/airflow/example_dags/tutorial_taskflow_api.py took 0.231 seconds
[2024-12-13T03:58:14.259-0800] {processor.py:186} INFO - Started process (PID=92173) to work on /Users/machine/Velocity_railway/airflow_env/lib/python3.10/site-packages/airflow/example_dags/tutorial_taskflow_api.py
[2024-12-13T03:58:14.261-0800] {processor.py:914} INFO - Processing file /Users/machine/Velocity_railway/airflow_env/lib/python3.10/site-packages/airflow/example_dags/tutorial_taskflow_api.py for tasks to queue
[2024-12-13T03:58:14.263-0800] {logging_mixin.py:190} INFO - [2024-12-13T03:58:14.263-0800] {dagbag.py:588} INFO - Filling up the DagBag from /Users/machine/Velocity_railway/airflow_env/lib/python3.10/site-packages/airflow/example_dags/tutorial_taskflow_api.py
[2024-12-13T03:58:14.362-0800] {processor.py:925} INFO - DAG(s) 'tutorial_taskflow_api' retrieved from /Users/machine/Velocity_railway/airflow_env/lib/python3.10/site-packages/airflow/example_dags/tutorial_taskflow_api.py
[2024-12-13T03:58:14.472-0800] {logging_mixin.py:190} INFO - [2024-12-13T03:58:14.472-0800] {dag.py:3239} INFO - Sync 1 DAGs
[2024-12-13T03:58:14.483-0800] {logging_mixin.py:190} INFO - [2024-12-13T03:58:14.483-0800] {dag.py:4180} INFO - Setting next_dagrun for tutorial_taskflow_api to None, run_after=None
[2024-12-13T03:58:14.502-0800] {processor.py:208} INFO - Processing /Users/machine/Velocity_railway/airflow_env/lib/python3.10/site-packages/airflow/example_dags/tutorial_taskflow_api.py took 0.249 seconds
[2024-12-13T04:00:38.374-0800] {processor.py:186} INFO - Started process (PID=92791) to work on /Users/machine/Velocity_railway/airflow_env/lib/python3.10/site-packages/airflow/example_dags/tutorial_taskflow_api.py
[2024-12-13T04:00:38.376-0800] {processor.py:914} INFO - Processing file /Users/machine/Velocity_railway/airflow_env/lib/python3.10/site-packages/airflow/example_dags/tutorial_taskflow_api.py for tasks to queue
[2024-12-13T04:00:38.377-0800] {logging_mixin.py:190} INFO - [2024-12-13T04:00:38.377-0800] {dagbag.py:588} INFO - Filling up the DagBag from /Users/machine/Velocity_railway/airflow_env/lib/python3.10/site-packages/airflow/example_dags/tutorial_taskflow_api.py
[2024-12-13T04:00:38.471-0800] {processor.py:925} INFO - DAG(s) 'tutorial_taskflow_api' retrieved from /Users/machine/Velocity_railway/airflow_env/lib/python3.10/site-packages/airflow/example_dags/tutorial_taskflow_api.py
[2024-12-13T04:00:38.585-0800] {logging_mixin.py:190} INFO - [2024-12-13T04:00:38.584-0800] {dag.py:3239} INFO - Sync 1 DAGs
[2024-12-13T04:00:38.595-0800] {logging_mixin.py:190} INFO - [2024-12-13T04:00:38.595-0800] {dag.py:4180} INFO - Setting next_dagrun for tutorial_taskflow_api to None, run_after=None
[2024-12-13T04:00:38.615-0800] {processor.py:208} INFO - Processing /Users/machine/Velocity_railway/airflow_env/lib/python3.10/site-packages/airflow/example_dags/tutorial_taskflow_api.py took 0.247 seconds
[2024-12-13T05:51:54.847-0800] {processor.py:186} INFO - Started process (PID=93691) to work on /Users/machine/Velocity_railway/airflow_env/lib/python3.10/site-packages/airflow/example_dags/tutorial_taskflow_api.py
[2024-12-13T05:51:54.849-0800] {processor.py:914} INFO - Processing file /Users/machine/Velocity_railway/airflow_env/lib/python3.10/site-packages/airflow/example_dags/tutorial_taskflow_api.py for tasks to queue
[2024-12-13T05:51:54.850-0800] {logging_mixin.py:190} INFO - [2024-12-13T05:51:54.850-0800] {dagbag.py:588} INFO - Filling up the DagBag from /Users/machine/Velocity_railway/airflow_env/lib/python3.10/site-packages/airflow/example_dags/tutorial_taskflow_api.py
[2024-12-13T05:51:54.949-0800] {processor.py:925} INFO - DAG(s) 'tutorial_taskflow_api' retrieved from /Users/machine/Velocity_railway/airflow_env/lib/python3.10/site-packages/airflow/example_dags/tutorial_taskflow_api.py
[2024-12-13T05:51:55.062-0800] {logging_mixin.py:190} INFO - [2024-12-13T05:51:55.061-0800] {dag.py:3239} INFO - Sync 1 DAGs
[2024-12-13T05:51:55.073-0800] {logging_mixin.py:190} INFO - [2024-12-13T05:51:55.073-0800] {dag.py:4180} INFO - Setting next_dagrun for tutorial_taskflow_api to None, run_after=None
[2024-12-13T05:51:55.092-0800] {processor.py:208} INFO - Processing /Users/machine/Velocity_railway/airflow_env/lib/python3.10/site-packages/airflow/example_dags/tutorial_taskflow_api.py took 0.251 seconds
