[2024-12-13T03:08:17.936-0800] {processor.py:186} INFO - Started process (PID=81704) to work on /Users/machine/Velocity_railway/airflow_env/lib/python3.10/site-packages/airflow/example_dags/plugins/event_listener.py
[2024-12-13T03:08:17.938-0800] {processor.py:914} INFO - Processing file /Users/machine/Velocity_railway/airflow_env/lib/python3.10/site-packages/airflow/example_dags/plugins/event_listener.py for tasks to queue
[2024-12-13T03:08:17.938-0800] {logging_mixin.py:190} INFO - [2024-12-13T03:08:17.938-0800] {dagbag.py:588} INFO - Filling up the DagBag from /Users/machine/Velocity_railway/airflow_env/lib/python3.10/site-packages/airflow/example_dags/plugins/event_listener.py
[2024-12-13T03:08:17.940-0800] {processor.py:927} WARNING - No viable dags retrieved from /Users/machine/Velocity_railway/airflow_env/lib/python3.10/site-packages/airflow/example_dags/plugins/event_listener.py
[2024-12-13T03:08:18.077-0800] {processor.py:208} INFO - Processing /Users/machine/Velocity_railway/airflow_env/lib/python3.10/site-packages/airflow/example_dags/plugins/event_listener.py took 0.146 seconds
[2024-12-13T03:11:18.575-0800] {processor.py:186} INFO - Started process (PID=82298) to work on /Users/machine/Velocity_railway/airflow_env/lib/python3.10/site-packages/airflow/example_dags/plugins/event_listener.py
[2024-12-13T03:11:18.577-0800] {processor.py:914} INFO - Processing file /Users/machine/Velocity_railway/airflow_env/lib/python3.10/site-packages/airflow/example_dags/plugins/event_listener.py for tasks to queue
[2024-12-13T03:11:18.579-0800] {logging_mixin.py:190} INFO - [2024-12-13T03:11:18.579-0800] {dagbag.py:588} INFO - Filling up the DagBag from /Users/machine/Velocity_railway/airflow_env/lib/python3.10/site-packages/airflow/example_dags/plugins/event_listener.py
[2024-12-13T03:11:18.581-0800] {processor.py:927} WARNING - No viable dags retrieved from /Users/machine/Velocity_railway/airflow_env/lib/python3.10/site-packages/airflow/example_dags/plugins/event_listener.py
[2024-12-13T03:11:18.825-0800] {processor.py:208} INFO - Processing /Users/machine/Velocity_railway/airflow_env/lib/python3.10/site-packages/airflow/example_dags/plugins/event_listener.py took 0.257 seconds
[2024-12-13T03:13:53.148-0800] {processor.py:186} INFO - Started process (PID=82793) to work on /Users/machine/Velocity_railway/airflow_env/lib/python3.10/site-packages/airflow/example_dags/plugins/event_listener.py
[2024-12-13T03:13:53.150-0800] {processor.py:914} INFO - Processing file /Users/machine/Velocity_railway/airflow_env/lib/python3.10/site-packages/airflow/example_dags/plugins/event_listener.py for tasks to queue
[2024-12-13T03:13:53.151-0800] {logging_mixin.py:190} INFO - [2024-12-13T03:13:53.151-0800] {dagbag.py:588} INFO - Filling up the DagBag from /Users/machine/Velocity_railway/airflow_env/lib/python3.10/site-packages/airflow/example_dags/plugins/event_listener.py
[2024-12-13T03:13:53.152-0800] {processor.py:927} WARNING - No viable dags retrieved from /Users/machine/Velocity_railway/airflow_env/lib/python3.10/site-packages/airflow/example_dags/plugins/event_listener.py
[2024-12-13T03:13:53.313-0800] {processor.py:208} INFO - Processing /Users/machine/Velocity_railway/airflow_env/lib/python3.10/site-packages/airflow/example_dags/plugins/event_listener.py took 0.171 seconds
[2024-12-13T03:16:16.490-0800] {processor.py:186} INFO - Started process (PID=83280) to work on /Users/machine/Velocity_railway/airflow_env/lib/python3.10/site-packages/airflow/example_dags/plugins/event_listener.py
[2024-12-13T03:16:16.492-0800] {processor.py:914} INFO - Processing file /Users/machine/Velocity_railway/airflow_env/lib/python3.10/site-packages/airflow/example_dags/plugins/event_listener.py for tasks to queue
[2024-12-13T03:16:16.493-0800] {logging_mixin.py:190} INFO - [2024-12-13T03:16:16.493-0800] {dagbag.py:588} INFO - Filling up the DagBag from /Users/machine/Velocity_railway/airflow_env/lib/python3.10/site-packages/airflow/example_dags/plugins/event_listener.py
[2024-12-13T03:16:16.495-0800] {processor.py:927} WARNING - No viable dags retrieved from /Users/machine/Velocity_railway/airflow_env/lib/python3.10/site-packages/airflow/example_dags/plugins/event_listener.py
[2024-12-13T03:16:16.650-0800] {processor.py:208} INFO - Processing /Users/machine/Velocity_railway/airflow_env/lib/python3.10/site-packages/airflow/example_dags/plugins/event_listener.py took 0.165 seconds
[2024-12-13T03:18:33.476-0800] {processor.py:186} INFO - Started process (PID=83740) to work on /Users/machine/Velocity_railway/airflow_env/lib/python3.10/site-packages/airflow/example_dags/plugins/event_listener.py
[2024-12-13T03:18:33.478-0800] {processor.py:914} INFO - Processing file /Users/machine/Velocity_railway/airflow_env/lib/python3.10/site-packages/airflow/example_dags/plugins/event_listener.py for tasks to queue
[2024-12-13T03:18:33.479-0800] {logging_mixin.py:190} INFO - [2024-12-13T03:18:33.479-0800] {dagbag.py:588} INFO - Filling up the DagBag from /Users/machine/Velocity_railway/airflow_env/lib/python3.10/site-packages/airflow/example_dags/plugins/event_listener.py
[2024-12-13T03:18:33.480-0800] {processor.py:927} WARNING - No viable dags retrieved from /Users/machine/Velocity_railway/airflow_env/lib/python3.10/site-packages/airflow/example_dags/plugins/event_listener.py
[2024-12-13T03:18:33.622-0800] {processor.py:208} INFO - Processing /Users/machine/Velocity_railway/airflow_env/lib/python3.10/site-packages/airflow/example_dags/plugins/event_listener.py took 0.151 seconds
[2024-12-13T03:20:43.506-0800] {processor.py:186} INFO - Started process (PID=84210) to work on /Users/machine/Velocity_railway/airflow_env/lib/python3.10/site-packages/airflow/example_dags/plugins/event_listener.py
[2024-12-13T03:20:43.508-0800] {processor.py:914} INFO - Processing file /Users/machine/Velocity_railway/airflow_env/lib/python3.10/site-packages/airflow/example_dags/plugins/event_listener.py for tasks to queue
[2024-12-13T03:20:43.509-0800] {logging_mixin.py:190} INFO - [2024-12-13T03:20:43.509-0800] {dagbag.py:588} INFO - Filling up the DagBag from /Users/machine/Velocity_railway/airflow_env/lib/python3.10/site-packages/airflow/example_dags/plugins/event_listener.py
[2024-12-13T03:20:43.510-0800] {processor.py:927} WARNING - No viable dags retrieved from /Users/machine/Velocity_railway/airflow_env/lib/python3.10/site-packages/airflow/example_dags/plugins/event_listener.py
[2024-12-13T03:20:43.651-0800] {processor.py:208} INFO - Processing /Users/machine/Velocity_railway/airflow_env/lib/python3.10/site-packages/airflow/example_dags/plugins/event_listener.py took 0.150 seconds
[2024-12-13T03:23:03.091-0800] {processor.py:186} INFO - Started process (PID=84669) to work on /Users/machine/Velocity_railway/airflow_env/lib/python3.10/site-packages/airflow/example_dags/plugins/event_listener.py
[2024-12-13T03:23:03.099-0800] {processor.py:914} INFO - Processing file /Users/machine/Velocity_railway/airflow_env/lib/python3.10/site-packages/airflow/example_dags/plugins/event_listener.py for tasks to queue
[2024-12-13T03:23:03.101-0800] {logging_mixin.py:190} INFO - [2024-12-13T03:23:03.100-0800] {dagbag.py:588} INFO - Filling up the DagBag from /Users/machine/Velocity_railway/airflow_env/lib/python3.10/site-packages/airflow/example_dags/plugins/event_listener.py
[2024-12-13T03:23:03.103-0800] {processor.py:927} WARNING - No viable dags retrieved from /Users/machine/Velocity_railway/airflow_env/lib/python3.10/site-packages/airflow/example_dags/plugins/event_listener.py
[2024-12-13T03:23:03.402-0800] {processor.py:208} INFO - Processing /Users/machine/Velocity_railway/airflow_env/lib/python3.10/site-packages/airflow/example_dags/plugins/event_listener.py took 0.319 seconds
[2024-12-13T03:25:22.612-0800] {processor.py:186} INFO - Started process (PID=85157) to work on /Users/machine/Velocity_railway/airflow_env/lib/python3.10/site-packages/airflow/example_dags/plugins/event_listener.py
[2024-12-13T03:25:22.614-0800] {processor.py:914} INFO - Processing file /Users/machine/Velocity_railway/airflow_env/lib/python3.10/site-packages/airflow/example_dags/plugins/event_listener.py for tasks to queue
[2024-12-13T03:25:22.615-0800] {logging_mixin.py:190} INFO - [2024-12-13T03:25:22.615-0800] {dagbag.py:588} INFO - Filling up the DagBag from /Users/machine/Velocity_railway/airflow_env/lib/python3.10/site-packages/airflow/example_dags/plugins/event_listener.py
[2024-12-13T03:25:22.617-0800] {processor.py:927} WARNING - No viable dags retrieved from /Users/machine/Velocity_railway/airflow_env/lib/python3.10/site-packages/airflow/example_dags/plugins/event_listener.py
[2024-12-13T03:25:22.760-0800] {processor.py:208} INFO - Processing /Users/machine/Velocity_railway/airflow_env/lib/python3.10/site-packages/airflow/example_dags/plugins/event_listener.py took 0.154 seconds
[2024-12-13T03:27:37.117-0800] {processor.py:186} INFO - Started process (PID=85618) to work on /Users/machine/Velocity_railway/airflow_env/lib/python3.10/site-packages/airflow/example_dags/plugins/event_listener.py
[2024-12-13T03:27:37.119-0800] {processor.py:914} INFO - Processing file /Users/machine/Velocity_railway/airflow_env/lib/python3.10/site-packages/airflow/example_dags/plugins/event_listener.py for tasks to queue
[2024-12-13T03:27:37.120-0800] {logging_mixin.py:190} INFO - [2024-12-13T03:27:37.120-0800] {dagbag.py:588} INFO - Filling up the DagBag from /Users/machine/Velocity_railway/airflow_env/lib/python3.10/site-packages/airflow/example_dags/plugins/event_listener.py
[2024-12-13T03:27:37.122-0800] {processor.py:927} WARNING - No viable dags retrieved from /Users/machine/Velocity_railway/airflow_env/lib/python3.10/site-packages/airflow/example_dags/plugins/event_listener.py
[2024-12-13T03:27:37.271-0800] {processor.py:208} INFO - Processing /Users/machine/Velocity_railway/airflow_env/lib/python3.10/site-packages/airflow/example_dags/plugins/event_listener.py took 0.160 seconds
[2024-12-13T03:29:54.483-0800] {processor.py:186} INFO - Started process (PID=86067) to work on /Users/machine/Velocity_railway/airflow_env/lib/python3.10/site-packages/airflow/example_dags/plugins/event_listener.py
[2024-12-13T03:29:54.486-0800] {processor.py:914} INFO - Processing file /Users/machine/Velocity_railway/airflow_env/lib/python3.10/site-packages/airflow/example_dags/plugins/event_listener.py for tasks to queue
[2024-12-13T03:29:54.487-0800] {logging_mixin.py:190} INFO - [2024-12-13T03:29:54.487-0800] {dagbag.py:588} INFO - Filling up the DagBag from /Users/machine/Velocity_railway/airflow_env/lib/python3.10/site-packages/airflow/example_dags/plugins/event_listener.py
[2024-12-13T03:29:54.488-0800] {processor.py:927} WARNING - No viable dags retrieved from /Users/machine/Velocity_railway/airflow_env/lib/python3.10/site-packages/airflow/example_dags/plugins/event_listener.py
[2024-12-13T03:29:54.666-0800] {processor.py:208} INFO - Processing /Users/machine/Velocity_railway/airflow_env/lib/python3.10/site-packages/airflow/example_dags/plugins/event_listener.py took 0.190 seconds
[2024-12-13T03:32:18.688-0800] {processor.py:186} INFO - Started process (PID=86569) to work on /Users/machine/Velocity_railway/airflow_env/lib/python3.10/site-packages/airflow/example_dags/plugins/event_listener.py
[2024-12-13T03:32:18.689-0800] {processor.py:914} INFO - Processing file /Users/machine/Velocity_railway/airflow_env/lib/python3.10/site-packages/airflow/example_dags/plugins/event_listener.py for tasks to queue
[2024-12-13T03:32:18.691-0800] {logging_mixin.py:190} INFO - [2024-12-13T03:32:18.690-0800] {dagbag.py:588} INFO - Filling up the DagBag from /Users/machine/Velocity_railway/airflow_env/lib/python3.10/site-packages/airflow/example_dags/plugins/event_listener.py
[2024-12-13T03:32:18.692-0800] {processor.py:927} WARNING - No viable dags retrieved from /Users/machine/Velocity_railway/airflow_env/lib/python3.10/site-packages/airflow/example_dags/plugins/event_listener.py
[2024-12-13T03:32:18.858-0800] {processor.py:208} INFO - Processing /Users/machine/Velocity_railway/airflow_env/lib/python3.10/site-packages/airflow/example_dags/plugins/event_listener.py took 0.177 seconds
[2024-12-13T03:34:42.375-0800] {processor.py:186} INFO - Started process (PID=87094) to work on /Users/machine/Velocity_railway/airflow_env/lib/python3.10/site-packages/airflow/example_dags/plugins/event_listener.py
[2024-12-13T03:34:42.377-0800] {processor.py:914} INFO - Processing file /Users/machine/Velocity_railway/airflow_env/lib/python3.10/site-packages/airflow/example_dags/plugins/event_listener.py for tasks to queue
[2024-12-13T03:34:42.378-0800] {logging_mixin.py:190} INFO - [2024-12-13T03:34:42.378-0800] {dagbag.py:588} INFO - Filling up the DagBag from /Users/machine/Velocity_railway/airflow_env/lib/python3.10/site-packages/airflow/example_dags/plugins/event_listener.py
[2024-12-13T03:34:42.380-0800] {processor.py:927} WARNING - No viable dags retrieved from /Users/machine/Velocity_railway/airflow_env/lib/python3.10/site-packages/airflow/example_dags/plugins/event_listener.py
[2024-12-13T03:34:42.531-0800] {processor.py:208} INFO - Processing /Users/machine/Velocity_railway/airflow_env/lib/python3.10/site-packages/airflow/example_dags/plugins/event_listener.py took 0.162 seconds
[2024-12-13T03:37:11.020-0800] {processor.py:186} INFO - Started process (PID=87660) to work on /Users/machine/Velocity_railway/airflow_env/lib/python3.10/site-packages/airflow/example_dags/plugins/event_listener.py
[2024-12-13T03:37:11.023-0800] {processor.py:914} INFO - Processing file /Users/machine/Velocity_railway/airflow_env/lib/python3.10/site-packages/airflow/example_dags/plugins/event_listener.py for tasks to queue
[2024-12-13T03:37:11.024-0800] {logging_mixin.py:190} INFO - [2024-12-13T03:37:11.024-0800] {dagbag.py:588} INFO - Filling up the DagBag from /Users/machine/Velocity_railway/airflow_env/lib/python3.10/site-packages/airflow/example_dags/plugins/event_listener.py
[2024-12-13T03:37:11.026-0800] {processor.py:927} WARNING - No viable dags retrieved from /Users/machine/Velocity_railway/airflow_env/lib/python3.10/site-packages/airflow/example_dags/plugins/event_listener.py
[2024-12-13T03:37:11.231-0800] {processor.py:208} INFO - Processing /Users/machine/Velocity_railway/airflow_env/lib/python3.10/site-packages/airflow/example_dags/plugins/event_listener.py took 0.219 seconds
[2024-12-13T03:39:38.568-0800] {processor.py:186} INFO - Started process (PID=88135) to work on /Users/machine/Velocity_railway/airflow_env/lib/python3.10/site-packages/airflow/example_dags/plugins/event_listener.py
[2024-12-13T03:39:38.570-0800] {processor.py:914} INFO - Processing file /Users/machine/Velocity_railway/airflow_env/lib/python3.10/site-packages/airflow/example_dags/plugins/event_listener.py for tasks to queue
[2024-12-13T03:39:38.572-0800] {logging_mixin.py:190} INFO - [2024-12-13T03:39:38.571-0800] {dagbag.py:588} INFO - Filling up the DagBag from /Users/machine/Velocity_railway/airflow_env/lib/python3.10/site-packages/airflow/example_dags/plugins/event_listener.py
[2024-12-13T03:39:38.573-0800] {processor.py:927} WARNING - No viable dags retrieved from /Users/machine/Velocity_railway/airflow_env/lib/python3.10/site-packages/airflow/example_dags/plugins/event_listener.py
[2024-12-13T03:39:38.737-0800] {processor.py:208} INFO - Processing /Users/machine/Velocity_railway/airflow_env/lib/python3.10/site-packages/airflow/example_dags/plugins/event_listener.py took 0.176 seconds
[2024-12-13T03:41:51.188-0800] {processor.py:186} INFO - Started process (PID=88607) to work on /Users/machine/Velocity_railway/airflow_env/lib/python3.10/site-packages/airflow/example_dags/plugins/event_listener.py
[2024-12-13T03:41:51.190-0800] {processor.py:914} INFO - Processing file /Users/machine/Velocity_railway/airflow_env/lib/python3.10/site-packages/airflow/example_dags/plugins/event_listener.py for tasks to queue
[2024-12-13T03:41:51.191-0800] {logging_mixin.py:190} INFO - [2024-12-13T03:41:51.191-0800] {dagbag.py:588} INFO - Filling up the DagBag from /Users/machine/Velocity_railway/airflow_env/lib/python3.10/site-packages/airflow/example_dags/plugins/event_listener.py
[2024-12-13T03:41:51.192-0800] {processor.py:927} WARNING - No viable dags retrieved from /Users/machine/Velocity_railway/airflow_env/lib/python3.10/site-packages/airflow/example_dags/plugins/event_listener.py
[2024-12-13T03:41:51.330-0800] {processor.py:208} INFO - Processing /Users/machine/Velocity_railway/airflow_env/lib/python3.10/site-packages/airflow/example_dags/plugins/event_listener.py took 0.147 seconds
[2024-12-13T03:44:03.861-0800] {processor.py:186} INFO - Started process (PID=89055) to work on /Users/machine/Velocity_railway/airflow_env/lib/python3.10/site-packages/airflow/example_dags/plugins/event_listener.py
[2024-12-13T03:44:03.863-0800] {processor.py:914} INFO - Processing file /Users/machine/Velocity_railway/airflow_env/lib/python3.10/site-packages/airflow/example_dags/plugins/event_listener.py for tasks to queue
[2024-12-13T03:44:03.865-0800] {logging_mixin.py:190} INFO - [2024-12-13T03:44:03.865-0800] {dagbag.py:588} INFO - Filling up the DagBag from /Users/machine/Velocity_railway/airflow_env/lib/python3.10/site-packages/airflow/example_dags/plugins/event_listener.py
[2024-12-13T03:44:03.866-0800] {processor.py:927} WARNING - No viable dags retrieved from /Users/machine/Velocity_railway/airflow_env/lib/python3.10/site-packages/airflow/example_dags/plugins/event_listener.py
[2024-12-13T03:44:04.011-0800] {processor.py:208} INFO - Processing /Users/machine/Velocity_railway/airflow_env/lib/python3.10/site-packages/airflow/example_dags/plugins/event_listener.py took 0.155 seconds
[2024-12-13T03:46:19.640-0800] {processor.py:186} INFO - Started process (PID=89513) to work on /Users/machine/Velocity_railway/airflow_env/lib/python3.10/site-packages/airflow/example_dags/plugins/event_listener.py
[2024-12-13T03:46:19.642-0800] {processor.py:914} INFO - Processing file /Users/machine/Velocity_railway/airflow_env/lib/python3.10/site-packages/airflow/example_dags/plugins/event_listener.py for tasks to queue
[2024-12-13T03:46:19.643-0800] {logging_mixin.py:190} INFO - [2024-12-13T03:46:19.643-0800] {dagbag.py:588} INFO - Filling up the DagBag from /Users/machine/Velocity_railway/airflow_env/lib/python3.10/site-packages/airflow/example_dags/plugins/event_listener.py
[2024-12-13T03:46:19.644-0800] {processor.py:927} WARNING - No viable dags retrieved from /Users/machine/Velocity_railway/airflow_env/lib/python3.10/site-packages/airflow/example_dags/plugins/event_listener.py
[2024-12-13T03:46:19.785-0800] {processor.py:208} INFO - Processing /Users/machine/Velocity_railway/airflow_env/lib/python3.10/site-packages/airflow/example_dags/plugins/event_listener.py took 0.151 seconds
[2024-12-13T03:48:32.108-0800] {processor.py:186} INFO - Started process (PID=89980) to work on /Users/machine/Velocity_railway/airflow_env/lib/python3.10/site-packages/airflow/example_dags/plugins/event_listener.py
[2024-12-13T03:48:32.110-0800] {processor.py:914} INFO - Processing file /Users/machine/Velocity_railway/airflow_env/lib/python3.10/site-packages/airflow/example_dags/plugins/event_listener.py for tasks to queue
[2024-12-13T03:48:32.112-0800] {logging_mixin.py:190} INFO - [2024-12-13T03:48:32.111-0800] {dagbag.py:588} INFO - Filling up the DagBag from /Users/machine/Velocity_railway/airflow_env/lib/python3.10/site-packages/airflow/example_dags/plugins/event_listener.py
[2024-12-13T03:48:32.113-0800] {processor.py:927} WARNING - No viable dags retrieved from /Users/machine/Velocity_railway/airflow_env/lib/python3.10/site-packages/airflow/example_dags/plugins/event_listener.py
[2024-12-13T03:48:32.281-0800] {processor.py:208} INFO - Processing /Users/machine/Velocity_railway/airflow_env/lib/python3.10/site-packages/airflow/example_dags/plugins/event_listener.py took 0.184 seconds
[2024-12-13T03:50:51.020-0800] {processor.py:186} INFO - Started process (PID=90471) to work on /Users/machine/Velocity_railway/airflow_env/lib/python3.10/site-packages/airflow/example_dags/plugins/event_listener.py
[2024-12-13T03:50:51.022-0800] {processor.py:914} INFO - Processing file /Users/machine/Velocity_railway/airflow_env/lib/python3.10/site-packages/airflow/example_dags/plugins/event_listener.py for tasks to queue
[2024-12-13T03:50:51.023-0800] {logging_mixin.py:190} INFO - [2024-12-13T03:50:51.022-0800] {dagbag.py:588} INFO - Filling up the DagBag from /Users/machine/Velocity_railway/airflow_env/lib/python3.10/site-packages/airflow/example_dags/plugins/event_listener.py
[2024-12-13T03:50:51.024-0800] {processor.py:927} WARNING - No viable dags retrieved from /Users/machine/Velocity_railway/airflow_env/lib/python3.10/site-packages/airflow/example_dags/plugins/event_listener.py
[2024-12-13T03:50:51.167-0800] {processor.py:208} INFO - Processing /Users/machine/Velocity_railway/airflow_env/lib/python3.10/site-packages/airflow/example_dags/plugins/event_listener.py took 0.153 seconds
[2024-12-13T03:53:08.785-0800] {processor.py:186} INFO - Started process (PID=90926) to work on /Users/machine/Velocity_railway/airflow_env/lib/python3.10/site-packages/airflow/example_dags/plugins/event_listener.py
[2024-12-13T03:53:08.786-0800] {processor.py:914} INFO - Processing file /Users/machine/Velocity_railway/airflow_env/lib/python3.10/site-packages/airflow/example_dags/plugins/event_listener.py for tasks to queue
[2024-12-13T03:53:08.787-0800] {logging_mixin.py:190} INFO - [2024-12-13T03:53:08.787-0800] {dagbag.py:588} INFO - Filling up the DagBag from /Users/machine/Velocity_railway/airflow_env/lib/python3.10/site-packages/airflow/example_dags/plugins/event_listener.py
[2024-12-13T03:53:08.789-0800] {processor.py:927} WARNING - No viable dags retrieved from /Users/machine/Velocity_railway/airflow_env/lib/python3.10/site-packages/airflow/example_dags/plugins/event_listener.py
[2024-12-13T03:53:08.942-0800] {processor.py:208} INFO - Processing /Users/machine/Velocity_railway/airflow_env/lib/python3.10/site-packages/airflow/example_dags/plugins/event_listener.py took 0.163 seconds
[2024-12-13T03:55:31.215-0800] {processor.py:186} INFO - Started process (PID=91462) to work on /Users/machine/Velocity_railway/airflow_env/lib/python3.10/site-packages/airflow/example_dags/plugins/event_listener.py
[2024-12-13T03:55:31.217-0800] {processor.py:914} INFO - Processing file /Users/machine/Velocity_railway/airflow_env/lib/python3.10/site-packages/airflow/example_dags/plugins/event_listener.py for tasks to queue
[2024-12-13T03:55:31.218-0800] {logging_mixin.py:190} INFO - [2024-12-13T03:55:31.218-0800] {dagbag.py:588} INFO - Filling up the DagBag from /Users/machine/Velocity_railway/airflow_env/lib/python3.10/site-packages/airflow/example_dags/plugins/event_listener.py
[2024-12-13T03:55:31.219-0800] {processor.py:927} WARNING - No viable dags retrieved from /Users/machine/Velocity_railway/airflow_env/lib/python3.10/site-packages/airflow/example_dags/plugins/event_listener.py
[2024-12-13T03:55:31.361-0800] {processor.py:208} INFO - Processing /Users/machine/Velocity_railway/airflow_env/lib/python3.10/site-packages/airflow/example_dags/plugins/event_listener.py took 0.151 seconds
[2024-12-13T03:58:02.107-0800] {processor.py:186} INFO - Started process (PID=92119) to work on /Users/machine/Velocity_railway/airflow_env/lib/python3.10/site-packages/airflow/example_dags/plugins/event_listener.py
[2024-12-13T03:58:02.114-0800] {processor.py:914} INFO - Processing file /Users/machine/Velocity_railway/airflow_env/lib/python3.10/site-packages/airflow/example_dags/plugins/event_listener.py for tasks to queue
[2024-12-13T03:58:02.116-0800] {logging_mixin.py:190} INFO - [2024-12-13T03:58:02.115-0800] {dagbag.py:588} INFO - Filling up the DagBag from /Users/machine/Velocity_railway/airflow_env/lib/python3.10/site-packages/airflow/example_dags/plugins/event_listener.py
[2024-12-13T03:58:02.118-0800] {processor.py:927} WARNING - No viable dags retrieved from /Users/machine/Velocity_railway/airflow_env/lib/python3.10/site-packages/airflow/example_dags/plugins/event_listener.py
[2024-12-13T03:58:02.319-0800] {processor.py:208} INFO - Processing /Users/machine/Velocity_railway/airflow_env/lib/python3.10/site-packages/airflow/example_dags/plugins/event_listener.py took 0.219 seconds
[2024-12-13T04:00:26.665-0800] {processor.py:186} INFO - Started process (PID=92742) to work on /Users/machine/Velocity_railway/airflow_env/lib/python3.10/site-packages/airflow/example_dags/plugins/event_listener.py
[2024-12-13T04:00:26.667-0800] {processor.py:914} INFO - Processing file /Users/machine/Velocity_railway/airflow_env/lib/python3.10/site-packages/airflow/example_dags/plugins/event_listener.py for tasks to queue
[2024-12-13T04:00:26.669-0800] {logging_mixin.py:190} INFO - [2024-12-13T04:00:26.669-0800] {dagbag.py:588} INFO - Filling up the DagBag from /Users/machine/Velocity_railway/airflow_env/lib/python3.10/site-packages/airflow/example_dags/plugins/event_listener.py
[2024-12-13T04:00:26.670-0800] {processor.py:927} WARNING - No viable dags retrieved from /Users/machine/Velocity_railway/airflow_env/lib/python3.10/site-packages/airflow/example_dags/plugins/event_listener.py
[2024-12-13T04:00:26.827-0800] {processor.py:208} INFO - Processing /Users/machine/Velocity_railway/airflow_env/lib/python3.10/site-packages/airflow/example_dags/plugins/event_listener.py took 0.168 seconds
[2024-12-13T05:51:41.256-0800] {processor.py:186} INFO - Started process (PID=93628) to work on /Users/machine/Velocity_railway/airflow_env/lib/python3.10/site-packages/airflow/example_dags/plugins/event_listener.py
[2024-12-13T05:51:41.257-0800] {processor.py:914} INFO - Processing file /Users/machine/Velocity_railway/airflow_env/lib/python3.10/site-packages/airflow/example_dags/plugins/event_listener.py for tasks to queue
[2024-12-13T05:51:41.259-0800] {logging_mixin.py:190} INFO - [2024-12-13T05:51:41.258-0800] {dagbag.py:588} INFO - Filling up the DagBag from /Users/machine/Velocity_railway/airflow_env/lib/python3.10/site-packages/airflow/example_dags/plugins/event_listener.py
[2024-12-13T05:51:41.260-0800] {processor.py:927} WARNING - No viable dags retrieved from /Users/machine/Velocity_railway/airflow_env/lib/python3.10/site-packages/airflow/example_dags/plugins/event_listener.py
[2024-12-13T05:51:41.401-0800] {processor.py:208} INFO - Processing /Users/machine/Velocity_railway/airflow_env/lib/python3.10/site-packages/airflow/example_dags/plugins/event_listener.py took 0.151 seconds
