[2024-12-13T03:08:12.933-0800] {processor.py:186} INFO - Started process (PID=81688) to work on /Users/machine/Velocity_railway/airflow_env/lib/python3.10/site-packages/airflow/example_dags/plugins/workday.py
[2024-12-13T03:08:12.934-0800] {processor.py:914} INFO - Processing file /Users/machine/Velocity_railway/airflow_env/lib/python3.10/site-packages/airflow/example_dags/plugins/workday.py for tasks to queue
[2024-12-13T03:08:12.936-0800] {logging_mixin.py:190} INFO - [2024-12-13T03:08:12.935-0800] {dagbag.py:588} INFO - Filling up the DagBag from /Users/machine/Velocity_railway/airflow_env/lib/python3.10/site-packages/airflow/example_dags/plugins/workday.py
[2024-12-13T03:08:12.938-0800] {logging_mixin.py:190} INFO - [2024-12-13T03:08:12.938-0800] {workday.py:41} WARNING - Could not import pandas. Holidays will not be considered.
[2024-12-13T03:08:12.938-0800] {processor.py:927} WARNING - No viable dags retrieved from /Users/machine/Velocity_railway/airflow_env/lib/python3.10/site-packages/airflow/example_dags/plugins/workday.py
[2024-12-13T03:08:13.087-0800] {processor.py:208} INFO - Processing /Users/machine/Velocity_railway/airflow_env/lib/python3.10/site-packages/airflow/example_dags/plugins/workday.py took 0.159 seconds
[2024-12-13T03:11:12.129-0800] {processor.py:186} INFO - Started process (PID=82281) to work on /Users/machine/Velocity_railway/airflow_env/lib/python3.10/site-packages/airflow/example_dags/plugins/workday.py
[2024-12-13T03:11:12.131-0800] {processor.py:914} INFO - Processing file /Users/machine/Velocity_railway/airflow_env/lib/python3.10/site-packages/airflow/example_dags/plugins/workday.py for tasks to queue
[2024-12-13T03:11:12.132-0800] {logging_mixin.py:190} INFO - [2024-12-13T03:11:12.131-0800] {dagbag.py:588} INFO - Filling up the DagBag from /Users/machine/Velocity_railway/airflow_env/lib/python3.10/site-packages/airflow/example_dags/plugins/workday.py
[2024-12-13T03:11:12.133-0800] {logging_mixin.py:190} INFO - [2024-12-13T03:11:12.133-0800] {workday.py:41} WARNING - Could not import pandas. Holidays will not be considered.
[2024-12-13T03:11:12.134-0800] {processor.py:927} WARNING - No viable dags retrieved from /Users/machine/Velocity_railway/airflow_env/lib/python3.10/site-packages/airflow/example_dags/plugins/workday.py
[2024-12-13T03:11:12.372-0800] {processor.py:208} INFO - Processing /Users/machine/Velocity_railway/airflow_env/lib/python3.10/site-packages/airflow/example_dags/plugins/workday.py took 0.250 seconds
[2024-12-13T03:13:47.110-0800] {processor.py:186} INFO - Started process (PID=82769) to work on /Users/machine/Velocity_railway/airflow_env/lib/python3.10/site-packages/airflow/example_dags/plugins/workday.py
[2024-12-13T03:13:47.111-0800] {processor.py:914} INFO - Processing file /Users/machine/Velocity_railway/airflow_env/lib/python3.10/site-packages/airflow/example_dags/plugins/workday.py for tasks to queue
[2024-12-13T03:13:47.113-0800] {logging_mixin.py:190} INFO - [2024-12-13T03:13:47.113-0800] {dagbag.py:588} INFO - Filling up the DagBag from /Users/machine/Velocity_railway/airflow_env/lib/python3.10/site-packages/airflow/example_dags/plugins/workday.py
[2024-12-13T03:13:47.115-0800] {logging_mixin.py:190} INFO - [2024-12-13T03:13:47.115-0800] {workday.py:41} WARNING - Could not import pandas. Holidays will not be considered.
[2024-12-13T03:13:47.115-0800] {processor.py:927} WARNING - No viable dags retrieved from /Users/machine/Velocity_railway/airflow_env/lib/python3.10/site-packages/airflow/example_dags/plugins/workday.py
[2024-12-13T03:13:47.271-0800] {processor.py:208} INFO - Processing /Users/machine/Velocity_railway/airflow_env/lib/python3.10/site-packages/airflow/example_dags/plugins/workday.py took 0.167 seconds
[2024-12-13T03:16:10.717-0800] {processor.py:186} INFO - Started process (PID=83264) to work on /Users/machine/Velocity_railway/airflow_env/lib/python3.10/site-packages/airflow/example_dags/plugins/workday.py
[2024-12-13T03:16:10.719-0800] {processor.py:914} INFO - Processing file /Users/machine/Velocity_railway/airflow_env/lib/python3.10/site-packages/airflow/example_dags/plugins/workday.py for tasks to queue
[2024-12-13T03:16:10.720-0800] {logging_mixin.py:190} INFO - [2024-12-13T03:16:10.720-0800] {dagbag.py:588} INFO - Filling up the DagBag from /Users/machine/Velocity_railway/airflow_env/lib/python3.10/site-packages/airflow/example_dags/plugins/workday.py
[2024-12-13T03:16:10.723-0800] {logging_mixin.py:190} INFO - [2024-12-13T03:16:10.723-0800] {workday.py:41} WARNING - Could not import pandas. Holidays will not be considered.
[2024-12-13T03:16:10.723-0800] {processor.py:927} WARNING - No viable dags retrieved from /Users/machine/Velocity_railway/airflow_env/lib/python3.10/site-packages/airflow/example_dags/plugins/workday.py
[2024-12-13T03:16:10.875-0800] {processor.py:208} INFO - Processing /Users/machine/Velocity_railway/airflow_env/lib/python3.10/site-packages/airflow/example_dags/plugins/workday.py took 0.164 seconds
[2024-12-13T03:18:27.727-0800] {processor.py:186} INFO - Started process (PID=83719) to work on /Users/machine/Velocity_railway/airflow_env/lib/python3.10/site-packages/airflow/example_dags/plugins/workday.py
[2024-12-13T03:18:27.729-0800] {processor.py:914} INFO - Processing file /Users/machine/Velocity_railway/airflow_env/lib/python3.10/site-packages/airflow/example_dags/plugins/workday.py for tasks to queue
[2024-12-13T03:18:27.730-0800] {logging_mixin.py:190} INFO - [2024-12-13T03:18:27.730-0800] {dagbag.py:588} INFO - Filling up the DagBag from /Users/machine/Velocity_railway/airflow_env/lib/python3.10/site-packages/airflow/example_dags/plugins/workday.py
[2024-12-13T03:18:27.732-0800] {logging_mixin.py:190} INFO - [2024-12-13T03:18:27.732-0800] {workday.py:41} WARNING - Could not import pandas. Holidays will not be considered.
[2024-12-13T03:18:27.732-0800] {processor.py:927} WARNING - No viable dags retrieved from /Users/machine/Velocity_railway/airflow_env/lib/python3.10/site-packages/airflow/example_dags/plugins/workday.py
[2024-12-13T03:18:27.878-0800] {processor.py:208} INFO - Processing /Users/machine/Velocity_railway/airflow_env/lib/python3.10/site-packages/airflow/example_dags/plugins/workday.py took 0.157 seconds
[2024-12-13T03:20:38.562-0800] {processor.py:186} INFO - Started process (PID=84188) to work on /Users/machine/Velocity_railway/airflow_env/lib/python3.10/site-packages/airflow/example_dags/plugins/workday.py
[2024-12-13T03:20:38.564-0800] {processor.py:914} INFO - Processing file /Users/machine/Velocity_railway/airflow_env/lib/python3.10/site-packages/airflow/example_dags/plugins/workday.py for tasks to queue
[2024-12-13T03:20:38.566-0800] {logging_mixin.py:190} INFO - [2024-12-13T03:20:38.565-0800] {dagbag.py:588} INFO - Filling up the DagBag from /Users/machine/Velocity_railway/airflow_env/lib/python3.10/site-packages/airflow/example_dags/plugins/workday.py
[2024-12-13T03:20:38.568-0800] {logging_mixin.py:190} INFO - [2024-12-13T03:20:38.568-0800] {workday.py:41} WARNING - Could not import pandas. Holidays will not be considered.
[2024-12-13T03:20:38.568-0800] {processor.py:927} WARNING - No viable dags retrieved from /Users/machine/Velocity_railway/airflow_env/lib/python3.10/site-packages/airflow/example_dags/plugins/workday.py
[2024-12-13T03:20:38.709-0800] {processor.py:208} INFO - Processing /Users/machine/Velocity_railway/airflow_env/lib/python3.10/site-packages/airflow/example_dags/plugins/workday.py took 0.153 seconds
[2024-12-13T03:22:55.704-0800] {processor.py:186} INFO - Started process (PID=84648) to work on /Users/machine/Velocity_railway/airflow_env/lib/python3.10/site-packages/airflow/example_dags/plugins/workday.py
[2024-12-13T03:22:55.706-0800] {processor.py:914} INFO - Processing file /Users/machine/Velocity_railway/airflow_env/lib/python3.10/site-packages/airflow/example_dags/plugins/workday.py for tasks to queue
[2024-12-13T03:22:55.707-0800] {logging_mixin.py:190} INFO - [2024-12-13T03:22:55.707-0800] {dagbag.py:588} INFO - Filling up the DagBag from /Users/machine/Velocity_railway/airflow_env/lib/python3.10/site-packages/airflow/example_dags/plugins/workday.py
[2024-12-13T03:22:55.709-0800] {logging_mixin.py:190} INFO - [2024-12-13T03:22:55.709-0800] {workday.py:41} WARNING - Could not import pandas. Holidays will not be considered.
[2024-12-13T03:22:55.710-0800] {processor.py:927} WARNING - No viable dags retrieved from /Users/machine/Velocity_railway/airflow_env/lib/python3.10/site-packages/airflow/example_dags/plugins/workday.py
[2024-12-13T03:22:55.890-0800] {processor.py:208} INFO - Processing /Users/machine/Velocity_railway/airflow_env/lib/python3.10/site-packages/airflow/example_dags/plugins/workday.py took 0.193 seconds
[2024-12-13T03:25:17.043-0800] {processor.py:186} INFO - Started process (PID=85142) to work on /Users/machine/Velocity_railway/airflow_env/lib/python3.10/site-packages/airflow/example_dags/plugins/workday.py
[2024-12-13T03:25:17.044-0800] {processor.py:914} INFO - Processing file /Users/machine/Velocity_railway/airflow_env/lib/python3.10/site-packages/airflow/example_dags/plugins/workday.py for tasks to queue
[2024-12-13T03:25:17.045-0800] {logging_mixin.py:190} INFO - [2024-12-13T03:25:17.045-0800] {dagbag.py:588} INFO - Filling up the DagBag from /Users/machine/Velocity_railway/airflow_env/lib/python3.10/site-packages/airflow/example_dags/plugins/workday.py
[2024-12-13T03:25:17.047-0800] {logging_mixin.py:190} INFO - [2024-12-13T03:25:17.047-0800] {workday.py:41} WARNING - Could not import pandas. Holidays will not be considered.
[2024-12-13T03:25:17.047-0800] {processor.py:927} WARNING - No viable dags retrieved from /Users/machine/Velocity_railway/airflow_env/lib/python3.10/site-packages/airflow/example_dags/plugins/workday.py
[2024-12-13T03:25:17.200-0800] {processor.py:208} INFO - Processing /Users/machine/Velocity_railway/airflow_env/lib/python3.10/site-packages/airflow/example_dags/plugins/workday.py took 0.163 seconds
[2024-12-13T03:27:31.467-0800] {processor.py:186} INFO - Started process (PID=85601) to work on /Users/machine/Velocity_railway/airflow_env/lib/python3.10/site-packages/airflow/example_dags/plugins/workday.py
[2024-12-13T03:27:31.470-0800] {processor.py:914} INFO - Processing file /Users/machine/Velocity_railway/airflow_env/lib/python3.10/site-packages/airflow/example_dags/plugins/workday.py for tasks to queue
[2024-12-13T03:27:31.472-0800] {logging_mixin.py:190} INFO - [2024-12-13T03:27:31.471-0800] {dagbag.py:588} INFO - Filling up the DagBag from /Users/machine/Velocity_railway/airflow_env/lib/python3.10/site-packages/airflow/example_dags/plugins/workday.py
[2024-12-13T03:27:31.474-0800] {logging_mixin.py:190} INFO - [2024-12-13T03:27:31.474-0800] {workday.py:41} WARNING - Could not import pandas. Holidays will not be considered.
[2024-12-13T03:27:31.474-0800] {processor.py:927} WARNING - No viable dags retrieved from /Users/machine/Velocity_railway/airflow_env/lib/python3.10/site-packages/airflow/example_dags/plugins/workday.py
[2024-12-13T03:27:31.639-0800] {processor.py:208} INFO - Processing /Users/machine/Velocity_railway/airflow_env/lib/python3.10/site-packages/airflow/example_dags/plugins/workday.py took 0.178 seconds
[2024-12-13T03:29:49.196-0800] {processor.py:186} INFO - Started process (PID=86045) to work on /Users/machine/Velocity_railway/airflow_env/lib/python3.10/site-packages/airflow/example_dags/plugins/workday.py
[2024-12-13T03:29:49.198-0800] {processor.py:914} INFO - Processing file /Users/machine/Velocity_railway/airflow_env/lib/python3.10/site-packages/airflow/example_dags/plugins/workday.py for tasks to queue
[2024-12-13T03:29:49.199-0800] {logging_mixin.py:190} INFO - [2024-12-13T03:29:49.199-0800] {dagbag.py:588} INFO - Filling up the DagBag from /Users/machine/Velocity_railway/airflow_env/lib/python3.10/site-packages/airflow/example_dags/plugins/workday.py
[2024-12-13T03:29:49.201-0800] {logging_mixin.py:190} INFO - [2024-12-13T03:29:49.201-0800] {workday.py:41} WARNING - Could not import pandas. Holidays will not be considered.
[2024-12-13T03:29:49.201-0800] {processor.py:927} WARNING - No viable dags retrieved from /Users/machine/Velocity_railway/airflow_env/lib/python3.10/site-packages/airflow/example_dags/plugins/workday.py
[2024-12-13T03:29:49.359-0800] {processor.py:208} INFO - Processing /Users/machine/Velocity_railway/airflow_env/lib/python3.10/site-packages/airflow/example_dags/plugins/workday.py took 0.169 seconds
[2024-12-13T03:32:13.670-0800] {processor.py:186} INFO - Started process (PID=86546) to work on /Users/machine/Velocity_railway/airflow_env/lib/python3.10/site-packages/airflow/example_dags/plugins/workday.py
[2024-12-13T03:32:13.671-0800] {processor.py:914} INFO - Processing file /Users/machine/Velocity_railway/airflow_env/lib/python3.10/site-packages/airflow/example_dags/plugins/workday.py for tasks to queue
[2024-12-13T03:32:13.673-0800] {logging_mixin.py:190} INFO - [2024-12-13T03:32:13.673-0800] {dagbag.py:588} INFO - Filling up the DagBag from /Users/machine/Velocity_railway/airflow_env/lib/python3.10/site-packages/airflow/example_dags/plugins/workday.py
[2024-12-13T03:32:13.674-0800] {logging_mixin.py:190} INFO - [2024-12-13T03:32:13.674-0800] {workday.py:41} WARNING - Could not import pandas. Holidays will not be considered.
[2024-12-13T03:32:13.674-0800] {processor.py:927} WARNING - No viable dags retrieved from /Users/machine/Velocity_railway/airflow_env/lib/python3.10/site-packages/airflow/example_dags/plugins/workday.py
[2024-12-13T03:32:13.836-0800] {processor.py:208} INFO - Processing /Users/machine/Velocity_railway/airflow_env/lib/python3.10/site-packages/airflow/example_dags/plugins/workday.py took 0.172 seconds
[2024-12-13T03:34:37.353-0800] {processor.py:186} INFO - Started process (PID=87078) to work on /Users/machine/Velocity_railway/airflow_env/lib/python3.10/site-packages/airflow/example_dags/plugins/workday.py
[2024-12-13T03:34:37.355-0800] {processor.py:914} INFO - Processing file /Users/machine/Velocity_railway/airflow_env/lib/python3.10/site-packages/airflow/example_dags/plugins/workday.py for tasks to queue
[2024-12-13T03:34:37.356-0800] {logging_mixin.py:190} INFO - [2024-12-13T03:34:37.356-0800] {dagbag.py:588} INFO - Filling up the DagBag from /Users/machine/Velocity_railway/airflow_env/lib/python3.10/site-packages/airflow/example_dags/plugins/workday.py
[2024-12-13T03:34:37.358-0800] {logging_mixin.py:190} INFO - [2024-12-13T03:34:37.358-0800] {workday.py:41} WARNING - Could not import pandas. Holidays will not be considered.
[2024-12-13T03:34:37.359-0800] {processor.py:927} WARNING - No viable dags retrieved from /Users/machine/Velocity_railway/airflow_env/lib/python3.10/site-packages/airflow/example_dags/plugins/workday.py
[2024-12-13T03:34:37.521-0800] {processor.py:208} INFO - Processing /Users/machine/Velocity_railway/airflow_env/lib/python3.10/site-packages/airflow/example_dags/plugins/workday.py took 0.175 seconds
[2024-12-13T03:37:03.658-0800] {processor.py:186} INFO - Started process (PID=87635) to work on /Users/machine/Velocity_railway/airflow_env/lib/python3.10/site-packages/airflow/example_dags/plugins/workday.py
[2024-12-13T03:37:03.661-0800] {processor.py:914} INFO - Processing file /Users/machine/Velocity_railway/airflow_env/lib/python3.10/site-packages/airflow/example_dags/plugins/workday.py for tasks to queue
[2024-12-13T03:37:03.663-0800] {logging_mixin.py:190} INFO - [2024-12-13T03:37:03.663-0800] {dagbag.py:588} INFO - Filling up the DagBag from /Users/machine/Velocity_railway/airflow_env/lib/python3.10/site-packages/airflow/example_dags/plugins/workday.py
[2024-12-13T03:37:03.666-0800] {logging_mixin.py:190} INFO - [2024-12-13T03:37:03.666-0800] {workday.py:41} WARNING - Could not import pandas. Holidays will not be considered.
[2024-12-13T03:37:03.667-0800] {processor.py:927} WARNING - No viable dags retrieved from /Users/machine/Velocity_railway/airflow_env/lib/python3.10/site-packages/airflow/example_dags/plugins/workday.py
[2024-12-13T03:37:03.856-0800] {processor.py:208} INFO - Processing /Users/machine/Velocity_railway/airflow_env/lib/python3.10/site-packages/airflow/example_dags/plugins/workday.py took 0.205 seconds
[2024-12-13T03:39:32.648-0800] {processor.py:186} INFO - Started process (PID=88121) to work on /Users/machine/Velocity_railway/airflow_env/lib/python3.10/site-packages/airflow/example_dags/plugins/workday.py
[2024-12-13T03:39:32.649-0800] {processor.py:914} INFO - Processing file /Users/machine/Velocity_railway/airflow_env/lib/python3.10/site-packages/airflow/example_dags/plugins/workday.py for tasks to queue
[2024-12-13T03:39:32.650-0800] {logging_mixin.py:190} INFO - [2024-12-13T03:39:32.650-0800] {dagbag.py:588} INFO - Filling up the DagBag from /Users/machine/Velocity_railway/airflow_env/lib/python3.10/site-packages/airflow/example_dags/plugins/workday.py
[2024-12-13T03:39:32.652-0800] {logging_mixin.py:190} INFO - [2024-12-13T03:39:32.652-0800] {workday.py:41} WARNING - Could not import pandas. Holidays will not be considered.
[2024-12-13T03:39:32.652-0800] {processor.py:927} WARNING - No viable dags retrieved from /Users/machine/Velocity_railway/airflow_env/lib/python3.10/site-packages/airflow/example_dags/plugins/workday.py
[2024-12-13T03:39:32.802-0800] {processor.py:208} INFO - Processing /Users/machine/Velocity_railway/airflow_env/lib/python3.10/site-packages/airflow/example_dags/plugins/workday.py took 0.160 seconds
[2024-12-13T03:41:45.645-0800] {processor.py:186} INFO - Started process (PID=88590) to work on /Users/machine/Velocity_railway/airflow_env/lib/python3.10/site-packages/airflow/example_dags/plugins/workday.py
[2024-12-13T03:41:45.647-0800] {processor.py:914} INFO - Processing file /Users/machine/Velocity_railway/airflow_env/lib/python3.10/site-packages/airflow/example_dags/plugins/workday.py for tasks to queue
[2024-12-13T03:41:45.648-0800] {logging_mixin.py:190} INFO - [2024-12-13T03:41:45.648-0800] {dagbag.py:588} INFO - Filling up the DagBag from /Users/machine/Velocity_railway/airflow_env/lib/python3.10/site-packages/airflow/example_dags/plugins/workday.py
[2024-12-13T03:41:45.649-0800] {logging_mixin.py:190} INFO - [2024-12-13T03:41:45.649-0800] {workday.py:41} WARNING - Could not import pandas. Holidays will not be considered.
[2024-12-13T03:41:45.650-0800] {processor.py:927} WARNING - No viable dags retrieved from /Users/machine/Velocity_railway/airflow_env/lib/python3.10/site-packages/airflow/example_dags/plugins/workday.py
[2024-12-13T03:41:45.789-0800] {processor.py:208} INFO - Processing /Users/machine/Velocity_railway/airflow_env/lib/python3.10/site-packages/airflow/example_dags/plugins/workday.py took 0.150 seconds
[2024-12-13T03:43:57.970-0800] {processor.py:186} INFO - Started process (PID=89039) to work on /Users/machine/Velocity_railway/airflow_env/lib/python3.10/site-packages/airflow/example_dags/plugins/workday.py
[2024-12-13T03:43:57.971-0800] {processor.py:914} INFO - Processing file /Users/machine/Velocity_railway/airflow_env/lib/python3.10/site-packages/airflow/example_dags/plugins/workday.py for tasks to queue
[2024-12-13T03:43:57.972-0800] {logging_mixin.py:190} INFO - [2024-12-13T03:43:57.972-0800] {dagbag.py:588} INFO - Filling up the DagBag from /Users/machine/Velocity_railway/airflow_env/lib/python3.10/site-packages/airflow/example_dags/plugins/workday.py
[2024-12-13T03:43:57.974-0800] {logging_mixin.py:190} INFO - [2024-12-13T03:43:57.974-0800] {workday.py:41} WARNING - Could not import pandas. Holidays will not be considered.
[2024-12-13T03:43:57.974-0800] {processor.py:927} WARNING - No viable dags retrieved from /Users/machine/Velocity_railway/airflow_env/lib/python3.10/site-packages/airflow/example_dags/plugins/workday.py
[2024-12-13T03:43:58.114-0800] {processor.py:208} INFO - Processing /Users/machine/Velocity_railway/airflow_env/lib/python3.10/site-packages/airflow/example_dags/plugins/workday.py took 0.150 seconds
[2024-12-13T03:46:14.508-0800] {processor.py:186} INFO - Started process (PID=89491) to work on /Users/machine/Velocity_railway/airflow_env/lib/python3.10/site-packages/airflow/example_dags/plugins/workday.py
[2024-12-13T03:46:14.510-0800] {processor.py:914} INFO - Processing file /Users/machine/Velocity_railway/airflow_env/lib/python3.10/site-packages/airflow/example_dags/plugins/workday.py for tasks to queue
[2024-12-13T03:46:14.511-0800] {logging_mixin.py:190} INFO - [2024-12-13T03:46:14.511-0800] {dagbag.py:588} INFO - Filling up the DagBag from /Users/machine/Velocity_railway/airflow_env/lib/python3.10/site-packages/airflow/example_dags/plugins/workday.py
[2024-12-13T03:46:14.512-0800] {logging_mixin.py:190} INFO - [2024-12-13T03:46:14.512-0800] {workday.py:41} WARNING - Could not import pandas. Holidays will not be considered.
[2024-12-13T03:46:14.513-0800] {processor.py:927} WARNING - No viable dags retrieved from /Users/machine/Velocity_railway/airflow_env/lib/python3.10/site-packages/airflow/example_dags/plugins/workday.py
[2024-12-13T03:46:14.654-0800] {processor.py:208} INFO - Processing /Users/machine/Velocity_railway/airflow_env/lib/python3.10/site-packages/airflow/example_dags/plugins/workday.py took 0.151 seconds
[2024-12-13T03:48:26.496-0800] {processor.py:186} INFO - Started process (PID=89946) to work on /Users/machine/Velocity_railway/airflow_env/lib/python3.10/site-packages/airflow/example_dags/plugins/workday.py
[2024-12-13T03:48:26.498-0800] {processor.py:914} INFO - Processing file /Users/machine/Velocity_railway/airflow_env/lib/python3.10/site-packages/airflow/example_dags/plugins/workday.py for tasks to queue
[2024-12-13T03:48:26.499-0800] {logging_mixin.py:190} INFO - [2024-12-13T03:48:26.499-0800] {dagbag.py:588} INFO - Filling up the DagBag from /Users/machine/Velocity_railway/airflow_env/lib/python3.10/site-packages/airflow/example_dags/plugins/workday.py
[2024-12-13T03:48:26.501-0800] {logging_mixin.py:190} INFO - [2024-12-13T03:48:26.500-0800] {workday.py:41} WARNING - Could not import pandas. Holidays will not be considered.
[2024-12-13T03:48:26.501-0800] {processor.py:927} WARNING - No viable dags retrieved from /Users/machine/Velocity_railway/airflow_env/lib/python3.10/site-packages/airflow/example_dags/plugins/workday.py
[2024-12-13T03:48:26.693-0800] {processor.py:208} INFO - Processing /Users/machine/Velocity_railway/airflow_env/lib/python3.10/site-packages/airflow/example_dags/plugins/workday.py took 0.203 seconds
[2024-12-13T03:50:45.109-0800] {processor.py:186} INFO - Started process (PID=90441) to work on /Users/machine/Velocity_railway/airflow_env/lib/python3.10/site-packages/airflow/example_dags/plugins/workday.py
[2024-12-13T03:50:45.112-0800] {processor.py:914} INFO - Processing file /Users/machine/Velocity_railway/airflow_env/lib/python3.10/site-packages/airflow/example_dags/plugins/workday.py for tasks to queue
[2024-12-13T03:50:45.113-0800] {logging_mixin.py:190} INFO - [2024-12-13T03:50:45.113-0800] {dagbag.py:588} INFO - Filling up the DagBag from /Users/machine/Velocity_railway/airflow_env/lib/python3.10/site-packages/airflow/example_dags/plugins/workday.py
[2024-12-13T03:50:45.115-0800] {logging_mixin.py:190} INFO - [2024-12-13T03:50:45.115-0800] {workday.py:41} WARNING - Could not import pandas. Holidays will not be considered.
[2024-12-13T03:50:45.116-0800] {processor.py:927} WARNING - No viable dags retrieved from /Users/machine/Velocity_railway/airflow_env/lib/python3.10/site-packages/airflow/example_dags/plugins/workday.py
[2024-12-13T03:50:45.275-0800] {processor.py:208} INFO - Processing /Users/machine/Velocity_railway/airflow_env/lib/python3.10/site-packages/airflow/example_dags/plugins/workday.py took 0.172 seconds
[2024-12-13T03:53:02.743-0800] {processor.py:186} INFO - Started process (PID=90906) to work on /Users/machine/Velocity_railway/airflow_env/lib/python3.10/site-packages/airflow/example_dags/plugins/workday.py
[2024-12-13T03:53:02.745-0800] {processor.py:914} INFO - Processing file /Users/machine/Velocity_railway/airflow_env/lib/python3.10/site-packages/airflow/example_dags/plugins/workday.py for tasks to queue
[2024-12-13T03:53:02.746-0800] {logging_mixin.py:190} INFO - [2024-12-13T03:53:02.746-0800] {dagbag.py:588} INFO - Filling up the DagBag from /Users/machine/Velocity_railway/airflow_env/lib/python3.10/site-packages/airflow/example_dags/plugins/workday.py
[2024-12-13T03:53:02.748-0800] {logging_mixin.py:190} INFO - [2024-12-13T03:53:02.748-0800] {workday.py:41} WARNING - Could not import pandas. Holidays will not be considered.
[2024-12-13T03:53:02.748-0800] {processor.py:927} WARNING - No viable dags retrieved from /Users/machine/Velocity_railway/airflow_env/lib/python3.10/site-packages/airflow/example_dags/plugins/workday.py
[2024-12-13T03:53:02.916-0800] {processor.py:208} INFO - Processing /Users/machine/Velocity_railway/airflow_env/lib/python3.10/site-packages/airflow/example_dags/plugins/workday.py took 0.179 seconds
[2024-12-13T03:55:26.188-0800] {processor.py:186} INFO - Started process (PID=91446) to work on /Users/machine/Velocity_railway/airflow_env/lib/python3.10/site-packages/airflow/example_dags/plugins/workday.py
[2024-12-13T03:55:26.190-0800] {processor.py:914} INFO - Processing file /Users/machine/Velocity_railway/airflow_env/lib/python3.10/site-packages/airflow/example_dags/plugins/workday.py for tasks to queue
[2024-12-13T03:55:26.191-0800] {logging_mixin.py:190} INFO - [2024-12-13T03:55:26.191-0800] {dagbag.py:588} INFO - Filling up the DagBag from /Users/machine/Velocity_railway/airflow_env/lib/python3.10/site-packages/airflow/example_dags/plugins/workday.py
[2024-12-13T03:55:26.192-0800] {logging_mixin.py:190} INFO - [2024-12-13T03:55:26.192-0800] {workday.py:41} WARNING - Could not import pandas. Holidays will not be considered.
[2024-12-13T03:55:26.193-0800] {processor.py:927} WARNING - No viable dags retrieved from /Users/machine/Velocity_railway/airflow_env/lib/python3.10/site-packages/airflow/example_dags/plugins/workday.py
[2024-12-13T03:55:26.334-0800] {processor.py:208} INFO - Processing /Users/machine/Velocity_railway/airflow_env/lib/python3.10/site-packages/airflow/example_dags/plugins/workday.py took 0.151 seconds
[2024-12-13T03:57:55.405-0800] {processor.py:186} INFO - Started process (PID=92092) to work on /Users/machine/Velocity_railway/airflow_env/lib/python3.10/site-packages/airflow/example_dags/plugins/workday.py
[2024-12-13T03:57:55.407-0800] {processor.py:914} INFO - Processing file /Users/machine/Velocity_railway/airflow_env/lib/python3.10/site-packages/airflow/example_dags/plugins/workday.py for tasks to queue
[2024-12-13T03:57:55.409-0800] {logging_mixin.py:190} INFO - [2024-12-13T03:57:55.408-0800] {dagbag.py:588} INFO - Filling up the DagBag from /Users/machine/Velocity_railway/airflow_env/lib/python3.10/site-packages/airflow/example_dags/plugins/workday.py
[2024-12-13T03:57:55.410-0800] {logging_mixin.py:190} INFO - [2024-12-13T03:57:55.410-0800] {workday.py:41} WARNING - Could not import pandas. Holidays will not be considered.
[2024-12-13T03:57:55.411-0800] {processor.py:927} WARNING - No viable dags retrieved from /Users/machine/Velocity_railway/airflow_env/lib/python3.10/site-packages/airflow/example_dags/plugins/workday.py
[2024-12-13T03:57:55.591-0800] {processor.py:208} INFO - Processing /Users/machine/Velocity_railway/airflow_env/lib/python3.10/site-packages/airflow/example_dags/plugins/workday.py took 0.197 seconds
[2024-12-13T04:00:21.206-0800] {processor.py:186} INFO - Started process (PID=92721) to work on /Users/machine/Velocity_railway/airflow_env/lib/python3.10/site-packages/airflow/example_dags/plugins/workday.py
[2024-12-13T04:00:21.208-0800] {processor.py:914} INFO - Processing file /Users/machine/Velocity_railway/airflow_env/lib/python3.10/site-packages/airflow/example_dags/plugins/workday.py for tasks to queue
[2024-12-13T04:00:21.210-0800] {logging_mixin.py:190} INFO - [2024-12-13T04:00:21.209-0800] {dagbag.py:588} INFO - Filling up the DagBag from /Users/machine/Velocity_railway/airflow_env/lib/python3.10/site-packages/airflow/example_dags/plugins/workday.py
[2024-12-13T04:00:21.212-0800] {logging_mixin.py:190} INFO - [2024-12-13T04:00:21.212-0800] {workday.py:41} WARNING - Could not import pandas. Holidays will not be considered.
[2024-12-13T04:00:21.212-0800] {processor.py:927} WARNING - No viable dags retrieved from /Users/machine/Velocity_railway/airflow_env/lib/python3.10/site-packages/airflow/example_dags/plugins/workday.py
[2024-12-13T04:00:21.385-0800] {processor.py:208} INFO - Processing /Users/machine/Velocity_railway/airflow_env/lib/python3.10/site-packages/airflow/example_dags/plugins/workday.py took 0.186 seconds
[2024-12-13T05:51:35.056-0800] {processor.py:186} INFO - Started process (PID=93604) to work on /Users/machine/Velocity_railway/airflow_env/lib/python3.10/site-packages/airflow/example_dags/plugins/workday.py
[2024-12-13T05:51:35.057-0800] {processor.py:914} INFO - Processing file /Users/machine/Velocity_railway/airflow_env/lib/python3.10/site-packages/airflow/example_dags/plugins/workday.py for tasks to queue
[2024-12-13T05:51:35.059-0800] {logging_mixin.py:190} INFO - [2024-12-13T05:51:35.058-0800] {dagbag.py:588} INFO - Filling up the DagBag from /Users/machine/Velocity_railway/airflow_env/lib/python3.10/site-packages/airflow/example_dags/plugins/workday.py
[2024-12-13T05:51:35.060-0800] {logging_mixin.py:190} INFO - [2024-12-13T05:51:35.060-0800] {workday.py:41} WARNING - Could not import pandas. Holidays will not be considered.
[2024-12-13T05:51:35.060-0800] {processor.py:927} WARNING - No viable dags retrieved from /Users/machine/Velocity_railway/airflow_env/lib/python3.10/site-packages/airflow/example_dags/plugins/workday.py
[2024-12-13T05:51:35.211-0800] {processor.py:208} INFO - Processing /Users/machine/Velocity_railway/airflow_env/lib/python3.10/site-packages/airflow/example_dags/plugins/workday.py took 0.162 seconds
