[2024-12-13T03:08:09.879-0800] {processor.py:186} INFO - Started process (PID=81676) to work on /Users/machine/Velocity_railway/airflow_env/lib/python3.10/site-packages/airflow/example_dags/subdags/subdag.py
[2024-12-13T03:08:09.880-0800] {processor.py:914} INFO - Processing file /Users/machine/Velocity_railway/airflow_env/lib/python3.10/site-packages/airflow/example_dags/subdags/subdag.py for tasks to queue
[2024-12-13T03:08:09.881-0800] {logging_mixin.py:190} INFO - [2024-12-13T03:08:09.881-0800] {dagbag.py:588} INFO - Filling up the DagBag from /Users/machine/Velocity_railway/airflow_env/lib/python3.10/site-packages/airflow/example_dags/subdags/subdag.py
[2024-12-13T03:08:09.884-0800] {processor.py:927} WARNING - No viable dags retrieved from /Users/machine/Velocity_railway/airflow_env/lib/python3.10/site-packages/airflow/example_dags/subdags/subdag.py
[2024-12-13T03:08:10.041-0800] {processor.py:208} INFO - Processing /Users/machine/Velocity_railway/airflow_env/lib/python3.10/site-packages/airflow/example_dags/subdags/subdag.py took 0.168 seconds
[2024-12-13T03:11:08.925-0800] {processor.py:186} INFO - Started process (PID=82266) to work on /Users/machine/Velocity_railway/airflow_env/lib/python3.10/site-packages/airflow/example_dags/subdags/subdag.py
[2024-12-13T03:11:08.928-0800] {processor.py:914} INFO - Processing file /Users/machine/Velocity_railway/airflow_env/lib/python3.10/site-packages/airflow/example_dags/subdags/subdag.py for tasks to queue
[2024-12-13T03:11:08.929-0800] {logging_mixin.py:190} INFO - [2024-12-13T03:11:08.929-0800] {dagbag.py:588} INFO - Filling up the DagBag from /Users/machine/Velocity_railway/airflow_env/lib/python3.10/site-packages/airflow/example_dags/subdags/subdag.py
[2024-12-13T03:11:08.933-0800] {processor.py:927} WARNING - No viable dags retrieved from /Users/machine/Velocity_railway/airflow_env/lib/python3.10/site-packages/airflow/example_dags/subdags/subdag.py
[2024-12-13T03:11:09.107-0800] {processor.py:208} INFO - Processing /Users/machine/Velocity_railway/airflow_env/lib/python3.10/site-packages/airflow/example_dags/subdags/subdag.py took 0.189 seconds
[2024-12-13T03:13:44.110-0800] {processor.py:186} INFO - Started process (PID=82761) to work on /Users/machine/Velocity_railway/airflow_env/lib/python3.10/site-packages/airflow/example_dags/subdags/subdag.py
[2024-12-13T03:13:44.111-0800] {processor.py:914} INFO - Processing file /Users/machine/Velocity_railway/airflow_env/lib/python3.10/site-packages/airflow/example_dags/subdags/subdag.py for tasks to queue
[2024-12-13T03:13:44.112-0800] {logging_mixin.py:190} INFO - [2024-12-13T03:13:44.112-0800] {dagbag.py:588} INFO - Filling up the DagBag from /Users/machine/Velocity_railway/airflow_env/lib/python3.10/site-packages/airflow/example_dags/subdags/subdag.py
[2024-12-13T03:13:44.115-0800] {processor.py:927} WARNING - No viable dags retrieved from /Users/machine/Velocity_railway/airflow_env/lib/python3.10/site-packages/airflow/example_dags/subdags/subdag.py
[2024-12-13T03:13:44.258-0800] {processor.py:208} INFO - Processing /Users/machine/Velocity_railway/airflow_env/lib/python3.10/site-packages/airflow/example_dags/subdags/subdag.py took 0.155 seconds
[2024-12-13T03:16:08.543-0800] {processor.py:186} INFO - Started process (PID=83246) to work on /Users/machine/Velocity_railway/airflow_env/lib/python3.10/site-packages/airflow/example_dags/subdags/subdag.py
[2024-12-13T03:16:08.545-0800] {processor.py:914} INFO - Processing file /Users/machine/Velocity_railway/airflow_env/lib/python3.10/site-packages/airflow/example_dags/subdags/subdag.py for tasks to queue
[2024-12-13T03:16:08.546-0800] {logging_mixin.py:190} INFO - [2024-12-13T03:16:08.546-0800] {dagbag.py:588} INFO - Filling up the DagBag from /Users/machine/Velocity_railway/airflow_env/lib/python3.10/site-packages/airflow/example_dags/subdags/subdag.py
[2024-12-13T03:16:08.549-0800] {processor.py:927} WARNING - No viable dags retrieved from /Users/machine/Velocity_railway/airflow_env/lib/python3.10/site-packages/airflow/example_dags/subdags/subdag.py
[2024-12-13T03:16:08.719-0800] {processor.py:208} INFO - Processing /Users/machine/Velocity_railway/airflow_env/lib/python3.10/site-packages/airflow/example_dags/subdags/subdag.py took 0.181 seconds
[2024-12-13T03:18:24.673-0800] {processor.py:186} INFO - Started process (PID=83712) to work on /Users/machine/Velocity_railway/airflow_env/lib/python3.10/site-packages/airflow/example_dags/subdags/subdag.py
[2024-12-13T03:18:24.675-0800] {processor.py:914} INFO - Processing file /Users/machine/Velocity_railway/airflow_env/lib/python3.10/site-packages/airflow/example_dags/subdags/subdag.py for tasks to queue
[2024-12-13T03:18:24.677-0800] {logging_mixin.py:190} INFO - [2024-12-13T03:18:24.676-0800] {dagbag.py:588} INFO - Filling up the DagBag from /Users/machine/Velocity_railway/airflow_env/lib/python3.10/site-packages/airflow/example_dags/subdags/subdag.py
[2024-12-13T03:18:24.679-0800] {processor.py:927} WARNING - No viable dags retrieved from /Users/machine/Velocity_railway/airflow_env/lib/python3.10/site-packages/airflow/example_dags/subdags/subdag.py
[2024-12-13T03:18:24.852-0800] {processor.py:208} INFO - Processing /Users/machine/Velocity_railway/airflow_env/lib/python3.10/site-packages/airflow/example_dags/subdags/subdag.py took 0.184 seconds
[2024-12-13T03:20:35.723-0800] {processor.py:186} INFO - Started process (PID=84184) to work on /Users/machine/Velocity_railway/airflow_env/lib/python3.10/site-packages/airflow/example_dags/subdags/subdag.py
[2024-12-13T03:20:35.725-0800] {processor.py:914} INFO - Processing file /Users/machine/Velocity_railway/airflow_env/lib/python3.10/site-packages/airflow/example_dags/subdags/subdag.py for tasks to queue
[2024-12-13T03:20:35.726-0800] {logging_mixin.py:190} INFO - [2024-12-13T03:20:35.726-0800] {dagbag.py:588} INFO - Filling up the DagBag from /Users/machine/Velocity_railway/airflow_env/lib/python3.10/site-packages/airflow/example_dags/subdags/subdag.py
[2024-12-13T03:20:35.728-0800] {processor.py:927} WARNING - No viable dags retrieved from /Users/machine/Velocity_railway/airflow_env/lib/python3.10/site-packages/airflow/example_dags/subdags/subdag.py
[2024-12-13T03:20:35.886-0800] {processor.py:208} INFO - Processing /Users/machine/Velocity_railway/airflow_env/lib/python3.10/site-packages/airflow/example_dags/subdags/subdag.py took 0.169 seconds
[2024-12-13T03:22:52.286-0800] {processor.py:186} INFO - Started process (PID=84636) to work on /Users/machine/Velocity_railway/airflow_env/lib/python3.10/site-packages/airflow/example_dags/subdags/subdag.py
[2024-12-13T03:22:52.288-0800] {processor.py:914} INFO - Processing file /Users/machine/Velocity_railway/airflow_env/lib/python3.10/site-packages/airflow/example_dags/subdags/subdag.py for tasks to queue
[2024-12-13T03:22:52.289-0800] {logging_mixin.py:190} INFO - [2024-12-13T03:22:52.289-0800] {dagbag.py:588} INFO - Filling up the DagBag from /Users/machine/Velocity_railway/airflow_env/lib/python3.10/site-packages/airflow/example_dags/subdags/subdag.py
[2024-12-13T03:22:52.291-0800] {processor.py:927} WARNING - No viable dags retrieved from /Users/machine/Velocity_railway/airflow_env/lib/python3.10/site-packages/airflow/example_dags/subdags/subdag.py
[2024-12-13T03:22:52.463-0800] {processor.py:208} INFO - Processing /Users/machine/Velocity_railway/airflow_env/lib/python3.10/site-packages/airflow/example_dags/subdags/subdag.py took 0.183 seconds
[2024-12-13T03:25:13.982-0800] {processor.py:186} INFO - Started process (PID=85121) to work on /Users/machine/Velocity_railway/airflow_env/lib/python3.10/site-packages/airflow/example_dags/subdags/subdag.py
[2024-12-13T03:25:13.983-0800] {processor.py:914} INFO - Processing file /Users/machine/Velocity_railway/airflow_env/lib/python3.10/site-packages/airflow/example_dags/subdags/subdag.py for tasks to queue
[2024-12-13T03:25:13.985-0800] {logging_mixin.py:190} INFO - [2024-12-13T03:25:13.984-0800] {dagbag.py:588} INFO - Filling up the DagBag from /Users/machine/Velocity_railway/airflow_env/lib/python3.10/site-packages/airflow/example_dags/subdags/subdag.py
[2024-12-13T03:25:13.987-0800] {processor.py:927} WARNING - No viable dags retrieved from /Users/machine/Velocity_railway/airflow_env/lib/python3.10/site-packages/airflow/example_dags/subdags/subdag.py
[2024-12-13T03:25:14.140-0800] {processor.py:208} INFO - Processing /Users/machine/Velocity_railway/airflow_env/lib/python3.10/site-packages/airflow/example_dags/subdags/subdag.py took 0.164 seconds
[2024-12-13T03:27:28.349-0800] {processor.py:186} INFO - Started process (PID=85588) to work on /Users/machine/Velocity_railway/airflow_env/lib/python3.10/site-packages/airflow/example_dags/subdags/subdag.py
[2024-12-13T03:27:28.351-0800] {processor.py:914} INFO - Processing file /Users/machine/Velocity_railway/airflow_env/lib/python3.10/site-packages/airflow/example_dags/subdags/subdag.py for tasks to queue
[2024-12-13T03:27:28.352-0800] {logging_mixin.py:190} INFO - [2024-12-13T03:27:28.351-0800] {dagbag.py:588} INFO - Filling up the DagBag from /Users/machine/Velocity_railway/airflow_env/lib/python3.10/site-packages/airflow/example_dags/subdags/subdag.py
[2024-12-13T03:27:28.354-0800] {processor.py:927} WARNING - No viable dags retrieved from /Users/machine/Velocity_railway/airflow_env/lib/python3.10/site-packages/airflow/example_dags/subdags/subdag.py
[2024-12-13T03:27:28.506-0800] {processor.py:208} INFO - Processing /Users/machine/Velocity_railway/airflow_env/lib/python3.10/site-packages/airflow/example_dags/subdags/subdag.py took 0.163 seconds
[2024-12-13T03:29:47.112-0800] {processor.py:186} INFO - Started process (PID=86042) to work on /Users/machine/Velocity_railway/airflow_env/lib/python3.10/site-packages/airflow/example_dags/subdags/subdag.py
[2024-12-13T03:29:47.114-0800] {processor.py:914} INFO - Processing file /Users/machine/Velocity_railway/airflow_env/lib/python3.10/site-packages/airflow/example_dags/subdags/subdag.py for tasks to queue
[2024-12-13T03:29:47.115-0800] {logging_mixin.py:190} INFO - [2024-12-13T03:29:47.115-0800] {dagbag.py:588} INFO - Filling up the DagBag from /Users/machine/Velocity_railway/airflow_env/lib/python3.10/site-packages/airflow/example_dags/subdags/subdag.py
[2024-12-13T03:29:47.118-0800] {processor.py:927} WARNING - No viable dags retrieved from /Users/machine/Velocity_railway/airflow_env/lib/python3.10/site-packages/airflow/example_dags/subdags/subdag.py
[2024-12-13T03:29:47.269-0800] {processor.py:208} INFO - Processing /Users/machine/Velocity_railway/airflow_env/lib/python3.10/site-packages/airflow/example_dags/subdags/subdag.py took 0.163 seconds
[2024-12-13T03:32:10.799-0800] {processor.py:186} INFO - Started process (PID=86541) to work on /Users/machine/Velocity_railway/airflow_env/lib/python3.10/site-packages/airflow/example_dags/subdags/subdag.py
[2024-12-13T03:32:10.801-0800] {processor.py:914} INFO - Processing file /Users/machine/Velocity_railway/airflow_env/lib/python3.10/site-packages/airflow/example_dags/subdags/subdag.py for tasks to queue
[2024-12-13T03:32:10.802-0800] {logging_mixin.py:190} INFO - [2024-12-13T03:32:10.802-0800] {dagbag.py:588} INFO - Filling up the DagBag from /Users/machine/Velocity_railway/airflow_env/lib/python3.10/site-packages/airflow/example_dags/subdags/subdag.py
[2024-12-13T03:32:10.805-0800] {processor.py:927} WARNING - No viable dags retrieved from /Users/machine/Velocity_railway/airflow_env/lib/python3.10/site-packages/airflow/example_dags/subdags/subdag.py
[2024-12-13T03:32:10.945-0800] {processor.py:208} INFO - Processing /Users/machine/Velocity_railway/airflow_env/lib/python3.10/site-packages/airflow/example_dags/subdags/subdag.py took 0.152 seconds
[2024-12-13T03:34:34.213-0800] {processor.py:186} INFO - Started process (PID=87062) to work on /Users/machine/Velocity_railway/airflow_env/lib/python3.10/site-packages/airflow/example_dags/subdags/subdag.py
[2024-12-13T03:34:34.216-0800] {processor.py:914} INFO - Processing file /Users/machine/Velocity_railway/airflow_env/lib/python3.10/site-packages/airflow/example_dags/subdags/subdag.py for tasks to queue
[2024-12-13T03:34:34.218-0800] {logging_mixin.py:190} INFO - [2024-12-13T03:34:34.217-0800] {dagbag.py:588} INFO - Filling up the DagBag from /Users/machine/Velocity_railway/airflow_env/lib/python3.10/site-packages/airflow/example_dags/subdags/subdag.py
[2024-12-13T03:34:34.221-0800] {processor.py:927} WARNING - No viable dags retrieved from /Users/machine/Velocity_railway/airflow_env/lib/python3.10/site-packages/airflow/example_dags/subdags/subdag.py
[2024-12-13T03:34:34.386-0800] {processor.py:208} INFO - Processing /Users/machine/Velocity_railway/airflow_env/lib/python3.10/site-packages/airflow/example_dags/subdags/subdag.py took 0.182 seconds
[2024-12-13T03:37:00.300-0800] {processor.py:186} INFO - Started process (PID=87624) to work on /Users/machine/Velocity_railway/airflow_env/lib/python3.10/site-packages/airflow/example_dags/subdags/subdag.py
[2024-12-13T03:37:00.302-0800] {processor.py:914} INFO - Processing file /Users/machine/Velocity_railway/airflow_env/lib/python3.10/site-packages/airflow/example_dags/subdags/subdag.py for tasks to queue
[2024-12-13T03:37:00.303-0800] {logging_mixin.py:190} INFO - [2024-12-13T03:37:00.303-0800] {dagbag.py:588} INFO - Filling up the DagBag from /Users/machine/Velocity_railway/airflow_env/lib/python3.10/site-packages/airflow/example_dags/subdags/subdag.py
[2024-12-13T03:37:00.306-0800] {processor.py:927} WARNING - No viable dags retrieved from /Users/machine/Velocity_railway/airflow_env/lib/python3.10/site-packages/airflow/example_dags/subdags/subdag.py
[2024-12-13T03:37:00.470-0800] {processor.py:208} INFO - Processing /Users/machine/Velocity_railway/airflow_env/lib/python3.10/site-packages/airflow/example_dags/subdags/subdag.py took 0.175 seconds
[2024-12-13T03:39:29.672-0800] {processor.py:186} INFO - Started process (PID=88101) to work on /Users/machine/Velocity_railway/airflow_env/lib/python3.10/site-packages/airflow/example_dags/subdags/subdag.py
[2024-12-13T03:39:29.675-0800] {processor.py:914} INFO - Processing file /Users/machine/Velocity_railway/airflow_env/lib/python3.10/site-packages/airflow/example_dags/subdags/subdag.py for tasks to queue
[2024-12-13T03:39:29.676-0800] {logging_mixin.py:190} INFO - [2024-12-13T03:39:29.676-0800] {dagbag.py:588} INFO - Filling up the DagBag from /Users/machine/Velocity_railway/airflow_env/lib/python3.10/site-packages/airflow/example_dags/subdags/subdag.py
[2024-12-13T03:39:29.678-0800] {processor.py:927} WARNING - No viable dags retrieved from /Users/machine/Velocity_railway/airflow_env/lib/python3.10/site-packages/airflow/example_dags/subdags/subdag.py
[2024-12-13T03:39:29.844-0800] {processor.py:208} INFO - Processing /Users/machine/Velocity_railway/airflow_env/lib/python3.10/site-packages/airflow/example_dags/subdags/subdag.py took 0.178 seconds
[2024-12-13T03:41:42.842-0800] {processor.py:186} INFO - Started process (PID=88572) to work on /Users/machine/Velocity_railway/airflow_env/lib/python3.10/site-packages/airflow/example_dags/subdags/subdag.py
[2024-12-13T03:41:42.843-0800] {processor.py:914} INFO - Processing file /Users/machine/Velocity_railway/airflow_env/lib/python3.10/site-packages/airflow/example_dags/subdags/subdag.py for tasks to queue
[2024-12-13T03:41:42.844-0800] {logging_mixin.py:190} INFO - [2024-12-13T03:41:42.844-0800] {dagbag.py:588} INFO - Filling up the DagBag from /Users/machine/Velocity_railway/airflow_env/lib/python3.10/site-packages/airflow/example_dags/subdags/subdag.py
[2024-12-13T03:41:42.846-0800] {processor.py:927} WARNING - No viable dags retrieved from /Users/machine/Velocity_railway/airflow_env/lib/python3.10/site-packages/airflow/example_dags/subdags/subdag.py
[2024-12-13T03:41:42.988-0800] {processor.py:208} INFO - Processing /Users/machine/Velocity_railway/airflow_env/lib/python3.10/site-packages/airflow/example_dags/subdags/subdag.py took 0.152 seconds
[2024-12-13T03:43:55.089-0800] {processor.py:186} INFO - Started process (PID=89031) to work on /Users/machine/Velocity_railway/airflow_env/lib/python3.10/site-packages/airflow/example_dags/subdags/subdag.py
[2024-12-13T03:43:55.091-0800] {processor.py:914} INFO - Processing file /Users/machine/Velocity_railway/airflow_env/lib/python3.10/site-packages/airflow/example_dags/subdags/subdag.py for tasks to queue
[2024-12-13T03:43:55.092-0800] {logging_mixin.py:190} INFO - [2024-12-13T03:43:55.092-0800] {dagbag.py:588} INFO - Filling up the DagBag from /Users/machine/Velocity_railway/airflow_env/lib/python3.10/site-packages/airflow/example_dags/subdags/subdag.py
[2024-12-13T03:43:55.094-0800] {processor.py:927} WARNING - No viable dags retrieved from /Users/machine/Velocity_railway/airflow_env/lib/python3.10/site-packages/airflow/example_dags/subdags/subdag.py
[2024-12-13T03:43:55.238-0800] {processor.py:208} INFO - Processing /Users/machine/Velocity_railway/airflow_env/lib/python3.10/site-packages/airflow/example_dags/subdags/subdag.py took 0.154 seconds
[2024-12-13T03:46:11.657-0800] {processor.py:186} INFO - Started process (PID=89485) to work on /Users/machine/Velocity_railway/airflow_env/lib/python3.10/site-packages/airflow/example_dags/subdags/subdag.py
[2024-12-13T03:46:11.659-0800] {processor.py:914} INFO - Processing file /Users/machine/Velocity_railway/airflow_env/lib/python3.10/site-packages/airflow/example_dags/subdags/subdag.py for tasks to queue
[2024-12-13T03:46:11.660-0800] {logging_mixin.py:190} INFO - [2024-12-13T03:46:11.660-0800] {dagbag.py:588} INFO - Filling up the DagBag from /Users/machine/Velocity_railway/airflow_env/lib/python3.10/site-packages/airflow/example_dags/subdags/subdag.py
[2024-12-13T03:46:11.662-0800] {processor.py:927} WARNING - No viable dags retrieved from /Users/machine/Velocity_railway/airflow_env/lib/python3.10/site-packages/airflow/example_dags/subdags/subdag.py
[2024-12-13T03:46:11.803-0800] {processor.py:208} INFO - Processing /Users/machine/Velocity_railway/airflow_env/lib/python3.10/site-packages/airflow/example_dags/subdags/subdag.py took 0.152 seconds
[2024-12-13T03:48:22.994-0800] {processor.py:186} INFO - Started process (PID=89921) to work on /Users/machine/Velocity_railway/airflow_env/lib/python3.10/site-packages/airflow/example_dags/subdags/subdag.py
[2024-12-13T03:48:22.995-0800] {processor.py:914} INFO - Processing file /Users/machine/Velocity_railway/airflow_env/lib/python3.10/site-packages/airflow/example_dags/subdags/subdag.py for tasks to queue
[2024-12-13T03:48:22.996-0800] {logging_mixin.py:190} INFO - [2024-12-13T03:48:22.996-0800] {dagbag.py:588} INFO - Filling up the DagBag from /Users/machine/Velocity_railway/airflow_env/lib/python3.10/site-packages/airflow/example_dags/subdags/subdag.py
[2024-12-13T03:48:22.998-0800] {processor.py:927} WARNING - No viable dags retrieved from /Users/machine/Velocity_railway/airflow_env/lib/python3.10/site-packages/airflow/example_dags/subdags/subdag.py
[2024-12-13T03:48:23.158-0800] {processor.py:208} INFO - Processing /Users/machine/Velocity_railway/airflow_env/lib/python3.10/site-packages/airflow/example_dags/subdags/subdag.py took 0.170 seconds
[2024-12-13T03:50:42.148-0800] {processor.py:186} INFO - Started process (PID=90436) to work on /Users/machine/Velocity_railway/airflow_env/lib/python3.10/site-packages/airflow/example_dags/subdags/subdag.py
[2024-12-13T03:50:42.150-0800] {processor.py:914} INFO - Processing file /Users/machine/Velocity_railway/airflow_env/lib/python3.10/site-packages/airflow/example_dags/subdags/subdag.py for tasks to queue
[2024-12-13T03:50:42.151-0800] {logging_mixin.py:190} INFO - [2024-12-13T03:50:42.151-0800] {dagbag.py:588} INFO - Filling up the DagBag from /Users/machine/Velocity_railway/airflow_env/lib/python3.10/site-packages/airflow/example_dags/subdags/subdag.py
[2024-12-13T03:50:42.153-0800] {processor.py:927} WARNING - No viable dags retrieved from /Users/machine/Velocity_railway/airflow_env/lib/python3.10/site-packages/airflow/example_dags/subdags/subdag.py
[2024-12-13T03:50:42.313-0800] {processor.py:208} INFO - Processing /Users/machine/Velocity_railway/airflow_env/lib/python3.10/site-packages/airflow/example_dags/subdags/subdag.py took 0.172 seconds
[2024-12-13T03:53:00.064-0800] {processor.py:186} INFO - Started process (PID=90889) to work on /Users/machine/Velocity_railway/airflow_env/lib/python3.10/site-packages/airflow/example_dags/subdags/subdag.py
[2024-12-13T03:53:00.066-0800] {processor.py:914} INFO - Processing file /Users/machine/Velocity_railway/airflow_env/lib/python3.10/site-packages/airflow/example_dags/subdags/subdag.py for tasks to queue
[2024-12-13T03:53:00.068-0800] {logging_mixin.py:190} INFO - [2024-12-13T03:53:00.067-0800] {dagbag.py:588} INFO - Filling up the DagBag from /Users/machine/Velocity_railway/airflow_env/lib/python3.10/site-packages/airflow/example_dags/subdags/subdag.py
[2024-12-13T03:53:00.070-0800] {processor.py:927} WARNING - No viable dags retrieved from /Users/machine/Velocity_railway/airflow_env/lib/python3.10/site-packages/airflow/example_dags/subdags/subdag.py
[2024-12-13T03:53:00.225-0800] {processor.py:208} INFO - Processing /Users/machine/Velocity_railway/airflow_env/lib/python3.10/site-packages/airflow/example_dags/subdags/subdag.py took 0.167 seconds
[2024-12-13T03:55:23.313-0800] {processor.py:186} INFO - Started process (PID=91434) to work on /Users/machine/Velocity_railway/airflow_env/lib/python3.10/site-packages/airflow/example_dags/subdags/subdag.py
[2024-12-13T03:55:23.316-0800] {processor.py:914} INFO - Processing file /Users/machine/Velocity_railway/airflow_env/lib/python3.10/site-packages/airflow/example_dags/subdags/subdag.py for tasks to queue
[2024-12-13T03:55:23.317-0800] {logging_mixin.py:190} INFO - [2024-12-13T03:55:23.316-0800] {dagbag.py:588} INFO - Filling up the DagBag from /Users/machine/Velocity_railway/airflow_env/lib/python3.10/site-packages/airflow/example_dags/subdags/subdag.py
[2024-12-13T03:55:23.319-0800] {processor.py:927} WARNING - No viable dags retrieved from /Users/machine/Velocity_railway/airflow_env/lib/python3.10/site-packages/airflow/example_dags/subdags/subdag.py
[2024-12-13T03:55:23.461-0800] {processor.py:208} INFO - Processing /Users/machine/Velocity_railway/airflow_env/lib/python3.10/site-packages/airflow/example_dags/subdags/subdag.py took 0.153 seconds
[2024-12-13T03:57:52.124-0800] {processor.py:186} INFO - Started process (PID=92075) to work on /Users/machine/Velocity_railway/airflow_env/lib/python3.10/site-packages/airflow/example_dags/subdags/subdag.py
[2024-12-13T03:57:52.126-0800] {processor.py:914} INFO - Processing file /Users/machine/Velocity_railway/airflow_env/lib/python3.10/site-packages/airflow/example_dags/subdags/subdag.py for tasks to queue
[2024-12-13T03:57:52.128-0800] {logging_mixin.py:190} INFO - [2024-12-13T03:57:52.127-0800] {dagbag.py:588} INFO - Filling up the DagBag from /Users/machine/Velocity_railway/airflow_env/lib/python3.10/site-packages/airflow/example_dags/subdags/subdag.py
[2024-12-13T03:57:52.130-0800] {processor.py:927} WARNING - No viable dags retrieved from /Users/machine/Velocity_railway/airflow_env/lib/python3.10/site-packages/airflow/example_dags/subdags/subdag.py
[2024-12-13T03:57:52.297-0800] {processor.py:208} INFO - Processing /Users/machine/Velocity_railway/airflow_env/lib/python3.10/site-packages/airflow/example_dags/subdags/subdag.py took 0.179 seconds
[2024-12-13T04:00:17.872-0800] {processor.py:186} INFO - Started process (PID=92706) to work on /Users/machine/Velocity_railway/airflow_env/lib/python3.10/site-packages/airflow/example_dags/subdags/subdag.py
[2024-12-13T04:00:17.877-0800] {processor.py:914} INFO - Processing file /Users/machine/Velocity_railway/airflow_env/lib/python3.10/site-packages/airflow/example_dags/subdags/subdag.py for tasks to queue
[2024-12-13T04:00:17.879-0800] {logging_mixin.py:190} INFO - [2024-12-13T04:00:17.879-0800] {dagbag.py:588} INFO - Filling up the DagBag from /Users/machine/Velocity_railway/airflow_env/lib/python3.10/site-packages/airflow/example_dags/subdags/subdag.py
[2024-12-13T04:00:17.882-0800] {processor.py:927} WARNING - No viable dags retrieved from /Users/machine/Velocity_railway/airflow_env/lib/python3.10/site-packages/airflow/example_dags/subdags/subdag.py
[2024-12-13T04:00:18.052-0800] {processor.py:208} INFO - Processing /Users/machine/Velocity_railway/airflow_env/lib/python3.10/site-packages/airflow/example_dags/subdags/subdag.py took 0.187 seconds
[2024-12-13T05:51:31.713-0800] {processor.py:186} INFO - Started process (PID=93576) to work on /Users/machine/Velocity_railway/airflow_env/lib/python3.10/site-packages/airflow/example_dags/subdags/subdag.py
[2024-12-13T05:51:31.715-0800] {processor.py:914} INFO - Processing file /Users/machine/Velocity_railway/airflow_env/lib/python3.10/site-packages/airflow/example_dags/subdags/subdag.py for tasks to queue
[2024-12-13T05:51:31.716-0800] {logging_mixin.py:190} INFO - [2024-12-13T05:51:31.716-0800] {dagbag.py:588} INFO - Filling up the DagBag from /Users/machine/Velocity_railway/airflow_env/lib/python3.10/site-packages/airflow/example_dags/subdags/subdag.py
[2024-12-13T05:51:31.719-0800] {processor.py:927} WARNING - No viable dags retrieved from /Users/machine/Velocity_railway/airflow_env/lib/python3.10/site-packages/airflow/example_dags/subdags/subdag.py
[2024-12-13T05:51:31.886-0800] {processor.py:208} INFO - Processing /Users/machine/Velocity_railway/airflow_env/lib/python3.10/site-packages/airflow/example_dags/subdags/subdag.py took 0.179 seconds
